BL51 BANKED LINKER/LOCATER V6.22                                                        11/06/2015  11:37:23  PAGE 1


BL51 BANKED LINKER/LOCATER V6.22, INVOKED BY:
C:\KEIL\C51\BIN\BL51.EXE .\OBJ\STARTUP.obj, .\OBJ\UART.obj, .\OBJ\BusCtrl.obj, .\OBJ\CommandShell.obj, .\OBJ\Main.obj, .
>> \OBJ\OSD_Graph.obj, .\OBJ\OSDAction .obj, .\OBJ\OSDCtrl.obj, .\OBJ\Timer.obj, .\OBJ\TW28xx_Audio.obj, .\OBJ\TW28xx_Vi
>> deo.obj, .\OBJ\TW2835_Init.obj, .\OBJ\NED.obj TO .\OBJ\NED_5MCMOS_v0_9_f_XXXX_20151106 PRINT (.\OBJ\NED_5MCMOS_v0_9_f
>> _XXXX_20151106.m51) RAMSIZE (256) CODE (0X0000-0XFFFF)


MEMORY MODEL: LARGE


INPUT MODULES INCLUDED:
  .\OBJ\STARTUP.obj (?C_STARTUP)
  .\OBJ\UART.obj (UART)
  .\OBJ\BusCtrl.obj (BUSCTRL)
  .\OBJ\CommandShell.obj (COMMANDSHELL)
  .\OBJ\Main.obj (MAIN)
  .\OBJ\OSD_Graph.obj (OSD_GRAPH)
  .\OBJ\OSDAction .obj (OSDACTION_)
  .\OBJ\OSDCtrl.obj (OSDCTRL)
  .\OBJ\Timer.obj (TIMER)
  .\OBJ\TW28xx_Audio.obj (TW28XX_AUDIO)
  .\OBJ\TW28xx_Video.obj (TW28XX_VIDEO)
  .\OBJ\TW2835_Init.obj (TW2835_INIT)
  .\OBJ\NED.obj (NED)
  C:\KEIL\C51\LIB\C51L.LIB (?C_INIT)
  C:\KEIL\C51\LIB\C51L.LIB (?C?COPY)
  C:\KEIL\C51\LIB\C51L.LIB (?C?CLDPTR)
  C:\KEIL\C51\LIB\C51L.LIB (?C?CLDOPTR)
  C:\KEIL\C51\LIB\C51L.LIB (?C?CSTPTR)
  C:\KEIL\C51\LIB\C51L.LIB (?C?IMUL)
  C:\KEIL\C51\LIB\C51L.LIB (?C?UIDIV)
  C:\KEIL\C51\LIB\C51L.LIB (?C?IILDX)
  C:\KEIL\C51\LIB\C51L.LIB (?C?ILDIX)
  C:\KEIL\C51\LIB\C51L.LIB (?C?ILDPTR)
  C:\KEIL\C51\LIB\C51L.LIB (?C?IILDOPTR)
  C:\KEIL\C51\LIB\C51L.LIB (?C?LMUL)
  C:\KEIL\C51\LIB\C51L.LIB (?C?ULDIV)
  C:\KEIL\C51\LIB\C51L.LIB (?C?SLDIV)
  C:\KEIL\C51\LIB\C51L.LIB (?C?ULCMP)
  C:\KEIL\C51\LIB\C51L.LIB (?C?ULSHR)
  C:\KEIL\C51\LIB\C51L.LIB (?C?LSTXDATA)
  C:\KEIL\C51\LIB\C51L.LIB (?C?LSTKXDATA)
  C:\KEIL\C51\LIB\C51L.LIB (?C?PLDPTR)
  C:\KEIL\C51\LIB\C51L.LIB (?C?PSTPTR)
  C:\KEIL\C51\LIB\C51L.LIB (?C?CCASE)
  C:\KEIL\C51\LIB\C51L.LIB (?C?ICASE)
  C:\KEIL\C51\LIB\C51L.LIB (PRINTF)
  C:\KEIL\C51\LIB\C51L.LIB (PUTS)
  C:\KEIL\C51\LIB\C51L.LIB (SCANF)
  C:\KEIL\C51\LIB\C51L.LIB (?C?STRCMP)
  C:\KEIL\C51\LIB\C51L.LIB (STRLEN)
  C:\KEIL\C51\LIB\C51L.LIB (ATOI)
  C:\KEIL\C51\LIB\C51L.LIB (?C?ISTPTR)
  C:\KEIL\C51\LIB\C51L.LIB (?C?LNEG)
  C:\KEIL\C51\LIB\C51L.LIB (?C?LSTPTR)
  C:\KEIL\C51\LIB\C51L.LIB (?C?PLDIDATA)
  C:\KEIL\C51\LIB\C51L.LIB (?C?PSTIDATA)
  C:\KEIL\C51\LIB\C51L.LIB (?C?PLDXDATA)
BL51 BANKED LINKER/LOCATER V6.22                                                      11/06/2015  11:37:23  PAGE 2


  C:\KEIL\C51\LIB\C51L.LIB (?C?PLDIXDATA)
  C:\KEIL\C51\LIB\C51L.LIB (?C?PILDXDATA)
  C:\KEIL\C51\LIB\C51L.LIB (?C?PSTXDATA)
  C:\KEIL\C51\LIB\C51L.LIB (?C?PLDPDATA)
  C:\KEIL\C51\LIB\C51L.LIB (?C?PSTPDATA)
  C:\KEIL\C51\LIB\C51L.LIB (?C?PLDCODE)
  C:\KEIL\C51\LIB\C51L.LIB (PUTCHAR)
  C:\KEIL\C51\LIB\C51L.LIB (GETCHAR)
  C:\KEIL\C51\LIB\C51L.LIB (UNGETC)
  C:\KEIL\C51\LIB\C51L.LIB (ISDIGIT)
  C:\KEIL\C51\LIB\C51L.LIB (ISSPACE)
  C:\KEIL\C51\LIB\C51L.LIB (?C?LSTIDATA)
  C:\KEIL\C51\LIB\C51L.LIB (?C?LSTPDATA)
  C:\KEIL\C51\LIB\C51L.LIB (_GETKEY)


LINK MAP OF MODULE:  .\OBJ\NED_5MCMOS_v0_9_f_XXXX_20151106 (?C_STARTUP)


            TYPE    BASE      LENGTH    RELOCATION   SEGMENT NAME
            -----------------------------------------------------

            * * * * * * *   D A T A   M E M O R Y   * * * * * * *
            REG     0000H     0008H     ABSOLUTE     "REG BANK 0"
            DATA    0008H     000AH     UNIT         ?DT?_MONIAUDIOMIXING?COMMANDSHELL
            DATA    0012H     000AH     UNIT         ?DT?_MONIAUDIOGAIN?COMMANDSHELL
            DATA    001CH     0004H     UNIT         ?DT?_MONIREADASICBYTE?COMMANDSHELL
            DATA    0020H     0001H     BIT_ADDR     ?BA?MAIN
            DATA    0021H     0001H     BIT_ADDR     ?BA?OSDACTION_
            DATA    0022H     0001H     BIT_ADDR     ?BA?OSDCTRL
            BIT     0023H.0   0001H.1   UNIT         ?BI?PRINTF?PRINTF
            BIT     0024H.1   0000H.6   UNIT         _BIT_GROUP_
            BIT     0024H.7   0000H.2   UNIT         ?BI?MAIN
            BIT     0025H.1   0000H.1   UNIT         ?BI?_ATOI?ATOI
            BIT     0025H.2   0000H.1   UNIT         ?BI?GETCHAR
                    0025H.3   0000H.5                *** GAP ***
            DATA    0026H     000AH     UNIT         ?DT?_MONIVIDEOMIXATTR?COMMANDSHELL
            DATA    0030H     0009H     UNIT         _DATA_GROUP_
            DATA    0039H     0008H     UNIT         ?DT?_MONISETVIDEOFORMAT?COMMANDSHELL
            DATA    0041H     0006H     UNIT         ?DT?TIMER
            DATA    0047H     0005H     UNIT         ?DT?PRINTF?PRINTF
            DATA    004CH     0003H     UNIT         ?DT?_MONIREADPAGEBUFFER?COMMANDSHELL
            DATA    004FH     0003H     UNIT         ?DT?_MONIWRITEONEBUFFER?COMMANDSHELL
            DATA    0052H     0003H     UNIT         ?DT?_PCT_WRITEOSDFNTX?OSDCTRL
            DATA    0055H     0002H     UNIT         ?DT?_MONIREADONEBUFFER?COMMANDSHELL
            DATA    0057H     0002H     UNIT         ?DT?MONIREGISTERDUMP?COMMANDSHELL
            DATA    0059H     0002H     UNIT         ?DT?_MONIVIDEOMIXWIN?COMMANDSHELL
            DATA    005BH     0002H     UNIT         ?DT?_MONISHOWSODSTR?COMMANDSHELL
            DATA    005DH     0002H     UNIT         ?DT?PCT_AUDIOACTIONFORHS?COMMANDSHELL
            DATA    005FH     0002H     UNIT         ?DT?OSDCTRL
            DATA    0061H     0002H     UNIT         ?DT?_PCT_WRITEOSDFNTY?OSDCTRL
            DATA    0063H     0001H     UNIT         ?DT?_MONIAUDIOLIVE?COMMANDSHELL
            DATA    0064H     0001H     UNIT         ?DT?_PUTSP?MAIN
            DATA    0065H     0001H     UNIT         ?DT?PCT_SHOWVLOSS?OSDACTION_
            DATA    0066H     0001H     UNIT         ?DT?_PCT_AUDIOMIXMUTE?TW28XX_AUDIO
            DATA    0067H     0001H     UNIT         ?DT?PCT_VIDEOLASTMODIFY?TW28XX_VIDEO
            IDATA   0068H     0001H     UNIT         ?STACK
BL51 BANKED LINKER/LOCATER V6.22                                                      11/06/2015  11:37:23  PAGE 3



            * * * * * * *  X D A T A   M E M O R Y  * * * * * * *
            XDATA   0000H     020BH     UNIT         _XDATA_GROUP_
            XDATA   020BH     0081H     UNIT         ?XD?NED
            XDATA   028CH     0066H     UNIT         ?XD?UART
            XDATA   02F2H     0045H     UNIT         ?XD?MAIN
            XDATA   0337H     0028H     UNIT         ?XD?PRINTF?PRINTF
            XDATA   035FH     001FH     UNIT         ?XD?_PCT_WRITEOSDFNTY?OSDCTRL
            XDATA   037EH     001AH     UNIT         ?XD?COMMANDSHELL
            XDATA   0398H     0013H     UNIT         ?XD?_PCT_WRITEOSDFNTX?OSDCTRL
            XDATA   03ABH     0007H     UNIT         ?XD?_PCT_SHOWOSDSTRING?OSDCTRL
            XDATA   03B2H     0006H     UNIT         ?XD?_MONIAUDIOMIXING?COMMANDSHELL
            XDATA   03B8H     0006H     UNIT         ?XD?_MONIAUDIOGAIN?COMMANDSHELL
            XDATA   03BEH     0006H     UNIT         ?XD?_MONIVIDEOMIXATTR?COMMANDSHELL
            XDATA   03C4H     0006H     UNIT         ?XD?_MONISETVIDEOFORMAT?COMMANDSHELL
            XDATA   03CAH     0006H     UNIT         ?XD?_MONISHOWSODSTR?COMMANDSHELL
            XDATA   03D0H     0006H     UNIT         ?XD?_TW2835_GET?NED
            XDATA   03D6H     0005H     UNIT         ?XD?_ATOI?ATOI
            XDATA   03DBH     0004H     UNIT         ?XD?_PCT_WRITEOSDDATABUFFERX?OSDCTRL
            XDATA   03DFH     0004H     UNIT         ?XD?_PCT_WRITEOSDDATABUFFERY?OSDCTRL
            XDATA   03E3H     0004H     UNIT         ?XD?_PCT_AUDIOMIXCTRL?TW28XX_AUDIO
            XDATA   03E7H     0004H     UNIT         ?XD?_CHECK_STARTUP?NED
            XDATA   03EBH     0003H     UNIT         ?XD?_PUTSP?MAIN
            XDATA   03EEH     0003H     UNIT         ?XD?_CHKSTARTCOMMSHELL?MAIN
            XDATA   03F1H     0003H     UNIT         ?XD?_PCT_SHOWSPEAKICON?OSDACTION_
            XDATA   03F4H     0003H     UNIT         ?XD?_PCT_AUDIOGAINCTRL?TW28XX_AUDIO
            XDATA   03F7H     0003H     UNIT         ?XD?_PCT_WINATTRCLEAR?TW28XX_VIDEO
            XDATA   03FAH     0003H     UNIT         ?XD?ADT75_INIT?NED
            XDATA   03FDH     0002H     UNIT         ?XD?_PCT_AUDIOMIXMUTE?TW28XX_AUDIO
            XDATA   03FFH     0002H     UNIT         ?XD?_PCT_SETVIDEOFORMAT?TW28XX_VIDEO
            XDATA   0401H     0002H     UNIT         ?XD?_GET_CAMERA_IRD?NED
            XDATA   0403H     0001H     UNIT         ?XD?OSD_GRAPH
            XDATA   0404H     0001H     UNIT         ?XD?OSDACTION_
            XDATA   0405H     0001H     UNIT         ?XD?_PCT_AUDIOSELLIVE?TW28XX_AUDIO
            XDATA   0406H     0001H     UNIT         ?XD?_PCT_WINPOPUPCTRL?TW28XX_VIDEO
            XDATA   0407H     0001H     UNIT         ?XD?_READI2C2?NED
            XDATA   0408H     0001H     UNIT         ?XD?_WRITEI2CWORD?NED
            XDATA   0409H     0001H     UNIT         ?XD?_SET_CHANNEL?NED
            XDATA   040AH     0001H     UNIT         ?XD?SEND_CAMERA_VER?NED
            XDATA   040BH     0001H     UNIT         ?XD?SENT_DVR_VER?NED
            XDATA   040CH     0001H     UNIT         ?XD?SENT_DVR_YEAR?NED
            XDATA   040DH     0001H     UNIT         ?XD?_COMMAND_CHECK?NED
            XDATA   040EH     0001H     UNIT         ?XD?_GET_DATA?NED
            XDATA   040FH     0001H     UNIT         ?XD?_ENABLETRANSMIT?NED
            XDATA   0410H     0001H     UNIT         ?XD?_PEEK?NED
            XDATA   0411H     0001H     UNIT         ?XD?_SET_INT?NED
            XDATA   0412H     0001H     UNIT         ?XD?GETCHAR

            * * * * * * *   C O D E   M E M O R Y   * * * * * * *
            CODE    0000H     0003H     ABSOLUTE     
            CODE    0003H     0008H     UNIT         ?PR?_RS_TX?UART
            CODE    000BH     0003H     ABSOLUTE     
            CODE    000EH     0015H     UNIT         ?PR?_READI2C2?NED
            CODE    0023H     0003H     ABSOLUTE     
            CODE    0026H     0005H     UNIT         ?PR?MONIHSCOMMDISSCROLL?COMMANDSHELL
            CODE    002BH     0003H     ABSOLUTE     
            CODE    002EH     16CAH     UNIT         ?CO?OSD_GRAPH
BL51 BANKED LINKER/LOCATER V6.22                                                      11/06/2015  11:37:23  PAGE 4


            CODE    16F8H     0EA0H     UNIT         ?CO?OSDCTRL
            CODE    2598H     0703H     UNIT         ?C?LIB_CODE
            CODE    2C9BH     0584H     UNIT         ?PR?PCT_SHOWVLOSS?OSDACTION_
            CODE    321FH     04DEH     UNIT         ?PR?_PCT_SHOWMIRRORICON?OSDACTION_
            CODE    36FDH     04AAH     UNIT         ?PR?_PCT_SHOWSPEAKICON?OSDACTION_
            CODE    3BA7H     0459H     UNIT         ?CO?TW28XX_VIDEO
            CODE    4000H     0400H     UNIT         ?CO?TW2835_INIT
            CODE    4400H     03AEH     UNIT         ?PR?_PCT_OSD_ACTIONPTHX?OSDACTION_
            CODE    47AEH     0365H     UNIT         ?PR?PRINTF?PRINTF
            CODE    4B13H     0322H     UNIT         ?PR?SCANF?SCANF
            CODE    4E35H     0320H     UNIT         ?PR?_MONITOR_SET?MAIN
            CODE    5155H     02F8H     UNIT         ?PR?_PCT_SETVIDEOHDELAY?TW28XX_VIDEO
            CODE    544DH     027EH     UNIT         ?CO?COMMANDSHELL
            CODE    56CBH     021FH     UNIT         ?PR?COMMANDSHELL
            CODE    58EAH     0217H     UNIT         ?PR?_MONIVIDEOMIXATTR?COMMANDSHELL
            CODE    5B01H     01DAH     UNIT         ?CO?MAIN
            CODE    5CDBH     01D9H     UNIT         ?PR?PCT_AUDIOREGLIST?TW28XX_AUDIO
            CODE    5EB4H     01D9H     UNIT         ?PR?_SC16_SENDDATASELECT?NED
            CODE    608DH     01D7H     UNIT         ?PR?_SC16_BCC_CHECK?NED
            CODE    6264H     01A3H     UNIT         ?PR?_PCT_SETXVIDEOMIXING?TW28XX_VIDEO
            CODE    6407H     01A2H     UNIT         ?PR?_PCT_OSD16X16GRAPHX?OSD_GRAPH
            CODE    65A9H     017CH     UNIT         ?PR?_PCT_WRITEOSDDATABUFFERX?OSDCTRL
            CODE    6725H     0178H     UNIT         ?PR?_MONIAUDIOMIXING?COMMANDSHELL
            CODE    689DH     016AH     UNIT         ?PR?OSDCTRL
            CODE    6A07H     0169H     UNIT         ?PR?NED
            CODE    6B70H     0166H     UNIT         ?PR?_PCT_SHOWINDICATEICON?OSDACTION_
            CODE    6CD6H     0163H     UNIT         ?PR?MAIN?MAIN
            CODE    6E39H     015FH     UNIT         ?C_INITSEG
            CODE    6F98H     014EH     UNIT         ?PR?_MONIHSCOMM?COMMANDSHELL
            CODE    70E6H     0144H     UNIT         ?PR?_MONIAUDIOGAIN?COMMANDSHELL
            CODE    722AH     0141H     UNIT         ?PR?_PCT_RECOMPENSEYHDELAY?TW28XX_VIDEO
            CODE    736BH     013AH     UNIT         ?PR?PCT_INITOSDCOLOR?OSDCTRL
            CODE    74A5H     0124H     UNIT         ?PR?_PCT_WRITEOSDFNTX?OSDCTRL
            CODE    75C9H     0124H     UNIT         ?PR?_PCT_WRITEOSDDATABUFFERY?OSDCTRL
            CODE    76EDH     011EH     UNIT         ?PR?PRESS_CHECK?MAIN
            CODE    780BH     011DH     UNIT         ?PR?_MONISETVIDEOFORMAT?COMMANDSHELL
            CODE    7928H     011BH     UNIT         ?PR?TW28XX_VIDEO
            CODE    7A43H     00F2H     UNIT         ?PR?_PCT_WRITEOSDFNTY?OSDCTRL
            CODE    7B35H     00EFH     UNIT         ?PR?_PCT_RUNCOMMSHELL?COMMANDSHELL
            CODE    7C24H     00DDH     UNIT         ?PR?TIMER2_INTERRUPT?TIMER
            CODE    7D01H     00DBH     UNIT         ?PR?_ATOI?ATOI
            CODE    7DDCH     00D9H     UNIT         ?PR?COMMANDSHELL?MAIN
            CODE    7EB5H     00CFH     UNIT         ?PR?MAIN
            CODE    7F84H     00CEH     UNIT         ?PR?_SET_PWM_OUTPUT?MAIN
            CODE    8052H     00BAH     UNIT         ?PR?_SETBAUDRATE?NED
            CODE    810CH     00B8H     UNIT         ?PR?OSDACTION_
            CODE    81C4H     00B6H     UNIT         ?PR?_PCT_CLEARWORDSPATHX?OSDCTRL
            CODE    827AH     00ADH     UNIT         ?PR?_SC16_COMCHECK?NED
            CODE    8327H     00AAH     UNIT         ?PR?_PCT_FULLCOLORONOSD?OSDCTRL
            CODE    83D1H     00A9H     UNIT         ?PR?_TW2835_GET?NED
            CODE    847AH     0099H     UNIT         ?PR?_PCT_SETCHANELSCALE?TW28XX_VIDEO
            CODE    8513H     0099H     UNIT         ?PR?CAMERA_MOVE?NED
            CODE    85ACH     0098H     UNIT         ?PR?_CHECK_STARTUP?NED
            CODE    8644H     0096H     UNIT         ?PR?CHECK_OTHER_COM?NED
            CODE    86DAH     008EH     UNIT         ?PR?PCT_VIDEOLASTMODIFY?TW28XX_VIDEO
            CODE    8768H     008CH     UNIT         ?C_C51STARTUP
            CODE    87F4H     008CH     UNIT         ?PR?_PCT_READASICBYTE?BUSCTRL
BL51 BANKED LINKER/LOCATER V6.22                                                      11/06/2015  11:37:23  PAGE 5


            CODE    8880H     0081H     UNIT         ?PR?_PCT_WRITEASICTABLE?BUSCTRL
            CODE    8901H     0080H     UNIT         ?PR?SC16_INIT?NED
            CODE    8981H     007BH     UNIT         ?PR?_SET_CHANNEL?NED
            CODE    89FCH     0079H     UNIT         ?PR?_I2CWRITEDATA?NED
            CODE    8A75H     0073H     UNIT         ?PR?_BOUND_SET?NED
            CODE    8AE8H     0071H     UNIT         ?PR?_PCT_AUDIOMIXCTRL?TW28XX_AUDIO
            CODE    8B59H     0070H     UNIT         ?PR?_PCT_GETFIRSTSTR?COMMANDSHELL
            CODE    8BC9H     006BH     UNIT         ?PR?_PCT_AUDIOGAINCTRL?TW28XX_AUDIO
            CODE    8C34H     006AH     UNIT         ?PR?_I2CWRITEDATA2?NED
            CODE    8C9EH     0069H     UNIT         ?PR?PCT_CHECKSYSTEM?COMMANDSHELL
            CODE    8D07H     0069H     UNIT         ?PR?_GET_DATA?NED
            CODE    8D70H     0067H     UNIT         ?PR?PCT_TW2835_INITIAL?TW2835_INIT
            CODE    8DD7H     0067H     UNIT         ?PR?_SETLINE?NED
            CODE    8E3EH     0064H     UNIT         ?PR?_PCT_WRITEASICBYTE?BUSCTRL
            CODE    8EA2H     0064H     UNIT         ?PR?_PCT_CHANGESYSTEMTYPE?TW2835_INIT
            CODE    8F06H     0063H     UNIT         ?PR?GPIO_CHECK?NED
            CODE    8F69H     0061H     UNIT         ?PR?_MONISHOWSODSTR?COMMANDSHELL
            CODE    8FCAH     0061H     UNIT         ?PR?CAMERA_VERSION_CHECK?MAIN
            CODE    902BH     0061H     UNIT         ?PR?_PCT_SHOWGRAPHSTRING?OSD_GRAPH
            CODE    908CH     005EH     UNIT         ?PR?_PCT_SHOWOSDSTRING?OSDCTRL
            CODE    90EAH     0059H     UNIT         ?PR?_PCT_SETOSDCOLOR?OSDCTRL
            CODE    9143H     0056H     UNIT         ?PR?_MONIVIDEOMIXWIN?COMMANDSHELL
            CODE    9199H     0055H     UNIT         ?PR?VERSION_CHECK?MAIN
            CODE    91EEH     0052H     UNIT         ?PR?_PCT_WRITESTABLE?BUSCTRL
            CODE    9240H     0051H     UNIT         ?PR?TEMP_CHECK?MAIN
            CODE    9291H     0050H     UNIT         ?PR?_WAIT_MS?MAIN
            CODE    92E1H     004DH     UNIT         ?PR?_MONIWRITEASICBYTE?COMMANDSHELL
            CODE    932EH     004CH     UNIT         ?PR?PCT_INITIALOSD?OSDACTION_
            CODE    937AH     004BH     UNIT         ?PR?MONIREGISTERDUMP?COMMANDSHELL
            CODE    93C5H     004BH     UNIT         ?PR?_PCT_DETECTVIDEOFORMAT?TW28XX_VIDEO
            CODE    9410H     004AH     UNIT         ?PR?INITIALMPU?MAIN
            CODE    945AH     004AH     UNIT         ?PR?I2C_ACK2?NED
            CODE    94A4H     004AH     UNIT         ?PR?_SET_CAMERA_SPEED?NED
            CODE    94EEH     0048H     UNIT         ?PR?_PCT_CHECKVMIXTYPE?COMMANDSHELL
            CODE    9536H     0048H     UNIT         ?PR?_MONIREADASICBYTE?COMMANDSHELL
            CODE    957EH     0047H     UNIT         ?PR?_MONIREADPAGEBUFFER?COMMANDSHELL
            CODE    95C5H     0047H     UNIT         ?PR?PCT_AUDIOACTIONFORHS?COMMANDSHELL
            CODE    960CH     0047H     UNIT         ?PR?PCT_GETVIDEOSIGNALSTATUS?OSDACTION_
            CODE    9653H     0047H     UNIT         ?PR?SEND_CAMERA_VER?NED
            CODE    969AH     0047H     UNIT         ?PR?SENT_CAMERA_ANG?NED
            CODE    96E1H     0047H     UNIT         ?PR?SENT_CAMERA_RANG?NED
            CODE    9728H     0047H     UNIT         ?PR?SENT_DVR_VER?NED
            CODE    976FH     0046H     UNIT         ?PR?SEND_CAMERA_PRESS?NED
            CODE    97B5H     0046H     UNIT         ?PR?SENT_DVR_YEAR?NED
            CODE    97FBH     0045H     UNIT         ?PR?PCT_SHOWMODEICON?OSDACTION_
            CODE    9840H     0045H     UNIT         ?PR?_GET_CAMERA_IRD?NED
            CODE    9885H     0044H     UNIT         ?C?LDIV
            CODE    98C9H     0043H     UNIT         ?PR?PCT_INITIALTW2835?TW2835_INIT
            CODE    990CH     0041H     UNIT         ?PR?_SC16_DATA_RESET?NED
            CODE    994DH     0040H     UNIT         ?CO?TW28XX_AUDIO
            CODE    998DH     0040H     UNIT         ?PR?_PCT_WINATTRCLEAR?TW28XX_VIDEO
            CODE    99CDH     003DH     UNIT         ?PR?_PCT_STRTOCOMMCODE?COMMANDSHELL
            CODE    9A0AH     003CH     UNIT         ?PR?BUSCTRL
            CODE    9A46H     003CH     UNIT         ?PR?_PCT_WINATTRCTRLY?TW28XX_VIDEO
            CODE    9A82H     003AH     UNIT         ?PR?MONIVIDEOAUTODETECT?COMMANDSHELL
            CODE    9ABCH     003AH     UNIT         ?PR?SENT_DVR_TEMP?NED
            CODE    9AF6H     0039H     UNIT         ?PR?SEND_CAMERA_TEMP?NED
BL51 BANKED LINKER/LOCATER V6.22                                                      11/06/2015  11:37:23  PAGE 6


            CODE    9B2FH     0038H     UNIT         ?PR?OSD_GRAPH
            CODE    9B67H     0037H     UNIT         ?PR?_MONIREADONEBUFFER?COMMANDSHELL
            CODE    9B9EH     0037H     UNIT         ?PR?TW28XX_AUDIO
            CODE    9BD5H     0037H     UNIT         ?PR?_READI2CWORD?NED
            CODE    9C0CH     0036H     UNIT         ?PR?_PCT_ENSHOWOSDPAGE?OSDCTRL
            CODE    9C42H     0036H     UNIT         ?PR?_PCT_AUDIOMIXMUTE?TW28XX_AUDIO
            CODE    9C78H     0036H     UNIT         ?CO?NED
            CODE    9CAEH     0035H     UNIT         ?PR?_PUTSP?MAIN
            CODE    9CE3H     0035H     UNIT         ?PR?_PCT_WINATTRCTRL?TW28XX_VIDEO
            CODE    9D18H     0034H     UNIT         ?PR?_MONIWRITEONEBUFFER?COMMANDSHELL
            CODE    9D4CH     0034H     UNIT         ?PR?_PCT_DISSHOWOSDPAGE?OSDCTRL
            CODE    9D80H     0032H     UNIT         ?PR?REPEAT_PWM_COM?NED
            CODE    9DB2H     0032H     UNIT         ?PR?SC16_DATACHECK?NED
            CODE    9DE4H     0030H     UNIT         ?PR?_PCT_AUDIOSELLIVE?TW28XX_AUDIO
            CODE    9E14H     002EH     UNIT         ?PR?_PCT_SETVIDEOFORMAT?TW28XX_VIDEO
            CODE    9E42H     002EH     UNIT         ?PR?I2CREADDATAWITHACK2?NED
            CODE    9E70H     002DH     UNIT         ?PR?RS_INTERRUPT?UART
            CODE    9E9DH     002DH     UNIT         ?PR?_PWM_SET?MAIN
            CODE    9ECAH     002CH     UNIT         ?PR?_CHKSTARTCOMMSHELL?MAIN
            CODE    9EF6H     002CH     UNIT         ?PR?GET_CAMERA_VER?NED
            CODE    9F22H     002CH     UNIT         ?PR?GET_CAMERA_ANG?NED
            CODE    9F4EH     002CH     UNIT         ?PR?GET_CAMERA_RANG?NED
            CODE    9F7AH     002CH     UNIT         ?PR?GET_DVR_TEMP?NED
            CODE    9FA6H     002CH     UNIT         ?PR?GET_DVR_VER?NED
            CODE    9FD2H     002CH     UNIT         ?PR?GET_DVR_YEAR?NED
            CODE    9FFEH     002CH     UNIT         ?PR?GET_DVR_MD?NED
            CODE    A02AH     002CH     UNIT         ?PR?GET_DVR_HS?NED
            CODE    A056H     002BH     UNIT         ?PR?I2CREADDATAWITHACK?NED
            CODE    A081H     002AH     UNIT         ?PR?_BCC_CAL?NED
            CODE    A0ABH     002AH     UNIT         ?PR?_PUTS?PUTS
            CODE    A0D5H     0029H     UNIT         ?PR?ADT75_INIT?NED
            CODE    A0FEH     0028H     UNIT         ?PR?I2CREADDATA2?NED
            CODE    A126H     0027H     UNIT         ?PR?PUTCHAR?PUTCHAR
            CODE    A14DH     0026H     UNIT         ?PR?RESETCOMMSELL?MAIN
            CODE    A173H     0026H     UNIT         ?PR?PCT_OSDACTIONFORHS?OSDACTION_
            CODE    A199H     0026H     UNIT         ?PR?_PCT_WINPOPUPCTRL?TW28XX_VIDEO
            CODE    A1BFH     0025H     UNIT         ?PR?I2CREADDATA?NED
            CODE    A1E4H     0021H     UNIT         ?PR?_SC16_SENDDATA?NED
            CODE    A205H     0020H     UNIT         ?CO?OSDACTION_
            CODE    A225H     0020H     UNIT         ?PR?_ADC_READ?NED
            CODE    A245H     001FH     UNIT         ?PR?_PCT_SETOSDDRAWPAGE?OSDCTRL
            CODE    A264H     001FH     UNIT         ?PR?_PING?NED
            CODE    A283H     001EH     UNIT         ?PR?_ENABLETRANSMIT?NED
            CODE    A2A1H     001DH     UNIT         ?PR?INITIALTIMER2?TIMER
            CODE    A2BEH     001DH     UNIT         ?PR?_WRITEI2CWORD?NED
            CODE    A2DBH     001CH     UNIT         ?PR?_READI2C?NED
            CODE    A2F7H     001AH     UNIT         ?PR?_PCT_CLEAROSDPAGEX?OSDCTRL
            CODE    A311H     0019H     UNIT         ?PR?RS_RX?UART
            CODE    A32AH     0019H     UNIT         ?PR?TW2835_INIT
            CODE    A343H     0018H     UNIT         ?PR?_WRITEI2C?NED
            CODE    A35BH     0018H     UNIT         ?PR?_SET_INT?NED
            CODE    A373H     0016H     UNIT         ?PR?INITIALUART?UART
            CODE    A389H     0016H     UNIT         ?PR?_MONIHSCOMMSJMODE?COMMANDSHELL
            CODE    A39FH     0016H     UNIT         ?PR?_PARITY?NED
            CODE    A3B5H     0015H     UNIT         ?PR?_STRLEN?STRLEN
            CODE    A3CAH     0014H     UNIT         ?PR?_MONIAUDIOLIVE?COMMANDSHELL
            CODE    A3DEH     0014H     UNIT         ?PR?_PCT_SETYVIDEOMIXING?TW28XX_VIDEO
BL51 BANKED LINKER/LOCATER V6.22                                                      11/06/2015  11:37:23  PAGE 7


            CODE    A3F2H     0014H     UNIT         ?PR?I2C_100KHZ?NED
            CODE    A406H     0014H     UNIT         ?PR?GETCHAR?GETCHAR
            CODE    A41AH     0014H     UNIT         ?PR?_ISSPACE?ISSPACE
            CODE    A42EH     0013H     UNIT         ?PR?MONIHSCOMMVERSION?COMMANDSHELL
            CODE    A441H     0013H     UNIT         ?PR?PCT_TW2835RESETN?TW2835_INIT
            CODE    A454H     0012H     UNIT         ?PR?_MONIYVIDEOMIX?COMMANDSHELL
            CODE    A466H     0012H     UNIT         ?PR?I2CSTART?NED
            CODE    A478H     0012H     UNIT         ?PR?I2CSTART2?NED
            CODE    A48AH     0010H     UNIT         ?PR?RS_RXREADY?UART
            CODE    A49AH     0010H     UNIT         ?PR?_POWER_ONOFF?NED
            CODE    A4AAH     000FH     UNIT         ?PR?MONIAUDIOMUTE?COMMANDSHELL
            CODE    A4B9H     000FH     UNIT         ?PR?PWM_INIT?MAIN
            CODE    A4C8H     000FH     UNIT         ?PR?I2CDELAY?NED
            CODE    A4D7H     000FH     UNIT         ?PR?I2CDELAY2?NED
            CODE    A4E6H     000FH     UNIT         ?PR?_SENT_CAMERA_IRD?NED
            CODE    A4F5H     000FH     UNIT         ?PR?_RESETDEVICE?NED
            CODE    A504H     000FH     UNIT         ?PR?_ISDIGIT?ISDIGIT
            CODE    A513H     000DH     UNIT         ?PR?TIMER0_INTERRUPT?TIMER
            CODE    A520H     000DH     UNIT         ?PR?I2CSTOP?NED
            CODE    A52DH     000DH     UNIT         ?PR?I2CSTOP2?NED
            CODE    A53AH     000DH     UNIT         ?PR?_READBYTE?NED
            CODE    A547H     000CH     UNIT         ?PR?INITIALCOMMSHELL?MAIN
            CODE    A553H     000BH     UNIT         ?PR?UART
            CODE    A55EH     000BH     UNIT         ?PR?_WRITEI2C2?NED
            CODE    A569H     000BH     UNIT         ?PR?_FLUSH?NED
            CODE    A574H     000AH     UNIT         ?PR?_PEEK?NED
            CODE    A57EH     000AH     UNIT         ?PR?_GETKEY?_GETKEY
            CODE    A588H     0009H     UNIT         ?PR?NEWLINE?MAIN
            CODE    A591H     0009H     UNIT         ?PR?_PCT_FLASHOSDCTRL?MAIN
            CODE    A59AH     0009H     UNIT         ?PR?INITIALTIMER0?TIMER
            CODE    A5A3H     0009H     UNIT         ?PR?I2C_ACK?NED
            CODE    A5ACH     0009H     UNIT         ?PR?_GPIOSETPORTMODE?NED
            CODE    A5B5H     0009H     UNIT         ?PR?_GPIOSETPORTSTATE?NED
            CODE    A5BEH     0009H     UNIT         ?PR?_WRITEBYTE?NED
            CODE    A5C7H     0009H     UNIT         ?PR?MCTRL_SET?NED
            CODE    A5D0H     0008H     UNIT         ?PR?PCT_ENFALSHVLOSS?OSDACTION_
            CODE    A5D8H     0008H     UNIT         ?PR?GETCHAR?UNGETCHAR
            CODE    A5E0H     0006H     UNIT         ?PR?PCT_CLEARGRAPHATTR?OSD_GRAPH
            CODE    A5E6H     0006H     UNIT         ?PR?_PCT_PRESETGRAPHATTR?OSD_GRAPH
            CODE    A5ECH     0006H     UNIT         ?PR?_COMMAND_CHECK?NED
            CODE    A5F2H     0006H     UNIT         ?PR?_GPIOGETPORTSTATE?NED
            CODE    A5F8H     0006H     UNIT         ?PR?_FIFOAVAILABLEDATA?NED
            CODE    A5FEH     0006H     UNIT         ?PR?_FIFOAVAILABLESPACE?NED
            CODE    A604H     0003H     UNIT         ?PR?_PCT_PRESETFOREGROUNDCOLOR?OSDCTRL
            CODE    A607H     0003H     UNIT         ?PR?_PCT_PRESETBACKGROUNDCOLOR?OSDCTRL
            CODE    A60AH     0001H     UNIT         ?PR?PTC_SWITCHTOI2CMODE?BUSCTRL
            CODE    A60BH     0001H     UNIT         ?PR?PCT_SENDACK?COMMANDSHELL
            CODE    A60CH     0001H     UNIT         ?PR?SENT_DVR_MDR?NED
            CODE    A60DH     0001H     UNIT         ?PR?SENT_DVR_HS?NED



OVERLAY MAP OF MODULE:   .\OBJ\NED_5MCMOS_v0_9_f_XXXX_20151106 (?C_STARTUP)


SEGMENT                                            BIT_GROUP          DATA_GROUP          XDATA_GROUP
  +--> CALLED SEGMENT                           START    LENGTH     START    LENGTH     START    LENGTH
BL51 BANKED LINKER/LOCATER V6.22                                                      11/06/2015  11:37:23  PAGE 8


-------------------------------------------------------------------------------------------------------
?C_C51STARTUP                                   -----    -----      -----    -----      -----    -----
  +--> ?PR?MAIN?MAIN
  +--> ?C_INITSEG

?PR?MAIN?MAIN                                   -----    -----      -----    -----      0000H    0006H
  +--> ?PR?MAIN
  +--> ?PR?INITIALMPU?MAIN
  +--> ?PR?PWM_INIT?MAIN
  +--> ?PR?INITIALCOMMSHELL?MAIN
  +--> ?PR?RESETCOMMSELL?MAIN
  +--> ?PR?_POWER_ONOFF?NED
  +--> ?PR?SC16_INIT?NED
  +--> ?PR?_MONITOR_SET?MAIN
  +--> ?PR?_GPIOGETPORTSTATE?NED
  +--> ?PR?COMMANDSHELL?MAIN
  +--> ?PR?_PCT_RUNCOMMSHELL?COMMANDSHELL
  +--> ?PR?PCT_CHECKSYSTEM?COMMANDSHELL
  +--> ?PR?RS_RXREADY?UART
  +--> ?PR?PCT_GETVIDEOSIGNALSTATUS?OSDACTION_
  +--> ?PR?GPIO_CHECK?NED
  +--> ?PR?CAMERA_MOVE?NED
  +--> ?PR?_SC16_DATA_RESET?NED
  +--> ?PR?SC16_DATACHECK?NED
  +--> ?PR?_SET_CAMERA_SPEED?NED

?PR?INITIALMPU?MAIN                             -----    -----      -----    -----      -----    -----
  +--> ?PR?INITIALUART?UART
  +--> ?PR?INITIALTIMER0?TIMER
  +--> ?PR?INITIALTIMER2?TIMER

?PR?RESETCOMMSELL?MAIN                          -----    -----      -----    -----      -----    -----
  +--> ?PR?MAIN

?PR?_POWER_ONOFF?NED                            -----    -----      -----    -----      -----    -----
  +--> ?PR?_WAIT_MS?MAIN

?PR?_WAIT_MS?MAIN                               -----    -----      -----    -----      01D5H    0004H

?PR?SC16_INIT?NED                               -----    -----      -----    -----      0006H    0001H
  +--> ?PR?_WAIT_MS?MAIN
  +--> ?PR?NED
  +--> ?PR?_RESETDEVICE?NED
  +--> ?PR?_SETBAUDRATE?NED
  +--> ?PR?_SETLINE?NED
  +--> ?PR?_WRITEI2C?NED
  +--> ?PR?_GPIOSETPORTMODE?NED
  +--> ?PR?_GPIOSETPORTSTATE?NED

?PR?NED                                         -----    -----      -----    -----      -----    -----
  +--> ?PR?I2CDELAY?NED
  +--> ?PR?I2CDELAY2?NED
  +--> ?PR?I2CSTART?NED
  +--> ?PR?_I2CWRITEDATA?NED
  +--> ?PR?_WRITEI2C?NED
  +--> ?PR?_READI2C?NED

BL51 BANKED LINKER/LOCATER V6.22                                                      11/06/2015  11:37:23  PAGE 9


?PR?I2CSTART?NED                                -----    -----      -----    -----      -----    -----
  +--> ?PR?I2CDELAY?NED

?PR?_I2CWRITEDATA?NED                           -----    -----      -----    -----      -----    -----
  +--> ?PR?I2CSTART?NED
  +--> ?PR?I2CDELAY?NED

?PR?_WRITEI2C?NED                               -----    -----      -----    -----      -----    -----
  +--> ?PR?I2CSTOP?NED

?PR?I2CSTOP?NED                                 -----    -----      -----    -----      -----    -----
  +--> ?PR?I2CDELAY?NED

?PR?_READI2C?NED                                -----    -----      -----    -----      -----    -----
  +--> ?PR?_I2CWRITEDATA?NED
  +--> ?PR?I2CREADDATA?NED
  +--> ?PR?I2CSTOP?NED

?PR?I2CREADDATA?NED                             -----    -----      -----    -----      -----    -----
  +--> ?PR?I2CDELAY?NED

?PR?_RESETDEVICE?NED                            -----    -----      -----    -----      -----    -----
  +--> ?PR?NED
  +--> ?PR?_WRITEI2C?NED

?PR?_SETBAUDRATE?NED                            -----    -----      -----    -----      0007H    000AH
  +--> ?PR?_READI2C?NED
  +--> ?PR?_WRITEI2C?NED

?PR?_SETLINE?NED                                -----    -----      -----    -----      0007H    0004H
  +--> ?PR?NED
  +--> ?PR?_WRITEI2C?NED

?PR?_GPIOSETPORTMODE?NED                        -----    -----      -----    -----      -----    -----
  +--> ?PR?_WRITEI2C?NED

?PR?_GPIOSETPORTSTATE?NED                       -----    -----      -----    -----      -----    -----
  +--> ?PR?_WRITEI2C?NED

?PR?_MONITOR_SET?MAIN                           -----    -----      -----    -----      0006H    01CFH
  +--> ?CO?MAIN
  +--> ?PR?MAIN
  +--> ?PR?PCT_INITIALTW2835?TW2835_INIT
  +--> ?PR?_PCT_RUNCOMMSHELL?COMMANDSHELL
  +--> ?PR?_PCT_WRITEASICBYTE?BUSCTRL
  +--> ?PR?_BOUND_SET?NED

?PR?PCT_INITIALTW2835?TW2835_INIT               -----    -----      -----    -----      -----    -----
  +--> ?PR?PCT_TW2835RESETN?TW2835_INIT
  +--> ?PR?_PCT_READASICBYTE?BUSCTRL
  +--> ?PR?_PCT_DETECTVIDEOFORMAT?TW28XX_VIDEO
  +--> ?PR?_WAIT_MS?MAIN
  +--> ?PR?PCT_TW2835_INITIAL?TW2835_INIT
  +--> ?PR?PCT_INITIALOSD?OSDACTION_

?PR?_PCT_READASICBYTE?BUSCTRL                   -----    -----      -----    -----      01F2H    0004H
  +--> ?PR?MCTRL_SET?NED
BL51 BANKED LINKER/LOCATER V6.22                                                      11/06/2015  11:37:23  PAGE 10


  +--> ?PR?BUSCTRL

?PR?_PCT_DETECTVIDEOFORMAT?TW28XX_VIDEO         -----    -----      -----    -----      01D5H    0002H
  +--> ?PR?_PCT_READASICBYTE?BUSCTRL

?PR?PCT_TW2835_INITIAL?TW2835_INIT              -----    -----      -----    -----      01D5H    0002H
  +--> ?PR?TW2835_INIT
  +--> ?CO?TW2835_INIT
  +--> ?PR?_PCT_WRITEASICTABLE?BUSCTRL

?PR?TW2835_INIT                                 -----    -----      -----    -----      -----    -----
  +--> ?CO?TW2835_INIT

?PR?_PCT_WRITEASICTABLE?BUSCTRL                 -----    -----      -----    -----      01D7H    0007H
  +--> ?PR?BUSCTRL
  +--> ?PR?MCTRL_SET?NED

?PR?PCT_INITIALOSD?OSDACTION_                   -----    -----      0030H    0001H      -----    -----
  +--> ?PR?PCT_INITOSDCOLOR?OSDCTRL
  +--> ?PR?PCT_CLEARGRAPHATTR?OSD_GRAPH
  +--> ?PR?_PCT_PRESETFOREGROUNDCOLOR?OSDCTRL
  +--> ?PR?_PCT_PRESETBACKGROUNDCOLOR?OSDCTRL
  +--> ?PR?_PCT_ENSHOWOSDPAGE?OSDCTRL
  +--> ?PR?_PCT_SETOSDDRAWPAGE?OSDCTRL
  +--> ?PR?_PCT_FULLCOLORONOSD?OSDCTRL

?PR?PCT_INITOSDCOLOR?OSDCTRL                    -----    -----      -----    -----      -----    -----
  +--> ?PR?_PCT_WRITEASICBYTE?BUSCTRL
  +--> ?PR?OSDCTRL
  +--> ?PR?_PCT_SETOSDCOLOR?OSDCTRL

?PR?_PCT_WRITEASICBYTE?BUSCTRL                  -----    -----      -----    -----      01F2H    0004H
  +--> ?PR?BUSCTRL
  +--> ?PR?MCTRL_SET?NED

?PR?OSDCTRL                                     -----    -----      -----    -----      -----    -----
  +--> ?CO?OSDCTRL

?PR?_PCT_SETOSDCOLOR?OSDCTRL                    -----    -----      -----    -----      01D5H    0005H
  +--> ?PR?_PCT_WRITEASICBYTE?BUSCTRL

?PR?_PCT_ENSHOWOSDPAGE?OSDCTRL                  -----    -----      -----    -----      01DDH    0001H
  +--> ?PR?OSDCTRL
  +--> ?PR?_PCT_WRITEASICBYTE?BUSCTRL
  +--> ?PR?_PCT_READASICBYTE?BUSCTRL

?PR?_PCT_SETOSDDRAWPAGE?OSDCTRL                 -----    -----      -----    -----      01DDH    0001H
  +--> ?PR?OSDCTRL
  +--> ?PR?_PCT_READASICBYTE?BUSCTRL
  +--> ?PR?_PCT_WRITEASICBYTE?BUSCTRL

?PR?_PCT_FULLCOLORONOSD?OSDCTRL                 -----    -----      -----    -----      01DDH    0006H
  +--> ?PR?OSDCTRL
  +--> ?PR?_PCT_WRITEASICBYTE?BUSCTRL
  +--> ?PR?_PCT_READASICBYTE?BUSCTRL

?PR?_PCT_RUNCOMMSHELL?COMMANDSHELL              -----    -----      -----    -----      01D5H    0008H
BL51 BANKED LINKER/LOCATER V6.22                                                      11/06/2015  11:37:23  PAGE 11


  +--> ?PR?COMMANDSHELL
  +--> ?PR?_PCT_GETFIRSTSTR?COMMANDSHELL
  +--> ?PR?_PCT_STRTOCOMMCODE?COMMANDSHELL
  +--> ?CO?COMMANDSHELL
  +--> ?PR?_MONIWRITEASICBYTE?COMMANDSHELL
  +--> ?PR?_MONIYVIDEOMIX?COMMANDSHELL
  +--> ?PR?_MONIHSCOMM?COMMANDSHELL
  +--> ?PR?PCT_OSDACTIONFORHS?OSDACTION_
  +--> ?PR?_PCT_FLASHOSDCTRL?MAIN
  +--> ?PR?_MONIHSCOMMSJMODE?COMMANDSHELL
  +--> ?PR?REPEAT_PWM_COM?NED
  +--> ?PR?_PWM_SET?MAIN

?PR?COMMANDSHELL                                -----    -----      -----    -----      -----    -----
  +--> ?CO?COMMANDSHELL
  +--> ?PR?PCT_SENDACK?COMMANDSHELL

?PR?_PCT_GETFIRSTSTR?COMMANDSHELL               -----    -----      -----    -----      01DDH    0006H
  +--> ?PR?COMMANDSHELL

?PR?_PCT_STRTOCOMMCODE?COMMANDSHELL             -----    -----      0030H    0002H      01DDH    0003H
  +--> ?PR?COMMANDSHELL

?PR?_MONIWRITEASICBYTE?COMMANDSHELL             -----    -----      0030H    0004H      -----    -----
  +--> ?PR?COMMANDSHELL
  +--> ?CO?COMMANDSHELL
  +--> ?PR?SCANF?SCANF
  +--> ?PR?_PCT_WRITEASICBYTE?BUSCTRL

?PR?SCANF?SCANF                                 0024H.1  0000H.6    0034H    0005H      01DDH    002EH
  +--> ?PR?GETCHAR?UNGETCHAR
  +--> ?PR?_ISSPACE?ISSPACE
  +--> ?PR?GETCHAR?GETCHAR

?PR?GETCHAR?GETCHAR                             -----    -----      -----    -----      -----    -----
  +--> ?PR?_GETKEY?_GETKEY
  +--> ?PR?PUTCHAR?PUTCHAR

?PR?_MONIYVIDEOMIX?COMMANDSHELL                 -----    -----      0030H    0001H      -----    -----
  +--> ?PR?COMMANDSHELL
  +--> ?PR?SCANF?SCANF
  +--> ?PR?_PCT_SETYVIDEOMIXING?TW28XX_VIDEO

?PR?_PCT_SETYVIDEOMIXING?TW28XX_VIDEO           -----    -----      -----    -----      -----    -----
  +--> ?CO?TW28XX_VIDEO
  +--> ?PR?_PCT_WRITESTABLE?BUSCTRL

?PR?_PCT_WRITESTABLE?BUSCTRL                    -----    -----      -----    -----      01E4H    0003H
  +--> ?PR?BUSCTRL
  +--> ?PR?_PCT_READASICBYTE?BUSCTRL
  +--> ?PR?_PCT_WRITEASICBYTE?BUSCTRL

?PR?_MONIHSCOMM?COMMANDSHELL                    -----    -----      0030H    0003H      -----    -----
  +--> ?PR?COMMANDSHELL
  +--> ?CO?COMMANDSHELL
  +--> ?PR?SCANF?SCANF
  +--> ?PR?_PCT_WINATTRCTRLY?TW28XX_VIDEO
BL51 BANKED LINKER/LOCATER V6.22                                                      11/06/2015  11:37:23  PAGE 12


  +--> ?PR?_PCT_RECOMPENSEYHDELAY?TW28XX_VIDEO
  +--> ?PR?_PCT_SETVIDEOHDELAY?TW28XX_VIDEO
  +--> ?PR?_PCT_SETXVIDEOMIXING?TW28XX_VIDEO
  +--> ?PR?_PCT_WINATTRCTRL?TW28XX_VIDEO
  +--> ?PR?_PCT_FLASHOSDCTRL?MAIN
  +--> ?PR?_PCT_CHECKVMIXTYPE?COMMANDSHELL
  +--> ?PR?_PCT_DISSHOWOSDPAGE?OSDCTRL
  +--> ?PR?_PCT_CLEAROSDPAGEX?OSDCTRL
  +--> ?PR?PCT_SHOWMODEICON?OSDACTION_
  +--> ?PR?_PCT_OSD_ACTIONPTHX?OSDACTION_

?PR?_PCT_WINATTRCTRLY?TW28XX_VIDEO              -----    -----      -----    -----      01DDH    0003H
  +--> ?PR?TW28XX_VIDEO
  +--> ?PR?_PCT_READASICBYTE?BUSCTRL
  +--> ?PR?_PCT_WRITEASICBYTE?BUSCTRL

?PR?TW28XX_VIDEO                                -----    -----      -----    -----      -----    -----
  +--> ?CO?TW28XX_VIDEO

?PR?_PCT_RECOMPENSEYHDELAY?TW28XX_VIDEO         -----    -----      -----    -----      01DDH    0003H
  +--> ?PR?TW28XX_VIDEO
  +--> ?PR?_PCT_READASICBYTE?BUSCTRL
  +--> ?CO?TW28XX_VIDEO
  +--> ?PR?_PCT_WRITEASICBYTE?BUSCTRL

?PR?_PCT_SETVIDEOHDELAY?TW28XX_VIDEO            -----    -----      -----    -----      01DDH    0008H
  +--> ?PR?TW28XX_VIDEO
  +--> ?PR?_PCT_READASICBYTE?BUSCTRL
  +--> ?PR?_PCT_WRITEASICBYTE?BUSCTRL
  +--> ?CO?TW28XX_VIDEO

?PR?_PCT_SETXVIDEOMIXING?TW28XX_VIDEO           -----    -----      -----    -----      01DDH    0007H
  +--> ?PR?TW28XX_VIDEO
  +--> ?PR?_PCT_WRITEASICBYTE?BUSCTRL
  +--> ?CO?TW28XX_VIDEO
  +--> ?PR?_PCT_SETCHANELSCALE?TW28XX_VIDEO
  +--> ?PR?_PCT_WRITESTABLE?BUSCTRL

?PR?_PCT_SETCHANELSCALE?TW28XX_VIDEO            -----    -----      -----    -----      01E4H    0008H
  +--> ?PR?TW28XX_VIDEO
  +--> ?CO?TW28XX_VIDEO
  +--> ?PR?_PCT_WRITEASICBYTE?BUSCTRL

?PR?_PCT_WINATTRCTRL?TW28XX_VIDEO               -----    -----      -----    -----      01DDH    0003H
  +--> ?PR?TW28XX_VIDEO
  +--> ?PR?_PCT_READASICBYTE?BUSCTRL
  +--> ?PR?_PCT_WRITEASICBYTE?BUSCTRL

?PR?_PCT_CHECKVMIXTYPE?COMMANDSHELL             -----    -----      0033H    0001H      -----    -----
  +--> ?PR?COMMANDSHELL

?PR?_PCT_DISSHOWOSDPAGE?OSDCTRL                 -----    -----      -----    -----      01DDH    0003H
  +--> ?PR?OSDCTRL
  +--> ?PR?_PCT_READASICBYTE?BUSCTRL
  +--> ?PR?_PCT_WRITEASICBYTE?BUSCTRL

?PR?_PCT_CLEAROSDPAGEX?OSDCTRL                  -----    -----      -----    -----      -----    -----
BL51 BANKED LINKER/LOCATER V6.22                                                      11/06/2015  11:37:23  PAGE 13


  +--> ?PR?_PCT_SETOSDDRAWPAGE?OSDCTRL
  +--> ?PR?_PCT_PRESETBACKGROUNDCOLOR?OSDCTRL
  +--> ?PR?_PCT_FULLCOLORONOSD?OSDCTRL

?PR?PCT_SHOWMODEICON?OSDACTION_                 -----    -----      -----    -----      -----    -----
  +--> ?PR?_PCT_SETOSDDRAWPAGE?OSDCTRL
  +--> ?PR?OSDACTION_
  +--> ?CO?OSDACTION_
  +--> ?PR?_PCT_SHOWGRAPHSTRING?OSD_GRAPH
  +--> ?PR?_PCT_PRESETBACKGROUNDCOLOR?OSDCTRL
  +--> ?PR?_PCT_PRESETFOREGROUNDCOLOR?OSDCTRL

?PR?OSDACTION_                                  -----    -----      -----    -----      -----    -----
  +--> ?CO?OSDACTION_

?PR?_PCT_SHOWGRAPHSTRING?OSD_GRAPH              -----    -----      -----    -----      01E0H    0007H
  +--> ?PR?OSD_GRAPH
  +--> ?PR?_STRLEN?STRLEN
  +--> ?PR?_PCT_OSD16X16GRAPHX?OSD_GRAPH
  +--> ?PR?PTC_SWITCHTOI2CMODE?BUSCTRL

?PR?_PCT_OSD16X16GRAPHX?OSD_GRAPH               -----    -----      -----    -----      01E7H    000BH
  +--> ?CO?OSD_GRAPH
  +--> ?PR?OSD_GRAPH
  +--> ?PR?_PCT_WRITEASICBYTE?BUSCTRL
  +--> ?PR?_PCT_READASICBYTE?BUSCTRL

?PR?_PCT_OSD_ACTIONPTHX?OSDACTION_              -----    -----      -----    -----      01DDH    0003H
  +--> ?PR?OSDACTION_
  +--> ?PR?_PCT_PRESETFOREGROUNDCOLOR?OSDCTRL
  +--> ?PR?_PCT_PRESETBACKGROUNDCOLOR?OSDCTRL
  +--> ?PR?_PCT_SHOWGRAPHSTRING?OSD_GRAPH

?PR?PCT_OSDACTIONFORHS?OSDACTION_               -----    -----      -----    -----      -----    -----
  +--> ?PR?_PCT_SETOSDDRAWPAGE?OSDCTRL
  +--> ?PR?_PCT_SHOWMIRRORICON?OSDACTION_
  +--> ?PR?_PCT_SHOWINDICATEICON?OSDACTION_
  +--> ?PR?PCT_ENFALSHVLOSS?OSDACTION_
  +--> ?PR?_PCT_ENSHOWOSDPAGE?OSDCTRL

?PR?_PCT_SHOWMIRRORICON?OSDACTION_              -----    -----      -----    -----      01DDH    0003H
  +--> ?PR?OSDACTION_
  +--> ?PR?_PCT_PRESETFOREGROUNDCOLOR?OSDCTRL
  +--> ?PR?_PCT_CLEARWORDSPATHX?OSDCTRL
  +--> ?PR?_PCT_SHOWGRAPHSTRING?OSD_GRAPH
  +--> ?CO?OSDACTION_

?PR?_PCT_CLEARWORDSPATHX?OSDCTRL                -----    -----      -----    -----      01E0H    0007H
  +--> ?PR?OSDCTRL
  +--> ?PR?_PCT_WRITEASICBYTE?BUSCTRL
  +--> ?PR?_PCT_READASICBYTE?BUSCTRL

?PR?_PCT_SHOWINDICATEICON?OSDACTION_            -----    -----      0030H    0001H      01DDH    0003H
  +--> ?PR?OSDACTION_
  +--> ?PR?_PCT_PRESETFOREGROUNDCOLOR?OSDCTRL
  +--> ?PR?_PCT_SHOWGRAPHSTRING?OSD_GRAPH
  +--> ?PR?_PCT_CLEARWORDSPATHX?OSDCTRL
BL51 BANKED LINKER/LOCATER V6.22                                                      11/06/2015  11:37:23  PAGE 14


  +--> ?CO?OSDACTION_

?PR?_MONIHSCOMMSJMODE?COMMANDSHELL              -----    -----      -----    -----      -----    -----
  +--> ?PR?COMMANDSHELL
  +--> ?CO?COMMANDSHELL
  +--> ?PR?SCANF?SCANF

?PR?REPEAT_PWM_COM?NED                          -----    -----      -----    -----      -----    -----
  +--> ?PR?_WRITEBYTE?NED

?PR?_WRITEBYTE?NED                              -----    -----      -----    -----      -----    -----
  +--> ?PR?_WRITEI2C?NED

?PR?_PWM_SET?MAIN                               -----    -----      -----    -----      -----    -----
  +--> ?PR?MAIN
  +--> ?PR?_SET_PWM_OUTPUT?MAIN

?PR?_SET_PWM_OUTPUT?MAIN                        -----    -----      -----    -----      01DDH    0008H
  +--> ?CO?MAIN
  +--> ?PR?MAIN

?PR?_BOUND_SET?NED                              -----    -----      -----    -----      01D5H    0004H
  +--> ?CO?NED
  +--> ?PR?NED
  +--> ?PR?_PCT_WRITEASICBYTE?BUSCTRL

?PR?_GPIOGETPORTSTATE?NED                       -----    -----      -----    -----      -----    -----
  +--> ?PR?_READI2C?NED

?PR?COMMANDSHELL?MAIN                           -----    -----      0030H    0001H      -----    -----
  +--> ?PR?RS_RXREADY?UART
  +--> ?PR?RS_RX?UART
  +--> ?PR?MAIN
  +--> ?PR?_SC16_BCC_CHECK?NED
  +--> ?PR?RESETCOMMSELL?MAIN

?PR?RS_RX?UART                                  -----    -----      -----    -----      -----    -----
  +--> ?PR?UART

?PR?_SC16_BCC_CHECK?NED                         -----    -----      -----    -----      0006H    0006H
  +--> ?PR?NED
  +--> ?PR?_RS_TX?UART
  +--> ?PR?_WRITEBYTE?NED
  +--> ?PR?SEND_CAMERA_TEMP?NED
  +--> ?PR?SEND_CAMERA_PRESS?NED
  +--> ?PR?SENT_CAMERA_ANG?NED
  +--> ?PR?SENT_CAMERA_RANG?NED
  +--> ?PR?_SENT_CAMERA_IRD?NED
  +--> ?PR?SENT_DVR_TEMP?NED
  +--> ?PR?VERSION_CHECK?MAIN
  +--> ?PR?CAMERA_VERSION_CHECK?MAIN
  +--> ?PR?CHECK_OTHER_COM?NED
  +--> ?PR?_SC16_SENDDATA?NED

?PR?SEND_CAMERA_TEMP?NED                        -----    -----      -----    -----      000CH    0001H
  +--> ?PR?NED
  +--> ?PR?_BCC_CAL?NED
BL51 BANKED LINKER/LOCATER V6.22                                                      11/06/2015  11:37:23  PAGE 15


  +--> ?PR?_RS_TX?UART

?PR?_BCC_CAL?NED                                -----    -----      -----    -----      000DH    0002H

?PR?SEND_CAMERA_PRESS?NED                       -----    -----      -----    -----      000CH    0001H
  +--> ?PR?NED
  +--> ?PR?_BCC_CAL?NED
  +--> ?PR?_RS_TX?UART

?PR?SENT_CAMERA_ANG?NED                         -----    -----      -----    -----      000CH    0001H
  +--> ?PR?NED
  +--> ?PR?_BCC_CAL?NED
  +--> ?PR?_RS_TX?UART

?PR?SENT_CAMERA_RANG?NED                        -----    -----      -----    -----      000CH    0001H
  +--> ?PR?NED
  +--> ?PR?_BCC_CAL?NED
  +--> ?PR?_RS_TX?UART

?PR?_SENT_CAMERA_IRD?NED                        -----    -----      -----    -----      000CH    0003H
  +--> ?PR?_RS_TX?UART

?PR?SENT_DVR_TEMP?NED                           -----    -----      -----    -----      000CH    0001H
  +--> ?PR?NED
  +--> ?PR?_BCC_CAL?NED
  +--> ?PR?_RS_TX?UART

?PR?VERSION_CHECK?MAIN                          -----    -----      -----    -----      000CH    0001H
  +--> ?PR?MAIN
  +--> ?PR?_RS_TX?UART

?PR?CAMERA_VERSION_CHECK?MAIN                   -----    -----      -----    -----      000CH    0001H
  +--> ?PR?MAIN
  +--> ?PR?_RS_TX?UART

?PR?CHECK_OTHER_COM?NED                         -----    -----      -----    -----      -----    -----
  +--> ?PR?_RS_TX?UART

?PR?_SC16_SENDDATA?NED                          -----    -----      -----    -----      000CH    0002H
  +--> ?PR?_WRITEBYTE?NED

?PR?PCT_CHECKSYSTEM?COMMANDSHELL                -----    -----      -----    -----      -----    -----
  +--> ?PR?_PCT_DETECTVIDEOFORMAT?TW28XX_VIDEO
  +--> ?PR?_PCT_ENSHOWOSDPAGE?OSDCTRL
  +--> ?PR?_PCT_CHANGESYSTEMTYPE?TW2835_INIT
  +--> ?PR?_PCT_RECOMPENSEYHDELAY?TW28XX_VIDEO
  +--> ?PR?COMMANDSHELL
  +--> ?PR?_PCT_SETVIDEOHDELAY?TW28XX_VIDEO
  +--> ?PR?_PCT_SETXVIDEOMIXING?TW28XX_VIDEO
  +--> ?PR?_PCT_CLEAROSDPAGEX?OSDCTRL
  +--> ?PR?PCT_SHOWMODEICON?OSDACTION_
  +--> ?PR?_PCT_OSD_ACTIONPTHX?OSDACTION_
  +--> ?PR?PCT_OSDACTIONFORHS?OSDACTION_

?PR?_PCT_CHANGESYSTEMTYPE?TW2835_INIT           -----    -----      -----    -----      0006H    0002H
  +--> ?PR?TW2835_INIT
  +--> ?CO?TW2835_INIT
BL51 BANKED LINKER/LOCATER V6.22                                                      11/06/2015  11:37:23  PAGE 16


  +--> ?PR?_PCT_WRITEASICTABLE?BUSCTRL

?PR?PCT_GETVIDEOSIGNALSTATUS?OSDACTION_         -----    -----      -----    -----      -----    -----
  +--> ?PR?_PCT_READASICBYTE?BUSCTRL
  +--> ?PR?_PCT_WRITEASICBYTE?BUSCTRL
  +--> ?PR?_PCT_PRESETFOREGROUNDCOLOR?OSDCTRL
  +--> ?PR?_PCT_PRESETGRAPHATTR?OSD_GRAPH
  +--> ?PR?PCT_CLEARGRAPHATTR?OSD_GRAPH

?PR?GPIO_CHECK?NED                              -----    -----      -----    -----      0006H    0002H
  +--> ?PR?_GPIOGETPORTSTATE?NED

?PR?CAMERA_MOVE?NED                             -----    -----      -----    -----      0006H    000DH
  +--> ?CO?NED
  +--> ?PR?NED
  +--> ?PR?_WRITEBYTE?NED

?PR?_SC16_DATA_RESET?NED                        -----    -----      -----    -----      -----    -----
  +--> ?PR?TEMP_CHECK?MAIN
  +--> ?PR?PRESS_CHECK?MAIN
  +--> ?PR?GET_CAMERA_ANG?NED
  +--> ?PR?GET_CAMERA_RANG?NED
  +--> ?PR?GET_DVR_TEMP?NED
  +--> ?PR?GET_CAMERA_VER?NED

?PR?TEMP_CHECK?MAIN                             -----    -----      -----    -----      -----    -----
  +--> ?PR?_READI2CWORD?NED

?PR?_READI2CWORD?NED                            -----    -----      -----    -----      0006H    0002H
  +--> ?PR?_I2CWRITEDATA?NED
  +--> ?PR?I2CREADDATAWITHACK?NED
  +--> ?PR?I2CREADDATA?NED
  +--> ?PR?I2CSTOP?NED

?PR?I2CREADDATAWITHACK?NED                      -----    -----      -----    -----      -----    -----
  +--> ?PR?NED
  +--> ?PR?I2CDELAY?NED

?PR?PRESS_CHECK?MAIN                            -----    -----      -----    -----      0006H    0007H
  +--> ?PR?MAIN
  +--> ?PR?_ADC_READ?NED

?PR?GET_CAMERA_ANG?NED                          -----    -----      -----    -----      -----    -----
  +--> ?PR?_WRITEBYTE?NED

?PR?GET_CAMERA_RANG?NED                         -----    -----      -----    -----      -----    -----
  +--> ?PR?_WRITEBYTE?NED

?PR?GET_DVR_TEMP?NED                            -----    -----      -----    -----      -----    -----
  +--> ?PR?_WRITEBYTE?NED

?PR?GET_CAMERA_VER?NED                          -----    -----      -----    -----      -----    -----
  +--> ?PR?_WRITEBYTE?NED

?PR?SC16_DATACHECK?NED                          -----    -----      -----    -----      0006H    0003H
  +--> ?PR?_SC16_SENDDATASELECT?NED

BL51 BANKED LINKER/LOCATER V6.22                                                      11/06/2015  11:37:23  PAGE 17


?PR?_SC16_SENDDATASELECT?NED                    -----    -----      -----    -----      0009H    0009H
  +--> ?PR?NED
  +--> ?PR?_READI2C?NED
  +--> ?PR?_READBYTE?NED
  +--> ?PR?_RS_TX?UART
  +--> ?PR?_SC16_COMCHECK?NED

?PR?_READBYTE?NED                               -----    -----      -----    -----      0012H    0001H
  +--> ?PR?_READI2C?NED

?PR?_SC16_COMCHECK?NED                          -----    -----      -----    -----      0012H    0002H
  +--> ?PR?NED

?PR?_SET_CAMERA_SPEED?NED                       -----    -----      -----    -----      -----    -----
  +--> ?PR?_WRITEBYTE?NED

*** NEW ROOT ***************************************************

?PR?RS_INTERRUPT?UART                           -----    -----      -----    -----      -----    -----
  +--> ?PR?UART



SYMBOL TABLE OF MODULE:  .\OBJ\NED_5MCMOS_v0_9_f_XXXX_20151106 (?C_STARTUP)

  VALUE           TYPE          NAME
  ----------------------------------

  -------         MODULE        ?C_STARTUP
  C:8768H         SEGMENT       ?C_C51STARTUP
  I:0068H         SEGMENT       ?STACK
  C:0000H         PUBLIC        ?C_STARTUP
  D:00E0H         SYMBOL        ACC
  D:00F0H         SYMBOL        B
  D:0083H         SYMBOL        DPH
  D:0082H         SYMBOL        DPL
  N:0000H         SYMBOL        IBPSTACK
  N:0100H         SYMBOL        IBPSTACKTOP
  N:0080H         SYMBOL        IDATALEN
  C:876BH         SYMBOL        IDATALOOP
  N:0000H         SYMBOL        PBPSTACK
  N:0100H         SYMBOL        PBPSTACKTOP
  N:0000H         SYMBOL        PDATALEN
  N:0000H         SYMBOL        PDATASTART
  N:0000H         SYMBOL        PPAGE
  N:0000H         SYMBOL        PPAGEENABLE
  D:00A0H         SYMBOL        PPAGE_SFR
  D:0081H         SYMBOL        SP
  C:8768H         SYMBOL        STARTUP1
  N:0000H         SYMBOL        XBPSTACK
  N:0000H         SYMBOL        XBPSTACKTOP
  N:0000H         SYMBOL        XDATALEN
  N:0000H         SYMBOL        XDATASTART
  C:0000H         LINE#         126
  C:8768H         LINE#         133
  C:876AH         LINE#         134
  C:876BH         LINE#         135
BL51 BANKED LINKER/LOCATER V6.22                                                      11/06/2015  11:37:23  PAGE 18


  C:876CH         LINE#         136
  C:876EH         LINE#         185
  C:8771H         LINE#         196
  -------         ENDMOD        ?C_STARTUP

  -------         MODULE        UART
  C:0000H         SYMBOL        _ICE_DUMMY_
  D:0080H         PUBLIC        P0
  D:0090H         PUBLIC        P1
  D:00A0H         PUBLIC        P2
  D:00C0H         PUBLIC        XICON
  D:00B0H         PUBLIC        P3
  D:00E8H         PUBLIC        P4
  C:A373H         PUBLIC        InitialUART
  D:00A8H         PUBLIC        IE
  X:028CH         PUBLIC        RS_RECVBUF
  B:00A8H.4       PUBLIC        ES
  D:00B8H         PUBLIC        IP
  B:0098H.0       PUBLIC        RI
  B:0098H.1       PUBLIC        TI
  B:00B8H.4       PUBLIC        PS
  D:00D8H         PUBLIC        CCON
  D:0099H         PUBLIC        SBUF
  D:00C0H         PUBLIC        WDTC
  D:0098H         PUBLIC        SCON
  D:0088H         PUBLIC        TCON
  C:A48AH         PUBLIC        RS_RxReady
  D:008DH         PUBLIC        TH1
  D:008BH         PUBLIC        TL1
  X:02F0H         PUBLIC        RsRxRp
  B:0088H.6       PUBLIC        TR1
  X:02F1H         PUBLIC        RsRxWp
  D:00F8H         PUBLIC        IPA
  D:00C8H         PUBLIC        T2CON
  C:A311H         PUBLIC        RS_rx
  C:0003H         PUBLIC        _RS_tx
  C:9E70H         PUBLIC        RS_interrupt
  D:00D0H         PUBLIC        PSW
  C:A553H         SYMBOL        Com000E
  C:A553H         SYMBOL        L?0015
  -------         PROC          COM000E
  -------         ENDPROC       COM000E
  -------         PROC          INITIALUART
  C:A373H         LINE#         75
  C:A373H         LINE#         76
  C:A373H         LINE#         79
  C:A375H         LINE#         80
  C:A377H         LINE#         84
  C:A37AH         LINE#         99
  C:A37DH         LINE#         103
  C:A380H         LINE#         104
  C:A382H         LINE#         106
  C:A386H         LINE#         107
  C:A388H         LINE#         108
  -------         ENDPROC       INITIALUART
  -------         PROC          RS_RXREADY
  C:A48AH         LINE#         114
BL51 BANKED LINKER/LOCATER V6.22                                                      11/06/2015  11:37:23  PAGE 19


  C:A48AH         LINE#         115
  C:A48AH         LINE#         116
  C:A497H         LINE#         117
  C:A499H         LINE#         118
  -------         ENDPROC       RS_RXREADY
  -------         PROC          RS_RX
  -------         DO            
  D:0007H         SYMBOL        ret
  -------         ENDDO         
  C:A311H         LINE#         124
  C:A311H         LINE#         125
  C:A311H         LINE#         131
  C:A319H         LINE#         132
  C:A31FH         LINE#         133
  C:A325H         LINE#         134
  C:A327H         LINE#         138
  C:A329H         LINE#         140
  C:A329H         LINE#         141
  -------         ENDPROC       RS_RX
  -------         PROC          _RS_TX
  D:0007H         SYMBOL        tx_buf
  C:0003H         LINE#         147
  C:0003H         LINE#         148
  C:0003H         LINE#         166
  C:0003H         LINE#         167
  C:0003H         LINE#         169
  C:0006H         LINE#         178
  C:0008H         LINE#         179
  C:000AH         LINE#         180
  C:000AH         LINE#         181
  C:000AH         LINE#         182
  C:000AH         LINE#         185
  -------         ENDPROC       _RS_TX
  -------         PROC          RS_INTERRUPT
  C:9E70H         LINE#         193
  C:9E78H         LINE#         196
  C:9E7BH         LINE#         197
  C:9E7DH         LINE#         206
  C:9E86H         LINE#         210
  C:9E8CH         LINE#         211
  C:9E94H         LINE#         218
  C:9E94H         LINE#         221
  -------         ENDPROC       RS_INTERRUPT
  -------         ENDMOD        UART

  -------         MODULE        BUSCTRL
  C:0000H         SYMBOL        _ICE_DUMMY_
  D:0080H         PUBLIC        P0
  D:0090H         PUBLIC        P1
  D:00A0H         PUBLIC        P2
  D:00C0H         PUBLIC        XICON
  D:00B0H         PUBLIC        P3
  D:00E8H         PUBLIC        P4
  B:00A8H.7       PUBLIC        EA
  D:00A8H         PUBLIC        IE
  C:91EEH         PUBLIC        _PCT_WriteSTable
  D:00B8H         PUBLIC        IP
BL51 BANKED LINKER/LOCATER V6.22                                                      11/06/2015  11:37:23  PAGE 20


  B:00A0H.3       PUBLIC        HALE
  B:00A0H.2       PUBLIC        HRDB
  D:00D8H         PUBLIC        CCON
  D:00C0H         PUBLIC        WDTC
  B:00A0H.1       PUBLIC        HWRB
  D:0098H         PUBLIC        SCON
  D:0088H         PUBLIC        TCON
  C:8880H         PUBLIC        _PCT_WriteAsicTable
  C:A60AH         PUBLIC        PTC_SwitchToI2CMode
  B:00B0H.6       PUBLIC        HCSB0
  B:00B0H.7       PUBLIC        HCSB1
  D:00F8H         PUBLIC        IPA
  C:87F4H         PUBLIC        _PCT_ReadAsicByte
  D:00C8H         PUBLIC        T2CON
  C:8E3EH         PUBLIC        _PCT_WriteAsicByte
  D:00D0H         PUBLIC        PSW
  C:9A0AH         SYMBOL        Com0038
  C:9A0AH         SYMBOL        L?0057
  C:9A0DH         SYMBOL        L?0058
  C:9A0FH         SYMBOL        L?0059
  C:9A17H         SYMBOL        L?0060
  C:9A17H         SYMBOL        L?0061
  C:9A1FH         SYMBOL        L?0062
  C:9A1FH         SYMBOL        L?0063
  C:9A26H         SYMBOL        L?0064
  C:9A32H         SYMBOL        L?0065
  C:9A3CH         SYMBOL        L?0066
  -------         PROC          COM0038
  -------         ENDPROC       COM0038
  -------         PROC          _PCT_WRITEASICBYTE
  D:0007H         SYMBOL        _dvc
  X:01F3H         SYMBOL        _pg
  X:01F4H         SYMBOL        _addr
  X:01F5H         SYMBOL        _wdat
  C:8E3EH         LINE#         63
  C:8E41H         LINE#         64
  C:8E41H         LINE#         65
  C:8E41H         LINE#         67
  C:8E44H         LINE#         70
  C:8E47H         LINE#         75
  C:8E54H         LINE#         76
  C:8E5EH         LINE#         77
  C:8E66H         LINE#         78
  C:8E69H         LINE#         79
  C:8E69H         LINE#         82
  C:8E7CH         LINE#         84
  C:8E7EH         LINE#         85
  C:8E84H         LINE#         86
  C:8E86H         LINE#         89
  C:8E99H         LINE#         92
  C:8E9BH         LINE#         96
  C:8E9EH         LINE#         101
  C:8E9EH         LINE#         102
  C:8E9EH         LINE#         103
  C:8E9EH         LINE#         104
  C:8EA1H         LINE#         105
  -------         ENDPROC       _PCT_WRITEASICBYTE
BL51 BANKED LINKER/LOCATER V6.22                                                      11/06/2015  11:37:23  PAGE 21


  -------         PROC          _PCT_WRITEASICTABLE
  D:0007H         SYMBOL        _dvc
  X:01D8H         SYMBOL        _pg
  X:01D9H         SYMBOL        _addr
  X:01DAH         SYMBOL        _tbl_ptr
  X:01DDH         SYMBOL        _tbl_cnt
  C:8880H         LINE#         111
  C:8883H         LINE#         112
  C:8883H         LINE#         113
  C:8883H         LINE#         115
  C:8886H         LINE#         119
  C:8889H         LINE#         124
  C:8896H         LINE#         125
  C:88A0H         LINE#         126
  C:88A8H         LINE#         128
  C:88A8H         LINE#         129
  C:88B1H         LINE#         130
  C:88B1H         LINE#         133
  C:88C4H         LINE#         136
  C:88C6H         LINE#         138
  C:88DBH         LINE#         139
  C:88DDH         LINE#         142
  C:88F0H         LINE#         145
  C:88F2H         LINE#         146
  C:88FAH         LINE#         150
  C:88FDH         LINE#         155
  C:88FDH         LINE#         156
  C:88FDH         LINE#         157
  C:88FDH         LINE#         158
  C:8900H         LINE#         159
  -------         ENDPROC       _PCT_WRITEASICTABLE
  -------         PROC          _PCT_READASICBYTE
  X:01F2H         SYMBOL        _dvc
  X:01F3H         SYMBOL        _pg
  X:01F4H         SYMBOL        _addr
  -------         DO            
  X:01F5H         SYMBOL        _rdat_
  -------         ENDDO         
  C:87F4H         LINE#         165
  C:87FFH         LINE#         166
  C:87FFH         LINE#         169
  C:8801H         LINE#         173
  C:8804H         LINE#         178
  C:8809H         LINE#         179
  C:8814H         LINE#         180
  C:881EH         LINE#         181
  C:8826H         LINE#         183
  C:8829H         LINE#         184
  C:8829H         LINE#         186
  C:883CH         LINE#         189
  C:883EH         LINE#         190
  C:8841H         LINE#         192
  C:8854H         LINE#         196
  C:8856H         LINE#         197
  C:885CH         LINE#         201
  C:886FH         LINE#         204
  C:8871H         LINE#         208
BL51 BANKED LINKER/LOCATER V6.22                                                      11/06/2015  11:37:23  PAGE 22


  C:8874H         LINE#         213
  C:8876H         LINE#         214
  C:8878H         LINE#         215
  C:887AH         LINE#         216
  C:887FH         LINE#         217
  -------         ENDPROC       _PCT_READASICBYTE
  -------         PROC          _PCT_WRITESTABLE
  D:0007H         SYMBOL        _dvc
  X:01E4H         SYMBOL        _tbl_ptr
  C:91EEH         LINE#         224
  C:91F9H         LINE#         225
  C:91F9H         LINE#         229
  C:91F9H         LINE#         230
  C:9207H         LINE#         231
  C:9221H         LINE#         232
  C:9221H         LINE#         233
  C:9233H         LINE#         234
  C:9233H         LINE#         235
  C:923DH         LINE#         236
  C:923FH         LINE#         237
  -------         ENDPROC       _PCT_WRITESTABLE
  -------         PROC          PTC_SWITCHTOI2CMODE
  C:A60AH         LINE#         243
  C:A60AH         LINE#         244
  C:A60AH         LINE#         254
  -------         ENDPROC       PTC_SWITCHTOI2CMODE
  -------         ENDMOD        BUSCTRL

  -------         MODULE        COMMANDSHELL
  C:0000H         SYMBOL        _ICE_DUMMY_
  D:0080H         PUBLIC        P0
  D:0090H         PUBLIC        P1
  D:00A0H         PUBLIC        P2
  D:00C0H         PUBLIC        XICON
  D:00B0H         PUBLIC        P3
  D:00E8H         PUBLIC        P4
  C:A389H         PUBLIC        _MoniHSCommSJmode
  C:9A82H         PUBLIC        MoniVideoAutoDetect
  C:7B35H         PUBLIC        _PCT_RunCommShell
  C:70E6H         PUBLIC        _MoniAudioGain
  D:00A8H         PUBLIC        IE
  C:9B67H         PUBLIC        _MoniReadOneBuffer
  D:00B8H         PUBLIC        IP
  C:A454H         PUBLIC        _MoniYVideoMix
  X:037EH         PUBLIC        sysdat
  C:A3CAH         PUBLIC        _MoniAudioLive
  D:00D8H         PUBLIC        CCON
  C:A60BH         PUBLIC        PCT_SendACK
  C:9D18H         PUBLIC        _MoniWriteOneBuffer
  C:A4AAH         PUBLIC        MoniAudioMute
  C:A42EH         PUBLIC        MoniHSCommVersion
  C:780BH         PUBLIC        _MoniSetVideoFormat
  C:9536H         PUBLIC        _MoniReadAsicByte
  C:8B59H         PUBLIC        _PCT_GetFirstStr
  C:8C9EH         PUBLIC        PCT_CheckSystem
  D:00C0H         PUBLIC        WDTC
  D:0098H         PUBLIC        SCON
BL51 BANKED LINKER/LOCATER V6.22                                                      11/06/2015  11:37:23  PAGE 23


  D:0088H         PUBLIC        TCON
  C:92E1H         PUBLIC        _MoniWriteAsicByte
  C:6F98H         PUBLIC        _MoniHSComm
  X:038FH         PUBLIC        msg
  C:99CDH         PUBLIC        _PCT_StrToCommCode
  C:94EEH         PUBLIC        _PCT_CheckVMixType
  C:0026H         PUBLIC        MoniHSCommDisScroll
  D:00F8H         PUBLIC        IPA
  C:8F69H         PUBLIC        _MoniShowSODStr
  C:58EAH         PUBLIC        _MoniVideoMixAttr
  C:95C5H         PUBLIC        PCT_AudioActionForHS
  D:00C8H         PUBLIC        T2CON
  C:9143H         PUBLIC        _MoniVideoMixWin
  C:957EH         PUBLIC        _MoniReadPageBuffer
  X:0397H         PUBLIC        Original_selwintype
  C:937AH         PUBLIC        MoniRegisterDump
  D:00D0H         PUBLIC        PSW
  C:6725H         PUBLIC        _MoniAudioMixing
  C:56CBH         SYMBOL        Com00B2
  C:56CBH         SYMBOL        L?0179
  C:56CCH         SYMBOL        L?0180
  C:5702H         SYMBOL        L?0181
  C:5709H         SYMBOL        L?0182
  C:570AH         SYMBOL        L?0183
  C:5740H         SYMBOL        L?0184
  C:5747H         SYMBOL        L?0185
  C:5748H         SYMBOL        L?0186
  C:5768H         SYMBOL        L?0187
  C:576FH         SYMBOL        L?0188
  C:5770H         SYMBOL        L?0189
  C:5774H         SYMBOL        L?0190
  C:577DH         SYMBOL        L?0191
  C:577DH         SYMBOL        L?0192
  C:5789H         SYMBOL        L?0193
  C:5790H         SYMBOL        L?0194
  C:57A0H         SYMBOL        L?0195
  C:57A7H         SYMBOL        L?0196
  C:57B7H         SYMBOL        L?0197
  C:57BEH         SYMBOL        L?0198
  C:57CEH         SYMBOL        L?0199
  C:57D5H         SYMBOL        L?0200
  C:57E1H         SYMBOL        L?0201
  C:57E8H         SYMBOL        L?0202
  C:57F4H         SYMBOL        L?0203
  C:57FBH         SYMBOL        L?0204
  C:5800H         SYMBOL        L?0205
  C:5807H         SYMBOL        L?0206
  C:580CH         SYMBOL        L?0207
  C:5813H         SYMBOL        L?0208
  C:5813H         SYMBOL        L?0209
  C:581BH         SYMBOL        L?0210
  C:581BH         SYMBOL        L?0211
  C:5823H         SYMBOL        L?0212
  C:582BH         SYMBOL        L?0213
  C:5837H         SYMBOL        L?0214
  C:5838H         SYMBOL        L?0215
  C:583FH         SYMBOL        L?0216
BL51 BANKED LINKER/LOCATER V6.22                                                      11/06/2015  11:37:23  PAGE 24


  C:5846H         SYMBOL        L?0219
  C:584DH         SYMBOL        L?0222
  C:5854H         SYMBOL        L?0224
  C:585BH         SYMBOL        L?0228
  C:5862H         SYMBOL        L?0229
  C:5863H         SYMBOL        L?0230
  C:5870H         SYMBOL        L?0232
  C:5880H         SYMBOL        L?0233
  C:5887H         SYMBOL        L?0235
  C:588EH         SYMBOL        L?0237
  C:5895H         SYMBOL        L?0242
  C:5895H         SYMBOL        L?0243
  C:5896H         SYMBOL        L?0244
  C:589EH         SYMBOL        L?0245
  C:589EH         SYMBOL        L?0246
  C:58A8H         SYMBOL        L?0247
  C:58B3H         SYMBOL        L?0249
  C:58BAH         SYMBOL        L?0250
  C:58BAH         SYMBOL        L?0251
  C:58C1H         SYMBOL        L?0252
  C:58C1H         SYMBOL        L?0253
  C:58CAH         SYMBOL        L?0255
  C:58D6H         SYMBOL        L?0258
  C:58D6H         SYMBOL        L?0259
  C:58DCH         SYMBOL        L?0260
  C:58E3H         SYMBOL        L?0261
  C:58E3H         SYMBOL        L?0262
  -------         PROC          COM00B2
  -------         ENDPROC       COM00B2
  -------         PROC          _PCT_GETFIRSTSTR
  X:01DDH         SYMBOL        tagStr
  X:01E0H         SYMBOL        sourceStr
  C:8B59H         LINE#         88
  C:8B5FH         LINE#         89
  C:8B5FH         LINE#         90
  C:8B6AH         LINE#         91
  C:8B81H         LINE#         92
  C:8B99H         LINE#         93
  C:8B9BH         LINE#         94
  C:8B9BH         LINE#         95
  C:8BA8H         LINE#         96
  C:8BACH         LINE#         97
  C:8BB5H         LINE#         98
  C:8BB8H         LINE#         99
  C:8BBBH         LINE#         100
  C:8BBEH         LINE#         101
  C:8BC7H         LINE#         102
  -------         ENDPROC       _PCT_GETFIRSTSTR
  -------         PROC          _PCT_STRTOCOMMCODE
  X:01DDH         SYMBOL        Str
  -------         DO            
  D:0030H         SYMBOL        ret
  -------         ENDDO         
  C:99CDH         LINE#         112
  C:99D3H         LINE#         113
  C:99D3H         LINE#         114
  C:99D8H         LINE#         116
BL51 BANKED LINKER/LOCATER V6.22                                                      11/06/2015  11:37:23  PAGE 25


  C:9A05H         LINE#         117
  C:9A09H         LINE#         118
  -------         ENDPROC       _PCT_STRTOCOMMCODE
  -------         PROC          PCT_SENDACK
  C:A60BH         LINE#         124
  C:A60BH         LINE#         125
  C:A60BH         LINE#         131
  -------         ENDPROC       PCT_SENDACK
  -------         PROC          _PCT_CHECKVMIXTYPE
  D:0007H         SYMBOL        _typ
  -------         DO            
  D:0033H         SYMBOL        tmplktp
  -------         ENDDO         
  C:94EEH         LINE#         143
  C:94EEH         LINE#         144
  C:94EEH         LINE#         145
  C:94F1H         LINE#         147
  C:94F7H         LINE#         148
  C:94FEH         LINE#         149
  C:9504H         LINE#         150
  C:9510H         LINE#         152
  C:951EH         LINE#         153
  C:9524H         LINE#         155
  C:9524H         LINE#         156
  C:952AH         LINE#         157
  C:9530H         LINE#         158
  C:9535H         LINE#         159
  -------         ENDPROC       _PCT_CHECKVMIXTYPE
  -------         PROC          _MONIREADPAGEBUFFER
  D:0001H         SYMBOL        szParam
  -------         DO            
  D:004CH         SYMBOL        page
  D:004DH         SYMBOL        start
  D:004EH         SYMBOL        end
  -------         ENDDO         
  C:957EH         LINE#         170
  C:957EH         LINE#         171
  C:957EH         LINE#         174
  C:95A3H         LINE#         176
  C:95A3H         LINE#         177
  C:95BDH         LINE#         178
  C:95BFH         LINE#         179
  C:95C4H         LINE#         180
  -------         ENDPROC       _MONIREADPAGEBUFFER
  -------         PROC          _MONIREADONEBUFFER
  D:0001H         SYMBOL        szParam
  -------         DO            
  D:0055H         SYMBOL        page
  D:0056H         SYMBOL        addr
  -------         ENDDO         
  C:9B67H         LINE#         186
  C:9B67H         LINE#         187
  C:9B67H         LINE#         190
  C:9B84H         LINE#         192
  -------         ENDPROC       _MONIREADONEBUFFER
  -------         PROC          _MONIWRITEONEBUFFER
  D:0001H         SYMBOL        szParam
BL51 BANKED LINKER/LOCATER V6.22                                                      11/06/2015  11:37:23  PAGE 26


  -------         DO            
  D:004FH         SYMBOL        page
  D:0050H         SYMBOL        addr
  D:0051H         SYMBOL        dat
  -------         ENDDO         
  C:9D18H         LINE#         199
  C:9D18H         LINE#         200
  C:9D18H         LINE#         203
  C:9D3DH         LINE#         204
  -------         ENDPROC       _MONIWRITEONEBUFFER
  -------         PROC          _MONIWRITEASICBYTE
  D:0001H         SYMBOL        szParam
  -------         DO            
  D:0030H         SYMBOL        _dev
  D:0031H         SYMBOL        _pg
  D:0032H         SYMBOL        _addr
  D:0033H         SYMBOL        _wdat
  -------         ENDDO         
  C:92E1H         LINE#         211
  C:92E1H         LINE#         212
  C:92E1H         LINE#         213
  C:92E4H         LINE#         214
  C:92E6H         LINE#         215
  C:92E8H         LINE#         216
  C:92EAH         LINE#         218
  C:931FH         LINE#         219
  -------         ENDPROC       _MONIWRITEASICBYTE
  -------         PROC          _MONIREADASICBYTE
  D:0001H         SYMBOL        szParam
  -------         DO            
  D:001CH         SYMBOL        _dev
  D:001DH         SYMBOL        _pg
  D:001EH         SYMBOL        _addr
  D:001FH         SYMBOL        _rdat
  -------         ENDDO         
  C:9536H         LINE#         226
  C:9536H         LINE#         227
  C:9536H         LINE#         228
  C:9539H         LINE#         229
  C:953BH         LINE#         230
  C:953DH         LINE#         231
  C:953FH         LINE#         233
  C:9564H         LINE#         234
  C:956FH         LINE#         235
  -------         ENDPROC       _MONIREADASICBYTE
  C:684EH         SYMBOL        L?0217
  C:6864H         SYMBOL        L?0225
  C:687AH         SYMBOL        L?0227
  -------         PROC          _MONIAUDIOMIXING
  X:03B2H         SYMBOL        szParam
  -------         DO            
  D:0008H         SYMBOL        selch0
  D:0009H         SYMBOL        selch1
  D:000AH         SYMBOL        selch2
  D:000BH         SYMBOL        selch3
  D:000CH         SYMBOL        selch4
  D:000DH         SYMBOL        valch0
BL51 BANKED LINKER/LOCATER V6.22                                                      11/06/2015  11:37:23  PAGE 27


  D:000EH         SYMBOL        valch1
  D:000FH         SYMBOL        valch2
  D:0010H         SYMBOL        valch3
  D:0011H         SYMBOL        valch4
  X:03B5H         SYMBOL        getStr
  C:56C6H         SYMBOL        chaddr
  -------         ENDDO         
  C:6725H         LINE#         243
  C:6728H         LINE#         244
  C:6728H         LINE#         255
  C:673BH         LINE#         257
  C:6743H         LINE#         263
  C:676AH         LINE#         264
  C:676AH         LINE#         265
  C:677BH         LINE#         266
  C:6784H         LINE#         267
  C:678AH         LINE#         268
  C:678DH         LINE#         270
  C:678DH         LINE#         271
  C:67ABH         LINE#         273
  C:67ABH         LINE#         274
  C:67AEH         LINE#         275
  C:67B1H         LINE#         276
  C:67B4H         LINE#         278
  C:67B4H         LINE#         279
  C:67C8H         LINE#         281
  C:67C8H         LINE#         282
  C:67CBH         LINE#         283
  C:67CFH         LINE#         284
  C:67D2H         LINE#         285
  C:67D5H         LINE#         287
  C:67D5H         LINE#         288
  C:67ECH         LINE#         290
  C:67ECH         LINE#         291
  C:67ECH         LINE#         292
  C:67ECH         LINE#         293
  C:67EFH         LINE#         295
  C:67F7H         LINE#         296
  C:67FAH         LINE#         298
  C:67FAH         LINE#         299
  C:6822H         LINE#         301
  C:6822H         LINE#         302
  C:6822H         LINE#         303
  C:6822H         LINE#         304
  C:682AH         LINE#         305
  C:6833H         LINE#         307
  C:684DH         LINE#         308
  C:684DH         LINE#         310
  C:684DH         LINE#         311
  C:684DH         LINE#         312
  C:684DH         LINE#         313
  -------         ENDPROC       _MONIAUDIOMIXING
  -------         PROC          MONIAUDIOMUTE
  C:A4AAH         LINE#         320
  C:A4AAH         LINE#         321
  C:A4AAH         LINE#         322
  C:A4B2H         LINE#         327
BL51 BANKED LINKER/LOCATER V6.22                                                      11/06/2015  11:37:23  PAGE 28


  -------         ENDPROC       MONIAUDIOMUTE
  C:71F5H         SYMBOL        L?0221
  C:720FH         SYMBOL        L?0248
  C:7220H         SYMBOL        L?0263
  -------         PROC          _MONIAUDIOGAIN
  X:03B8H         SYMBOL        szParam
  -------         DO            
  D:0012H         SYMBOL        selch0
  D:0013H         SYMBOL        selch1
  D:0014H         SYMBOL        selch2
  D:0015H         SYMBOL        selch3
  D:0016H         SYMBOL        selch4
  D:0017H         SYMBOL        ch0val
  D:0018H         SYMBOL        ch1val
  D:0019H         SYMBOL        ch2val
  D:001AH         SYMBOL        ch3val
  D:001BH         SYMBOL        ch4val
  X:03BBH         SYMBOL        getStr
  -------         ENDDO         
  C:70E6H         LINE#         335
  C:70E9H         LINE#         336
  C:70E9H         LINE#         341
  C:70FCH         LINE#         343
  C:7123H         LINE#         344
  C:7123H         LINE#         345
  C:7139H         LINE#         346
  C:713DH         LINE#         347
  C:7140H         LINE#         349
  C:7140H         LINE#         350
  C:7163H         LINE#         352
  C:7163H         LINE#         353
  C:7166H         LINE#         354
  C:7169H         LINE#         356
  C:7169H         LINE#         357
  C:7181H         LINE#         359
  C:7181H         LINE#         360
  C:7181H         LINE#         361
  C:7184H         LINE#         362
  C:7187H         LINE#         364
  C:7187H         LINE#         365
  C:71A2H         LINE#         367
  C:71A2H         LINE#         368
  C:71A2H         LINE#         369
  C:71A5H         LINE#         370
  C:71A8H         LINE#         371
  C:71ABH         LINE#         373
  C:71ABH         LINE#         374
  C:71D7H         LINE#         376
  C:71D7H         LINE#         377
  C:71DFH         LINE#         378
  C:71E3H         LINE#         379
  C:71EBH         LINE#         380
  C:71F4H         LINE#         381
  C:71F4H         LINE#         383
  C:71F4H         LINE#         384
  C:71F4H         LINE#         385
  C:71F4H         LINE#         386
BL51 BANKED LINKER/LOCATER V6.22                                                      11/06/2015  11:37:23  PAGE 29


  -------         ENDPROC       _MONIAUDIOGAIN
  -------         PROC          _MONIAUDIOLIVE
  D:0001H         SYMBOL        szParam
  -------         DO            
  D:0063H         SYMBOL        chan
  -------         ENDDO         
  C:A3CAH         LINE#         393
  C:A3CAH         LINE#         394
  C:A3CAH         LINE#         397
  C:A3D7H         LINE#         399
  -------         ENDPROC       _MONIAUDIOLIVE
  -------         PROC          MONIREGISTERDUMP
  -------         DO            
  D:0057H         SYMBOL        addr
  D:0058H         SYMBOL        page
  -------         ENDDO         
  C:937AH         LINE#         406
  C:937AH         LINE#         407
  C:937AH         LINE#         411
  C:937DH         LINE#         412
  C:938CH         LINE#         413
  C:938FH         LINE#         414
  C:938FH         LINE#         415
  C:93A6H         LINE#         416
  C:93A8H         LINE#         417
  C:93B7H         LINE#         418
  C:93BBH         LINE#         419
  C:93C4H         LINE#         420
  -------         ENDPROC       MONIREGISTERDUMP
  -------         PROC          _MONIVIDEOMIXWIN
  D:0001H         SYMBOL        szParam
  -------         DO            
  D:0059H         SYMBOL        chose
  D:005AH         SYMBOL        wintp
  -------         ENDDO         
  C:9143H         LINE#         426
  C:9143H         LINE#         427
  C:9143H         LINE#         430
  C:9185H         LINE#         432
  C:9192H         LINE#         433
  -------         ENDPROC       _MONIVIDEOMIXWIN
  C:5ABFH         SYMBOL        L?0220
  C:5AC6H         SYMBOL        L?0223
  C:5ACDH         SYMBOL        L?0226
  C:5AD4H         SYMBOL        L?0234
  C:5ADBH         SYMBOL        L?0236
  C:5AE2H         SYMBOL        L?0239
  C:5AF3H         SYMBOL        L?0241
  C:5AFAH         SYMBOL        L?0254
  -------         PROC          _MONIVIDEOMIXATTR
  X:03BEH         SYMBOL        szParam
  -------         DO            
  D:0026H         SYMBOL        chose
  D:0028H         SYMBOL        attrsel
  D:0029H         SYMBOL        setval
  D:002AH         SYMBOL        winNm
  D:002EH         SYMBOL        wincnt
BL51 BANKED LINKER/LOCATER V6.22                                                      11/06/2015  11:37:23  PAGE 30


  D:002FH         SYMBOL        division
  X:03C1H         SYMBOL        getStr
  -------         ENDDO         
  C:58EAH         LINE#         443
  C:58F0H         LINE#         444
  C:58F0H         LINE#         447
  C:58F3H         LINE#         451
  C:5909H         LINE#         452
  C:5914H         LINE#         454
  C:591AH         LINE#         455
  C:5927H         LINE#         457
  C:5935H         LINE#         458
  C:5938H         LINE#         459
  C:5938H         LINE#         460
  C:5949H         LINE#         461
  C:594CH         LINE#         462
  C:594CH         LINE#         463
  C:595DH         LINE#         464
  C:5960H         LINE#         465
  C:5960H         LINE#         466
  C:5970H         LINE#         467
  C:5973H         LINE#         468
  C:5973H         LINE#         469
  C:5983H         LINE#         470
  C:5986H         LINE#         471
  C:5986H         LINE#         472
  C:5996H         LINE#         473
  C:5999H         LINE#         474
  C:5999H         LINE#         475
  C:59A9H         LINE#         476
  C:59ACH         LINE#         477
[...]
  C:8E35H         LINE#         2518
  C:8E35H         LINE#         2519
  C:8E35H         LINE#         2520
  C:8E35H         LINE#         2521
  C:8E35H         LINE#         2523
  -------         ENDPROC       _SETLINE
  -------         PROC          _GPIOSETPORTMODE
  D:0007H         SYMBOL        addr
  D:0005H         SYMBOL        port_io
  C:A5ACH         LINE#         2571
  C:A5ACH         LINE#         2572
  C:A5ACH         LINE#         2574
  -------         ENDPROC       _GPIOSETPORTMODE
  -------         PROC          _GPIOSETPORTSTATE
  D:0007H         SYMBOL        addr
  D:0005H         SYMBOL        port_state
  C:A5B5H         LINE#         2579
  C:A5B5H         LINE#         2580
  C:A5B5H         LINE#         2581
  -------         ENDPROC       _GPIOSETPORTSTATE
  -------         PROC          _GPIOGETPORTSTATE
  D:0007H         SYMBOL        addr
  C:A5F2H         LINE#         2584
  C:A5F2H         LINE#         2585
  C:A5F2H         LINE#         2590
  C:A5F7H         LINE#         2592
  -------         ENDPROC       _GPIOGETPORTSTATE
  -------         PROC          _FIFOAVAILABLEDATA
  D:0007H         SYMBOL        addr
  C:A5F8H         LINE#         2594
  C:A5F8H         LINE#         2595
  C:A5F8H         LINE#         2600
  C:A5FDH         LINE#         2601
  -------         ENDPROC       _FIFOAVAILABLEDATA
  -------         PROC          _FIFOAVAILABLESPACE
  D:0007H         SYMBOL        addr
  C:A5FEH         LINE#         2603
  C:A5FEH         LINE#         2604
  C:A5FEH         LINE#         2610
  C:A603H         LINE#         2612
  -------         ENDPROC       _FIFOAVAILABLESPACE
  -------         PROC          _ENABLETRANSMIT
  D:0001H         SYMBOL        addr
BL51 BANKED LINKER/LOCATER V6.22                                                      11/06/2015  11:37:23  PAGE 119


  X:040FH         SYMBOL        OnOff
  -------         DO            
  D:0006H         SYMBOL        temp_efcr
  -------         ENDDO         
  C:A283H         LINE#         2614
  C:A288H         LINE#         2615
  C:A288H         LINE#         2617
  C:A28BH         LINE#         2618
  C:A28EH         LINE#         2619
  C:A292H         LINE#         2620
  C:A294H         LINE#         2621
  C:A298H         LINE#         2622
  C:A298H         LINE#         2623
  -------         ENDPROC       _ENABLETRANSMIT
  -------         PROC          _FLUSH
  D:0001H         SYMBOL        addr
  -------         DO            
  D:0007H         SYMBOL        tmp_lsr
  -------         ENDDO         
  C:A569H         LINE#         2629
  C:A56BH         LINE#         2630
  C:A56BH         LINE#         2633
  C:A56BH         LINE#         2638
  C:A56DH         LINE#         2640
  C:A573H         LINE#         2643
  -------         ENDPROC       _FLUSH
  -------         PROC          _PING
  D:0001H         SYMBOL        addr
  C:A264H         LINE#         2646
  C:A266H         LINE#         2647
  C:A266H         LINE#         2649
  C:A268H         LINE#         2651
  C:A26FH         LINE#         2655
  C:A272H         LINE#         2656
  C:A272H         LINE#         2658
  C:A276H         LINE#         2660
  C:A27DH         LINE#         2664
  C:A280H         LINE#         2665
  C:A280H         LINE#         2671
  C:A282H         LINE#         2673
  -------         ENDPROC       _PING
  -------         PROC          _WRITEBYTE
  D:0007H         SYMBOL        addr
  D:0005H         SYMBOL        val
  C:A5BEH         LINE#         2678
  C:A5BEH         LINE#         2679
  C:A5BEH         LINE#         2701
  -------         ENDPROC       _WRITEBYTE
  -------         PROC          _READBYTE
  D:0007H         SYMBOL        addr
  -------         DO            
  X:0012H         SYMBOL        val
  -------         ENDDO         
  C:A53AH         LINE#         2707
  C:A53AH         LINE#         2708
  C:A53AH         LINE#         2711
  C:A544H         LINE#         2712
BL51 BANKED LINKER/LOCATER V6.22                                                      11/06/2015  11:37:23  PAGE 120


  C:A546H         LINE#         2738
  -------         ENDPROC       _READBYTE
  -------         PROC          _TW2835_GET
  X:03D0H         SYMBOL        page
  X:03D1H         SYMBOL        start
  X:03D2H         SYMBOL        count
  -------         DO            
  X:03D3H         SYMBOL        x
  X:03D4H         SYMBOL        loop
  X:03D5H         SYMBOL        step
  D:0006H         SYMBOL        val
  -------         ENDDO         
  C:83D1H         LINE#         2740
  C:83DCH         LINE#         2741
  C:83DCH         LINE#         2742
  C:83E3H         LINE#         2743
  C:83E4H         LINE#         2746
  C:83E5H         LINE#         2747
  C:83E5H         LINE#         2772
  C:83E6H         LINE#         2773
  C:83E6H         LINE#         2774
  C:83EAH         LINE#         2775
  C:83EAH         LINE#         2777
  C:841FH         LINE#         2778
  C:843BH         LINE#         2779
  C:8442H         LINE#         2780
  C:8445H         LINE#         2781
  C:8451H         LINE#         2782
  C:8460H         LINE#         2783
  -------         ENDPROC       _TW2835_GET
  -------         PROC          _PEEK
  X:0410H         SYMBOL        addr
  C:A574H         LINE#         2812
  C:A579H         LINE#         2813
  C:A579H         LINE#         2822
  C:A57DH         LINE#         2824
  -------         ENDPROC       _PEEK
  -------         PROC          _SET_INT
  X:0411H         SYMBOL        addr
  C:A35BH         LINE#         2827
  C:A360H         LINE#         2828
  C:A360H         LINE#         2831
  C:A362H         LINE#         2832
  C:A364H         LINE#         2833
  C:A366H         LINE#         2835
  C:A368H         LINE#         2836
  C:A36AH         LINE#         2837
  C:A36CH         LINE#         2839
  C:A36EH         LINE#         2840
  C:A370H         LINE#         2841
  C:A372H         LINE#         2842
  -------         ENDPROC       _SET_INT
  -------         PROC          MCTRL_SET
  C:A5C7H         LINE#         2845
  C:A5C7H         LINE#         2846
  C:A5C7H         LINE#         2849
  C:A5C9H         LINE#         2850
BL51 BANKED LINKER/LOCATER V6.22                                                      11/06/2015  11:37:23  PAGE 121


  C:A5CBH         LINE#         2851
  C:A5CDH         LINE#         2852
  C:A5CFH         LINE#         2853
  -------         ENDPROC       MCTRL_SET
  -------         ENDMOD        NED

  -------         MODULE        ?C?COPY
  C:2668H         PUBLIC        ?C?COPY
  -------         ENDMOD        ?C?COPY

  -------         MODULE        ?C?CLDPTR
  C:268EH         PUBLIC        ?C?CLDPTR
  -------         ENDMOD        ?C?CLDPTR

  -------         MODULE        ?C?CLDOPTR
  C:26A7H         PUBLIC        ?C?CLDOPTR
  -------         ENDMOD        ?C?CLDOPTR

  -------         MODULE        ?C?CSTPTR
  C:26D4H         PUBLIC        ?C?CSTPTR
  -------         ENDMOD        ?C?CSTPTR

  -------         MODULE        ?C?IMUL
  C:26E6H         PUBLIC        ?C?IMUL
  -------         ENDMOD        ?C?IMUL

  -------         MODULE        ?C?UIDIV
  C:26F8H         PUBLIC        ?C?UIDIV
  -------         ENDMOD        ?C?UIDIV

  -------         MODULE        ?C?IILDX
  C:274DH         PUBLIC        ?C?IILDX
  -------         ENDMOD        ?C?IILDX

  -------         MODULE        ?C?ILDIX
  C:2763H         PUBLIC        ?C?ILDIX
  -------         ENDMOD        ?C?ILDIX

  -------         MODULE        ?C?ILDPTR
  C:2779H         PUBLIC        ?C?ILDPTR
  -------         ENDMOD        ?C?ILDPTR

  -------         MODULE        ?C?IILDOPTR
  C:27A4H         PUBLIC        ?C?IILDOPTR
  -------         ENDMOD        ?C?IILDOPTR

  -------         MODULE        ?C?LMUL
  C:27F1H         PUBLIC        ?C?LMUL
  -------         ENDMOD        ?C?LMUL

  -------         MODULE        ?C?ULDIV
  C:287CH         PUBLIC        ?C?ULDIV
  -------         ENDMOD        ?C?ULDIV

  -------         MODULE        ?C?SLDIV
  C:9885H         PUBLIC        ?C?SLDIV
  -------         ENDMOD        ?C?SLDIV
BL51 BANKED LINKER/LOCATER V6.22                                                      11/06/2015  11:37:23  PAGE 122



  -------         MODULE        ?C?ULCMP
  C:290EH         PUBLIC        ?C?ULCMP
  -------         ENDMOD        ?C?ULCMP

  -------         MODULE        ?C?ULSHR
  C:291FH         PUBLIC        ?C?ULSHR
  -------         ENDMOD        ?C?ULSHR

  -------         MODULE        ?C?LSTXDATA
  C:2932H         PUBLIC        ?C?LSTXDATA
  -------         ENDMOD        ?C?LSTXDATA

  -------         MODULE        ?C?LSTKXDATA
  C:293EH         PUBLIC        ?C?LSTKXDATA
  -------         ENDMOD        ?C?LSTKXDATA

  -------         MODULE        ?C?PLDPTR
  C:296FH         PUBLIC        ?C?PLDPTR
  -------         ENDMOD        ?C?PLDPTR

  -------         MODULE        ?C?PSTPTR
  C:298FH         PUBLIC        ?C?PSTPTR
  -------         ENDMOD        ?C?PSTPTR

  -------         MODULE        ?C?CCASE
  C:29DEH         PUBLIC        ?C?CCASE
  -------         ENDMOD        ?C?CCASE

  -------         MODULE        ?C?ICASE
  C:2A04H         PUBLIC        ?C?ICASE
  -------         ENDMOD        ?C?ICASE

  -------         MODULE        PRINTF
  X:0337H         PUBLIC        ?_PRINTF517?BYTE
  X:0337H         PUBLIC        ?_PRINTF?BYTE
  X:0337H         PUBLIC        ?_SPRINTF517?BYTE
  X:0337H         PUBLIC        ?_SPRINTF?BYTE
  C:4819H         PUBLIC        _PRINTF
  C:4819H         PUBLIC        _PRINTF517
  C:4813H         PUBLIC        _SPRINTF
  C:4813H         PUBLIC        _SPRINTF517
  -------         ENDMOD        PRINTF

  -------         MODULE        PUTS
  C:A0ABH         PUBLIC        _PUTS
  -------         ENDMOD        PUTS

  -------         MODULE        SCANF
  X:01DDH         PUBLIC        ?_SCANF517?BYTE
  X:01DDH         PUBLIC        ?_SCANF?BYTE
  X:01DDH         PUBLIC        ?_SSCANF517?BYTE
  X:01DDH         PUBLIC        ?_SSCANF?BYTE
  C:4BA0H         PUBLIC        _SCANF
  C:4BA0H         PUBLIC        _SCANF517
  C:4B9CH         PUBLIC        _SSCANF
  C:4B9CH         PUBLIC        _SSCANF517
BL51 BANKED LINKER/LOCATER V6.22                                                      11/06/2015  11:37:23  PAGE 123


  -------         ENDMOD        SCANF

  -------         MODULE        ?C?STRCMP
  C:2BAFH         PUBLIC        ?C?STRCMP
  -------         ENDMOD        ?C?STRCMP

  -------         MODULE        STRLEN
  C:A3B5H         PUBLIC        _STRLEN
  -------         ENDMOD        STRLEN

  -------         MODULE        ATOI
  C:7D01H         PUBLIC        _atoi
  -------         ENDMOD        ATOI

  -------         MODULE        ?C?ISTPTR
  C:2BCCH         PUBLIC        ?C?ISTPTR
  -------         ENDMOD        ?C?ISTPTR

  -------         MODULE        ?C?LNEG
  C:2BEBH         PUBLIC        ?C?LNEG
  -------         ENDMOD        ?C?LNEG

  -------         MODULE        ?C?LSTPTR
  C:2BF9H         PUBLIC        ?C?LSTPTR
  -------         ENDMOD        ?C?LSTPTR

  -------         MODULE        ?C?PLDIDATA
  C:2C13H         PUBLIC        ?C?PLDIDATA
  -------         ENDMOD        ?C?PLDIDATA

  -------         MODULE        ?C?PSTIDATA
  C:2C1CH         PUBLIC        ?C?PSTIDATA
  -------         ENDMOD        ?C?PSTIDATA

  -------         MODULE        ?C?PLDXDATA
  C:2C25H         PUBLIC        ?C?PLDXDATA
  -------         ENDMOD        ?C?PLDXDATA

  -------         MODULE        ?C?PLDIXDATA
  C:2C2EH         PUBLIC        ?C?PLDIXDATA
  -------         ENDMOD        ?C?PLDIXDATA

  -------         MODULE        ?C?PILDXDATA
  C:2C45H         PUBLIC        ?C?PILDXDATA
  -------         ENDMOD        ?C?PILDXDATA

  -------         MODULE        ?C?PSTXDATA
  C:2C5CH         PUBLIC        ?C?PSTXDATA
  -------         ENDMOD        ?C?PSTXDATA

  -------         MODULE        ?C?PLDPDATA
  C:2C65H         PUBLIC        ?C?PLDPDATA
  -------         ENDMOD        ?C?PLDPDATA

  -------         MODULE        ?C?PSTPDATA
  C:2C6EH         PUBLIC        ?C?PSTPDATA
  -------         ENDMOD        ?C?PSTPDATA
BL51 BANKED LINKER/LOCATER V6.22                                                      11/06/2015  11:37:23  PAGE 124



  -------         MODULE        ?C?PLDCODE
  C:2C77H         PUBLIC        ?C?PLDCODE
  -------         ENDMOD        ?C?PLDCODE

  -------         MODULE        PUTCHAR
  C:A126H         PUBLIC        _PUTCHAR
  -------         ENDMOD        PUTCHAR

  -------         MODULE        GETCHAR
  B:0025H.2       PUBLIC        ?C?CHARLOADED
  X:0412H         PUBLIC        ?_UNGETCHAR?BYTE
  C:A406H         PUBLIC        GETCHAR
  -------         ENDMOD        GETCHAR

  -------         MODULE        UNGETC
  C:A5D8H         PUBLIC        _UNGETCHAR
  -------         ENDMOD        UNGETC

  -------         MODULE        ISDIGIT
  C:A504H         PUBLIC        _isdigit
  -------         ENDMOD        ISDIGIT

  -------         MODULE        ISSPACE
  C:A41AH         PUBLIC        _isspace
  -------         ENDMOD        ISSPACE

  -------         MODULE        ?C?LSTIDATA
  C:2C83H         PUBLIC        ?C?LSTIDATA
  -------         ENDMOD        ?C?LSTIDATA

  -------         MODULE        ?C?LSTPDATA
  C:2C8FH         PUBLIC        ?C?LSTPDATA
  -------         ENDMOD        ?C?LSTPDATA

  -------         MODULE        _GETKEY
  C:A57EH         PUBLIC        _GETKEY
  -------         ENDMOD        _GETKEY

*** WARNING L16: UNCALLED SEGMENT, IGNORED FOR OVERLAY PROCESS
    SEGMENT: ?PR?_MONIREADPAGEBUFFER?COMMANDSHELL

*** WARNING L16: UNCALLED SEGMENT, IGNORED FOR OVERLAY PROCESS
    SEGMENT: ?PR?_MONIREADONEBUFFER?COMMANDSHELL

*** WARNING L16: UNCALLED SEGMENT, IGNORED FOR OVERLAY PROCESS
    SEGMENT: ?PR?_MONIWRITEONEBUFFER?COMMANDSHELL

*** WARNING L16: UNCALLED SEGMENT, IGNORED FOR OVERLAY PROCESS
    SEGMENT: ?PR?_MONIREADASICBYTE?COMMANDSHELL

*** WARNING L16: UNCALLED SEGMENT, IGNORED FOR OVERLAY PROCESS
    SEGMENT: ?PR?_MONIAUDIOMIXING?COMMANDSHELL

*** WARNING L16: UNCALLED SEGMENT, IGNORED FOR OVERLAY PROCESS
    SEGMENT: ?PR?MONIAUDIOMUTE?COMMANDSHELL

BL51 BANKED LINKER/LOCATER V6.22                                                      11/06/2015  11:37:23  PAGE 125


*** WARNING L16: UNCALLED SEGMENT, IGNORED FOR OVERLAY PROCESS
    SEGMENT: ?PR?_MONIAUDIOGAIN?COMMANDSHELL

*** WARNING L16: UNCALLED SEGMENT, IGNORED FOR OVERLAY PROCESS
    SEGMENT: ?PR?_MONIAUDIOLIVE?COMMANDSHELL

*** WARNING L16: UNCALLED SEGMENT, IGNORED FOR OVERLAY PROCESS
    SEGMENT: ?PR?MONIREGISTERDUMP?COMMANDSHELL

*** WARNING L16: UNCALLED SEGMENT, IGNORED FOR OVERLAY PROCESS
    SEGMENT: ?PR?_MONIVIDEOMIXWIN?COMMANDSHELL

*** WARNING L16: UNCALLED SEGMENT, IGNORED FOR OVERLAY PROCESS
    SEGMENT: ?PR?_MONIVIDEOMIXATTR?COMMANDSHELL

*** WARNING L16: UNCALLED SEGMENT, IGNORED FOR OVERLAY PROCESS
    SEGMENT: ?PR?MONIVIDEOAUTODETECT?COMMANDSHELL

*** WARNING L16: UNCALLED SEGMENT, IGNORED FOR OVERLAY PROCESS
    SEGMENT: ?PR?_MONISETVIDEOFORMAT?COMMANDSHELL

*** WARNING L16: UNCALLED SEGMENT, IGNORED FOR OVERLAY PROCESS
    SEGMENT: ?PR?_MONISHOWSODSTR?COMMANDSHELL

*** WARNING L16: UNCALLED SEGMENT, IGNORED FOR OVERLAY PROCESS
    SEGMENT: ?PR?PCT_AUDIOACTIONFORHS?COMMANDSHELL

*** WARNING L16: UNCALLED SEGMENT, IGNORED FOR OVERLAY PROCESS
    SEGMENT: ?PR?MONIHSCOMMDISSCROLL?COMMANDSHELL

*** WARNING L16: UNCALLED SEGMENT, IGNORED FOR OVERLAY PROCESS
    SEGMENT: ?PR?MONIHSCOMMVERSION?COMMANDSHELL

*** WARNING L16: UNCALLED SEGMENT, IGNORED FOR OVERLAY PROCESS
    SEGMENT: ?PR?NEWLINE?MAIN

*** WARNING L16: UNCALLED SEGMENT, IGNORED FOR OVERLAY PROCESS
    SEGMENT: ?PR?_PUTSP?MAIN

*** WARNING L16: UNCALLED SEGMENT, IGNORED FOR OVERLAY PROCESS
    SEGMENT: ?PR?_CHKSTARTCOMMSHELL?MAIN

*** WARNING L16: UNCALLED SEGMENT, IGNORED FOR OVERLAY PROCESS
    SEGMENT: ?PR?_PCT_SHOWSPEAKICON?OSDACTION_

*** WARNING L16: UNCALLED SEGMENT, IGNORED FOR OVERLAY PROCESS
    SEGMENT: ?PR?PCT_SHOWVLOSS?OSDACTION_

*** WARNING L16: UNCALLED SEGMENT, IGNORED FOR OVERLAY PROCESS
    SEGMENT: ?PR?PCT_AUDIOREGLIST?TW28XX_AUDIO

*** WARNING L16: UNCALLED SEGMENT, IGNORED FOR OVERLAY PROCESS
    SEGMENT: ?PR?PCT_VIDEOLASTMODIFY?TW28XX_VIDEO

*** WARNING L16: UNCALLED SEGMENT, IGNORED FOR OVERLAY PROCESS
    SEGMENT: ?PR?_PCT_WINATTRCLEAR?TW28XX_VIDEO

BL51 BANKED LINKER/LOCATER V6.22                                                      11/06/2015  11:37:23  PAGE 126


*** WARNING L16: UNCALLED SEGMENT, IGNORED FOR OVERLAY PROCESS
    SEGMENT: ?PR?I2C_100KHZ?NED

*** WARNING L16: UNCALLED SEGMENT, IGNORED FOR OVERLAY PROCESS
    SEGMENT: ?PR?I2CSTART2?NED

*** WARNING L16: UNCALLED SEGMENT, IGNORED FOR OVERLAY PROCESS
    SEGMENT: ?PR?I2CSTOP2?NED

*** WARNING L16: UNCALLED SEGMENT, IGNORED FOR OVERLAY PROCESS
    SEGMENT: ?PR?_I2CWRITEDATA2?NED

*** WARNING L16: UNCALLED SEGMENT, IGNORED FOR OVERLAY PROCESS
    SEGMENT: ?PR?I2CREADDATA2?NED

*** WARNING L16: UNCALLED SEGMENT, IGNORED FOR OVERLAY PROCESS
    SEGMENT: ?PR?I2CREADDATAWITHACK2?NED

*** WARNING L16: UNCALLED SEGMENT, IGNORED FOR OVERLAY PROCESS
    SEGMENT: ?PR?_READI2C2?NED

*** WARNING L16: UNCALLED SEGMENT, IGNORED FOR OVERLAY PROCESS
    SEGMENT: ?PR?I2C_ACK?NED

*** WARNING L16: UNCALLED SEGMENT, IGNORED FOR OVERLAY PROCESS
    SEGMENT: ?PR?I2C_ACK2?NED

*** WARNING L16: UNCALLED SEGMENT, IGNORED FOR OVERLAY PROCESS
    SEGMENT: ?PR?_SET_CHANNEL?NED

*** WARNING L16: UNCALLED SEGMENT, IGNORED FOR OVERLAY PROCESS
    SEGMENT: ?PR?SEND_CAMERA_VER?NED

*** WARNING L16: UNCALLED SEGMENT, IGNORED FOR OVERLAY PROCESS
    SEGMENT: ?PR?_GET_CAMERA_IRD?NED

*** WARNING L16: UNCALLED SEGMENT, IGNORED FOR OVERLAY PROCESS
    SEGMENT: ?PR?GET_DVR_VER?NED

*** WARNING L16: UNCALLED SEGMENT, IGNORED FOR OVERLAY PROCESS
    SEGMENT: ?PR?SENT_DVR_VER?NED

*** WARNING L16: UNCALLED SEGMENT, IGNORED FOR OVERLAY PROCESS
    SEGMENT: ?PR?GET_DVR_YEAR?NED

*** WARNING L16: UNCALLED SEGMENT, IGNORED FOR OVERLAY PROCESS
    SEGMENT: ?PR?SENT_DVR_YEAR?NED

*** WARNING L16: UNCALLED SEGMENT, IGNORED FOR OVERLAY PROCESS
    SEGMENT: ?PR?GET_DVR_MD?NED

*** WARNING L16: UNCALLED SEGMENT, IGNORED FOR OVERLAY PROCESS
    SEGMENT: ?PR?SENT_DVR_MDR?NED

*** WARNING L16: UNCALLED SEGMENT, IGNORED FOR OVERLAY PROCESS
    SEGMENT: ?PR?GET_DVR_HS?NED

BL51 BANKED LINKER/LOCATER V6.22                                                      11/06/2015  11:37:23  PAGE 127


*** WARNING L16: UNCALLED SEGMENT, IGNORED FOR OVERLAY PROCESS
    SEGMENT: ?PR?SENT_DVR_HS?NED

*** WARNING L16: UNCALLED SEGMENT, IGNORED FOR OVERLAY PROCESS
    SEGMENT: ?PR?_COMMAND_CHECK?NED

*** WARNING L16: UNCALLED SEGMENT, IGNORED FOR OVERLAY PROCESS
    SEGMENT: ?PR?_CHECK_STARTUP?NED

*** WARNING L16: UNCALLED SEGMENT, IGNORED FOR OVERLAY PROCESS
    SEGMENT: ?PR?_GET_DATA?NED

*** WARNING L16: UNCALLED SEGMENT, IGNORED FOR OVERLAY PROCESS
    SEGMENT: ?PR?_PARITY?NED

*** WARNING L16: UNCALLED SEGMENT, IGNORED FOR OVERLAY PROCESS
    SEGMENT: ?PR?ADT75_INIT?NED

*** WARNING L16: UNCALLED SEGMENT, IGNORED FOR OVERLAY PROCESS
    SEGMENT: ?PR?_FIFOAVAILABLEDATA?NED

*** WARNING L16: UNCALLED SEGMENT, IGNORED FOR OVERLAY PROCESS
    SEGMENT: ?PR?_FIFOAVAILABLESPACE?NED

*** WARNING L16: UNCALLED SEGMENT, IGNORED FOR OVERLAY PROCESS
    SEGMENT: ?PR?_ENABLETRANSMIT?NED

*** WARNING L16: UNCALLED SEGMENT, IGNORED FOR OVERLAY PROCESS
    SEGMENT: ?PR?_FLUSH?NED

*** WARNING L16: UNCALLED SEGMENT, IGNORED FOR OVERLAY PROCESS
    SEGMENT: ?PR?_PING?NED

*** WARNING L16: UNCALLED SEGMENT, IGNORED FOR OVERLAY PROCESS
    SEGMENT: ?PR?_TW2835_GET?NED

*** WARNING L16: UNCALLED SEGMENT, IGNORED FOR OVERLAY PROCESS
    SEGMENT: ?PR?_PEEK?NED

*** WARNING L16: UNCALLED SEGMENT, IGNORED FOR OVERLAY PROCESS
    SEGMENT: ?PR?_SET_INT?NED

Program Size: data=104.3 xdata=1043 code=42510
LINK/LOCATE RUN COMPLETE.  58 WARNING(S),  0 ERROR(S)
