BL51 BANKED LINKER/LOCATER V6.22                                                        02/19/2019  11:34:33  PAGE 1


BL51 BANKED LINKER/LOCATER V6.22, INVOKED BY:
C:\KEIL\C51\BIN\BL51.EXE .\OBJ\STARTUP.obj, .\OBJ\UART.obj, .\OBJ\BusCtrl.obj, .\OBJ\CommandShell.obj, .\OBJ\Main.obj, .
>> \OBJ\OSD_Graph.obj, .\OBJ\OSDAction .obj, .\OBJ\OSDCtrl.obj, .\OBJ\Timer.obj, .\OBJ\TW28xx_Audio.obj, .\OBJ\TW28xx_Vi
>> deo.obj, .\OBJ\TW2835_Init.obj, .\OBJ\NED.obj TO .\OBJ\NED_5MCMOS_v0_a_d_XXXX_20190219 PRINT (.\OBJ\NED_5MCMOS_v0_a_d
>> _XXXX_20190219.m51) RAMSIZE (256)


MEMORY MODEL: LARGE WITH FLOATING POINT ARITHMETIC


INPUT MODULES INCLUDED:
  .\OBJ\STARTUP.obj (?C_STARTUP)
  .\OBJ\UART.obj (UART)
  .\OBJ\BusCtrl.obj (BUSCTRL)
  .\OBJ\CommandShell.obj (COMMANDSHELL)
  .\OBJ\Main.obj (MAIN)
  .\OBJ\OSD_Graph.obj (OSD_GRAPH)
  .\OBJ\OSDAction .obj (OSDACTION_)
  .\OBJ\OSDCtrl.obj (OSDCTRL)
  .\OBJ\Timer.obj (TIMER)
  .\OBJ\TW28xx_Audio.obj (TW28XX_AUDIO)
  .\OBJ\TW28xx_Video.obj (TW28XX_VIDEO)
  .\OBJ\TW2835_Init.obj (TW2835_INIT)
  .\OBJ\NED.obj (NED)
  C:\KEIL\C51\LIB\C51FPL.LIB (?C?FPADD)
  C:\KEIL\C51\LIB\C51FPL.LIB (?C?FPMUL)
  C:\KEIL\C51\LIB\C51FPL.LIB (?C?FPDIV)
  C:\KEIL\C51\LIB\C51FPL.LIB (?C?FCAST)
  C:\KEIL\C51\LIB\C51FPL.LIB (?C?CASTF)
  C:\KEIL\C51\LIB\C51FPL.LIB (SCANF)
  C:\KEIL\C51\LIB\C51FPL.LIB (?C?FPGETOPN)
  C:\KEIL\C51\LIB\C51FPL.LIB (?C?ATOF)
  C:\KEIL\C51\LIB\C51FPL.LIB (?C?FPNEG)
  C:\KEIL\C51\LIB\C51FPL.LIB (?C?FTNPWR)
  C:\KEIL\C51\LIB\C51L.LIB (?C_INIT)
  C:\KEIL\C51\LIB\C51L.LIB (?C?COPY)
  C:\KEIL\C51\LIB\C51L.LIB (?C?CLDPTR)
  C:\KEIL\C51\LIB\C51L.LIB (?C?CLDOPTR)
  C:\KEIL\C51\LIB\C51L.LIB (?C?CSTPTR)
  C:\KEIL\C51\LIB\C51L.LIB (?C?IMUL)
  C:\KEIL\C51\LIB\C51L.LIB (?C?UIDIV)
  C:\KEIL\C51\LIB\C51L.LIB (?C?IILDX)
  C:\KEIL\C51\LIB\C51L.LIB (?C?ILDIX)
  C:\KEIL\C51\LIB\C51L.LIB (?C?ILDPTR)
  C:\KEIL\C51\LIB\C51L.LIB (?C?IILDOPTR)
  C:\KEIL\C51\LIB\C51L.LIB (?C?ISTPTR)
  C:\KEIL\C51\LIB\C51L.LIB (?C?LMUL)
  C:\KEIL\C51\LIB\C51L.LIB (?C?ULDIV)
  C:\KEIL\C51\LIB\C51L.LIB (?C?SLDIV)
  C:\KEIL\C51\LIB\C51L.LIB (?C?LNEG)
  C:\KEIL\C51\LIB\C51L.LIB (?C?ULCMP)
  C:\KEIL\C51\LIB\C51L.LIB (?C?ULSHR)
  C:\KEIL\C51\LIB\C51L.LIB (?C?LSTPTR)
  C:\KEIL\C51\LIB\C51L.LIB (?C?LSTXDATA)
  C:\KEIL\C51\LIB\C51L.LIB (?C?LSTKXDATA)
  C:\KEIL\C51\LIB\C51L.LIB (?C?PLDXDATA)
  C:\KEIL\C51\LIB\C51L.LIB (?C?PLDIXDATA)
  C:\KEIL\C51\LIB\C51L.LIB (?C?PILDXDATA)
BL51 BANKED LINKER/LOCATER V6.22                                                      02/19/2019  11:34:33  PAGE 2


  C:\KEIL\C51\LIB\C51L.LIB (?C?PSTXDATA)
  C:\KEIL\C51\LIB\C51L.LIB (?C?PLDPTR)
  C:\KEIL\C51\LIB\C51L.LIB (?C?PSTPTR)
  C:\KEIL\C51\LIB\C51L.LIB (?C?CCASE)
  C:\KEIL\C51\LIB\C51L.LIB (GETCHAR)
  C:\KEIL\C51\LIB\C51L.LIB (UNGETC)
  C:\KEIL\C51\LIB\C51L.LIB (ISSPACE)
  C:\KEIL\C51\LIB\C51L.LIB (STRLEN)
  C:\KEIL\C51\LIB\C51L.LIB (ATOI)
  C:\KEIL\C51\LIB\C51L.LIB (?C?LSTIDATA)
  C:\KEIL\C51\LIB\C51L.LIB (?C?LSTPDATA)
  C:\KEIL\C51\LIB\C51L.LIB (?C?PLDIDATA)
  C:\KEIL\C51\LIB\C51L.LIB (?C?PSTIDATA)
  C:\KEIL\C51\LIB\C51L.LIB (?C?PLDPDATA)
  C:\KEIL\C51\LIB\C51L.LIB (?C?PSTPDATA)
  C:\KEIL\C51\LIB\C51L.LIB (?C?PLDCODE)
  C:\KEIL\C51\LIB\C51L.LIB (PUTCHAR)
  C:\KEIL\C51\LIB\C51L.LIB (_GETKEY)
  C:\KEIL\C51\LIB\C51L.LIB (ISDIGIT)


LINK MAP OF MODULE:  .\OBJ\NED_5MCMOS_v0_a_d_XXXX_20190219 (?C_STARTUP)


            TYPE    BASE      LENGTH    RELOCATION   SEGMENT NAME
            -----------------------------------------------------

            * * * * * * *   D A T A   M E M O R Y   * * * * * * *
            REG     0000H     0008H     ABSOLUTE     "REG BANK 0"
            DATA    0008H     000FH     UNIT         _DATA_GROUP_
            DATA    0017H     0002H     UNIT         ?DT?OSDCTRL
                    0019H     0007H                  *** GAP ***
            DATA    0020H     0001H     BIT_ADDR     ?BA?MAIN
            DATA    0021H     0001H     BIT_ADDR     ?BA?OSDACTION_
            DATA    0022H     0001H     BIT_ADDR     ?BA?OSDCTRL
            BIT     0023H.0   0001H.3   UNIT         _BIT_GROUP_
            BIT     0024H.3   0000H.2   UNIT         ?BI?MAIN
            BIT     0024H.5   0000H.1   UNIT         ?BI?GETCHAR
                    0024H.6   0000H.2                *** GAP ***
            DATA    0025H     000CH     UNIT         ?DT?TIMER
            IDATA   0031H     0001H     UNIT         ?STACK

            * * * * * * *  X D A T A   M E M O R Y  * * * * * * *
            XDATA   0000H     0211H     UNIT         _XDATA_GROUP_
            XDATA   0211H     0083H     UNIT         ?XD?NED
            XDATA   0294H     0066H     UNIT         ?XD?UART
            XDATA   02FAH     0045H     UNIT         ?XD?MAIN
            XDATA   033FH     001DH     UNIT         ?XD?COMMANDSHELL
            XDATA   035CH     0001H     UNIT         ?XD?OSD_GRAPH
            XDATA   035DH     0001H     UNIT         ?XD?OSDACTION_
            XDATA   035EH     0001H     UNIT         ?XD?GETCHAR

            * * * * * * *   C O D E   M E M O R Y   * * * * * * *
            CODE    0000H     0003H     ABSOLUTE     
            CODE    0003H     0008H     UNIT         ?PR?_RS_TX?UART
            CODE    000BH     0003H     ABSOLUTE     
            CODE    000EH     0015H     UNIT         ?PR?_RESETDEVICE?NED
BL51 BANKED LINKER/LOCATER V6.22                                                      02/19/2019  11:34:33  PAGE 3


            CODE    0023H     0003H     ABSOLUTE     
            CODE    0026H     0003H     UNIT         ?PR?_PCT_PRESETFOREGROUNDCOLOR?OSDCTRL
            CODE    0029H     0001H     UNIT         ?PR?PTC_SWITCHTOI2CMODE?BUSCTRL
            CODE    002AH     0001H     UNIT         ?PR?PCT_SENDACK?COMMANDSHELL
            CODE    002BH     0003H     ABSOLUTE     
            CODE    002EH     16CAH     UNIT         ?CO?OSD_GRAPH
            CODE    16F8H     0EA0H     UNIT         ?CO?OSDCTRL
            CODE    2598H     0919H     UNIT         ?C?LIB_CODE
            CODE    2EB1H     0485H     UNIT         ?PR?_PCT_SHOWMIRRORICON?OSDACTION_
            CODE    3336H     0459H     UNIT         ?CO?TW28XX_VIDEO
            CODE    378FH     0400H     UNIT         ?CO?TW2835_INIT
            CODE    3B8FH     0385H     UNIT         ?PR?_MONITOR_SET?MAIN
            CODE    3F14H     036EH     UNIT         ?PR?_PCT_OSD_ACTIONPTHX?OSDACTION_
            CODE    4282H     035AH     UNIT         ?PR?SCANF?SCANF
            CODE    45DCH     02F8H     UNIT         ?PR?_PCT_SETVIDEOHDELAY?TW28XX_VIDEO
            CODE    48D4H     01EDH     UNIT         ?PR?_SC16_SENDDATASELECT?NED
            CODE    4AC1H     01E4H     UNIT         ?PR?_SC16_BCC_CHECK?NED
            CODE    4CA5H     01D3H     UNIT         ?CO?MAIN
            CODE    4E78H     01A3H     UNIT         ?PR?_PCT_SETXVIDEOMIXING?TW28XX_VIDEO
            CODE    501BH     01A2H     UNIT         ?PR?_PCT_OSD16X16GRAPHX?OSD_GRAPH
            CODE    51BDH     017CH     UNIT         ?PR?_PCT_WRITEOSDDATABUFFERX?OSDCTRL
            CODE    5339H     017BH     UNIT         ?PR?MAIN?MAIN
            CODE    54B4H     016AH     UNIT         ?PR?OSDCTRL
            CODE    561EH     0167H     UNIT         ?C_INITSEG
            CODE    5785H     0160H     UNIT         ?PR?_PCT_SHOWINDICATEICON?OSDACTION_
            CODE    58E5H     0156H     UNIT         ?PR?_MONIHSCOMM?COMMANDSHELL
            CODE    5A3BH     0141H     UNIT         ?PR?_PCT_RECOMPENSEYHDELAY?TW28XX_VIDEO
            CODE    5B7CH     013AH     UNIT         ?PR?PCT_INITOSDCOLOR?OSDCTRL
            CODE    5CB6H     0124H     UNIT         ?PR?_PCT_WRITEOSDFNTX?OSDCTRL
            CODE    5DDAH     0124H     UNIT         ?PR?_PCT_WRITEOSDDATABUFFERY?OSDCTRL
            CODE    5EFEH     0108H     UNIT         ?PR?TW28XX_VIDEO
            CODE    6006H     0107H     UNIT         ?PR?_PCT_RUNCOMMSHELL?COMMANDSHELL
            CODE    610DH     00FBH     UNIT         ?PR?CAMERA_MOVE?NED
            CODE    6208H     00F2H     UNIT         ?PR?_PCT_WRITEOSDFNTY?OSDCTRL
            CODE    62FAH     00ECH     UNIT         ?PR?PRESS_CHECK?MAIN
            CODE    63E6H     00E6H     UNIT         ?PR??C?ATOF??C?ATOF
            CODE    64CCH     00DDH     UNIT         ?PR?TIMER2_INTERRUPT?TIMER
            CODE    65A9H     00DBH     UNIT         ?PR?_ATOI?ATOI
            CODE    6684H     00D7H     UNIT         ?PR?COMMANDSHELL?MAIN
            CODE    675BH     00CFH     UNIT         ?PR?NED
            CODE    682AH     00CEH     UNIT         ?PR?_SET_PWM_OUTPUT?MAIN
            CODE    68F8H     00C3H     UNIT         ?PR?MAIN
            CODE    69BBH     00C1H     UNIT         ?PR?CHECK_OTHER_COM?NED
            CODE    6A7CH     00B8H     UNIT         ?PR?_SETBAUDRATE?NED
            CODE    6B34H     00B6H     UNIT         ?PR?_PCT_CLEARWORDSPATHX?OSDCTRL
            CODE    6BEAH     00B0H     UNIT         ?PR?_SC16_COMCHECK?NED
            CODE    6C9AH     00AAH     UNIT         ?PR?_PCT_FULLCOLORONOSD?OSDCTRL
            CODE    6D44H     0099H     UNIT         ?PR?_PCT_SETCHANELSCALE?TW28XX_VIDEO
            CODE    6DDDH     008CH     UNIT         ?C_C51STARTUP
            CODE    6E69H     008CH     UNIT         ?PR?_PCT_READASICBYTE?BUSCTRL
            CODE    6EF5H     0082H     UNIT         ?PR?COMMANDSHELL
            CODE    6F77H     0081H     UNIT         ?PR?_PCT_WRITEASICTABLE?BUSCTRL
            CODE    6FF8H     0080H     UNIT         ?PR?SC16_INIT?NED
            CODE    7078H     0079H     UNIT         ?PR?_I2CWRITEDATA?NED
            CODE    70F1H     0073H     UNIT         ?PR?_BOUND_SET?NED
            CODE    7164H     0072H     UNIT         ?CO?COMMANDSHELL
            CODE    71D6H     0070H     UNIT         ?PR?_PCT_GETFIRSTSTR?COMMANDSHELL
BL51 BANKED LINKER/LOCATER V6.22                                                      02/19/2019  11:34:33  PAGE 4


            CODE    7246H     006DH     UNIT         ?PR?OSDACTION_
            CODE    72B3H     0069H     UNIT         ?PR?PCT_CHECKSYSTEM?COMMANDSHELL
            CODE    731CH     0067H     UNIT         ?PR?PCT_TW2835_INITIAL?TW2835_INIT
            CODE    7383H     0065H     UNIT         ?PR?_MONISHOWSODSTR?COMMANDSHELL
            CODE    73E8H     0064H     UNIT         ?PR?_PCT_WRITEASICBYTE?BUSCTRL
            CODE    744CH     0064H     UNIT         ?PR?_PCT_CHANGESYSTEMTYPE?TW2835_INIT
            CODE    74B0H     0064H     UNIT         ?PR?_SETLINE?NED
            CODE    7514H     0063H     UNIT         ?PR?GPIO_CHECK?NED
            CODE    7577H     0061H     UNIT         ?PR?CAMERA_VERSION_CHECK?MAIN
            CODE    75D8H     0061H     UNIT         ?PR?_PCT_SHOWGRAPHSTRING?OSD_GRAPH
            CODE    7639H     005EH     UNIT         ?PR?_PCT_SHOWOSDSTRING?OSDCTRL
            CODE    7697H     005AH     UNIT         ?PR?TEMP_CHECK?MAIN
            CODE    76F1H     0059H     UNIT         ?PR?_PCT_SETOSDCOLOR?OSDCTRL
            CODE    774AH     0055H     UNIT         ?PR?VERSION_CHECK?MAIN
            CODE    779FH     0052H     UNIT         ?PR?_PCT_WRITESTABLE?BUSCTRL
            CODE    77F1H     0050H     UNIT         ?PR?_WAIT_MS?MAIN
            CODE    7841H     004DH     UNIT         ?PR?_MONIWRITEASICBYTE?COMMANDSHELL
            CODE    788EH     004CH     UNIT         ?PR?PCT_INITIALOSD?OSDACTION_
            CODE    78DAH     004BH     UNIT         ?PR?_PCT_DETECTVIDEOFORMAT?TW28XX_VIDEO
            CODE    7925H     004BH     UNIT         ?PR?SENT_CAMERA_ANG?NED
            CODE    7970H     004BH     UNIT         ?PR?SENT_CAMERA_RANG?NED
            CODE    79BBH     004AH     UNIT         ?PR?INITIALMPU?MAIN
            CODE    7A05H     004AH     UNIT         ?PR?SEND_CAMERA_PRESS?NED
            CODE    7A4FH     004AH     UNIT         ?PR?_SET_CAMERA_SPEED?NED
            CODE    7A99H     0048H     UNIT         ?PR?_PCT_CHECKVMIXTYPE?COMMANDSHELL
            CODE    7AE1H     0048H     UNIT         ?PR?_SET_VIDEO?NED
            CODE    7B29H     0047H     UNIT         ?PR?PCT_GETVIDEOSIGNALSTATUS?OSDACTION_
            CODE    7B70H     0046H     UNIT         ?PR?PCT_SHOWMODEICON?OSDACTION_
            CODE    7BB6H     0044H     UNIT         ?C?LDIV
            CODE    7BFAH     0040H     UNIT         ?PR?_PCT_WINATTRCTRLY?TW28XX_VIDEO
            CODE    7C3AH     0040H     UNIT         ?PR?_READI2CWORD?NED
            CODE    7C7AH     003FH     UNIT         ?PR?SENT_DVR_TEMP?NED
            CODE    7CB9H     003DH     UNIT         ?PR?_PCT_STRTOCOMMCODE?COMMANDSHELL
            CODE    7CF6H     003CH     UNIT         ?PR?BUSCTRL
            CODE    7D32H     003CH     UNIT         ?PR?_SC16_SENDDATA?NED
            CODE    7D6EH     003BH     UNIT         ?PR?_SC16_DATA_RESET?NED
            CODE    7DA9H     003AH     UNIT         ?PR?_PCT_WINATTRCTRL?TW28XX_VIDEO
            CODE    7DE3H     0038H     UNIT         ?PR?OSD_GRAPH
            CODE    7E1BH     0036H     UNIT         ?PR?_PCT_ENSHOWOSDPAGE?OSDCTRL
            CODE    7E51H     0036H     UNIT         ?PR?SEND_CAMERA_TEMP?NED
            CODE    7E87H     0034H     UNIT         ?PR?_PCT_DISSHOWOSDPAGE?OSDCTRL
            CODE    7EBBH     0032H     UNIT         ?PR?REPEAT_PWM_COM?NED
            CODE    7EEDH     0032H     UNIT         ?PR?SC16_DATACHECK?NED
            CODE    7F1FH     002DH     UNIT         ?PR?RS_INTERRUPT?UART
            CODE    7F4CH     002DH     UNIT         ?PR?_PWM_SET?MAIN
            CODE    7F79H     002CH     UNIT         ?PR?GET_CAMERA_VER?NED
            CODE    7FA5H     002CH     UNIT         ?PR?GET_CAMERA_ANG?NED
            CODE    7FD1H     002CH     UNIT         ?PR?GET_CAMERA_RANG?NED
            CODE    7FFDH     002CH     UNIT         ?PR?GET_DVR_TEMP?NED
            CODE    8029H     002AH     UNIT         ?PR?_BCC_CAL?NED
            CODE    8053H     0029H     UNIT         ?PR?I2CREADDATAWITHACK?NED
            CODE    807CH     0027H     UNIT         ?PR?PUTCHAR?PUTCHAR
            CODE    80A3H     0026H     UNIT         ?PR?RESETCOMMSELL?MAIN
            CODE    80C9H     0026H     UNIT         ?PR?PCT_OSDACTIONFORHS?OSDACTION_
            CODE    80EFH     0023H     UNIT         ?PR?I2CREADDATA?NED
            CODE    8112H     0020H     UNIT         ?CO?OSDACTION_
            CODE    8132H     0020H     UNIT         ?PR?_ADC_READ?NED
BL51 BANKED LINKER/LOCATER V6.22                                                      02/19/2019  11:34:33  PAGE 5


            CODE    8152H     001FH     UNIT         ?PR?_PCT_SETOSDDRAWPAGE?OSDCTRL
            CODE    8171H     001DH     UNIT         ?PR?INITIALTIMER2?TIMER
            CODE    818EH     001AH     UNIT         ?PR?_MONIYVIDEOMIX?COMMANDSHELL
            CODE    81A8H     001AH     UNIT         ?PR?_PCT_CLEAROSDPAGEX?OSDCTRL
            CODE    81C2H     0019H     UNIT         ?PR?RS_RX?UART
            CODE    81DBH     0019H     UNIT         ?PR?TW2835_INIT
            CODE    81F4H     0016H     UNIT         ?PR?INITIALUART?UART
            CODE    820AH     0016H     UNIT         ?PR?_MONIHSCOMMSJMODE?COMMANDSHELL
            CODE    8220H     0015H     UNIT         ?PR?_STRLEN?STRLEN
            CODE    8235H     0014H     UNIT         ?PR?_PCT_SETYVIDEOMIXING?TW28XX_VIDEO
            CODE    8249H     0014H     UNIT         ?PR?GETCHAR?GETCHAR
            CODE    825DH     0014H     UNIT         ?PR?_ISSPACE?ISSPACE
            CODE    8271H     0013H     UNIT         ?PR?PCT_TW2835RESETN?TW2835_INIT
            CODE    8284H     0012H     UNIT         ?PR?PCT_INITIALTW2835?TW2835_INIT
            CODE    8296H     0012H     UNIT         ?PR?I2CSTART?NED
            CODE    82A8H     0012H     UNIT         ?PR?_WRITEI2C?NED
            CODE    82BAH     0010H     UNIT         ?PR?RS_RXREADY?UART
            CODE    82CAH     0010H     UNIT         ?PR?_POWER_ONOFF?NED
            CODE    82DAH     000FH     UNIT         ?PR?PWM_INIT?MAIN
            CODE    82E9H     000FH     UNIT         ?PR?_READI2C?NED
            CODE    82F8H     000FH     UNIT         ?PR?_SENT_CAMERA_IRD?NED
            CODE    8307H     000FH     UNIT         ?CO?NED
            CODE    8316H     000FH     UNIT         ?PR?_ISDIGIT?ISDIGIT
            CODE    8325H     000DH     UNIT         ?PR?TIMER0_INTERRUPT?TIMER
            CODE    8332H     000DH     UNIT         ?PR?I2CSTOP?NED
            CODE    833FH     000CH     UNIT         ?PR?INITIALCOMMSHELL?MAIN
            CODE    834BH     000BH     UNIT         ?PR?UART
            CODE    8356H     000AH     UNIT         ?PR?_GETKEY?_GETKEY
            CODE    8360H     0009H     UNIT         ?PR?_PCT_FLASHOSDCTRL?MAIN
            CODE    8369H     0009H     UNIT         ?PR?INITIALTIMER0?TIMER
            CODE    8372H     0009H     UNIT         ?PR?_GPIOSETPORTMODE?NED
            CODE    837BH     0009H     UNIT         ?PR?_GPIOSETPORTSTATE?NED
            CODE    8384H     0009H     UNIT         ?PR?_WRITEBYTE?NED
            CODE    838DH     0009H     UNIT         ?PR?MCTRL_SET?NED
            CODE    8396H     0008H     UNIT         ?PR?PCT_ENFALSHVLOSS?OSDACTION_
            CODE    839EH     0008H     UNIT         ?PR?GETCHAR?UNGETCHAR
            CODE    83A6H     0006H     UNIT         ?PR?PCT_CLEARGRAPHATTR?OSD_GRAPH
            CODE    83ACH     0006H     UNIT         ?PR?_PCT_PRESETGRAPHATTR?OSD_GRAPH
            CODE    83B2H     0006H     UNIT         ?PR?_GPIOGETPORTSTATE?NED
            CODE    83B8H     0006H     UNIT         ?PR?_READBYTE?NED
            CODE    83BEH     0003H     UNIT         ?PR?_PCT_PRESETBACKGROUNDCOLOR?OSDCTRL
            CODE    83C1H     0001H     UNIT         ?PR?I2CDELAY?NED



OVERLAY MAP OF MODULE:   .\OBJ\NED_5MCMOS_v0_a_d_XXXX_20190219 (?C_STARTUP)


SEGMENT                                            BIT_GROUP          DATA_GROUP          XDATA_GROUP
  +--> CALLED SEGMENT                           START    LENGTH     START    LENGTH     START    LENGTH
-------------------------------------------------------------------------------------------------------
?C_C51STARTUP                                   -----    -----      -----    -----      -----    -----
  +--> ?PR?MAIN?MAIN
  +--> ?C_INITSEG

?PR?MAIN?MAIN                                   -----    -----      -----    -----      0000H    0006H
  +--> ?PR?MAIN
BL51 BANKED LINKER/LOCATER V6.22                                                      02/19/2019  11:34:33  PAGE 6


  +--> ?PR?INITIALMPU?MAIN
  +--> ?PR?PWM_INIT?MAIN
  +--> ?PR?INITIALCOMMSHELL?MAIN
  +--> ?PR?RESETCOMMSELL?MAIN
  +--> ?PR?_POWER_ONOFF?NED
  +--> ?PR?SC16_INIT?NED
  +--> ?PR?_MONITOR_SET?MAIN
  +--> ?PR?GPIO_CHECK?NED
  +--> ?PR?_GPIOGETPORTSTATE?NED
  +--> ?PR?COMMANDSHELL?MAIN
  +--> ?PR?_PCT_RUNCOMMSHELL?COMMANDSHELL
  +--> ?PR?PCT_CHECKSYSTEM?COMMANDSHELL
  +--> ?PR?RS_RXREADY?UART
  +--> ?PR?PCT_GETVIDEOSIGNALSTATUS?OSDACTION_
  +--> ?PR?CAMERA_MOVE?NED
  +--> ?PR?_SC16_DATA_RESET?NED
  +--> ?PR?SC16_DATACHECK?NED
  +--> ?PR?_SET_CAMERA_SPEED?NED

?PR?INITIALMPU?MAIN                             -----    -----      -----    -----      -----    -----
  +--> ?PR?INITIALUART?UART
  +--> ?PR?INITIALTIMER0?TIMER
  +--> ?PR?INITIALTIMER2?TIMER

?PR?RESETCOMMSELL?MAIN                          -----    -----      -----    -----      -----    -----
  +--> ?PR?MAIN

?PR?_POWER_ONOFF?NED                            -----    -----      -----    -----      -----    -----
  +--> ?PR?_WAIT_MS?MAIN

?PR?_WAIT_MS?MAIN                               -----    -----      -----    -----      0007H    0004H

?PR?SC16_INIT?NED                               -----    -----      -----    -----      0006H    0001H
  +--> ?PR?_WAIT_MS?MAIN
  +--> ?PR?NED
  +--> ?PR?_RESETDEVICE?NED
  +--> ?PR?_SETBAUDRATE?NED
  +--> ?PR?_SETLINE?NED
  +--> ?PR?_WRITEI2C?NED
  +--> ?PR?_GPIOSETPORTMODE?NED
  +--> ?PR?_GPIOSETPORTSTATE?NED

?PR?NED                                         -----    -----      -----    -----      -----    -----
  +--> ?PR?I2CDELAY?NED
  +--> ?PR?I2CSTART?NED
  +--> ?PR?_I2CWRITEDATA?NED

?PR?I2CSTART?NED                                -----    -----      -----    -----      -----    -----
  +--> ?PR?I2CDELAY?NED

?PR?_I2CWRITEDATA?NED                           -----    -----      -----    -----      -----    -----
  +--> ?PR?I2CSTART?NED
  +--> ?PR?I2CDELAY?NED

?PR?_RESETDEVICE?NED                            -----    -----      -----    -----      -----    -----
  +--> ?PR?_READI2C?NED
  +--> ?PR?_WRITEI2C?NED
BL51 BANKED LINKER/LOCATER V6.22                                                      02/19/2019  11:34:33  PAGE 7



?PR?_READI2C?NED                                -----    -----      -----    -----      -----    -----
  +--> ?PR?_I2CWRITEDATA?NED
  +--> ?PR?NED
  +--> ?PR?I2CREADDATA?NED
  +--> ?PR?I2CSTOP?NED

?PR?I2CREADDATA?NED                             -----    -----      -----    -----      -----    -----
  +--> ?PR?NED
  +--> ?PR?I2CDELAY?NED

?PR?I2CSTOP?NED                                 -----    -----      -----    -----      -----    -----
  +--> ?PR?I2CDELAY?NED

?PR?_WRITEI2C?NED                               -----    -----      -----    -----      -----    -----
  +--> ?PR?_I2CWRITEDATA?NED
  +--> ?PR?I2CSTOP?NED

?PR?_SETBAUDRATE?NED                            -----    -----      -----    -----      0007H    000AH
  +--> ?PR?_READI2C?NED
  +--> ?PR?_WRITEI2C?NED

?PR?_SETLINE?NED                                -----    -----      -----    -----      0007H    0004H
  +--> ?PR?_READI2C?NED
  +--> ?PR?_WRITEI2C?NED

?PR?_GPIOSETPORTMODE?NED                        -----    -----      -----    -----      -----    -----
  +--> ?PR?_WRITEI2C?NED

?PR?_GPIOSETPORTSTATE?NED                       -----    -----      -----    -----      -----    -----
  +--> ?PR?_WRITEI2C?NED

?PR?_MONITOR_SET?MAIN                           -----    -----      -----    -----      0006H    01CFH
  +--> ?CO?MAIN
  +--> ?PR?MAIN
  +--> ?PR?PCT_INITIALTW2835?TW2835_INIT
  +--> ?PR?_PCT_WRITEASICBYTE?BUSCTRL
  +--> ?PR?_PCT_RUNCOMMSHELL?COMMANDSHELL
  +--> ?PR?_BOUND_SET?NED

?PR?PCT_INITIALTW2835?TW2835_INIT               -----    -----      -----    -----      -----    -----
  +--> ?PR?PCT_TW2835RESETN?TW2835_INIT
  +--> ?PR?PCT_TW2835_INITIAL?TW2835_INIT
  +--> ?PR?PCT_INITIALOSD?OSDACTION_

?PR?PCT_TW2835_INITIAL?TW2835_INIT              -----    -----      -----    -----      01D5H    0002H
  +--> ?PR?TW2835_INIT
  +--> ?CO?TW2835_INIT
  +--> ?PR?_PCT_WRITEASICTABLE?BUSCTRL

?PR?TW2835_INIT                                 -----    -----      -----    -----      -----    -----
  +--> ?CO?TW2835_INIT

?PR?_PCT_WRITEASICTABLE?BUSCTRL                 -----    -----      -----    -----      01D7H    0007H
  +--> ?PR?BUSCTRL
  +--> ?PR?MCTRL_SET?NED

BL51 BANKED LINKER/LOCATER V6.22                                                      02/19/2019  11:34:33  PAGE 8


?PR?PCT_INITIALOSD?OSDACTION_                   -----    -----      0008H    0001H      -----    -----
  +--> ?PR?PCT_INITOSDCOLOR?OSDCTRL
  +--> ?PR?PCT_CLEARGRAPHATTR?OSD_GRAPH
  +--> ?PR?_PCT_PRESETFOREGROUNDCOLOR?OSDCTRL
  +--> ?PR?_PCT_PRESETBACKGROUNDCOLOR?OSDCTRL
  +--> ?PR?_PCT_ENSHOWOSDPAGE?OSDCTRL
  +--> ?PR?_PCT_SETOSDDRAWPAGE?OSDCTRL
  +--> ?PR?_PCT_FULLCOLORONOSD?OSDCTRL

?PR?PCT_INITOSDCOLOR?OSDCTRL                    -----    -----      -----    -----      -----    -----
  +--> ?PR?_PCT_WRITEASICBYTE?BUSCTRL
  +--> ?PR?OSDCTRL
  +--> ?PR?_PCT_SETOSDCOLOR?OSDCTRL

?PR?_PCT_WRITEASICBYTE?BUSCTRL                  -----    -----      -----    -----      020DH    0004H
  +--> ?PR?BUSCTRL
  +--> ?PR?MCTRL_SET?NED

?PR?OSDCTRL                                     -----    -----      -----    -----      -----    -----
  +--> ?CO?OSDCTRL

?PR?_PCT_SETOSDCOLOR?OSDCTRL                    -----    -----      -----    -----      01D5H    0005H
  +--> ?PR?_PCT_WRITEASICBYTE?BUSCTRL

?PR?_PCT_ENSHOWOSDPAGE?OSDCTRL                  -----    -----      -----    -----      01E3H    0001H
  +--> ?PR?OSDCTRL
  +--> ?PR?_PCT_WRITEASICBYTE?BUSCTRL
  +--> ?PR?_PCT_READASICBYTE?BUSCTRL

?PR?_PCT_READASICBYTE?BUSCTRL                   -----    -----      -----    -----      0209H    0004H
  +--> ?PR?MCTRL_SET?NED
  +--> ?PR?BUSCTRL

?PR?_PCT_SETOSDDRAWPAGE?OSDCTRL                 -----    -----      -----    -----      01E3H    0001H
  +--> ?PR?OSDCTRL
  +--> ?PR?_PCT_READASICBYTE?BUSCTRL
  +--> ?PR?_PCT_WRITEASICBYTE?BUSCTRL

?PR?_PCT_FULLCOLORONOSD?OSDCTRL                 -----    -----      -----    -----      01DDH    0006H
  +--> ?PR?OSDCTRL
  +--> ?PR?_PCT_WRITEASICBYTE?BUSCTRL
  +--> ?PR?_PCT_READASICBYTE?BUSCTRL

?PR?_PCT_RUNCOMMSHELL?COMMANDSHELL              -----    -----      -----    -----      01D5H    0008H
  +--> ?PR?COMMANDSHELL
  +--> ?PR?_PCT_GETFIRSTSTR?COMMANDSHELL
  +--> ?PR?_PCT_STRTOCOMMCODE?COMMANDSHELL
  +--> ?CO?COMMANDSHELL
  +--> ?PR?_MONIWRITEASICBYTE?COMMANDSHELL
  +--> ?PR?_MONIYVIDEOMIX?COMMANDSHELL
  +--> ?PR?_MONIHSCOMM?COMMANDSHELL
  +--> ?PR?PCT_OSDACTIONFORHS?OSDACTION_
  +--> ?PR?_PCT_FLASHOSDCTRL?MAIN
  +--> ?PR?_MONIHSCOMMSJMODE?COMMANDSHELL
  +--> ?PR?REPEAT_PWM_COM?NED
  +--> ?PR?_PWM_SET?MAIN
  +--> ?PR?_MONISHOWSODSTR?COMMANDSHELL
BL51 BANKED LINKER/LOCATER V6.22                                                      02/19/2019  11:34:33  PAGE 9



?PR?COMMANDSHELL                                -----    -----      -----    -----      -----    -----
  +--> ?PR?PCT_SENDACK?COMMANDSHELL

?PR?_PCT_GETFIRSTSTR?COMMANDSHELL               -----    -----      -----    -----      01E3H    0006H
  +--> ?PR?COMMANDSHELL

?PR?_PCT_STRTOCOMMCODE?COMMANDSHELL             -----    -----      0008H    0002H      01DDH    0003H
  +--> ?PR?COMMANDSHELL

?PR?_MONIWRITEASICBYTE?COMMANDSHELL             -----    -----      0008H    0004H      -----    -----
  +--> ?PR?COMMANDSHELL
  +--> ?CO?COMMANDSHELL
  +--> ?PR?SCANF?SCANF
  +--> ?PR?_PCT_WRITEASICBYTE?BUSCTRL

?PR?SCANF?SCANF                                 0023H.0  0000H.6    000CH    0009H      01DDH    002EH
  +--> ?PR?GETCHAR?UNGETCHAR
  +--> ?PR?_ISSPACE?ISSPACE
  +--> ?PR?GETCHAR?GETCHAR
  +--> ?PR??C?ATOF??C?ATOF

?PR?GETCHAR?GETCHAR                             -----    -----      -----    -----      -----    -----
  +--> ?PR?_GETKEY?_GETKEY
  +--> ?PR?PUTCHAR?PUTCHAR

?PR??C?ATOF??C?ATOF                             0023H.6  0000H.5    0015H    0002H      -----    -----

?PR?_MONIYVIDEOMIX?COMMANDSHELL                 -----    -----      0008H    0001H      -----    -----
  +--> ?PR?COMMANDSHELL
  +--> ?CO?COMMANDSHELL
  +--> ?PR?SCANF?SCANF
  +--> ?PR?_PCT_SETYVIDEOMIXING?TW28XX_VIDEO

?PR?_PCT_SETYVIDEOMIXING?TW28XX_VIDEO           -----    -----      -----    -----      -----    -----
  +--> ?CO?TW28XX_VIDEO
  +--> ?PR?_PCT_WRITESTABLE?BUSCTRL

?PR?_PCT_WRITESTABLE?BUSCTRL                    -----    -----      -----    -----      01E4H    0003H
  +--> ?PR?BUSCTRL
  +--> ?PR?_PCT_READASICBYTE?BUSCTRL
  +--> ?PR?_PCT_WRITEASICBYTE?BUSCTRL

?PR?_MONIHSCOMM?COMMANDSHELL                    -----    -----      0008H    0003H      -----    -----
  +--> ?PR?COMMANDSHELL
  +--> ?CO?COMMANDSHELL
  +--> ?PR?SCANF?SCANF
  +--> ?PR?_PCT_WINATTRCTRLY?TW28XX_VIDEO
  +--> ?PR?_PCT_RECOMPENSEYHDELAY?TW28XX_VIDEO
  +--> ?PR?_PCT_SETVIDEOHDELAY?TW28XX_VIDEO
  +--> ?PR?_PCT_SETXVIDEOMIXING?TW28XX_VIDEO
  +--> ?PR?_PCT_WINATTRCTRL?TW28XX_VIDEO
  +--> ?PR?_PCT_FLASHOSDCTRL?MAIN
  +--> ?PR?_PCT_CHECKVMIXTYPE?COMMANDSHELL
  +--> ?PR?_PCT_DISSHOWOSDPAGE?OSDCTRL
  +--> ?PR?_PCT_CLEAROSDPAGEX?OSDCTRL
  +--> ?PR?PCT_SHOWMODEICON?OSDACTION_
BL51 BANKED LINKER/LOCATER V6.22                                                      02/19/2019  11:34:33  PAGE 10


  +--> ?PR?_PCT_OSD_ACTIONPTHX?OSDACTION_

?PR?_PCT_WINATTRCTRLY?TW28XX_VIDEO              -----    -----      -----    -----      01DDH    0003H
  +--> ?PR?TW28XX_VIDEO
  +--> ?PR?_PCT_READASICBYTE?BUSCTRL
  +--> ?PR?_PCT_WRITEASICBYTE?BUSCTRL

?PR?TW28XX_VIDEO                                -----    -----      -----    -----      -----    -----
  +--> ?CO?TW28XX_VIDEO

?PR?_PCT_RECOMPENSEYHDELAY?TW28XX_VIDEO         -----    -----      -----    -----      01DDH    0003H
  +--> ?PR?TW28XX_VIDEO
  +--> ?PR?_PCT_READASICBYTE?BUSCTRL
  +--> ?CO?TW28XX_VIDEO
  +--> ?PR?_PCT_WRITEASICBYTE?BUSCTRL

?PR?_PCT_SETVIDEOHDELAY?TW28XX_VIDEO            -----    -----      -----    -----      01DDH    0008H
  +--> ?PR?TW28XX_VIDEO
  +--> ?PR?_PCT_READASICBYTE?BUSCTRL
  +--> ?PR?_PCT_WRITEASICBYTE?BUSCTRL
  +--> ?CO?TW28XX_VIDEO

?PR?_PCT_SETXVIDEOMIXING?TW28XX_VIDEO           -----    -----      -----    -----      01DDH    0007H
  +--> ?PR?TW28XX_VIDEO
  +--> ?PR?_PCT_WRITEASICBYTE?BUSCTRL
  +--> ?CO?TW28XX_VIDEO
  +--> ?PR?_PCT_SETCHANELSCALE?TW28XX_VIDEO
  +--> ?PR?_PCT_WRITESTABLE?BUSCTRL

?PR?_PCT_SETCHANELSCALE?TW28XX_VIDEO            -----    -----      -----    -----      01E4H    0008H
  +--> ?PR?TW28XX_VIDEO
  +--> ?CO?TW28XX_VIDEO
  +--> ?PR?_PCT_WRITEASICBYTE?BUSCTRL

?PR?_PCT_WINATTRCTRL?TW28XX_VIDEO               -----    -----      -----    -----      01DDH    0003H
  +--> ?PR?TW28XX_VIDEO
  +--> ?PR?_PCT_READASICBYTE?BUSCTRL
  +--> ?PR?_PCT_WRITEASICBYTE?BUSCTRL

?PR?_PCT_CHECKVMIXTYPE?COMMANDSHELL             -----    -----      000BH    0001H      -----    -----
  +--> ?PR?COMMANDSHELL

?PR?_PCT_DISSHOWOSDPAGE?OSDCTRL                 -----    -----      -----    -----      01DDH    0003H
  +--> ?PR?OSDCTRL
  +--> ?PR?_PCT_READASICBYTE?BUSCTRL
  +--> ?PR?_PCT_WRITEASICBYTE?BUSCTRL

?PR?_PCT_CLEAROSDPAGEX?OSDCTRL                  -----    -----      -----    -----      -----    -----
  +--> ?PR?_PCT_SETOSDDRAWPAGE?OSDCTRL
  +--> ?PR?_PCT_PRESETBACKGROUNDCOLOR?OSDCTRL
  +--> ?PR?_PCT_FULLCOLORONOSD?OSDCTRL

?PR?PCT_SHOWMODEICON?OSDACTION_                 -----    -----      -----    -----      -----    -----
  +--> ?PR?_PCT_SETOSDDRAWPAGE?OSDCTRL
  +--> ?CO?OSDACTION_
  +--> ?PR?_PCT_SHOWGRAPHSTRING?OSD_GRAPH
  +--> ?PR?_PCT_PRESETBACKGROUNDCOLOR?OSDCTRL
BL51 BANKED LINKER/LOCATER V6.22                                                      02/19/2019  11:34:33  PAGE 11


  +--> ?PR?_PCT_PRESETFOREGROUNDCOLOR?OSDCTRL

?PR?_PCT_SHOWGRAPHSTRING?OSD_GRAPH              -----    -----      -----    -----      01E0H    0007H
  +--> ?PR?OSD_GRAPH
  +--> ?PR?_STRLEN?STRLEN
  +--> ?PR?_PCT_OSD16X16GRAPHX?OSD_GRAPH
  +--> ?PR?PTC_SWITCHTOI2CMODE?BUSCTRL

?PR?_PCT_OSD16X16GRAPHX?OSD_GRAPH               -----    -----      -----    -----      01E7H    000BH
  +--> ?CO?OSD_GRAPH
  +--> ?PR?OSD_GRAPH
  +--> ?PR?_PCT_WRITEASICBYTE?BUSCTRL
  +--> ?PR?_PCT_READASICBYTE?BUSCTRL

?PR?_PCT_OSD_ACTIONPTHX?OSDACTION_              -----    -----      -----    -----      01DDH    0003H
  +--> ?PR?OSDACTION_
  +--> ?PR?_PCT_PRESETFOREGROUNDCOLOR?OSDCTRL
  +--> ?PR?_PCT_PRESETBACKGROUNDCOLOR?OSDCTRL
  +--> ?PR?_PCT_SHOWGRAPHSTRING?OSD_GRAPH

?PR?OSDACTION_                                  -----    -----      -----    -----      -----    -----
  +--> ?CO?OSDACTION_

?PR?PCT_OSDACTIONFORHS?OSDACTION_               -----    -----      -----    -----      -----    -----
  +--> ?PR?_PCT_SETOSDDRAWPAGE?OSDCTRL
  +--> ?PR?_PCT_SHOWMIRRORICON?OSDACTION_
  +--> ?PR?_PCT_SHOWINDICATEICON?OSDACTION_
  +--> ?PR?PCT_ENFALSHVLOSS?OSDACTION_
  +--> ?PR?_PCT_ENSHOWOSDPAGE?OSDCTRL

?PR?_PCT_SHOWMIRRORICON?OSDACTION_              -----    -----      -----    -----      01DDH    0003H
  +--> ?PR?OSDACTION_
  +--> ?PR?_PCT_PRESETFOREGROUNDCOLOR?OSDCTRL
  +--> ?PR?_PCT_CLEARWORDSPATHX?OSDCTRL
  +--> ?PR?_PCT_SHOWGRAPHSTRING?OSD_GRAPH

?PR?_PCT_CLEARWORDSPATHX?OSDCTRL                -----    -----      -----    -----      01E0H    0007H
  +--> ?PR?OSDCTRL
  +--> ?PR?_PCT_WRITEASICBYTE?BUSCTRL
  +--> ?PR?_PCT_READASICBYTE?BUSCTRL

?PR?_PCT_SHOWINDICATEICON?OSDACTION_            -----    -----      0008H    0001H      01DDH    0003H
  +--> ?PR?OSDACTION_
  +--> ?PR?_PCT_PRESETFOREGROUNDCOLOR?OSDCTRL
  +--> ?PR?_PCT_CLEARWORDSPATHX?OSDCTRL
  +--> ?CO?OSDACTION_
  +--> ?PR?_PCT_SHOWGRAPHSTRING?OSD_GRAPH

?PR?_MONIHSCOMMSJMODE?COMMANDSHELL              -----    -----      -----    -----      -----    -----
  +--> ?PR?COMMANDSHELL
  +--> ?CO?COMMANDSHELL
  +--> ?PR?SCANF?SCANF

?PR?REPEAT_PWM_COM?NED                          -----    -----      -----    -----      -----    -----
  +--> ?PR?_WRITEBYTE?NED

?PR?_WRITEBYTE?NED                              -----    -----      -----    -----      -----    -----
BL51 BANKED LINKER/LOCATER V6.22                                                      02/19/2019  11:34:33  PAGE 12


  +--> ?PR?_WRITEI2C?NED

?PR?_PWM_SET?MAIN                               -----    -----      -----    -----      -----    -----
  +--> ?PR?MAIN
  +--> ?PR?_SET_PWM_OUTPUT?MAIN

?PR?_SET_PWM_OUTPUT?MAIN                        -----    -----      -----    -----      01DDH    0008H
  +--> ?CO?MAIN
  +--> ?PR?MAIN

?PR?_MONISHOWSODSTR?COMMANDSHELL                -----    -----      0008H    0002H      01DDH    0006H
  +--> ?PR?COMMANDSHELL
  +--> ?PR?_ATOI?ATOI
  +--> ?PR?_PCT_PRESETFOREGROUNDCOLOR?OSDCTRL
  +--> ?PR?_PCT_PRESETBACKGROUNDCOLOR?OSDCTRL
  +--> ?PR?_PCT_SETOSDDRAWPAGE?OSDCTRL
  +--> ?PR?_PCT_SHOWOSDSTRING?OSDCTRL
  +--> ?PR?_PCT_ENSHOWOSDPAGE?OSDCTRL
  +--> ?PR?_PCT_GETFIRSTSTR?COMMANDSHELL

?PR?_ATOI?ATOI                                  0023H.0  0000H.1    -----    -----      01E3H    0005H
  +--> ?PR?_ISSPACE?ISSPACE
  +--> ?PR?_ISDIGIT?ISDIGIT

?PR?_PCT_SHOWOSDSTRING?OSDCTRL                  -----    -----      -----    -----      01E3H    0007H
  +--> ?PR?OSDCTRL
  +--> ?PR?_STRLEN?STRLEN
  +--> ?PR?_PCT_WRITEOSDFNTX?OSDCTRL
  +--> ?PR?_PCT_WRITEOSDFNTY?OSDCTRL
  +--> ?PR?PTC_SWITCHTOI2CMODE?BUSCTRL

?PR?_PCT_WRITEOSDFNTX?OSDCTRL                   -----    -----      000AH    0003H      01EAH    0013H
  +--> ?PR?OSDCTRL
  +--> ?PR?_PCT_WRITEOSDDATABUFFERX?OSDCTRL
  +--> ?PR?_PCT_WRITEASICBYTE?BUSCTRL
  +--> ?PR?_PCT_READASICBYTE?BUSCTRL

?PR?_PCT_WRITEOSDDATABUFFERX?OSDCTRL            -----    -----      -----    -----      01FDH    0004H
  +--> ?PR?OSDCTRL
  +--> ?PR?_PCT_WRITEASICBYTE?BUSCTRL

?PR?_PCT_WRITEOSDFNTY?OSDCTRL                   -----    -----      000AH    0002H      01EAH    001FH
  +--> ?PR?OSDCTRL
  +--> ?PR?_PCT_WRITEOSDDATABUFFERY?OSDCTRL
  +--> ?PR?_PCT_WRITEASICBYTE?BUSCTRL
  +--> ?PR?_PCT_READASICBYTE?BUSCTRL

?PR?_PCT_WRITEOSDDATABUFFERY?OSDCTRL            -----    -----      -----    -----      0209H    0004H
  +--> ?PR?OSDCTRL
  +--> ?PR?_PCT_WRITEASICBYTE?BUSCTRL

?PR?_BOUND_SET?NED                              -----    -----      -----    -----      01D5H    0004H
  +--> ?CO?NED
  +--> ?PR?NED
  +--> ?PR?_PCT_WRITEASICBYTE?BUSCTRL

?PR?GPIO_CHECK?NED                              -----    -----      -----    -----      0006H    0002H
BL51 BANKED LINKER/LOCATER V6.22                                                      02/19/2019  11:34:33  PAGE 13


  +--> ?PR?_GPIOGETPORTSTATE?NED

?PR?_GPIOGETPORTSTATE?NED                       -----    -----      -----    -----      -----    -----
  +--> ?PR?_READI2C?NED

?PR?COMMANDSHELL?MAIN                           -----    -----      0008H    0001H      -----    -----
  +--> ?PR?RS_RXREADY?UART
  +--> ?PR?RS_RX?UART
  +--> ?PR?MAIN
  +--> ?PR?_SC16_BCC_CHECK?NED
  +--> ?PR?RESETCOMMSELL?MAIN

?PR?RS_RX?UART                                  -----    -----      -----    -----      -----    -----
  +--> ?PR?UART

?PR?_SC16_BCC_CHECK?NED                         -----    -----      -----    -----      0006H    0006H
  +--> ?PR?NED
  +--> ?PR?_RS_TX?UART
  +--> ?PR?_WRITEBYTE?NED
  +--> ?PR?SEND_CAMERA_TEMP?NED
  +--> ?PR?SEND_CAMERA_PRESS?NED
  +--> ?PR?SENT_CAMERA_ANG?NED
  +--> ?PR?SENT_CAMERA_RANG?NED
  +--> ?PR?_SENT_CAMERA_IRD?NED
  +--> ?PR?SENT_DVR_TEMP?NED
  +--> ?PR?VERSION_CHECK?MAIN
  +--> ?PR?CAMERA_VERSION_CHECK?MAIN
  +--> ?PR?CHECK_OTHER_COM?NED
  +--> ?PR?_SC16_SENDDATA?NED

?PR?SEND_CAMERA_TEMP?NED                        -----    -----      -----    -----      000CH    0001H
  +--> ?PR?NED
  +--> ?PR?_BCC_CAL?NED
  +--> ?PR?_RS_TX?UART

?PR?_BCC_CAL?NED                                -----    -----      -----    -----      000DH    0002H

?PR?SEND_CAMERA_PRESS?NED                       -----    -----      -----    -----      000CH    0001H
  +--> ?PR?NED
  +--> ?PR?_BCC_CAL?NED
  +--> ?PR?_RS_TX?UART

?PR?SENT_CAMERA_ANG?NED                         -----    -----      -----    -----      000CH    0001H
  +--> ?PR?NED
  +--> ?PR?_BCC_CAL?NED
  +--> ?PR?_RS_TX?UART

?PR?SENT_CAMERA_RANG?NED                        -----    -----      -----    -----      000CH    0001H
  +--> ?PR?NED
  +--> ?PR?_BCC_CAL?NED
  +--> ?PR?_RS_TX?UART

?PR?_SENT_CAMERA_IRD?NED                        -----    -----      -----    -----      000CH    0003H
  +--> ?PR?_RS_TX?UART

?PR?SENT_DVR_TEMP?NED                           -----    -----      -----    -----      000CH    0001H
  +--> ?PR?NED
BL51 BANKED LINKER/LOCATER V6.22                                                      02/19/2019  11:34:33  PAGE 14


  +--> ?PR?_BCC_CAL?NED
  +--> ?PR?_RS_TX?UART

?PR?VERSION_CHECK?MAIN                          -----    -----      -----    -----      000CH    0001H
  +--> ?PR?MAIN
  +--> ?PR?_RS_TX?UART

?PR?CAMERA_VERSION_CHECK?MAIN                   -----    -----      -----    -----      000CH    0001H
  +--> ?PR?MAIN
  +--> ?PR?_RS_TX?UART

?PR?CHECK_OTHER_COM?NED                         -----    -----      -----    -----      -----    -----
  +--> ?PR?_RS_TX?UART
  +--> ?PR?_SET_VIDEO?NED

?PR?_SET_VIDEO?NED                              -----    -----      -----    -----      000CH    0001H
  +--> ?PR?NED
  +--> ?PR?_PCT_WRITEASICBYTE?BUSCTRL

?PR?_SC16_SENDDATA?NED                          -----    -----      -----    -----      000CH    0002H
  +--> ?PR?_WRITEBYTE?NED

?PR?PCT_CHECKSYSTEM?COMMANDSHELL                -----    -----      -----    -----      -----    -----
  +--> ?PR?_PCT_DETECTVIDEOFORMAT?TW28XX_VIDEO
  +--> ?PR?_PCT_ENSHOWOSDPAGE?OSDCTRL
  +--> ?PR?_PCT_CHANGESYSTEMTYPE?TW2835_INIT
  +--> ?PR?_PCT_RECOMPENSEYHDELAY?TW28XX_VIDEO
  +--> ?PR?COMMANDSHELL
  +--> ?PR?_PCT_SETVIDEOHDELAY?TW28XX_VIDEO
  +--> ?PR?_PCT_SETXVIDEOMIXING?TW28XX_VIDEO
  +--> ?PR?_PCT_CLEAROSDPAGEX?OSDCTRL
  +--> ?PR?PCT_SHOWMODEICON?OSDACTION_
  +--> ?PR?_PCT_OSD_ACTIONPTHX?OSDACTION_
  +--> ?PR?PCT_OSDACTIONFORHS?OSDACTION_

?PR?_PCT_DETECTVIDEOFORMAT?TW28XX_VIDEO         -----    -----      -----    -----      0006H    0002H
  +--> ?PR?_PCT_READASICBYTE?BUSCTRL

?PR?_PCT_CHANGESYSTEMTYPE?TW2835_INIT           -----    -----      -----    -----      0006H    0002H
  +--> ?PR?TW2835_INIT
  +--> ?CO?TW2835_INIT
  +--> ?PR?_PCT_WRITEASICTABLE?BUSCTRL

?PR?PCT_GETVIDEOSIGNALSTATUS?OSDACTION_         -----    -----      -----    -----      -----    -----
  +--> ?PR?_PCT_READASICBYTE?BUSCTRL
  +--> ?PR?_PCT_WRITEASICBYTE?BUSCTRL
  +--> ?PR?_PCT_PRESETFOREGROUNDCOLOR?OSDCTRL
  +--> ?PR?_PCT_PRESETGRAPHATTR?OSD_GRAPH
  +--> ?PR?PCT_CLEARGRAPHATTR?OSD_GRAPH

?PR?CAMERA_MOVE?NED                             -----    -----      -----    -----      0006H    000CH
  +--> ?CO?NED
  +--> ?PR?NED
  +--> ?PR?_WRITEBYTE?NED

?PR?_SC16_DATA_RESET?NED                        -----    -----      -----    -----      -----    -----
  +--> ?PR?TEMP_CHECK?MAIN
BL51 BANKED LINKER/LOCATER V6.22                                                      02/19/2019  11:34:33  PAGE 15


  +--> ?PR?PRESS_CHECK?MAIN
  +--> ?PR?GET_CAMERA_ANG?NED
  +--> ?PR?GET_CAMERA_RANG?NED
  +--> ?PR?GET_DVR_TEMP?NED
  +--> ?PR?GET_CAMERA_VER?NED

?PR?TEMP_CHECK?MAIN                             -----    -----      -----    -----      -----    -----
  +--> ?PR?_READI2CWORD?NED

?PR?_READI2CWORD?NED                            -----    -----      -----    -----      0006H    0002H
  +--> ?PR?I2CSTART?NED
  +--> ?PR?_I2CWRITEDATA?NED
  +--> ?PR?NED
  +--> ?PR?I2CREADDATAWITHACK?NED
  +--> ?PR?I2CREADDATA?NED
  +--> ?PR?I2CSTOP?NED

?PR?I2CREADDATAWITHACK?NED                      -----    -----      -----    -----      -----    -----
  +--> ?PR?NED
  +--> ?PR?I2CDELAY?NED

?PR?PRESS_CHECK?MAIN                            -----    -----      -----    -----      0006H    0007H
  +--> ?PR?MAIN
  +--> ?PR?_ADC_READ?NED

?PR?GET_CAMERA_ANG?NED                          -----    -----      -----    -----      -----    -----
  +--> ?PR?_WRITEBYTE?NED

?PR?GET_CAMERA_RANG?NED                         -----    -----      -----    -----      -----    -----
  +--> ?PR?_WRITEBYTE?NED

?PR?GET_DVR_TEMP?NED                            -----    -----      -----    -----      -----    -----
  +--> ?PR?_WRITEBYTE?NED

?PR?GET_CAMERA_VER?NED                          -----    -----      -----    -----      -----    -----
  +--> ?PR?_WRITEBYTE?NED

?PR?SC16_DATACHECK?NED                          -----    -----      -----    -----      0006H    0003H
  +--> ?PR?_SC16_SENDDATASELECT?NED

?PR?_SC16_SENDDATASELECT?NED                    -----    -----      -----    -----      0009H    0009H
  +--> ?PR?NED
  +--> ?PR?_READI2C?NED
  +--> ?PR?_READBYTE?NED
  +--> ?PR?_RS_TX?UART
  +--> ?PR?_SC16_COMCHECK?NED

?PR?_READBYTE?NED                               -----    -----      -----    -----      -----    -----
  +--> ?PR?_READI2C?NED

?PR?_SC16_COMCHECK?NED                          -----    -----      -----    -----      0012H    0002H
  +--> ?PR?NED

?PR?_SET_CAMERA_SPEED?NED                       -----    -----      -----    -----      -----    -----
  +--> ?PR?_WRITEBYTE?NED

*** NEW ROOT ***************************************************
BL51 BANKED LINKER/LOCATER V6.22                                                      02/19/2019  11:34:33  PAGE 16



?PR?RS_INTERRUPT?UART                           -----    -----      -----    -----      -----    -----
  +--> ?PR?UART



SYMBOL TABLE OF MODULE:  .\OBJ\NED_5MCMOS_v0_a_d_XXXX_20190219 (?C_STARTUP)

  VALUE           TYPE          NAME
  ----------------------------------

  -------         MODULE        ?C_STARTUP
  C:6DDDH         SEGMENT       ?C_C51STARTUP
  I:0031H         SEGMENT       ?STACK
  C:0000H         PUBLIC        ?C_STARTUP
  D:00E0H         SYMBOL        ACC
  D:00F0H         SYMBOL        B
  D:0083H         SYMBOL        DPH
  D:0082H         SYMBOL        DPL
  N:0000H         SYMBOL        IBPSTACK
  N:0100H         SYMBOL        IBPSTACKTOP
  N:0080H         SYMBOL        IDATALEN
  C:6DE0H         SYMBOL        IDATALOOP
  N:0000H         SYMBOL        PBPSTACK
  N:0100H         SYMBOL        PBPSTACKTOP
  N:0000H         SYMBOL        PDATALEN
  N:0000H         SYMBOL        PDATASTART
  N:0000H         SYMBOL        PPAGE
  N:0000H         SYMBOL        PPAGEENABLE
  D:00A0H         SYMBOL        PPAGE_SFR
  D:0081H         SYMBOL        SP
  C:6DDDH         SYMBOL        STARTUP1
  N:0000H         SYMBOL        XBPSTACK
  N:0000H         SYMBOL        XBPSTACKTOP
  N:0000H         SYMBOL        XDATALEN
  N:0000H         SYMBOL        XDATASTART
  C:0000H         LINE#         126
  C:6DDDH         LINE#         133
  C:6DDFH         LINE#         134
  C:6DE0H         LINE#         135
  C:6DE1H         LINE#         136
  C:6DE3H         LINE#         185
  C:6DE6H         LINE#         196
  -------         ENDMOD        ?C_STARTUP

  -------         MODULE        UART
  C:0000H         SYMBOL        _ICE_DUMMY_
  D:0080H         PUBLIC        P0
  D:0090H         PUBLIC        P1
  D:00A0H         PUBLIC        P2
  D:00C0H         PUBLIC        XICON
  D:00B0H         PUBLIC        P3
  D:00E8H         PUBLIC        P4
  C:81F4H         PUBLIC        InitialUART
  D:00A8H         PUBLIC        IE
  X:0294H         PUBLIC        RS_RECVBUF
  B:00A8H.4       PUBLIC        ES
BL51 BANKED LINKER/LOCATER V6.22                                                      02/19/2019  11:34:33  PAGE 17


  D:00B8H         PUBLIC        IP
  B:0098H.0       PUBLIC        RI
  B:0098H.1       PUBLIC        TI
  B:00B8H.4       PUBLIC        PS
  D:00D8H         PUBLIC        CCON
  D:0099H         PUBLIC        SBUF
  D:00C0H         PUBLIC        WDTC
  D:0098H         PUBLIC        SCON
  D:0088H         PUBLIC        TCON
  C:82BAH         PUBLIC        RS_RxReady
  D:008DH         PUBLIC        TH1
  D:008BH         PUBLIC        TL1
  X:02F8H         PUBLIC        RsRxRp
  B:0088H.6       PUBLIC        TR1
  X:02F9H         PUBLIC        RsRxWp
  D:00F8H         PUBLIC        IPA
  D:00C8H         PUBLIC        T2CON
  C:81C2H         PUBLIC        RS_rx
  C:0003H         PUBLIC        _RS_tx
  C:7F1FH         PUBLIC        RS_interrupt
  D:00D0H         PUBLIC        PSW
  C:834BH         SYMBOL        Com000E
  C:834BH         SYMBOL        L?0015
  -------         PROC          COM000E
  -------         ENDPROC       COM000E
  -------         PROC          INITIALUART
  C:81F4H         LINE#         75
  C:81F4H         LINE#         76
  C:81F4H         LINE#         79
  C:81F6H         LINE#         80
  C:81F8H         LINE#         84
  C:81FBH         LINE#         99
  C:81FEH         LINE#         103
  C:8201H         LINE#         104
  C:8203H         LINE#         106
  C:8207H         LINE#         107
  C:8209H         LINE#         108
  -------         ENDPROC       INITIALUART
  -------         PROC          RS_RXREADY
  C:82BAH         LINE#         114
  C:82BAH         LINE#         115
  C:82BAH         LINE#         116
  C:82C7H         LINE#         117
  C:82C9H         LINE#         118
  -------         ENDPROC       RS_RXREADY
  -------         PROC          RS_RX
  -------         DO            
  D:0007H         SYMBOL        ret
  -------         ENDDO         
  C:81C2H         LINE#         124
  C:81C2H         LINE#         125
  C:81C2H         LINE#         131
  C:81CAH         LINE#         132
  C:81D0H         LINE#         133
  C:81D6H         LINE#         134
  C:81D8H         LINE#         138
  C:81DAH         LINE#         140
BL51 BANKED LINKER/LOCATER V6.22                                                      02/19/2019  11:34:33  PAGE 18


  C:81DAH         LINE#         141
  -------         ENDPROC       RS_RX
  -------         PROC          _RS_TX
  D:0007H         SYMBOL        tx_buf
  C:0003H         LINE#         147
  C:0003H         LINE#         148
  C:0003H         LINE#         166
  C:0003H         LINE#         167
  C:0003H         LINE#         169
  C:0006H         LINE#         178
  C:0008H         LINE#         179
  C:000AH         LINE#         180
  C:000AH         LINE#         181
  C:000AH         LINE#         182
  C:000AH         LINE#         185
  -------         ENDPROC       _RS_TX
  -------         PROC          RS_INTERRUPT
  C:7F1FH         LINE#         193
  C:7F27H         LINE#         196
  C:7F2AH         LINE#         197
  C:7F2CH         LINE#         206
  C:7F35H         LINE#         210
  C:7F3BH         LINE#         211
  C:7F43H         LINE#         218
  C:7F43H         LINE#         221
  -------         ENDPROC       RS_INTERRUPT
  -------         ENDMOD        UART

  -------         MODULE        BUSCTRL
  C:0000H         SYMBOL        _ICE_DUMMY_
  D:0080H         PUBLIC        P0
  D:0090H         PUBLIC        P1
  D:00A0H         PUBLIC        P2
  D:00C0H         PUBLIC        XICON
  D:00B0H         PUBLIC        P3
  D:00E8H         PUBLIC        P4
  B:00A8H.7       PUBLIC        EA
  D:00A8H         PUBLIC        IE
  C:779FH         PUBLIC        _PCT_WriteSTable
  D:00B8H         PUBLIC        IP
  B:00A0H.3       PUBLIC        HALE
  B:00A0H.2       PUBLIC        HRDB
  D:00D8H         PUBLIC        CCON
  D:00C0H         PUBLIC        WDTC
  B:00A0H.1       PUBLIC        HWRB
  D:0098H         PUBLIC        SCON
  D:0088H         PUBLIC        TCON
  C:6F77H         PUBLIC        _PCT_WriteAsicTable
  C:0029H         PUBLIC        PTC_SwitchToI2CMode
  B:00B0H.6       PUBLIC        HCSB0
  B:00B0H.7       PUBLIC        HCSB1
  D:00F8H         PUBLIC        IPA
  C:6E69H         PUBLIC        _PCT_ReadAsicByte
  D:00C8H         PUBLIC        T2CON
  C:73E8H         PUBLIC        _PCT_WriteAsicByte
  D:00D0H         PUBLIC        PSW
  C:7CF6H         SYMBOL        Com0038
BL51 BANKED LINKER/LOCATER V6.22                                                      02/19/2019  11:34:33  PAGE 19


  C:7CF6H         SYMBOL        L?0057
  C:7CF9H         SYMBOL        L?0058
  C:7CFBH         SYMBOL        L?0059
  C:7D03H         SYMBOL        L?0060
  C:7D03H         SYMBOL        L?0061
  C:7D0BH         SYMBOL        L?0062
  C:7D0BH         SYMBOL        L?0063
  C:7D12H         SYMBOL        L?0064
  C:7D1EH         SYMBOL        L?0065
  C:7D28H         SYMBOL        L?0066
  -------         PROC          COM0038
  -------         ENDPROC       COM0038
  -------         PROC          _PCT_WRITEASICBYTE
  D:0007H         SYMBOL        _dvc
  X:020EH         SYMBOL        _pg
  X:020FH         SYMBOL        _addr
  X:0210H         SYMBOL        _wdat
  C:73E8H         LINE#         63
  C:73EBH         LINE#         64
  C:73EBH         LINE#         65
  C:73EBH         LINE#         67
  C:73EEH         LINE#         70
  C:73F1H         LINE#         75
  C:73FEH         LINE#         76
  C:7408H         LINE#         77
  C:7410H         LINE#         78
  C:7413H         LINE#         79
  C:7413H         LINE#         82
  C:7426H         LINE#         84
  C:7428H         LINE#         85
  C:742EH         LINE#         86
  C:7430H         LINE#         89
  C:7443H         LINE#         92
  C:7445H         LINE#         96
  C:7448H         LINE#         101
  C:7448H         LINE#         102
  C:7448H         LINE#         103
  C:7448H         LINE#         104
  C:744BH         LINE#         105
  -------         ENDPROC       _PCT_WRITEASICBYTE
  -------         PROC          _PCT_WRITEASICTABLE
  D:0007H         SYMBOL        _dvc
  X:01D8H         SYMBOL        _pg
  X:01D9H         SYMBOL        _addr
  X:01DAH         SYMBOL        _tbl_ptr
  X:01DDH         SYMBOL        _tbl_cnt
  C:6F77H         LINE#         111
  C:6F7AH         LINE#         112
  C:6F7AH         LINE#         113
  C:6F7AH         LINE#         115
  C:6F7DH         LINE#         119
  C:6F80H         LINE#         124
  C:6F8DH         LINE#         125
  C:6F97H         LINE#         126
  C:6F9FH         LINE#         128
  C:6F9FH         LINE#         129
  C:6FA8H         LINE#         130
BL51 BANKED LINKER/LOCATER V6.22                                                      02/19/2019  11:34:33  PAGE 20


  C:6FA8H         LINE#         133
  C:6FBBH         LINE#         136
  C:6FBDH         LINE#         138
  C:6FD2H         LINE#         139
  C:6FD4H         LINE#         142
  C:6FE7H         LINE#         145
  C:6FE9H         LINE#         146
  C:6FF1H         LINE#         150
  C:6FF4H         LINE#         155
  C:6FF4H         LINE#         156
  C:6FF4H         LINE#         157
  C:6FF4H         LINE#         158
  C:6FF7H         LINE#         159
  -------         ENDPROC       _PCT_WRITEASICTABLE
  -------         PROC          _PCT_READASICBYTE
  X:0209H         SYMBOL        _dvc
  X:020AH         SYMBOL        _pg
  X:020BH         SYMBOL        _addr
  -------         DO            
  X:020CH         SYMBOL        _rdat_
  -------         ENDDO         
  C:6E69H         LINE#         165
  C:6E74H         LINE#         166
  C:6E74H         LINE#         169
  C:6E76H         LINE#         173
  C:6E79H         LINE#         178
  C:6E7EH         LINE#         179
  C:6E89H         LINE#         180
  C:6E93H         LINE#         181
  C:6E9BH         LINE#         183
  C:6E9EH         LINE#         184
  C:6E9EH         LINE#         186
  C:6EB1H         LINE#         189
  C:6EB3H         LINE#         190
  C:6EB6H         LINE#         192
  C:6EC9H         LINE#         196
  C:6ECBH         LINE#         197
  C:6ED1H         LINE#         201
  C:6EE4H         LINE#         204
  C:6EE6H         LINE#         208
  C:6EE9H         LINE#         213
  C:6EEBH         LINE#         214
  C:6EEDH         LINE#         215
  C:6EEFH         LINE#         216
  C:6EF4H         LINE#         217
  -------         ENDPROC       _PCT_READASICBYTE
  -------         PROC          _PCT_WRITESTABLE
  D:0007H         SYMBOL        _dvc
  X:01E4H         SYMBOL        _tbl_ptr
  C:779FH         LINE#         224
  C:77AAH         LINE#         225
  C:77AAH         LINE#         229
  C:77AAH         LINE#         230
  C:77B8H         LINE#         231
  C:77D2H         LINE#         232
  C:77D2H         LINE#         233
  C:77E4H         LINE#         234
BL51 BANKED LINKER/LOCATER V6.22                                                      02/19/2019  11:34:33  PAGE 21


  C:77E4H         LINE#         235
  C:77EEH         LINE#         236
  C:77F0H         LINE#         237
  -------         ENDPROC       _PCT_WRITESTABLE
  -------         PROC          PTC_SWITCHTOI2CMODE
  C:0029H         LINE#         243
  C:0029H         LINE#         244
  C:0029H         LINE#         254
  -------         ENDPROC       PTC_SWITCHTOI2CMODE
  -------         ENDMOD        BUSCTRL

  -------         MODULE        COMMANDSHELL
  C:0000H         SYMBOL        _ICE_DUMMY_
  D:0080H         PUBLIC        P0
  D:0090H         PUBLIC        P1
  D:00A0H         PUBLIC        P2
  D:00C0H         PUBLIC        XICON
  D:00B0H         PUBLIC        P3
  D:00E8H         PUBLIC        P4
  C:820AH         PUBLIC        _MoniHSCommSJmode
  C:6006H         PUBLIC        _PCT_RunCommShell
  D:00A8H         PUBLIC        IE
  D:00B8H         PUBLIC        IP
  C:818EH         PUBLIC        _MoniYVideoMix
  X:033FH         PUBLIC        sysdat
  D:00D8H         PUBLIC        CCON
  C:002AH         PUBLIC        PCT_SendACK
  C:71D6H         PUBLIC        _PCT_GetFirstStr
  C:72B3H         PUBLIC        PCT_CheckSystem
  D:00C0H         PUBLIC        WDTC
  D:0098H         PUBLIC        SCON
  D:0088H         PUBLIC        TCON
  C:7841H         PUBLIC        _MoniWriteAsicByte
  C:58E5H         PUBLIC        _MoniHSComm
  X:0350H         PUBLIC        msg
  C:7CB9H         PUBLIC        _PCT_StrToCommCode
  C:7A99H         PUBLIC        _PCT_CheckVMixType
  D:00F8H         PUBLIC        IPA
  C:7383H         PUBLIC        _MoniShowSODStr
  D:00C8H         PUBLIC        T2CON
  X:035BH         PUBLIC        Original_selwintype
  D:00D0H         PUBLIC        PSW
  C:6EF5H         SYMBOL        Com0033
  C:6EF5H         SYMBOL        L?0052
  C:6EF5H         SYMBOL        L?0053
  C:6EF8H         SYMBOL        L?0054
  C:6EFBH         SYMBOL        L?0055
  C:6F04H         SYMBOL        L?0057
  C:6F05H         SYMBOL        L?0058
  C:6F0CH         SYMBOL        L?0059
  C:6F0DH         SYMBOL        L?0060
  C:6F1AH         SYMBOL        L?0061
  C:6F2AH         SYMBOL        L?0062
  C:6F31H         SYMBOL        L?0065
  C:6F31H         SYMBOL        L?0066
  C:6F32H         SYMBOL        L?0067
  C:6F3AH         SYMBOL        L?0068
BL51 BANKED LINKER/LOCATER V6.22                                                      02/19/2019  11:34:33  PAGE 22


  C:6F41H         SYMBOL        L?0069
  C:6F41H         SYMBOL        L?0070
  C:6F4BH         SYMBOL        L?0072
  C:6F4BH         SYMBOL        L?0073
  C:6F53H         SYMBOL        L?0074
  C:6F5AH         SYMBOL        L?0075
  C:6F5AH         SYMBOL        L?0076
  C:6F61H         SYMBOL        L?0077
  C:6F61H         SYMBOL        L?0078
  C:6F6AH         SYMBOL        L?0079
  C:6F6AH         SYMBOL        L?0080
  C:6F70H         SYMBOL        L?0081
  -------         PROC          COM0033
  -------         ENDPROC       COM0033
  -------         PROC          _PCT_GETFIRSTSTR
  X:01E3H         SYMBOL        tagStr
  X:01E6H         SYMBOL        sourceStr
  C:71D6H         LINE#         88
  C:71DCH         LINE#         89
  C:71DCH         LINE#         90
  C:71E7H         LINE#         91
  C:71FEH         LINE#         92
  C:7216H         LINE#         93
  C:7218H         LINE#         94
  C:7218H         LINE#         95
  C:7225H         LINE#         96
  C:7229H         LINE#         97
  C:7232H         LINE#         98
  C:7235H         LINE#         99
  C:7238H         LINE#         100
  C:723BH         LINE#         101
  C:7244H         LINE#         102
  -------         ENDPROC       _PCT_GETFIRSTSTR
  -------         PROC          _PCT_STRTOCOMMCODE
  X:01DDH         SYMBOL        Str
  -------         DO            
  D:0008H         SYMBOL        ret
  -------         ENDDO         
  C:7CB9H         LINE#         112
  C:7CBFH         LINE#         113
  C:7CBFH         LINE#         114
  C:7CC4H         LINE#         116
  C:7CF1H         LINE#         117
  C:7CF5H         LINE#         118
  -------         ENDPROC       _PCT_STRTOCOMMCODE
  -------         PROC          PCT_SENDACK
  C:002AH         LINE#         124
  C:002AH         LINE#         125
  C:002AH         LINE#         131
  -------         ENDPROC       PCT_SENDACK
  -------         PROC          _PCT_CHECKVMIXTYPE
  D:0007H         SYMBOL        _typ
  -------         DO            
  D:000BH         SYMBOL        tmplktp
  -------         ENDDO         
  C:7A99H         LINE#         143
  C:7A99H         LINE#         144
BL51 BANKED LINKER/LOCATER V6.22                                                      02/19/2019  11:34:33  PAGE 23


  C:7A99H         LINE#         145
  C:7A9CH         LINE#         147
  C:7AA2H         LINE#         148
  C:7AA9H         LINE#         149
  C:7AAFH         LINE#         150
  C:7ABBH         LINE#         152
  C:7AC9H         LINE#         153
  C:7ACFH         LINE#         155
  C:7ACFH         LINE#         156
  C:7AD5H         LINE#         157
  C:7ADBH         LINE#         158
  C:7AE0H         LINE#         159
  -------         ENDPROC       _PCT_CHECKVMIXTYPE
  -------         PROC          _MONIWRITEASICBYTE
  D:0001H         SYMBOL        szParam
  -------         DO            
  D:0008H         SYMBOL        _dev
  D:0009H         SYMBOL        _pg
  D:000AH         SYMBOL        _addr
  D:000BH         SYMBOL        _wdat
  -------         ENDDO         
  C:7841H         LINE#         212
  C:7841H         LINE#         213
  C:7841H         LINE#         214
  C:7844H         LINE#         215
  C:7846H         LINE#         216
  C:7848H         LINE#         217
  C:784AH         LINE#         219
  C:787FH         LINE#         220
  -------         ENDPROC       _MONIWRITEASICBYTE
  -------         PROC          _MONIYVIDEOMIX
  D:0001H         SYMBOL        szParam
  -------         DO            
  D:0008H         SYMBOL        chan
  -------         ENDDO         
  C:818EH         LINE#         531
  C:818EH         LINE#         532
  C:818EH         LINE#         535
  C:81A3H         LINE#         536
  -------         ENDPROC       _MONIYVIDEOMIX
  C:73CDH         SYMBOL        L?0064
  -------         PROC          _MONISHOWSODSTR
  X:01DDH         SYMBOL        szParam
  -------         DO            
  D:0008H         SYMBOL        addrx
  D:0009H         SYMBOL        addry
  X:01E0H         SYMBOL        getStr
  -------         ENDDO         
  C:7383H         LINE#         606
  C:7389H         LINE#         607
  C:7389H         LINE#         611
  C:7389H         LINE#         612
  C:7394H         LINE#         613
  C:7394H         LINE#         614
  C:739FH         LINE#         616
  C:73A4H         LINE#         617
  C:73A9H         LINE#         618
BL51 BANKED LINKER/LOCATER V6.22                                                      02/19/2019  11:34:33  PAGE 24


  C:73AEH         LINE#         619
  C:73C8H         LINE#         620
  C:73CDH         LINE#         621
  -------         ENDPROC       _MONISHOWSODSTR
  -------         PROC          _MONIHSCOMM
  D:0001H         SYMBOL        szParam
  -------         DO            
  D:0008H         SYMBOL        winid
  D:0009H         SYMBOL        chose
  D:000AH         SYMBOL        wintp
  -------         ENDDO         
  C:58E5H         LINE#         658
  C:58E5H         LINE#         662
  C:5957H         LINE#         665
  C:5973H         LINE#         669
  C:597DH         LINE#         670
  C:5987H         LINE#         671
  C:5992H         LINE#         672
  C:599DH         LINE#         674
  C:59A8H         LINE#         675
  C:59B3H         LINE#         676
  C:59BEH         LINE#         677
  C:59C9H         LINE#         684
  C:59D2H         LINE#         685
  C:59DBH         LINE#         688
  C:59E6H         LINE#         691
  C:59E9H         LINE#         692
  C:5A05H         LINE#         697
  C:5A0AH         LINE#         698
  C:5A0FH         LINE#         699
  C:5A14H         LINE#         701
  C:5A1CH         LINE#         702
  C:5A21H         LINE#         703
  C:5A26H         LINE#         704
  C:5A29H         LINE#         705
  C:5A32H         LINE#         706
  C:5A3AH         LINE#         724
  -------         ENDPROC       _MONIHSCOMM
  -------         PROC          PCT_CHECKSYSTEM
  -------         DO            
  D:0007H         SYMBOL        TempSystem
  -------         ENDDO         
  C:72B3H         LINE#         731
  C:72B3H         LINE#         732
  C:72B3H         LINE#         735
  C:72B8H         LINE#         737
  C:72BCH         LINE#         738
  C:72BEH         LINE#         739
  C:72C5H         LINE#         740
  C:72C7H         LINE#         741
  C:72CCH         LINE#         744
  C:72DCH         LINE#         746
  C:72E1H         LINE#         750
  C:72E9H         LINE#         751
  C:72F2H         LINE#         752
  C:72FBH         LINE#         754
  C:7306H         LINE#         758
BL51 BANKED LINKER/LOCATER V6.22                                                      02/19/2019  11:34:33  PAGE 25


  C:730BH         LINE#         759
  C:730EH         LINE#         760
  C:7317H         LINE#         761
  C:731AH         LINE#         764
  C:731BH         LINE#         765
  -------         ENDPROC       PCT_CHECKSYSTEM
  -------         PROC          _MONIHSCOMMSJMODE
  D:0001H         SYMBOL        szParam
  C:820AH         LINE#         772
  C:820AH         LINE#         773
  C:820AH         LINE#         774
  -------         ENDPROC       _MONIHSCOMMSJMODE
  C:60F0H         SYMBOL        L?0056
  C:60FAH         SYMBOL        L?0063
  C:6104H         SYMBOL        L?0071
  -------         PROC          _PCT_RUNCOMMSHELL
  X:01D5H         SYMBOL        strptr
  -------         DO            
  X:01D8H         SYMBOL        commcode
  X:01DAH         SYMBOL        getStr
  -------         ENDDO         
  C:6006H         LINE#         802
  C:600CH         LINE#         803
  C:600CH         LINE#         819
  C:6023H         LINE#         822
  C:6034H         LINE#         838
  C:6043H         LINE#         841
  C:6049H         LINE#         843
  C:604CH         LINE#         896
  C:605BH         LINE#         898
  C:605BH         LINE#         900
  C:6061H         LINE#         902
  C:6064H         LINE#         924
  C:6073H         LINE#         925
  C:6073H         LINE#         927
  C:6079H         LINE#         930
  C:607CH         LINE#         931
  C:6081H         LINE#         944
  C:6093H         LINE#         945
  C:6093H         LINE#         947
  C:6099H         LINE#         948
  C:609BH         LINE#         962
  C:60ABH         LINE#         963
  C:60ABH         LINE#         965
  C:60B3H         LINE#         970
  C:60B5H         LINE#         971
  C:60C5H         LINE#         972
  C:60C5H         LINE#         974
  C:60C8H         LINE#         975
  C:60D0H         LINE#         981
  C:60D2H         LINE#         982
  C:60E7H         LINE#         983
  C:60E7H         LINE#         984
  C:60EDH         LINE#         985
  C:60EDH         LINE#         1015
  C:60EDH         LINE#         1016
  C:60EDH         LINE#         1021
BL51 BANKED LINKER/LOCATER V6.22                                                      02/19/2019  11:34:33  PAGE 26


  C:60EFH         LINE#         1022
  -------         ENDPROC       _PCT_RUNCOMMSHELL
  -------         ENDMOD        COMMANDSHELL

  -------         MODULE        MAIN
  C:0000H         SYMBOL        _ICE_DUMMY_
  D:0094H         PUBLIC        P0M1
  D:0091H         PUBLIC        P1M0
  D:00F6H         PUBLIC        PCAPWM4
  D:0095H         PUBLIC        P2M0
  D:0092H         PUBLIC        P1M1
  D:00F7H         PUBLIC        PCAPWM5
  D:0080H         PUBLIC        P0
  D:00B1H         PUBLIC        P3M0
  D:0096H         PUBLIC        P2M1
  D:0090H         PUBLIC        P1
  X:02FBH         PUBLIC        CB_flag
  D:00B2H         PUBLIC        P3M1
  D:00B3H         PUBLIC        P4M0
  D:00A0H         PUBLIC        P2
  D:00B4H         PUBLIC        P4M1
  D:00C0H         PUBLIC        XICON
  D:00B0H         PUBLIC        P3
  D:00E8H         PUBLIC        P4
  X:02FCH         PUBLIC        Temp_timeout
  D:00E1H         PUBLIC        WDTCR
  B:00A8H.7       PUBLIC        EA
  X:02FDH         PUBLIC        RScommand
  D:00F9H         PUBLIC        CH
  C:82DAH         PUBLIC        PWM_init
  D:00A8H         PUBLIC        IE
  D:00E9H         PUBLIC        CL
  D:00FAH         PUBLIC        CCAP0H
  B:0090H.1       PUBLIC        P1_1
  D:00FBH         PUBLIC        CCAP1H
  B:0090H.2       PUBLIC        P1_2
  D:00FCH         PUBLIC        CCAP2H
  B:0090H.3       PUBLIC        P1_3
  D:00FDH         PUBLIC        CCAP3H
  B:00E8H.1       PUBLIC        P4_1
  B:0090H.4       PUBLIC        P1_4
  D:00FEH         PUBLIC        CCAP4H
  D:00EAH         PUBLIC        CCAP0L
  B:0090H.5       PUBLIC        P1_5
  D:00FFH         PUBLIC        CCAP5H
  D:00EBH         PUBLIC        CCAP1L
  D:00DAH         PUBLIC        CCAPM0
  B:0024H.3       PUBLIC        VlossFlag
  B:0090H.6       PUBLIC        P1_6
  D:00ECH         PUBLIC        CCAP2L
  D:00DBH         PUBLIC        CCAPM1
  B:0090H.7       PUBLIC        P1_7
  D:00EDH         PUBLIC        CCAP3L
  D:00DCH         PUBLIC        CCAPM2
  D:00EEH         PUBLIC        CCAP4L
  D:00DDH         PUBLIC        CCAPM3
  D:00B8H         PUBLIC        IP
BL51 BANKED LINKER/LOCATER V6.22                                                      02/19/2019  11:34:33  PAGE 27


  D:00EFH         PUBLIC        CCAP5L
  D:00DEH         PUBLIC        CCAPM4
  C:3B8FH         PUBLIC        _Monitor_set
  D:00DFH         PUBLIC        CCAPM5
  B:0098H.1       PUBLIC        TI
  C:7F4CH         PUBLIC        _PWM_set
  X:0328H         PUBLIC        SC16_com_state
  D:00D9H         PUBLIC        CMOD
  D:00D8H         PUBLIC        CCON
  C:5339H         PUBLIC        main
  C:80A3H         PUBLIC        ResetCommSell
  D:0020H         PUBLIC        commFlag
  X:0329H         PUBLIC        timerout1
  B:0024H.4       PUBLIC        data_chk_flag
  X:032BH         PUBLIC        timerout2
  D:0087H         PUBLIC        PCON
  X:032DH         PUBLIC        timerout3
  X:032FH         PUBLIC        timerout4
  X:0331H         PUBLIC        boot_flag
  D:00C0H         PUBLIC        WDTC
  D:0098H         PUBLIC        SCON
  D:0089H         PUBLIC        TMOD
  D:0088H         PUBLIC        TCON
  C:8360H         PUBLIC        _PCT_FlashOSDCtrl
  C:6684H         PUBLIC        CommandShell
  D:008EH         PUBLIC        AUXR
  X:0332H         PUBLIC        work_flag
  X:0333H         PUBLIC        Small_f
  C:79BBH         PUBLIC        InitialMPU
  C:4CA5H         SYMBOL        _?ix1000
  B:0020H.0       PUBLIC        comm_chk_flag
  C:4D94H         SYMBOL        _?ix1010
  C:4CABH         SYMBOL        _?ix1001
  C:4DBAH         SYMBOL        _?ix1011
  C:4CB9H         SYMBOL        _?ix1002
  C:4DE0H         SYMBOL        _?ix1012
  C:4CC7H         SYMBOL        _?ix1003
  C:4E06H         SYMBOL        _?ix1013
  C:4CCFH         SYMBOL        _?ix1004
  C:4E2CH         SYMBOL        _?ix1014
  C:4CD6H         SYMBOL        _?ix1005
  C:4E52H         SYMBOL        _?ix1015
  C:4CFCH         SYMBOL        _?ix1006
  C:4D22H         SYMBOL        _?ix1007
  C:4D48H         SYMBOL        _?ix1008
  C:4D6EH         SYMBOL        _?ix1009
  C:774AH         PUBLIC        Version_check
  X:0334H         PUBLIC        Main_f
  X:0335H         PUBLIC        ADC_Val
  X:0339H         PUBLIC        m_current
  C:77F1H         PUBLIC        _Wait_ms
  C:833FH         PUBLIC        InitialCommShell
  D:00F8H         PUBLIC        IPA
  B:0020H.1       PUBLIC        osd_chk_flag
  X:033AH         PUBLIC        PIP_flag
  D:00C8H         PUBLIC        T2CON
  X:033BH         PUBLIC        CB_timeout
BL51 BANKED LINKER/LOCATER V6.22                                                      02/19/2019  11:34:33  PAGE 28


  C:62FAH         PUBLIC        Press_check
  X:033CH         PUBLIC        _delay
  D:00A2H         PUBLIC        AUXR1
  X:033EH         PUBLIC        timer2_loop
  D:00A6H         PUBLIC        AUXR2
  C:682AH         PUBLIC        _Set_PWM_Output
  C:7577H         PUBLIC        Camera_Version_check
  C:7697H         PUBLIC        Temp_check
  D:00F2H         PUBLIC        PCAPWM0
  D:00D0H         PUBLIC        PSW
  D:00F3H         PUBLIC        PCAPWM1
  D:00F4H         PUBLIC        PCAPWM2
  D:0093H         PUBLIC        P0M0
  D:00F5H         PUBLIC        PCAPWM3
  C:68F8H         SYMBOL        Com00B7
  C:68F8H         SYMBOL        L?0184
  C:68FCH         SYMBOL        L?0185
  C:6903H         SYMBOL        L?0186
  C:6903H         SYMBOL        L?0187
  C:690CH         SYMBOL        L?0188
  C:6911H         SYMBOL        L?0189
  C:6914H         SYMBOL        L?0190
  C:691CH         SYMBOL        L?0191
  C:691CH         SYMBOL        L?0192
  C:6928H         SYMBOL        L?0193
  C:6932H         SYMBOL        L?0194
  C:6938H         SYMBOL        L?0195
  C:693AH         SYMBOL        L?0196
  C:6941H         SYMBOL        L?0197
  C:694AH         SYMBOL        L?0198
  C:6955H         SYMBOL        L?0199
  C:6956H         SYMBOL        L?0200
  C:695DH         SYMBOL        L?0201
  C:695DH         SYMBOL        L?0202
  C:6967H         SYMBOL        L?0203
  C:6970H         SYMBOL        L?0204
  C:697FH         SYMBOL        L?0205
  C:6983H         SYMBOL        L?0206
  C:6989H         SYMBOL        L?0207
  C:6996H         SYMBOL        L?0208
  C:69A2H         SYMBOL        L?0210
  C:69AAH         SYMBOL        L?0211
  C:69B4H         SYMBOL        L?0212
  C:69B4H         SYMBOL        L?0213
  -------         PROC          COM00B7
  -------         ENDPROC       COM00B7
  -------         PROC          COMMANDSHELL
  -------         DO            
  D:0008H         SYMBOL        ch
  X:02FAH         SYMBOL        etx_flag
  -------         ENDDO         
  C:6684H         LINE#         139
  C:6684H         LINE#         140
  C:6684H         LINE#         145
  C:668FH         LINE#         146
  C:668FH         LINE#         148
  C:6692H         LINE#         149
BL51 BANKED LINKER/LOCATER V6.22                                                      02/19/2019  11:34:33  PAGE 29


  C:6697H         LINE#         157
  C:66A2H         LINE#         158
  C:66A2H         LINE#         159
  C:66A7H         LINE#         161
  C:66ADH         LINE#         166
  C:66B3H         LINE#         167
  C:66B4H         LINE#         169
  C:66D7H         LINE#         170
  C:66D7H         LINE#         171
  C:66DDH         LINE#         172
  C:66E0H         LINE#         173
  C:66E3H         LINE#         174
  C:66E4H         LINE#         175
  C:66EFH         LINE#         176
  C:66EFH         LINE#         178
  C:66F5H         LINE#         179
  C:66F8H         LINE#         180
  C:66FEH         LINE#         181
  C:6703H         LINE#         186
  C:6704H         LINE#         187
  C:670CH         LINE#         188
  C:670CH         LINE#         190
  C:6715H         LINE#         200
  C:6721H         LINE#         201
  C:6721H         LINE#         202
  C:6727H         LINE#         204
  C:672FH         LINE#         205
  C:6732H         LINE#         207
  C:673AH         LINE#         209
  C:6740H         LINE#         210
  C:6741H         LINE#         218
  C:6741H         LINE#         219
  C:6747H         LINE#         220
  C:674AH         LINE#         221
  C:6753H         LINE#         226
  C:6753H         LINE#         267
  C:6753H         LINE#         269
  C:6753H         LINE#         270
  C:675AH         LINE#         271
  C:675AH         LINE#         275
  -------         ENDPROC       COMMANDSHELL
  -------         PROC          RESETCOMMSELL
  C:80A3H         LINE#         307
  C:80A3H         LINE#         308
  C:80A3H         LINE#         311
  C:80A8H         LINE#         312
  C:80ACH         LINE#         313
  C:80B0H         LINE#         314
  C:80B3H         LINE#         315
  C:80B3H         LINE#         316
  C:80B3H         LINE#         317
  C:80B6H         LINE#         318
  C:80B6H         LINE#         319
  C:80B6H         LINE#         320
  C:80BAH         LINE#         321
  C:80BCH         LINE#         322
  C:80BEH         LINE#         324
BL51 BANKED LINKER/LOCATER V6.22                                                      02/19/2019  11:34:33  PAGE 30


  C:80C2H         LINE#         325
  C:80C4H         LINE#         326
  C:80C8H         LINE#         327
  -------         ENDPROC       RESETCOMMSELL
  -------         PROC          _PCT_FLASHOSDCTRL
  D:0007H         SYMBOL        _on
  C:8360H         LINE#         333
  C:8360H         LINE#         334
  C:8360H         LINE#         335
  C:8366H         LINE#         336
  C:8368H         LINE#         337
  -------         ENDPROC       _PCT_FLASHOSDCTRL
  -------         PROC          INITIALCOMMSHELL
  C:833FH         LINE#         344
  C:833FH         LINE#         345
  C:833FH         LINE#         346
  C:8341H         LINE#         347
  C:8343H         LINE#         350
  C:8345H         LINE#         351
  C:834AH         LINE#         352
  -------         ENDPROC       INITIALCOMMSHELL
  -------         PROC          _WAIT_MS
  X:0007H         SYMBOL        Tms
  -------         DO            
  X:0009H         SYMBOL        count
  -------         ENDDO         
  C:77F1H         LINE#         365
  C:77F9H         LINE#         367
  C:77F9H         LINE#         376
  C:7803H         LINE#         378
  C:7803H         LINE#         380
  C:7830H         LINE#         382
  C:783EH         LINE#         384
  C:7840H         LINE#         385
  -------         ENDPROC       _WAIT_MS
  -------         PROC          MAIN
  -------         DO            
  X:0000H         SYMBOL        Counter
  X:0001H         SYMBOL        readtemp
  X:0003H         SYMBOL        OsdCount1
  X:0004H         SYMBOL        OsdCount2
  X:0005H         SYMBOL        Camera_speed
  -------         ENDDO         
  C:5339H         LINE#         393
  C:5339H         LINE#         394
  C:5339H         LINE#         395
  C:533CH         LINE#         396
  C:533CH         LINE#         397
  C:5342H         LINE#         398
  C:5346H         LINE#         399
  C:5349H         LINE#         413
  C:534CH         LINE#         414
  C:534FH         LINE#         467
  C:5352H         LINE#         468
  C:5355H         LINE#         480
  C:535AH         LINE#         481
  C:535DH         LINE#         483
BL51 BANKED LINKER/LOCATER V6.22                                                      02/19/2019  11:34:33  PAGE 31


  C:5362H         LINE#         503
  C:5365H         LINE#         506
  C:536BH         LINE#         507
  C:5371H         LINE#         508
  C:537BH         LINE#         510
  C:5381H         LINE#         511
  C:5388H         LINE#         513
  C:5398H         LINE#         515
  C:5398H         LINE#         517
  C:539BH         LINE#         518
  C:53ABH         LINE#         519
  C:53B5H         LINE#         521
  C:53B8H         LINE#         522
  C:53B8H         LINE#         523
  C:53BDH         LINE#         524
  C:53BFH         LINE#         525
  C:53BFH         LINE#         529
  C:53CEH         LINE#         533
  C:53D6H         LINE#         534
  C:53D6H         LINE#         538
  C:53DAH         LINE#         539
  C:53E3H         LINE#         540
  C:53E3H         LINE#         542
  C:53F1H         LINE#         543
  C:53F1H         LINE#         546
  C:53F4H         LINE#         549
  C:5400H         LINE#         550
  C:5400H         LINE#         551
  C:5403H         LINE#         552
  C:5403H         LINE#         559
  C:5409H         LINE#         561
  C:5409H         LINE#         563
  C:5421H         LINE#         564
  C:5421H         LINE#         565
  C:5427H         LINE#         566
  C:542AH         LINE#         568
  C:542AH         LINE#         579
  C:543FH         LINE#         580
  C:543FH         LINE#         585
  C:5458H         LINE#         586
  C:545EH         LINE#         587
  C:5464H         LINE#         588
  C:546CH         LINE#         590
  C:546EH         LINE#         592
  C:5471H         LINE#         595
  C:547DH         LINE#         596
  C:547DH         LINE#         597
  C:5483H         LINE#         598
  C:548CH         LINE#         602
  C:548CH         LINE#         609
  C:549FH         LINE#         610
  C:549FH         LINE#         611
  C:54A7H         LINE#         612
  C:54AEH         LINE#         613
  C:54AEH         LINE#         615
  C:54B1H         LINE#         636
  -------         ENDPROC       MAIN
BL51 BANKED LINKER/LOCATER V6.22                                                      02/19/2019  11:34:33  PAGE 32


  -------         PROC          INITIALMPU
  C:79BBH         LINE#         652
  C:79BBH         LINE#         654
  C:79BEH         LINE#         655
  C:79C0H         LINE#         659
  C:79C2H         LINE#         662
  C:79C5H         LINE#         664
  C:79C7H         LINE#         665
  C:79CAH         LINE#         670
  C:79CCH         LINE#         678
  C:79CFH         LINE#         679
  C:79D2H         LINE#         680
  C:79D5H         LINE#         685
  C:79D8H         LINE#         686
  C:79DAH         LINE#         687
  C:79DCH         LINE#         688
  C:79DEH         LINE#         689
  C:79DFH         LINE#         745
  C:79E1H         LINE#         746
  C:79E3H         LINE#         748
  C:79E6H         LINE#         749
  C:79E9H         LINE#         751
  C:79EBH         LINE#         752
  C:79EDH         LINE#         754
  C:79EFH         LINE#         755
  C:79F1H         LINE#         757
  C:79F3H         LINE#         758
  C:79F6H         LINE#         759
  C:79F8H         LINE#         762
  C:79FAH         LINE#         763
  C:79FCH         LINE#         764
  C:79FEH         LINE#         765
  C:7A00H         LINE#         766
  C:7A02H         LINE#         767
  C:7A04H         LINE#         771
  -------         ENDPROC       INITIALMPU
  -------         PROC          _SET_PWM_OUTPUT
  X:01DDH         SYMBOL        addr
  X:01DEH         SYMBOL        val
  -------         DO            
  X:01DFH         SYMBOL        num
  -------         ENDDO         
  C:682AH         LINE#         774
  C:6832H         LINE#         775
  C:6832H         LINE#         778
  C:683FH         LINE#         794
  C:685CH         LINE#         795
  C:685CH         LINE#         796
  C:685CH         LINE#         797
  C:685FH         LINE#         798
  C:686AH         LINE#         799
  C:686DH         LINE#         801
  C:6872H         LINE#         802
  C:6875H         LINE#         803
  C:6876H         LINE#         804
  C:6876H         LINE#         805
[...]
  C:8030H         LINE#         2063
  C:8032H         LINE#         2064
  C:8033H         LINE#         2065
  C:8039H         LINE#         2067
  C:8043H         LINE#         2068
  C:8043H         LINE#         2071
  C:8048H         LINE#         2072
  C:804FH         LINE#         2073
  C:8052H         LINE#         2074
  C:8052H         LINE#         2106
  -------         ENDPROC       _BCC_CAL
  C:4C9DH         SYMBOL        L?0342
  -------         PROC          _SC16_BCC_CHECK
  D:0001H         SYMBOL        addr
  -------         DO            
  X:0006H         SYMBOL        loop
  X:0007H         SYMBOL        f_val
  X:0008H         SYMBOL        s_val
  X:0009H         SYMBOL        com
  -------         ENDDO         
  C:4AC1H         LINE#         2133
  C:4AC1H         LINE#         2134
  C:4AC1H         LINE#         2136
  C:4AC6H         LINE#         2137
  C:4AC8H         LINE#         2150
  C:4ACBH         LINE#         2151
  C:4ACBH         LINE#         2152
  C:4AD1H         LINE#         2153
  C:4AD1H         LINE#         2154
  C:4AD1H         LINE#         2155
  C:4AD7H         LINE#         2156
  C:4AD7H         LINE#         2157
  C:4AD7H         LINE#         2158
  C:4ADEH         LINE#         2159
  C:4AE3H         LINE#         2162
  C:4AEBH         LINE#         2163
BL51 BANKED LINKER/LOCATER V6.22                                                      02/19/2019  11:34:33  PAGE 86


  C:4AEBH         LINE#         2164
  C:4AEDH         LINE#         2165
  C:4AF8H         LINE#         2166
  C:4AF8H         LINE#         2167
  C:4AFCH         LINE#         2168
  C:4B03H         LINE#         2169
  C:4B03H         LINE#         2170
  C:4B04H         LINE#         2171
  C:4B0EH         LINE#         2172
  C:4B0EH         LINE#         2173
  C:4B11H         LINE#         2174
  C:4B11H         LINE#         2175
  C:4B14H         LINE#         2176
  C:4B14H         LINE#         2177
  C:4B1CH         LINE#         2179
  C:4B1CH         LINE#         2181
  C:4B1CH         LINE#         2186
  C:4B2AH         LINE#         2187
  C:4B2AH         LINE#         2188
  C:4B4AH         LINE#         2189
  C:4B4AH         LINE#         2190
  C:4B4FH         LINE#         2191
  C:4B57H         LINE#         2192
  C:4B5FH         LINE#         2193
  C:4B64H         LINE#         2194
  C:4B6CH         LINE#         2198
  C:4B77H         LINE#         2199
  C:4B77H         LINE#         2200
  C:4B7EH         LINE#         2201
  C:4B84H         LINE#         2202
  C:4B8AH         LINE#         2203
  C:4B91H         LINE#         2204
  C:4B9BH         LINE#         2205
  C:4B9BH         LINE#         2208
  C:4B9EH         LINE#         2209
  C:4BB3H         LINE#         2210
  C:4BB3H         LINE#         2211
  C:4BB8H         LINE#         2212
  C:4BBBH         LINE#         2214
  C:4BC7H         LINE#         2215
  C:4BC7H         LINE#         2216
  C:4BCAH         LINE#         2220
  C:4BCDH         LINE#         2221
  C:4BD9H         LINE#         2222
  C:4BD9H         LINE#         2223
  C:4BDCH         LINE#         2227
  C:4BDFH         LINE#         2228
  C:4BEBH         LINE#         2229
  C:4BEBH         LINE#         2230
  C:4BEEH         LINE#         2234
  C:4BF1H         LINE#         2235
  C:4BFDH         LINE#         2236
  C:4BFDH         LINE#         2237
  C:4C00H         LINE#         2241
  C:4C03H         LINE#         2243
  C:4C18H         LINE#         2244
  C:4C18H         LINE#         2245
BL51 BANKED LINKER/LOCATER V6.22                                                      02/19/2019  11:34:33  PAGE 87


  C:4C1DH         LINE#         2250
  C:4C1FH         LINE#         2252
  C:4C2BH         LINE#         2253
  C:4C2BH         LINE#         2254
  C:4C2EH         LINE#         2258
  C:4C30H         LINE#         2259
  C:4C3CH         LINE#         2260
  C:4C3CH         LINE#         2261
  C:4C3FH         LINE#         2265
  C:4C41H         LINE#         2266
  C:4C4DH         LINE#         2267
  C:4C4DH         LINE#         2268
  C:4C50H         LINE#         2272
  C:4C52H         LINE#         2286
  C:4C52H         LINE#         2292
  C:4C58H         LINE#         2293
  C:4C58H         LINE#         2295
  C:4C6BH         LINE#         2296
  C:4C7CH         LINE#         2298
  C:4C82H         LINE#         2299
  C:4C88H         LINE#         2310
  C:4C8AH         LINE#         2312
  C:4C8AH         LINE#         2313
  C:4C8FH         LINE#         2318
  C:4C8FH         LINE#         2321
  C:4C92H         LINE#         2322
  C:4C92H         LINE#         2327
  C:4C95H         LINE#         2329
  C:4C95H         LINE#         2331
  C:4C95H         LINE#         2332
  C:4C9AH         LINE#         2336
  C:4C9CH         LINE#         2337
  C:4C9CH         LINE#         2341
  -------         ENDPROC       _SC16_BCC_CHECK
  -------         PROC          CHECK_OTHER_COM
  C:69BBH         LINE#         2345
  C:69BBH         LINE#         2346
  C:69BBH         LINE#         2348
  C:69C3H         LINE#         2349
  C:69C3H         LINE#         2350
  C:69C6H         LINE#         2351
  C:69C6H         LINE#         2355
  C:69DEH         LINE#         2357
  C:69E2H         LINE#         2358
  C:69E2H         LINE#         2359
  C:69EAH         LINE#         2360
  C:69EAH         LINE#         2361
  C:69ECH         LINE#         2362
  C:69F3H         LINE#         2363
  C:69F3H         LINE#         2364
  C:69FCH         LINE#         2365
  C:6A01H         LINE#         2366
  C:6A03H         LINE#         2368
  C:6A08H         LINE#         2371
  C:6A08H         LINE#         2372
  C:6A0AH         LINE#         2373
  C:6A0AH         LINE#         2375
BL51 BANKED LINKER/LOCATER V6.22                                                      02/19/2019  11:34:33  PAGE 88


  C:6A20H         LINE#         2377
  C:6A24H         LINE#         2378
  C:6A24H         LINE#         2379
  C:6A2CH         LINE#         2380
  C:6A2CH         LINE#         2381
  C:6A2EH         LINE#         2382
  C:6A35H         LINE#         2383
  C:6A35H         LINE#         2384
  C:6A3EH         LINE#         2385
  C:6A43H         LINE#         2386
  C:6A43H         LINE#         2389
  C:6A43H         LINE#         2390
  C:6A45H         LINE#         2391
  C:6A45H         LINE#         2393
  C:6A5BH         LINE#         2394
  C:6A5BH         LINE#         2395
  C:6A60H         LINE#         2396
  C:6A6DH         LINE#         2397
  C:6A70H         LINE#         2398
  C:6A70H         LINE#         2402
  C:6A73H         LINE#         2404
  C:6A73H         LINE#         2405
  C:6A73H         LINE#         2406
  C:6A73H         LINE#         2407
  C:6A73H         LINE#         2410
  C:6A73H         LINE#         2412
  C:6A73H         LINE#         2417
  C:6A73H         LINE#         2420
  C:6A73H         LINE#         2422
  C:6A73H         LINE#         2424
  C:6A73H         LINE#         2426
  C:6A73H         LINE#         2432
  C:6A73H         LINE#         2435
  C:6A73H         LINE#         2437
  C:6A73H         LINE#         2441
  C:6A73H         LINE#         2443
  C:6A79H         LINE#         2447
  -------         ENDPROC       CHECK_OTHER_COM
  -------         PROC          _RESETDEVICE
  D:0003H         SYMBOL        addr
  -------         DO            
  D:0006H         SYMBOL        temp
  -------         ENDDO         
  C:000EH         LINE#         2541
  C:0010H         LINE#         2542
  C:0010H         LINE#         2544
  C:0017H         LINE#         2545
  C:001BH         LINE#         2546
  -------         ENDPROC       _RESETDEVICE
  -------         PROC          _SETBAUDRATE
  X:0007H         SYMBOL        addr
  X:0008H         SYMBOL        baudrate
  -------         DO            
  X:000CH         SYMBOL        divisor
  X:0010H         SYMBOL        prescaler
  D:0002H         SYMBOL        temp_lcr
  -------         ENDDO         
BL51 BANKED LINKER/LOCATER V6.22                                                      02/19/2019  11:34:33  PAGE 89


  C:6A7CH         LINE#         2556
  C:6A81H         LINE#         2557
  C:6A81H         LINE#         2573
  C:6A8DH         LINE#         2574
  C:6A90H         LINE#         2575
  C:6A92H         LINE#         2576
  C:6A95H         LINE#         2577
  C:6A95H         LINE#         2581
  C:6ADFH         LINE#         2593
  C:6AEBH         LINE#         2595
  C:6AF2H         LINE#         2597
  C:6AF5H         LINE#         2599
  C:6AF8H         LINE#         2601
  C:6B0AH         LINE#         2603
  C:6B29H         LINE#         2610
  C:6B2CH         LINE#         2611
  C:6B2FH         LINE#         2613
  C:6B33H         LINE#         2630
  -------         ENDPROC       _SETBAUDRATE
  -------         PROC          _SETLINE
  D:0002H         SYMBOL        addr
  X:0008H         SYMBOL        data_length
  D:0001H         SYMBOL        parity_select
  X:000AH         SYMBOL        stop_length
  -------         DO            
  D:0006H         SYMBOL        temp_lcr
  -------         ENDDO         
  C:74B0H         LINE#         2632
  C:74B9H         LINE#         2633
  C:74B9H         LINE#         2635
  C:74C0H         LINE#         2636
  C:74C4H         LINE#         2641
  C:74D4H         LINE#         2642
  C:74D4H         LINE#         2643
  C:74D4H         LINE#         2644
  C:74D4H         LINE#         2645
  C:74D8H         LINE#         2646
  C:74DAH         LINE#         2647
  C:74DAH         LINE#         2648
  C:74DEH         LINE#         2649
  C:74E0H         LINE#         2650
  C:74E0H         LINE#         2653
  C:74E0H         LINE#         2654
  C:74E4H         LINE#         2655
  C:74E4H         LINE#         2656
  C:74E4H         LINE#         2658
  C:74EBH         LINE#         2659
  C:74EFH         LINE#         2660
  C:74EFH         LINE#         2662
  C:74FBH         LINE#         2663
  C:74FBH         LINE#         2664
  C:74FBH         LINE#         2665
  C:74FBH         LINE#         2666
  C:74FFH         LINE#         2667
  C:7501H         LINE#         2668
  C:7501H         LINE#         2669
  C:7505H         LINE#         2670
BL51 BANKED LINKER/LOCATER V6.22                                                      02/19/2019  11:34:33  PAGE 90


  C:7507H         LINE#         2671
  C:7507H         LINE#         2672
  C:750BH         LINE#         2673
  C:750BH         LINE#         2674
  C:750BH         LINE#         2675
  C:750BH         LINE#         2676
  C:750BH         LINE#         2677
  C:750BH         LINE#         2678
  C:750BH         LINE#         2680
  -------         ENDPROC       _SETLINE
  -------         PROC          _GPIOSETPORTMODE
  D:0007H         SYMBOL        addr
  D:0005H         SYMBOL        port_io
  C:8372H         LINE#         2728
  C:8372H         LINE#         2729
  C:8372H         LINE#         2731
  -------         ENDPROC       _GPIOSETPORTMODE
  -------         PROC          _GPIOSETPORTSTATE
  D:0007H         SYMBOL        addr
  D:0005H         SYMBOL        port_state
  C:837BH         LINE#         2736
  C:837BH         LINE#         2737
  C:837BH         LINE#         2738
  -------         ENDPROC       _GPIOSETPORTSTATE
  -------         PROC          _GPIOGETPORTSTATE
  D:0007H         SYMBOL        addr
  C:83B2H         LINE#         2741
  C:83B2H         LINE#         2742
  C:83B2H         LINE#         2747
  C:83B7H         LINE#         2749
  -------         ENDPROC       _GPIOGETPORTSTATE
  -------         PROC          _WRITEBYTE
  D:0007H         SYMBOL        addr
  D:0005H         SYMBOL        val
  C:8384H         LINE#         2841
  C:8384H         LINE#         2842
  C:8384H         LINE#         2864
  -------         ENDPROC       _WRITEBYTE
  -------         PROC          _READBYTE
  D:0007H         SYMBOL        addr
  -------         DO            
  D:0007H         SYMBOL        val
  -------         ENDDO         
  C:83B8H         LINE#         2870
  C:83B8H         LINE#         2871
  C:83B8H         LINE#         2875
  C:83BDH         LINE#         2876
  C:83BDH         LINE#         2902
  -------         ENDPROC       _READBYTE
  -------         PROC          MCTRL_SET
  C:838DH         LINE#         3012
  C:838DH         LINE#         3013
  C:838DH         LINE#         3016
  C:838FH         LINE#         3017
  C:8391H         LINE#         3018
  C:8393H         LINE#         3019
  C:8395H         LINE#         3020
BL51 BANKED LINKER/LOCATER V6.22                                                      02/19/2019  11:34:33  PAGE 91


  -------         ENDPROC       MCTRL_SET
  -------         ENDMOD        NED

  -------         MODULE        ?C?FPADD
  C:259FH         PUBLIC        ?C?FPADD
  C:259BH         PUBLIC        ?C?FPSUB
  -------         ENDMOD        ?C?FPADD

  -------         MODULE        ?C?FPMUL
  C:2690H         PUBLIC        ?C?FPMUL
  -------         ENDMOD        ?C?FPMUL

  -------         MODULE        ?C?FPDIV
  C:2799H         PUBLIC        ?C?FPDIV
  -------         ENDMOD        ?C?FPDIV

  -------         MODULE        ?C?FCAST
  C:2840H         PUBLIC        ?C?FCASTC
  C:283BH         PUBLIC        ?C?FCASTI
  C:2836H         PUBLIC        ?C?FCASTL
  -------         ENDMOD        ?C?FCAST

  -------         MODULE        ?C?CASTF
  C:2874H         PUBLIC        ?C?CASTF
  -------         ENDMOD        ?C?CASTF

  -------         MODULE        SCANF
  X:01DDH         PUBLIC        ?_SCANF?BYTE
  X:01DDH         PUBLIC        ?_SSCANF?BYTE
  C:430FH         PUBLIC        _SCANF
  C:430BH         PUBLIC        _SSCANF
  -------         ENDMOD        SCANF

  -------         MODULE        ?C?FPNEG
  C:28F5H         PUBLIC        ?C?FPNEG
  -------         ENDMOD        ?C?FPNEG

  -------         MODULE        ?C?FTNPWR
  C:2936H         PUBLIC        ?C?FTNPWR
  -------         ENDMOD        ?C?FTNPWR

  -------         MODULE        ?C?COPY
  C:2A46H         PUBLIC        ?C?COPY
  -------         ENDMOD        ?C?COPY

  -------         MODULE        ?C?CLDPTR
  C:2A6CH         PUBLIC        ?C?CLDPTR
  -------         ENDMOD        ?C?CLDPTR

  -------         MODULE        ?C?CLDOPTR
  C:2A85H         PUBLIC        ?C?CLDOPTR
  -------         ENDMOD        ?C?CLDOPTR

  -------         MODULE        ?C?CSTPTR
  C:2AB2H         PUBLIC        ?C?CSTPTR
  -------         ENDMOD        ?C?CSTPTR

BL51 BANKED LINKER/LOCATER V6.22                                                      02/19/2019  11:34:33  PAGE 92


  -------         MODULE        ?C?IMUL
  C:2AC4H         PUBLIC        ?C?IMUL
  -------         ENDMOD        ?C?IMUL

  -------         MODULE        ?C?UIDIV
  C:2AD6H         PUBLIC        ?C?UIDIV
  -------         ENDMOD        ?C?UIDIV

  -------         MODULE        ?C?IILDX
  C:2B2BH         PUBLIC        ?C?IILDX
  -------         ENDMOD        ?C?IILDX

  -------         MODULE        ?C?ILDIX
  C:2B41H         PUBLIC        ?C?ILDIX
  -------         ENDMOD        ?C?ILDIX

  -------         MODULE        ?C?ILDPTR
  C:2B57H         PUBLIC        ?C?ILDPTR
  -------         ENDMOD        ?C?ILDPTR

  -------         MODULE        ?C?IILDOPTR
  C:2B82H         PUBLIC        ?C?IILDOPTR
  -------         ENDMOD        ?C?IILDOPTR

  -------         MODULE        ?C?ISTPTR
  C:2BCFH         PUBLIC        ?C?ISTPTR
  -------         ENDMOD        ?C?ISTPTR

  -------         MODULE        ?C?LMUL
  C:2BEEH         PUBLIC        ?C?LMUL
  -------         ENDMOD        ?C?LMUL

  -------         MODULE        ?C?ULDIV
  C:2C79H         PUBLIC        ?C?ULDIV
  -------         ENDMOD        ?C?ULDIV

  -------         MODULE        ?C?SLDIV
  C:7BB6H         PUBLIC        ?C?SLDIV
  -------         ENDMOD        ?C?SLDIV

  -------         MODULE        ?C?LNEG
  C:2D0BH         PUBLIC        ?C?LNEG
  -------         ENDMOD        ?C?LNEG

  -------         MODULE        ?C?ULCMP
  C:2D19H         PUBLIC        ?C?ULCMP
  -------         ENDMOD        ?C?ULCMP

  -------         MODULE        ?C?ULSHR
  C:2D2AH         PUBLIC        ?C?ULSHR
  -------         ENDMOD        ?C?ULSHR

  -------         MODULE        ?C?LSTPTR
  C:2D3DH         PUBLIC        ?C?LSTPTR
  -------         ENDMOD        ?C?LSTPTR

  -------         MODULE        ?C?LSTXDATA
BL51 BANKED LINKER/LOCATER V6.22                                                      02/19/2019  11:34:33  PAGE 93


  C:2D57H         PUBLIC        ?C?LSTXDATA
  -------         ENDMOD        ?C?LSTXDATA

  -------         MODULE        ?C?LSTKXDATA
  C:2D63H         PUBLIC        ?C?LSTKXDATA
  -------         ENDMOD        ?C?LSTKXDATA

  -------         MODULE        ?C?PLDXDATA
  C:2D94H         PUBLIC        ?C?PLDXDATA
  -------         ENDMOD        ?C?PLDXDATA

  -------         MODULE        ?C?PLDIXDATA
  C:2D9DH         PUBLIC        ?C?PLDIXDATA
  -------         ENDMOD        ?C?PLDIXDATA

  -------         MODULE        ?C?PILDXDATA
  C:2DB4H         PUBLIC        ?C?PILDXDATA
  -------         ENDMOD        ?C?PILDXDATA

  -------         MODULE        ?C?PSTXDATA
  C:2DCBH         PUBLIC        ?C?PSTXDATA
  -------         ENDMOD        ?C?PSTXDATA

  -------         MODULE        ?C?PLDPTR
  C:2DD4H         PUBLIC        ?C?PLDPTR
  -------         ENDMOD        ?C?PLDPTR

  -------         MODULE        ?C?PSTPTR
  C:2DF4H         PUBLIC        ?C?PSTPTR
  -------         ENDMOD        ?C?PSTPTR

  -------         MODULE        ?C?CCASE
  C:2E43H         PUBLIC        ?C?CCASE
  -------         ENDMOD        ?C?CCASE

  -------         MODULE        GETCHAR
  B:0024H.5       PUBLIC        ?C?CHARLOADED
  X:035EH         PUBLIC        ?_UNGETCHAR?BYTE
  C:8249H         PUBLIC        GETCHAR
  -------         ENDMOD        GETCHAR

  -------         MODULE        UNGETC
  C:839EH         PUBLIC        _UNGETCHAR
  -------         ENDMOD        UNGETC

  -------         MODULE        ISSPACE
  C:825DH         PUBLIC        _isspace
  -------         ENDMOD        ISSPACE

  -------         MODULE        STRLEN
  C:8220H         PUBLIC        _STRLEN
  -------         ENDMOD        STRLEN

  -------         MODULE        ATOI
  C:65A9H         PUBLIC        _atoi
  -------         ENDMOD        ATOI

BL51 BANKED LINKER/LOCATER V6.22                                                      02/19/2019  11:34:33  PAGE 94


  -------         MODULE        ?C?LSTIDATA
  C:2E69H         PUBLIC        ?C?LSTIDATA
  -------         ENDMOD        ?C?LSTIDATA

  -------         MODULE        ?C?LSTPDATA
  C:2E75H         PUBLIC        ?C?LSTPDATA
  -------         ENDMOD        ?C?LSTPDATA

  -------         MODULE        ?C?PLDIDATA
  C:2E81H         PUBLIC        ?C?PLDIDATA
  -------         ENDMOD        ?C?PLDIDATA

  -------         MODULE        ?C?PSTIDATA
  C:2E8AH         PUBLIC        ?C?PSTIDATA
  -------         ENDMOD        ?C?PSTIDATA

  -------         MODULE        ?C?PLDPDATA
  C:2E93H         PUBLIC        ?C?PLDPDATA
  -------         ENDMOD        ?C?PLDPDATA

  -------         MODULE        ?C?PSTPDATA
  C:2E9CH         PUBLIC        ?C?PSTPDATA
  -------         ENDMOD        ?C?PSTPDATA

  -------         MODULE        ?C?PLDCODE
  C:2EA5H         PUBLIC        ?C?PLDCODE
  -------         ENDMOD        ?C?PLDCODE

  -------         MODULE        PUTCHAR
  C:807CH         PUBLIC        _PUTCHAR
  -------         ENDMOD        PUTCHAR

  -------         MODULE        _GETKEY
  C:8356H         PUBLIC        _GETKEY
  -------         ENDMOD        _GETKEY

  -------         MODULE        ISDIGIT
  C:8316H         PUBLIC        _isdigit
  -------         ENDMOD        ISDIGIT

Program Size: data=42.6 xdata=863 code=33730
LINK/LOCATE RUN COMPLETE.  0 WARNING(S),  0 ERROR(S)
