BL51 BANKED LINKER/LOCATER V6.22                                                        02/18/2019  18:00:34  PAGE 1


BL51 BANKED LINKER/LOCATER V6.22, INVOKED BY:
C:\KEIL\C51\BIN\BL51.EXE .\OBJ\STARTUP.obj, .\OBJ\UART.obj, .\OBJ\BusCtrl.obj, .\OBJ\CommandShell.obj, .\OBJ\Main.obj, .
>> \OBJ\OSD_Graph.obj, .\OBJ\OSDAction .obj, .\OBJ\OSDCtrl.obj, .\OBJ\Timer.obj, .\OBJ\TW28xx_Audio.obj, .\OBJ\TW28xx_Vi
>> deo.obj, .\OBJ\TW2835_Init.obj, .\OBJ\NED.obj TO .\OBJ\NED_5MCMOS_v0_a_d_XXXX_20190218 PRINT (.\OBJ\NED_5MCMOS_v0_a_d
>> _XXXX_20190218.m51) RAMSIZE (256)


MEMORY MODEL: LARGE WITH FLOATING POINT ARITHMETIC


INPUT MODULES INCLUDED:
  .\OBJ\STARTUP.obj (?C_STARTUP)
  .\OBJ\UART.obj (UART)
  .\OBJ\BusCtrl.obj (BUSCTRL)
  .\OBJ\CommandShell.obj (COMMANDSHELL)
  .\OBJ\Main.obj (MAIN)
  .\OBJ\OSD_Graph.obj (OSD_GRAPH)
  .\OBJ\OSDAction .obj (OSDACTION_)
  .\OBJ\OSDCtrl.obj (OSDCTRL)
  .\OBJ\Timer.obj (TIMER)
  .\OBJ\TW28xx_Audio.obj (TW28XX_AUDIO)
  .\OBJ\TW28xx_Video.obj (TW28XX_VIDEO)
  .\OBJ\TW2835_Init.obj (TW2835_INIT)
  .\OBJ\NED.obj (NED)
  C:\KEIL\C51\LIB\C51FPL.LIB (?C?FPADD)
  C:\KEIL\C51\LIB\C51FPL.LIB (?C?FPMUL)
  C:\KEIL\C51\LIB\C51FPL.LIB (?C?FPDIV)
  C:\KEIL\C51\LIB\C51FPL.LIB (?C?FCAST)
  C:\KEIL\C51\LIB\C51FPL.LIB (?C?CASTF)
  C:\KEIL\C51\LIB\C51FPL.LIB (SCANF)
  C:\KEIL\C51\LIB\C51FPL.LIB (?C?FPGETOPN)
  C:\KEIL\C51\LIB\C51FPL.LIB (?C?ATOF)
  C:\KEIL\C51\LIB\C51FPL.LIB (?C?FPNEG)
  C:\KEIL\C51\LIB\C51FPL.LIB (?C?FTNPWR)
  C:\KEIL\C51\LIB\C51L.LIB (?C_INIT)
  C:\KEIL\C51\LIB\C51L.LIB (?C?COPY)
  C:\KEIL\C51\LIB\C51L.LIB (?C?CLDPTR)
  C:\KEIL\C51\LIB\C51L.LIB (?C?CLDOPTR)
  C:\KEIL\C51\LIB\C51L.LIB (?C?CSTPTR)
  C:\KEIL\C51\LIB\C51L.LIB (?C?IMUL)
  C:\KEIL\C51\LIB\C51L.LIB (?C?UIDIV)
  C:\KEIL\C51\LIB\C51L.LIB (?C?IILDX)
  C:\KEIL\C51\LIB\C51L.LIB (?C?ILDIX)
  C:\KEIL\C51\LIB\C51L.LIB (?C?ILDPTR)
  C:\KEIL\C51\LIB\C51L.LIB (?C?IILDOPTR)
  C:\KEIL\C51\LIB\C51L.LIB (?C?ISTPTR)
  C:\KEIL\C51\LIB\C51L.LIB (?C?LMUL)
  C:\KEIL\C51\LIB\C51L.LIB (?C?ULDIV)
  C:\KEIL\C51\LIB\C51L.LIB (?C?SLDIV)
  C:\KEIL\C51\LIB\C51L.LIB (?C?LNEG)
  C:\KEIL\C51\LIB\C51L.LIB (?C?ULCMP)
  C:\KEIL\C51\LIB\C51L.LIB (?C?ULSHR)
  C:\KEIL\C51\LIB\C51L.LIB (?C?LSTPTR)
  C:\KEIL\C51\LIB\C51L.LIB (?C?LSTXDATA)
  C:\KEIL\C51\LIB\C51L.LIB (?C?LSTKXDATA)
  C:\KEIL\C51\LIB\C51L.LIB (?C?PLDXDATA)
  C:\KEIL\C51\LIB\C51L.LIB (?C?PLDIXDATA)
  C:\KEIL\C51\LIB\C51L.LIB (?C?PILDXDATA)
BL51 BANKED LINKER/LOCATER V6.22                                                      02/18/2019  18:00:34  PAGE 2


  C:\KEIL\C51\LIB\C51L.LIB (?C?PSTXDATA)
  C:\KEIL\C51\LIB\C51L.LIB (?C?PLDPTR)
  C:\KEIL\C51\LIB\C51L.LIB (?C?PSTPTR)
  C:\KEIL\C51\LIB\C51L.LIB (?C?CCASE)
  C:\KEIL\C51\LIB\C51L.LIB (GETCHAR)
  C:\KEIL\C51\LIB\C51L.LIB (UNGETC)
  C:\KEIL\C51\LIB\C51L.LIB (ISSPACE)
  C:\KEIL\C51\LIB\C51L.LIB (STRLEN)
  C:\KEIL\C51\LIB\C51L.LIB (ATOI)
  C:\KEIL\C51\LIB\C51L.LIB (?C?LSTIDATA)
  C:\KEIL\C51\LIB\C51L.LIB (?C?LSTPDATA)
  C:\KEIL\C51\LIB\C51L.LIB (?C?PLDIDATA)
  C:\KEIL\C51\LIB\C51L.LIB (?C?PSTIDATA)
  C:\KEIL\C51\LIB\C51L.LIB (?C?PLDPDATA)
  C:\KEIL\C51\LIB\C51L.LIB (?C?PSTPDATA)
  C:\KEIL\C51\LIB\C51L.LIB (?C?PLDCODE)
  C:\KEIL\C51\LIB\C51L.LIB (PUTCHAR)
  C:\KEIL\C51\LIB\C51L.LIB (_GETKEY)
  C:\KEIL\C51\LIB\C51L.LIB (ISDIGIT)


LINK MAP OF MODULE:  .\OBJ\NED_5MCMOS_v0_a_d_XXXX_20190218 (?C_STARTUP)


            TYPE    BASE      LENGTH    RELOCATION   SEGMENT NAME
            -----------------------------------------------------

            * * * * * * *   D A T A   M E M O R Y   * * * * * * *
            REG     0000H     0008H     ABSOLUTE     "REG BANK 0"
            DATA    0008H     000FH     UNIT         _DATA_GROUP_
            DATA    0017H     0002H     UNIT         ?DT?OSDCTRL
                    0019H     0007H                  *** GAP ***
            DATA    0020H     0001H     BIT_ADDR     ?BA?MAIN
            DATA    0021H     0001H     BIT_ADDR     ?BA?OSDACTION_
            DATA    0022H     0001H     BIT_ADDR     ?BA?OSDCTRL
            BIT     0023H.0   0001H.3   UNIT         _BIT_GROUP_
            BIT     0024H.3   0000H.2   UNIT         ?BI?MAIN
            BIT     0024H.5   0000H.1   UNIT         ?BI?GETCHAR
                    0024H.6   0000H.2                *** GAP ***
            DATA    0025H     000CH     UNIT         ?DT?TIMER
            IDATA   0031H     0001H     UNIT         ?STACK

            * * * * * * *  X D A T A   M E M O R Y  * * * * * * *
            XDATA   0000H     0211H     UNIT         _XDATA_GROUP_
            XDATA   0211H     0084H     UNIT         ?XD?NED
            XDATA   0295H     0066H     UNIT         ?XD?UART
            XDATA   02FBH     0045H     UNIT         ?XD?MAIN
            XDATA   0340H     001DH     UNIT         ?XD?COMMANDSHELL
            XDATA   035DH     0001H     UNIT         ?XD?OSD_GRAPH
            XDATA   035EH     0001H     UNIT         ?XD?OSDACTION_
            XDATA   035FH     0001H     UNIT         ?XD?GETCHAR

            * * * * * * *   C O D E   M E M O R Y   * * * * * * *
            CODE    0000H     0003H     ABSOLUTE     
            CODE    0003H     0008H     UNIT         ?PR?_RS_TX?UART
            CODE    000BH     0003H     ABSOLUTE     
            CODE    000EH     0015H     UNIT         ?PR?_RESETDEVICE?NED
BL51 BANKED LINKER/LOCATER V6.22                                                      02/18/2019  18:00:34  PAGE 3


            CODE    0023H     0003H     ABSOLUTE     
            CODE    0026H     0003H     UNIT         ?PR?_PCT_PRESETFOREGROUNDCOLOR?OSDCTRL
            CODE    0029H     0001H     UNIT         ?PR?PTC_SWITCHTOI2CMODE?BUSCTRL
            CODE    002AH     0001H     UNIT         ?PR?PCT_SENDACK?COMMANDSHELL
            CODE    002BH     0003H     ABSOLUTE     
            CODE    002EH     16CAH     UNIT         ?CO?OSD_GRAPH
            CODE    16F8H     0EA0H     UNIT         ?CO?OSDCTRL
            CODE    2598H     0919H     UNIT         ?C?LIB_CODE
            CODE    2EB1H     0485H     UNIT         ?PR?_PCT_SHOWMIRRORICON?OSDACTION_
            CODE    3336H     0459H     UNIT         ?CO?TW28XX_VIDEO
            CODE    378FH     0400H     UNIT         ?CO?TW2835_INIT
            CODE    3B8FH     037DH     UNIT         ?PR?_MONITOR_SET?MAIN
            CODE    3F0CH     036EH     UNIT         ?PR?_PCT_OSD_ACTIONPTHX?OSDACTION_
            CODE    427AH     035AH     UNIT         ?PR?SCANF?SCANF
            CODE    45D4H     02F8H     UNIT         ?PR?_PCT_SETVIDEOHDELAY?TW28XX_VIDEO
            CODE    48CCH     01EDH     UNIT         ?PR?_SC16_SENDDATASELECT?NED
            CODE    4AB9H     01E4H     UNIT         ?PR?_SC16_BCC_CHECK?NED
            CODE    4C9DH     01D3H     UNIT         ?CO?MAIN
            CODE    4E70H     01A3H     UNIT         ?PR?_PCT_SETXVIDEOMIXING?TW28XX_VIDEO
            CODE    5013H     01A2H     UNIT         ?PR?_PCT_OSD16X16GRAPHX?OSD_GRAPH
            CODE    51B5H     017CH     UNIT         ?PR?_PCT_WRITEOSDDATABUFFERX?OSDCTRL
            CODE    5331H     017BH     UNIT         ?PR?MAIN?MAIN
            CODE    54ACH     016BH     UNIT         ?C_INITSEG
            CODE    5617H     016AH     UNIT         ?PR?OSDCTRL
            CODE    5781H     0160H     UNIT         ?PR?_PCT_SHOWINDICATEICON?OSDACTION_
            CODE    58E1H     0156H     UNIT         ?PR?_MONIHSCOMM?COMMANDSHELL
            CODE    5A37H     0141H     UNIT         ?PR?_PCT_RECOMPENSEYHDELAY?TW28XX_VIDEO
            CODE    5B78H     013AH     UNIT         ?PR?PCT_INITOSDCOLOR?OSDCTRL
            CODE    5CB2H     0124H     UNIT         ?PR?_PCT_WRITEOSDFNTX?OSDCTRL
            CODE    5DD6H     0124H     UNIT         ?PR?_PCT_WRITEOSDDATABUFFERY?OSDCTRL
            CODE    5EFAH     0108H     UNIT         ?PR?TW28XX_VIDEO
            CODE    6002H     0107H     UNIT         ?PR?_PCT_RUNCOMMSHELL?COMMANDSHELL
            CODE    6109H     00FBH     UNIT         ?PR?CAMERA_MOVE?NED
            CODE    6204H     00F2H     UNIT         ?PR?_PCT_WRITEOSDFNTY?OSDCTRL
            CODE    62F6H     00ECH     UNIT         ?PR?PRESS_CHECK?MAIN
            CODE    63E2H     00E6H     UNIT         ?PR??C?ATOF??C?ATOF
            CODE    64C8H     00DDH     UNIT         ?PR?TIMER2_INTERRUPT?TIMER
            CODE    65A5H     00DBH     UNIT         ?PR?_ATOI?ATOI
            CODE    6680H     00D7H     UNIT         ?PR?COMMANDSHELL?MAIN
            CODE    6757H     00CFH     UNIT         ?PR?NED
            CODE    6826H     00CEH     UNIT         ?PR?_SET_PWM_OUTPUT?MAIN
            CODE    68F4H     00C3H     UNIT         ?PR?MAIN
            CODE    69B7H     00C1H     UNIT         ?PR?CHECK_OTHER_COM?NED
            CODE    6A78H     00B8H     UNIT         ?PR?_SETBAUDRATE?NED
            CODE    6B30H     00B6H     UNIT         ?PR?_PCT_CLEARWORDSPATHX?OSDCTRL
            CODE    6BE6H     00B0H     UNIT         ?PR?_SC16_COMCHECK?NED
            CODE    6C96H     00AAH     UNIT         ?PR?_PCT_FULLCOLORONOSD?OSDCTRL
            CODE    6D40H     0099H     UNIT         ?PR?_PCT_SETCHANELSCALE?TW28XX_VIDEO
            CODE    6DD9H     008CH     UNIT         ?C_C51STARTUP
            CODE    6E65H     008CH     UNIT         ?PR?_PCT_READASICBYTE?BUSCTRL
            CODE    6EF1H     0082H     UNIT         ?PR?COMMANDSHELL
            CODE    6F73H     0081H     UNIT         ?PR?_PCT_WRITEASICTABLE?BUSCTRL
            CODE    6FF4H     0080H     UNIT         ?PR?SC16_INIT?NED
            CODE    7074H     0079H     UNIT         ?PR?_I2CWRITEDATA?NED
            CODE    70EDH     0073H     UNIT         ?PR?_BOUND_SET?NED
            CODE    7160H     0072H     UNIT         ?CO?COMMANDSHELL
            CODE    71D2H     0070H     UNIT         ?PR?_PCT_GETFIRSTSTR?COMMANDSHELL
BL51 BANKED LINKER/LOCATER V6.22                                                      02/18/2019  18:00:34  PAGE 4


            CODE    7242H     006DH     UNIT         ?PR?OSDACTION_
            CODE    72AFH     0069H     UNIT         ?PR?PCT_CHECKSYSTEM?COMMANDSHELL
            CODE    7318H     0067H     UNIT         ?PR?PCT_TW2835_INITIAL?TW2835_INIT
            CODE    737FH     0065H     UNIT         ?PR?_MONISHOWSODSTR?COMMANDSHELL
            CODE    73E4H     0064H     UNIT         ?PR?_PCT_WRITEASICBYTE?BUSCTRL
            CODE    7448H     0064H     UNIT         ?PR?_PCT_CHANGESYSTEMTYPE?TW2835_INIT
            CODE    74ACH     0064H     UNIT         ?PR?_SETLINE?NED
            CODE    7510H     0063H     UNIT         ?PR?GPIO_CHECK?NED
            CODE    7573H     0061H     UNIT         ?PR?CAMERA_VERSION_CHECK?MAIN
            CODE    75D4H     0061H     UNIT         ?PR?_PCT_SHOWGRAPHSTRING?OSD_GRAPH
            CODE    7635H     005EH     UNIT         ?PR?_PCT_SHOWOSDSTRING?OSDCTRL
            CODE    7693H     005AH     UNIT         ?PR?TEMP_CHECK?MAIN
            CODE    76EDH     0059H     UNIT         ?PR?_PCT_SETOSDCOLOR?OSDCTRL
            CODE    7746H     0055H     UNIT         ?PR?VERSION_CHECK?MAIN
            CODE    779BH     0052H     UNIT         ?PR?_PCT_WRITESTABLE?BUSCTRL
            CODE    77EDH     0050H     UNIT         ?PR?_WAIT_MS?MAIN
            CODE    783DH     004DH     UNIT         ?PR?_MONIWRITEASICBYTE?COMMANDSHELL
            CODE    788AH     004CH     UNIT         ?PR?PCT_INITIALOSD?OSDACTION_
            CODE    78D6H     004BH     UNIT         ?PR?_PCT_DETECTVIDEOFORMAT?TW28XX_VIDEO
            CODE    7921H     004BH     UNIT         ?PR?SENT_CAMERA_ANG?NED
            CODE    796CH     004BH     UNIT         ?PR?SENT_CAMERA_RANG?NED
            CODE    79B7H     004AH     UNIT         ?PR?INITIALMPU?MAIN
            CODE    7A01H     004AH     UNIT         ?PR?SEND_CAMERA_PRESS?NED
            CODE    7A4BH     004AH     UNIT         ?PR?_SET_CAMERA_SPEED?NED
            CODE    7A95H     0048H     UNIT         ?PR?_PCT_CHECKVMIXTYPE?COMMANDSHELL
            CODE    7ADDH     0048H     UNIT         ?PR?_SET_VIDEO?NED
            CODE    7B25H     0047H     UNIT         ?PR?PCT_GETVIDEOSIGNALSTATUS?OSDACTION_
            CODE    7B6CH     0046H     UNIT         ?PR?PCT_SHOWMODEICON?OSDACTION_
            CODE    7BB2H     0044H     UNIT         ?C?LDIV
            CODE    7BF6H     0040H     UNIT         ?PR?_PCT_WINATTRCTRLY?TW28XX_VIDEO
            CODE    7C36H     0040H     UNIT         ?PR?_READI2CWORD?NED
            CODE    7C76H     003FH     UNIT         ?PR?SENT_DVR_TEMP?NED
            CODE    7CB5H     003DH     UNIT         ?PR?_PCT_STRTOCOMMCODE?COMMANDSHELL
            CODE    7CF2H     003CH     UNIT         ?PR?BUSCTRL
            CODE    7D2EH     003CH     UNIT         ?PR?_SC16_SENDDATA?NED
            CODE    7D6AH     003BH     UNIT         ?PR?_SC16_DATA_RESET?NED
            CODE    7DA5H     003AH     UNIT         ?PR?_PCT_WINATTRCTRL?TW28XX_VIDEO
            CODE    7DDFH     0038H     UNIT         ?PR?OSD_GRAPH
            CODE    7E17H     0036H     UNIT         ?PR?_PCT_ENSHOWOSDPAGE?OSDCTRL
            CODE    7E4DH     0036H     UNIT         ?PR?SEND_CAMERA_TEMP?NED
            CODE    7E83H     0034H     UNIT         ?PR?_PCT_DISSHOWOSDPAGE?OSDCTRL
            CODE    7EB7H     0032H     UNIT         ?PR?REPEAT_PWM_COM?NED
            CODE    7EE9H     0032H     UNIT         ?PR?SC16_DATACHECK?NED
            CODE    7F1BH     002DH     UNIT         ?PR?RS_INTERRUPT?UART
            CODE    7F48H     002DH     UNIT         ?PR?_PWM_SET?MAIN
            CODE    7F75H     002CH     UNIT         ?PR?GET_CAMERA_VER?NED
            CODE    7FA1H     002CH     UNIT         ?PR?GET_CAMERA_ANG?NED
            CODE    7FCDH     002CH     UNIT         ?PR?GET_CAMERA_RANG?NED
            CODE    7FF9H     002CH     UNIT         ?PR?GET_DVR_TEMP?NED
            CODE    8025H     002AH     UNIT         ?PR?_BCC_CAL?NED
            CODE    804FH     0029H     UNIT         ?PR?I2CREADDATAWITHACK?NED
            CODE    8078H     0027H     UNIT         ?PR?PUTCHAR?PUTCHAR
            CODE    809FH     0026H     UNIT         ?PR?RESETCOMMSELL?MAIN
            CODE    80C5H     0026H     UNIT         ?PR?PCT_OSDACTIONFORHS?OSDACTION_
            CODE    80EBH     0023H     UNIT         ?PR?I2CREADDATA?NED
            CODE    810EH     0020H     UNIT         ?CO?OSDACTION_
            CODE    812EH     0020H     UNIT         ?PR?_ADC_READ?NED
BL51 BANKED LINKER/LOCATER V6.22                                                      02/18/2019  18:00:34  PAGE 5


            CODE    814EH     001FH     UNIT         ?PR?_PCT_SETOSDDRAWPAGE?OSDCTRL
            CODE    816DH     001DH     UNIT         ?PR?INITIALTIMER2?TIMER
            CODE    818AH     001AH     UNIT         ?PR?_MONIYVIDEOMIX?COMMANDSHELL
            CODE    81A4H     001AH     UNIT         ?PR?_PCT_CLEAROSDPAGEX?OSDCTRL
            CODE    81BEH     0019H     UNIT         ?PR?RS_RX?UART
            CODE    81D7H     0019H     UNIT         ?PR?TW2835_INIT
            CODE    81F0H     0016H     UNIT         ?PR?INITIALUART?UART
            CODE    8206H     0016H     UNIT         ?PR?_MONIHSCOMMSJMODE?COMMANDSHELL
            CODE    821CH     0015H     UNIT         ?PR?_STRLEN?STRLEN
            CODE    8231H     0014H     UNIT         ?PR?_PCT_SETYVIDEOMIXING?TW28XX_VIDEO
            CODE    8245H     0014H     UNIT         ?PR?GETCHAR?GETCHAR
            CODE    8259H     0014H     UNIT         ?PR?_ISSPACE?ISSPACE
            CODE    826DH     0013H     UNIT         ?PR?PCT_TW2835RESETN?TW2835_INIT
            CODE    8280H     0012H     UNIT         ?PR?PCT_INITIALTW2835?TW2835_INIT
            CODE    8292H     0012H     UNIT         ?PR?I2CSTART?NED
            CODE    82A4H     0012H     UNIT         ?PR?_WRITEI2C?NED
            CODE    82B6H     0010H     UNIT         ?PR?RS_RXREADY?UART
            CODE    82C6H     0010H     UNIT         ?PR?_POWER_ONOFF?NED
            CODE    82D6H     000FH     UNIT         ?PR?PWM_INIT?MAIN
            CODE    82E5H     000FH     UNIT         ?PR?_READI2C?NED
            CODE    82F4H     000FH     UNIT         ?PR?_SENT_CAMERA_IRD?NED
            CODE    8303H     000FH     UNIT         ?CO?NED
            CODE    8312H     000FH     UNIT         ?PR?_ISDIGIT?ISDIGIT
            CODE    8321H     000DH     UNIT         ?PR?TIMER0_INTERRUPT?TIMER
            CODE    832EH     000DH     UNIT         ?PR?I2CSTOP?NED
            CODE    833BH     000CH     UNIT         ?PR?INITIALCOMMSHELL?MAIN
            CODE    8347H     000BH     UNIT         ?PR?UART
            CODE    8352H     000AH     UNIT         ?PR?_GETKEY?_GETKEY
            CODE    835CH     0009H     UNIT         ?PR?_PCT_FLASHOSDCTRL?MAIN
            CODE    8365H     0009H     UNIT         ?PR?INITIALTIMER0?TIMER
            CODE    836EH     0009H     UNIT         ?PR?_GPIOSETPORTMODE?NED
            CODE    8377H     0009H     UNIT         ?PR?_GPIOSETPORTSTATE?NED
            CODE    8380H     0009H     UNIT         ?PR?_WRITEBYTE?NED
            CODE    8389H     0009H     UNIT         ?PR?MCTRL_SET?NED
            CODE    8392H     0008H     UNIT         ?PR?PCT_ENFALSHVLOSS?OSDACTION_
            CODE    839AH     0008H     UNIT         ?PR?GETCHAR?UNGETCHAR
            CODE    83A2H     0006H     UNIT         ?PR?PCT_CLEARGRAPHATTR?OSD_GRAPH
            CODE    83A8H     0006H     UNIT         ?PR?_PCT_PRESETGRAPHATTR?OSD_GRAPH
            CODE    83AEH     0006H     UNIT         ?PR?_GPIOGETPORTSTATE?NED
            CODE    83B4H     0006H     UNIT         ?PR?_READBYTE?NED
            CODE    83BAH     0003H     UNIT         ?PR?_PCT_PRESETBACKGROUNDCOLOR?OSDCTRL
            CODE    83BDH     0001H     UNIT         ?PR?I2CDELAY?NED



OVERLAY MAP OF MODULE:   .\OBJ\NED_5MCMOS_v0_a_d_XXXX_20190218 (?C_STARTUP)


SEGMENT                                            BIT_GROUP          DATA_GROUP          XDATA_GROUP
  +--> CALLED SEGMENT                           START    LENGTH     START    LENGTH     START    LENGTH
-------------------------------------------------------------------------------------------------------
?C_C51STARTUP                                   -----    -----      -----    -----      -----    -----
  +--> ?PR?MAIN?MAIN
  +--> ?C_INITSEG

?PR?MAIN?MAIN                                   -----    -----      -----    -----      0000H    0006H
  +--> ?PR?MAIN
BL51 BANKED LINKER/LOCATER V6.22                                                      02/18/2019  18:00:34  PAGE 6


  +--> ?PR?INITIALMPU?MAIN
  +--> ?PR?PWM_INIT?MAIN
  +--> ?PR?INITIALCOMMSHELL?MAIN
  +--> ?PR?RESETCOMMSELL?MAIN
  +--> ?PR?_POWER_ONOFF?NED
  +--> ?PR?SC16_INIT?NED
  +--> ?PR?_MONITOR_SET?MAIN
  +--> ?PR?GPIO_CHECK?NED
  +--> ?PR?_GPIOGETPORTSTATE?NED
  +--> ?PR?COMMANDSHELL?MAIN
  +--> ?PR?_PCT_RUNCOMMSHELL?COMMANDSHELL
  +--> ?PR?PCT_CHECKSYSTEM?COMMANDSHELL
  +--> ?PR?RS_RXREADY?UART
  +--> ?PR?PCT_GETVIDEOSIGNALSTATUS?OSDACTION_
  +--> ?PR?CAMERA_MOVE?NED
  +--> ?PR?_SC16_DATA_RESET?NED
  +--> ?PR?SC16_DATACHECK?NED
  +--> ?PR?_SET_CAMERA_SPEED?NED

?PR?INITIALMPU?MAIN                             -----    -----      -----    -----      -----    -----
  +--> ?PR?INITIALUART?UART
  +--> ?PR?INITIALTIMER0?TIMER
  +--> ?PR?INITIALTIMER2?TIMER

?PR?RESETCOMMSELL?MAIN                          -----    -----      -----    -----      -----    -----
  +--> ?PR?MAIN

?PR?_POWER_ONOFF?NED                            -----    -----      -----    -----      -----    -----
  +--> ?PR?_WAIT_MS?MAIN

?PR?_WAIT_MS?MAIN                               -----    -----      -----    -----      0007H    0004H

?PR?SC16_INIT?NED                               -----    -----      -----    -----      0006H    0001H
  +--> ?PR?_WAIT_MS?MAIN
  +--> ?PR?NED
  +--> ?PR?_RESETDEVICE?NED
  +--> ?PR?_SETBAUDRATE?NED
  +--> ?PR?_SETLINE?NED
  +--> ?PR?_WRITEI2C?NED
  +--> ?PR?_GPIOSETPORTMODE?NED
  +--> ?PR?_GPIOSETPORTSTATE?NED

?PR?NED                                         -----    -----      -----    -----      -----    -----
  +--> ?PR?I2CDELAY?NED
  +--> ?PR?I2CSTART?NED
  +--> ?PR?_I2CWRITEDATA?NED

?PR?I2CSTART?NED                                -----    -----      -----    -----      -----    -----
  +--> ?PR?I2CDELAY?NED

?PR?_I2CWRITEDATA?NED                           -----    -----      -----    -----      -----    -----
  +--> ?PR?I2CSTART?NED
  +--> ?PR?I2CDELAY?NED

?PR?_RESETDEVICE?NED                            -----    -----      -----    -----      -----    -----
  +--> ?PR?_READI2C?NED
  +--> ?PR?_WRITEI2C?NED
BL51 BANKED LINKER/LOCATER V6.22                                                      02/18/2019  18:00:34  PAGE 7



?PR?_READI2C?NED                                -----    -----      -----    -----      -----    -----
  +--> ?PR?_I2CWRITEDATA?NED
  +--> ?PR?NED
  +--> ?PR?I2CREADDATA?NED
  +--> ?PR?I2CSTOP?NED

?PR?I2CREADDATA?NED                             -----    -----      -----    -----      -----    -----
  +--> ?PR?NED
  +--> ?PR?I2CDELAY?NED

?PR?I2CSTOP?NED                                 -----    -----      -----    -----      -----    -----
  +--> ?PR?I2CDELAY?NED

?PR?_WRITEI2C?NED                               -----    -----      -----    -----      -----    -----
  +--> ?PR?_I2CWRITEDATA?NED
  +--> ?PR?I2CSTOP?NED

?PR?_SETBAUDRATE?NED                            -----    -----      -----    -----      0007H    000AH
  +--> ?PR?_READI2C?NED
  +--> ?PR?_WRITEI2C?NED

?PR?_SETLINE?NED                                -----    -----      -----    -----      0007H    0004H
  +--> ?PR?_READI2C?NED
  +--> ?PR?_WRITEI2C?NED

?PR?_GPIOSETPORTMODE?NED                        -----    -----      -----    -----      -----    -----
  +--> ?PR?_WRITEI2C?NED

?PR?_GPIOSETPORTSTATE?NED                       -----    -----      -----    -----      -----    -----
  +--> ?PR?_WRITEI2C?NED

?PR?_MONITOR_SET?MAIN                           -----    -----      -----    -----      0006H    01CFH
  +--> ?CO?MAIN
  +--> ?PR?MAIN
  +--> ?PR?PCT_INITIALTW2835?TW2835_INIT
  +--> ?PR?_PCT_WRITEASICBYTE?BUSCTRL
  +--> ?PR?_PCT_RUNCOMMSHELL?COMMANDSHELL
  +--> ?PR?_BOUND_SET?NED

?PR?PCT_INITIALTW2835?TW2835_INIT               -----    -----      -----    -----      -----    -----
  +--> ?PR?PCT_TW2835RESETN?TW2835_INIT
  +--> ?PR?PCT_TW2835_INITIAL?TW2835_INIT
  +--> ?PR?PCT_INITIALOSD?OSDACTION_

?PR?PCT_TW2835_INITIAL?TW2835_INIT              -----    -----      -----    -----      01D5H    0002H
  +--> ?PR?TW2835_INIT
  +--> ?CO?TW2835_INIT
  +--> ?PR?_PCT_WRITEASICTABLE?BUSCTRL

?PR?TW2835_INIT                                 -----    -----      -----    -----      -----    -----
  +--> ?CO?TW2835_INIT

?PR?_PCT_WRITEASICTABLE?BUSCTRL                 -----    -----      -----    -----      01D7H    0007H
  +--> ?PR?BUSCTRL
  +--> ?PR?MCTRL_SET?NED

BL51 BANKED LINKER/LOCATER V6.22                                                      02/18/2019  18:00:34  PAGE 8


?PR?PCT_INITIALOSD?OSDACTION_                   -----    -----      0008H    0001H      -----    -----
  +--> ?PR?PCT_INITOSDCOLOR?OSDCTRL
  +--> ?PR?PCT_CLEARGRAPHATTR?OSD_GRAPH
  +--> ?PR?_PCT_PRESETFOREGROUNDCOLOR?OSDCTRL
  +--> ?PR?_PCT_PRESETBACKGROUNDCOLOR?OSDCTRL
  +--> ?PR?_PCT_ENSHOWOSDPAGE?OSDCTRL
  +--> ?PR?_PCT_SETOSDDRAWPAGE?OSDCTRL
  +--> ?PR?_PCT_FULLCOLORONOSD?OSDCTRL

?PR?PCT_INITOSDCOLOR?OSDCTRL                    -----    -----      -----    -----      -----    -----
  +--> ?PR?_PCT_WRITEASICBYTE?BUSCTRL
  +--> ?PR?OSDCTRL
  +--> ?PR?_PCT_SETOSDCOLOR?OSDCTRL

?PR?_PCT_WRITEASICBYTE?BUSCTRL                  -----    -----      -----    -----      020DH    0004H
  +--> ?PR?BUSCTRL
  +--> ?PR?MCTRL_SET?NED

?PR?OSDCTRL                                     -----    -----      -----    -----      -----    -----
  +--> ?CO?OSDCTRL

?PR?_PCT_SETOSDCOLOR?OSDCTRL                    -----    -----      -----    -----      01D5H    0005H
  +--> ?PR?_PCT_WRITEASICBYTE?BUSCTRL

?PR?_PCT_ENSHOWOSDPAGE?OSDCTRL                  -----    -----      -----    -----      01E3H    0001H
  +--> ?PR?OSDCTRL
  +--> ?PR?_PCT_WRITEASICBYTE?BUSCTRL
  +--> ?PR?_PCT_READASICBYTE?BUSCTRL

?PR?_PCT_READASICBYTE?BUSCTRL                   -----    -----      -----    -----      0209H    0004H
  +--> ?PR?MCTRL_SET?NED
  +--> ?PR?BUSCTRL

?PR?_PCT_SETOSDDRAWPAGE?OSDCTRL                 -----    -----      -----    -----      01E3H    0001H
  +--> ?PR?OSDCTRL
  +--> ?PR?_PCT_READASICBYTE?BUSCTRL
  +--> ?PR?_PCT_WRITEASICBYTE?BUSCTRL

?PR?_PCT_FULLCOLORONOSD?OSDCTRL                 -----    -----      -----    -----      01DDH    0006H
  +--> ?PR?OSDCTRL
  +--> ?PR?_PCT_WRITEASICBYTE?BUSCTRL
  +--> ?PR?_PCT_READASICBYTE?BUSCTRL

?PR?_PCT_RUNCOMMSHELL?COMMANDSHELL              -----    -----      -----    -----      01D5H    0008H
  +--> ?PR?COMMANDSHELL
  +--> ?PR?_PCT_GETFIRSTSTR?COMMANDSHELL
  +--> ?PR?_PCT_STRTOCOMMCODE?COMMANDSHELL
  +--> ?CO?COMMANDSHELL
  +--> ?PR?_MONIWRITEASICBYTE?COMMANDSHELL
  +--> ?PR?_MONIYVIDEOMIX?COMMANDSHELL
  +--> ?PR?_MONIHSCOMM?COMMANDSHELL
  +--> ?PR?PCT_OSDACTIONFORHS?OSDACTION_
  +--> ?PR?_PCT_FLASHOSDCTRL?MAIN
  +--> ?PR?_MONIHSCOMMSJMODE?COMMANDSHELL
  +--> ?PR?REPEAT_PWM_COM?NED
  +--> ?PR?_PWM_SET?MAIN
  +--> ?PR?_MONISHOWSODSTR?COMMANDSHELL
BL51 BANKED LINKER/LOCATER V6.22                                                      02/18/2019  18:00:34  PAGE 9



?PR?COMMANDSHELL                                -----    -----      -----    -----      -----    -----
  +--> ?PR?PCT_SENDACK?COMMANDSHELL

?PR?_PCT_GETFIRSTSTR?COMMANDSHELL               -----    -----      -----    -----      01E3H    0006H
  +--> ?PR?COMMANDSHELL

?PR?_PCT_STRTOCOMMCODE?COMMANDSHELL             -----    -----      0008H    0002H      01DDH    0003H
  +--> ?PR?COMMANDSHELL

?PR?_MONIWRITEASICBYTE?COMMANDSHELL             -----    -----      0008H    0004H      -----    -----
  +--> ?PR?COMMANDSHELL
  +--> ?CO?COMMANDSHELL
  +--> ?PR?SCANF?SCANF
  +--> ?PR?_PCT_WRITEASICBYTE?BUSCTRL

?PR?SCANF?SCANF                                 0023H.0  0000H.6    000CH    0009H      01DDH    002EH
  +--> ?PR?GETCHAR?UNGETCHAR
  +--> ?PR?_ISSPACE?ISSPACE
  +--> ?PR?GETCHAR?GETCHAR
  +--> ?PR??C?ATOF??C?ATOF

?PR?GETCHAR?GETCHAR                             -----    -----      -----    -----      -----    -----
  +--> ?PR?_GETKEY?_GETKEY
  +--> ?PR?PUTCHAR?PUTCHAR

?PR??C?ATOF??C?ATOF                             0023H.6  0000H.5    0015H    0002H      -----    -----

?PR?_MONIYVIDEOMIX?COMMANDSHELL                 -----    -----      0008H    0001H      -----    -----
  +--> ?PR?COMMANDSHELL
  +--> ?CO?COMMANDSHELL
  +--> ?PR?SCANF?SCANF
  +--> ?PR?_PCT_SETYVIDEOMIXING?TW28XX_VIDEO

?PR?_PCT_SETYVIDEOMIXING?TW28XX_VIDEO           -----    -----      -----    -----      -----    -----
  +--> ?CO?TW28XX_VIDEO
  +--> ?PR?_PCT_WRITESTABLE?BUSCTRL

?PR?_PCT_WRITESTABLE?BUSCTRL                    -----    -----      -----    -----      01E4H    0003H
  +--> ?PR?BUSCTRL
  +--> ?PR?_PCT_READASICBYTE?BUSCTRL
  +--> ?PR?_PCT_WRITEASICBYTE?BUSCTRL

?PR?_MONIHSCOMM?COMMANDSHELL                    -----    -----      0008H    0003H      -----    -----
  +--> ?PR?COMMANDSHELL
  +--> ?CO?COMMANDSHELL
  +--> ?PR?SCANF?SCANF
  +--> ?PR?_PCT_WINATTRCTRLY?TW28XX_VIDEO
  +--> ?PR?_PCT_RECOMPENSEYHDELAY?TW28XX_VIDEO
  +--> ?PR?_PCT_SETVIDEOHDELAY?TW28XX_VIDEO
  +--> ?PR?_PCT_SETXVIDEOMIXING?TW28XX_VIDEO
  +--> ?PR?_PCT_WINATTRCTRL?TW28XX_VIDEO
  +--> ?PR?_PCT_FLASHOSDCTRL?MAIN
  +--> ?PR?_PCT_CHECKVMIXTYPE?COMMANDSHELL
  +--> ?PR?_PCT_DISSHOWOSDPAGE?OSDCTRL
  +--> ?PR?_PCT_CLEAROSDPAGEX?OSDCTRL
  +--> ?PR?PCT_SHOWMODEICON?OSDACTION_
BL51 BANKED LINKER/LOCATER V6.22                                                      02/18/2019  18:00:34  PAGE 10


  +--> ?PR?_PCT_OSD_ACTIONPTHX?OSDACTION_

?PR?_PCT_WINATTRCTRLY?TW28XX_VIDEO              -----    -----      -----    -----      01DDH    0003H
  +--> ?PR?TW28XX_VIDEO
  +--> ?PR?_PCT_READASICBYTE?BUSCTRL
  +--> ?PR?_PCT_WRITEASICBYTE?BUSCTRL

?PR?TW28XX_VIDEO                                -----    -----      -----    -----      -----    -----
  +--> ?CO?TW28XX_VIDEO

?PR?_PCT_RECOMPENSEYHDELAY?TW28XX_VIDEO         -----    -----      -----    -----      01DDH    0003H
  +--> ?PR?TW28XX_VIDEO
  +--> ?PR?_PCT_READASICBYTE?BUSCTRL
  +--> ?CO?TW28XX_VIDEO
  +--> ?PR?_PCT_WRITEASICBYTE?BUSCTRL

?PR?_PCT_SETVIDEOHDELAY?TW28XX_VIDEO            -----    -----      -----    -----      01DDH    0008H
  +--> ?PR?TW28XX_VIDEO
  +--> ?PR?_PCT_READASICBYTE?BUSCTRL
  +--> ?PR?_PCT_WRITEASICBYTE?BUSCTRL
  +--> ?CO?TW28XX_VIDEO

?PR?_PCT_SETXVIDEOMIXING?TW28XX_VIDEO           -----    -----      -----    -----      01DDH    0007H
  +--> ?PR?TW28XX_VIDEO
  +--> ?PR?_PCT_WRITEASICBYTE?BUSCTRL
  +--> ?CO?TW28XX_VIDEO
  +--> ?PR?_PCT_SETCHANELSCALE?TW28XX_VIDEO
  +--> ?PR?_PCT_WRITESTABLE?BUSCTRL

?PR?_PCT_SETCHANELSCALE?TW28XX_VIDEO            -----    -----      -----    -----      01E4H    0008H
  +--> ?PR?TW28XX_VIDEO
  +--> ?CO?TW28XX_VIDEO
  +--> ?PR?_PCT_WRITEASICBYTE?BUSCTRL

?PR?_PCT_WINATTRCTRL?TW28XX_VIDEO               -----    -----      -----    -----      01DDH    0003H
  +--> ?PR?TW28XX_VIDEO
  +--> ?PR?_PCT_READASICBYTE?BUSCTRL
  +--> ?PR?_PCT_WRITEASICBYTE?BUSCTRL

?PR?_PCT_CHECKVMIXTYPE?COMMANDSHELL             -----    -----      000BH    0001H      -----    -----
  +--> ?PR?COMMANDSHELL

?PR?_PCT_DISSHOWOSDPAGE?OSDCTRL                 -----    -----      -----    -----      01DDH    0003H
  +--> ?PR?OSDCTRL
  +--> ?PR?_PCT_READASICBYTE?BUSCTRL
  +--> ?PR?_PCT_WRITEASICBYTE?BUSCTRL

?PR?_PCT_CLEAROSDPAGEX?OSDCTRL                  -----    -----      -----    -----      -----    -----
  +--> ?PR?_PCT_SETOSDDRAWPAGE?OSDCTRL
  +--> ?PR?_PCT_PRESETBACKGROUNDCOLOR?OSDCTRL
  +--> ?PR?_PCT_FULLCOLORONOSD?OSDCTRL

?PR?PCT_SHOWMODEICON?OSDACTION_                 -----    -----      -----    -----      -----    -----
  +--> ?PR?_PCT_SETOSDDRAWPAGE?OSDCTRL
  +--> ?CO?OSDACTION_
  +--> ?PR?_PCT_SHOWGRAPHSTRING?OSD_GRAPH
  +--> ?PR?_PCT_PRESETBACKGROUNDCOLOR?OSDCTRL
BL51 BANKED LINKER/LOCATER V6.22                                                      02/18/2019  18:00:34  PAGE 11


  +--> ?PR?_PCT_PRESETFOREGROUNDCOLOR?OSDCTRL

?PR?_PCT_SHOWGRAPHSTRING?OSD_GRAPH              -----    -----      -----    -----      01E0H    0007H
  +--> ?PR?OSD_GRAPH
  +--> ?PR?_STRLEN?STRLEN
  +--> ?PR?_PCT_OSD16X16GRAPHX?OSD_GRAPH
  +--> ?PR?PTC_SWITCHTOI2CMODE?BUSCTRL

?PR?_PCT_OSD16X16GRAPHX?OSD_GRAPH               -----    -----      -----    -----      01E7H    000BH
  +--> ?CO?OSD_GRAPH
  +--> ?PR?OSD_GRAPH
  +--> ?PR?_PCT_WRITEASICBYTE?BUSCTRL
  +--> ?PR?_PCT_READASICBYTE?BUSCTRL

?PR?_PCT_OSD_ACTIONPTHX?OSDACTION_              -----    -----      -----    -----      01DDH    0003H
  +--> ?PR?OSDACTION_
  +--> ?PR?_PCT_PRESETFOREGROUNDCOLOR?OSDCTRL
  +--> ?PR?_PCT_PRESETBACKGROUNDCOLOR?OSDCTRL
  +--> ?PR?_PCT_SHOWGRAPHSTRING?OSD_GRAPH

?PR?OSDACTION_                                  -----    -----      -----    -----      -----    -----
  +--> ?CO?OSDACTION_

?PR?PCT_OSDACTIONFORHS?OSDACTION_               -----    -----      -----    -----      -----    -----
  +--> ?PR?_PCT_SETOSDDRAWPAGE?OSDCTRL
  +--> ?PR?_PCT_SHOWMIRRORICON?OSDACTION_
  +--> ?PR?_PCT_SHOWINDICATEICON?OSDACTION_
  +--> ?PR?PCT_ENFALSHVLOSS?OSDACTION_
  +--> ?PR?_PCT_ENSHOWOSDPAGE?OSDCTRL

?PR?_PCT_SHOWMIRRORICON?OSDACTION_              -----    -----      -----    -----      01DDH    0003H
  +--> ?PR?OSDACTION_
  +--> ?PR?_PCT_PRESETFOREGROUNDCOLOR?OSDCTRL
  +--> ?PR?_PCT_CLEARWORDSPATHX?OSDCTRL
  +--> ?PR?_PCT_SHOWGRAPHSTRING?OSD_GRAPH

?PR?_PCT_CLEARWORDSPATHX?OSDCTRL                -----    -----      -----    -----      01E0H    0007H
  +--> ?PR?OSDCTRL
  +--> ?PR?_PCT_WRITEASICBYTE?BUSCTRL
  +--> ?PR?_PCT_READASICBYTE?BUSCTRL

?PR?_PCT_SHOWINDICATEICON?OSDACTION_            -----    -----      0008H    0001H      01DDH    0003H
  +--> ?PR?OSDACTION_
  +--> ?PR?_PCT_PRESETFOREGROUNDCOLOR?OSDCTRL
  +--> ?PR?_PCT_CLEARWORDSPATHX?OSDCTRL
  +--> ?CO?OSDACTION_
  +--> ?PR?_PCT_SHOWGRAPHSTRING?OSD_GRAPH

?PR?_MONIHSCOMMSJMODE?COMMANDSHELL              -----    -----      -----    -----      -----    -----
  +--> ?PR?COMMANDSHELL
  +--> ?CO?COMMANDSHELL
  +--> ?PR?SCANF?SCANF

?PR?REPEAT_PWM_COM?NED                          -----    -----      -----    -----      -----    -----
  +--> ?PR?_WRITEBYTE?NED

?PR?_WRITEBYTE?NED                              -----    -----      -----    -----      -----    -----
BL51 BANKED LINKER/LOCATER V6.22                                                      02/18/2019  18:00:34  PAGE 12


  +--> ?PR?_WRITEI2C?NED

?PR?_PWM_SET?MAIN                               -----    -----      -----    -----      -----    -----
  +--> ?PR?MAIN
  +--> ?PR?_SET_PWM_OUTPUT?MAIN

?PR?_SET_PWM_OUTPUT?MAIN                        -----    -----      -----    -----      01DDH    0008H
  +--> ?CO?MAIN
  +--> ?PR?MAIN

?PR?_MONISHOWSODSTR?COMMANDSHELL                -----    -----      0008H    0002H      01DDH    0006H
  +--> ?PR?COMMANDSHELL
  +--> ?PR?_ATOI?ATOI
  +--> ?PR?_PCT_PRESETFOREGROUNDCOLOR?OSDCTRL
  +--> ?PR?_PCT_PRESETBACKGROUNDCOLOR?OSDCTRL
  +--> ?PR?_PCT_SETOSDDRAWPAGE?OSDCTRL
  +--> ?PR?_PCT_SHOWOSDSTRING?OSDCTRL
  +--> ?PR?_PCT_ENSHOWOSDPAGE?OSDCTRL
  +--> ?PR?_PCT_GETFIRSTSTR?COMMANDSHELL

?PR?_ATOI?ATOI                                  0023H.0  0000H.1    -----    -----      01E3H    0005H
  +--> ?PR?_ISSPACE?ISSPACE
  +--> ?PR?_ISDIGIT?ISDIGIT

?PR?_PCT_SHOWOSDSTRING?OSDCTRL                  -----    -----      -----    -----      01E3H    0007H
  +--> ?PR?OSDCTRL
  +--> ?PR?_STRLEN?STRLEN
  +--> ?PR?_PCT_WRITEOSDFNTX?OSDCTRL
  +--> ?PR?_PCT_WRITEOSDFNTY?OSDCTRL
  +--> ?PR?PTC_SWITCHTOI2CMODE?BUSCTRL

?PR?_PCT_WRITEOSDFNTX?OSDCTRL                   -----    -----      000AH    0003H      01EAH    0013H
  +--> ?PR?OSDCTRL
  +--> ?PR?_PCT_WRITEOSDDATABUFFERX?OSDCTRL
  +--> ?PR?_PCT_WRITEASICBYTE?BUSCTRL
  +--> ?PR?_PCT_READASICBYTE?BUSCTRL

?PR?_PCT_WRITEOSDDATABUFFERX?OSDCTRL            -----    -----      -----    -----      01FDH    0004H
  +--> ?PR?OSDCTRL
  +--> ?PR?_PCT_WRITEASICBYTE?BUSCTRL

?PR?_PCT_WRITEOSDFNTY?OSDCTRL                   -----    -----      000AH    0002H      01EAH    001FH
  +--> ?PR?OSDCTRL
  +--> ?PR?_PCT_WRITEOSDDATABUFFERY?OSDCTRL
  +--> ?PR?_PCT_WRITEASICBYTE?BUSCTRL
  +--> ?PR?_PCT_READASICBYTE?BUSCTRL

?PR?_PCT_WRITEOSDDATABUFFERY?OSDCTRL            -----    -----      -----    -----      0209H    0004H
  +--> ?PR?OSDCTRL
  +--> ?PR?_PCT_WRITEASICBYTE?BUSCTRL

?PR?_BOUND_SET?NED                              -----    -----      -----    -----      01D5H    0004H
  +--> ?CO?NED
  +--> ?PR?NED
  +--> ?PR?_PCT_WRITEASICBYTE?BUSCTRL

?PR?GPIO_CHECK?NED                              -----    -----      -----    -----      0006H    0002H
BL51 BANKED LINKER/LOCATER V6.22                                                      02/18/2019  18:00:34  PAGE 13


  +--> ?PR?_GPIOGETPORTSTATE?NED

?PR?_GPIOGETPORTSTATE?NED                       -----    -----      -----    -----      -----    -----
  +--> ?PR?_READI2C?NED

?PR?COMMANDSHELL?MAIN                           -----    -----      0008H    0001H      -----    -----
  +--> ?PR?RS_RXREADY?UART
  +--> ?PR?RS_RX?UART
  +--> ?PR?MAIN
  +--> ?PR?_SC16_BCC_CHECK?NED
  +--> ?PR?RESETCOMMSELL?MAIN

?PR?RS_RX?UART                                  -----    -----      -----    -----      -----    -----
  +--> ?PR?UART

?PR?_SC16_BCC_CHECK?NED                         -----    -----      -----    -----      0006H    0006H
  +--> ?PR?NED
  +--> ?PR?_RS_TX?UART
  +--> ?PR?_WRITEBYTE?NED
  +--> ?PR?SEND_CAMERA_TEMP?NED
  +--> ?PR?SEND_CAMERA_PRESS?NED
  +--> ?PR?SENT_CAMERA_ANG?NED
  +--> ?PR?SENT_CAMERA_RANG?NED
  +--> ?PR?_SENT_CAMERA_IRD?NED
  +--> ?PR?SENT_DVR_TEMP?NED
  +--> ?PR?VERSION_CHECK?MAIN
  +--> ?PR?CAMERA_VERSION_CHECK?MAIN
  +--> ?PR?CHECK_OTHER_COM?NED
  +--> ?PR?_SC16_SENDDATA?NED

?PR?SEND_CAMERA_TEMP?NED                        -----    -----      -----    -----      000CH    0001H
  +--> ?PR?NED
  +--> ?PR?_BCC_CAL?NED
  +--> ?PR?_RS_TX?UART

?PR?_BCC_CAL?NED                                -----    -----      -----    -----      000DH    0002H

?PR?SEND_CAMERA_PRESS?NED                       -----    -----      -----    -----      000CH    0001H
  +--> ?PR?NED
  +--> ?PR?_BCC_CAL?NED
  +--> ?PR?_RS_TX?UART

?PR?SENT_CAMERA_ANG?NED                         -----    -----      -----    -----      000CH    0001H
  +--> ?PR?NED
  +--> ?PR?_BCC_CAL?NED
  +--> ?PR?_RS_TX?UART

?PR?SENT_CAMERA_RANG?NED                        -----    -----      -----    -----      000CH    0001H
  +--> ?PR?NED
  +--> ?PR?_BCC_CAL?NED
  +--> ?PR?_RS_TX?UART

?PR?_SENT_CAMERA_IRD?NED                        -----    -----      -----    -----      000CH    0003H
  +--> ?PR?_RS_TX?UART

?PR?SENT_DVR_TEMP?NED                           -----    -----      -----    -----      000CH    0001H
  +--> ?PR?NED
BL51 BANKED LINKER/LOCATER V6.22                                                      02/18/2019  18:00:34  PAGE 14


  +--> ?PR?_BCC_CAL?NED
  +--> ?PR?_RS_TX?UART

?PR?VERSION_CHECK?MAIN                          -----    -----      -----    -----      000CH    0001H
  +--> ?PR?MAIN
  +--> ?PR?_RS_TX?UART

?PR?CAMERA_VERSION_CHECK?MAIN                   -----    -----      -----    -----      000CH    0001H
  +--> ?PR?MAIN
  +--> ?PR?_RS_TX?UART

?PR?CHECK_OTHER_COM?NED                         -----    -----      -----    -----      -----    -----
  +--> ?PR?_RS_TX?UART
  +--> ?PR?_SET_VIDEO?NED

?PR?_SET_VIDEO?NED                              -----    -----      -----    -----      000CH    0001H
  +--> ?PR?NED
  +--> ?PR?_PCT_WRITEASICBYTE?BUSCTRL

?PR?_SC16_SENDDATA?NED                          -----    -----      -----    -----      000CH    0002H
  +--> ?PR?_WRITEBYTE?NED

?PR?PCT_CHECKSYSTEM?COMMANDSHELL                -----    -----      -----    -----      -----    -----
  +--> ?PR?_PCT_DETECTVIDEOFORMAT?TW28XX_VIDEO
  +--> ?PR?_PCT_ENSHOWOSDPAGE?OSDCTRL
  +--> ?PR?_PCT_CHANGESYSTEMTYPE?TW2835_INIT
  +--> ?PR?_PCT_RECOMPENSEYHDELAY?TW28XX_VIDEO
  +--> ?PR?COMMANDSHELL
  +--> ?PR?_PCT_SETVIDEOHDELAY?TW28XX_VIDEO
  +--> ?PR?_PCT_SETXVIDEOMIXING?TW28XX_VIDEO
  +--> ?PR?_PCT_CLEAROSDPAGEX?OSDCTRL
  +--> ?PR?PCT_SHOWMODEICON?OSDACTION_
  +--> ?PR?_PCT_OSD_ACTIONPTHX?OSDACTION_
  +--> ?PR?PCT_OSDACTIONFORHS?OSDACTION_

?PR?_PCT_DETECTVIDEOFORMAT?TW28XX_VIDEO         -----    -----      -----    -----      0006H    0002H
  +--> ?PR?_PCT_READASICBYTE?BUSCTRL

?PR?_PCT_CHANGESYSTEMTYPE?TW2835_INIT           -----    -----      -----    -----      0006H    0002H
  +--> ?PR?TW2835_INIT
  +--> ?CO?TW2835_INIT
  +--> ?PR?_PCT_WRITEASICTABLE?BUSCTRL

?PR?PCT_GETVIDEOSIGNALSTATUS?OSDACTION_         -----    -----      -----    -----      -----    -----
  +--> ?PR?_PCT_READASICBYTE?BUSCTRL
  +--> ?PR?_PCT_WRITEASICBYTE?BUSCTRL
  +--> ?PR?_PCT_PRESETFOREGROUNDCOLOR?OSDCTRL
  +--> ?PR?_PCT_PRESETGRAPHATTR?OSD_GRAPH
  +--> ?PR?PCT_CLEARGRAPHATTR?OSD_GRAPH

?PR?CAMERA_MOVE?NED                             -----    -----      -----    -----      0006H    000CH
  +--> ?CO?NED
  +--> ?PR?NED
  +--> ?PR?_WRITEBYTE?NED

?PR?_SC16_DATA_RESET?NED                        -----    -----      -----    -----      -----    -----
  +--> ?PR?TEMP_CHECK?MAIN
BL51 BANKED LINKER/LOCATER V6.22                                                      02/18/2019  18:00:34  PAGE 15


  +--> ?PR?PRESS_CHECK?MAIN
  +--> ?PR?GET_CAMERA_ANG?NED
  +--> ?PR?GET_CAMERA_RANG?NED
  +--> ?PR?GET_DVR_TEMP?NED
  +--> ?PR?GET_CAMERA_VER?NED

?PR?TEMP_CHECK?MAIN                             -----    -----      -----    -----      -----    -----
  +--> ?PR?_READI2CWORD?NED

?PR?_READI2CWORD?NED                            -----    -----      -----    -----      0006H    0002H
  +--> ?PR?I2CSTART?NED
  +--> ?PR?_I2CWRITEDATA?NED
  +--> ?PR?NED
  +--> ?PR?I2CREADDATAWITHACK?NED
  +--> ?PR?I2CREADDATA?NED
  +--> ?PR?I2CSTOP?NED

?PR?I2CREADDATAWITHACK?NED                      -----    -----      -----    -----      -----    -----
  +--> ?PR?NED
  +--> ?PR?I2CDELAY?NED

?PR?PRESS_CHECK?MAIN                            -----    -----      -----    -----      0006H    0007H
  +--> ?PR?MAIN
  +--> ?PR?_ADC_READ?NED

?PR?GET_CAMERA_ANG?NED                          -----    -----      -----    -----      -----    -----
  +--> ?PR?_WRITEBYTE?NED

?PR?GET_CAMERA_RANG?NED                         -----    -----      -----    -----      -----    -----
  +--> ?PR?_WRITEBYTE?NED

?PR?GET_DVR_TEMP?NED                            -----    -----      -----    -----      -----    -----
  +--> ?PR?_WRITEBYTE?NED

?PR?GET_CAMERA_VER?NED                          -----    -----      -----    -----      -----    -----
  +--> ?PR?_WRITEBYTE?NED

?PR?SC16_DATACHECK?NED                          -----    -----      -----    -----      0006H    0003H
  +--> ?PR?_SC16_SENDDATASELECT?NED

?PR?_SC16_SENDDATASELECT?NED                    -----    -----      -----    -----      0009H    0009H
  +--> ?PR?NED
  +--> ?PR?_READI2C?NED
  +--> ?PR?_READBYTE?NED
  +--> ?PR?_RS_TX?UART
  +--> ?PR?_SC16_COMCHECK?NED

?PR?_READBYTE?NED                               -----    -----      -----    -----      -----    -----
  +--> ?PR?_READI2C?NED

?PR?_SC16_COMCHECK?NED                          -----    -----      -----    -----      0012H    0002H
  +--> ?PR?NED

?PR?_SET_CAMERA_SPEED?NED                       -----    -----      -----    -----      -----    -----
  +--> ?PR?_WRITEBYTE?NED

*** NEW ROOT ***************************************************
BL51 BANKED LINKER/LOCATER V6.22                                                      02/18/2019  18:00:34  PAGE 16



?PR?RS_INTERRUPT?UART                           -----    -----      -----    -----      -----    -----
  +--> ?PR?UART



SYMBOL TABLE OF MODULE:  .\OBJ\NED_5MCMOS_v0_a_d_XXXX_20190218 (?C_STARTUP)

  VALUE           TYPE          NAME
  ----------------------------------

  -------         MODULE        ?C_STARTUP
  C:6DD9H         SEGMENT       ?C_C51STARTUP
  I:0031H         SEGMENT       ?STACK
  C:0000H         PUBLIC        ?C_STARTUP
  D:00E0H         SYMBOL        ACC
  D:00F0H         SYMBOL        B
  D:0083H         SYMBOL        DPH
  D:0082H         SYMBOL        DPL
  N:0000H         SYMBOL        IBPSTACK
  N:0100H         SYMBOL        IBPSTACKTOP
  N:0080H         SYMBOL        IDATALEN
  C:6DDCH         SYMBOL        IDATALOOP
  N:0000H         SYMBOL        PBPSTACK
  N:0100H         SYMBOL        PBPSTACKTOP
  N:0000H         SYMBOL        PDATALEN
  N:0000H         SYMBOL        PDATASTART
  N:0000H         SYMBOL        PPAGE
  N:0000H         SYMBOL        PPAGEENABLE
  D:00A0H         SYMBOL        PPAGE_SFR
  D:0081H         SYMBOL        SP
  C:6DD9H         SYMBOL        STARTUP1
  N:0000H         SYMBOL        XBPSTACK
  N:0000H         SYMBOL        XBPSTACKTOP
  N:0000H         SYMBOL        XDATALEN
  N:0000H         SYMBOL        XDATASTART
  C:0000H         LINE#         126
  C:6DD9H         LINE#         133
  C:6DDBH         LINE#         134
  C:6DDCH         LINE#         135
  C:6DDDH         LINE#         136
  C:6DDFH         LINE#         185
  C:6DE2H         LINE#         196
  -------         ENDMOD        ?C_STARTUP

  -------         MODULE        UART
  C:0000H         SYMBOL        _ICE_DUMMY_
  D:0080H         PUBLIC        P0
  D:0090H         PUBLIC        P1
  D:00A0H         PUBLIC        P2
  D:00C0H         PUBLIC        XICON
  D:00B0H         PUBLIC        P3
  D:00E8H         PUBLIC        P4
  C:81F0H         PUBLIC        InitialUART
  D:00A8H         PUBLIC        IE
  X:0295H         PUBLIC        RS_RECVBUF
  B:00A8H.4       PUBLIC        ES
BL51 BANKED LINKER/LOCATER V6.22                                                      02/18/2019  18:00:34  PAGE 17


  D:00B8H         PUBLIC        IP
  B:0098H.0       PUBLIC        RI
  B:0098H.1       PUBLIC        TI
  B:00B8H.4       PUBLIC        PS
  D:00D8H         PUBLIC        CCON
  D:0099H         PUBLIC        SBUF
  D:00C0H         PUBLIC        WDTC
  D:0098H         PUBLIC        SCON
  D:0088H         PUBLIC        TCON
  C:82B6H         PUBLIC        RS_RxReady
  D:008DH         PUBLIC        TH1
  D:008BH         PUBLIC        TL1
  X:02F9H         PUBLIC        RsRxRp
  B:0088H.6       PUBLIC        TR1
  X:02FAH         PUBLIC        RsRxWp
  D:00F8H         PUBLIC        IPA
  D:00C8H         PUBLIC        T2CON
  C:81BEH         PUBLIC        RS_rx
  C:0003H         PUBLIC        _RS_tx
  C:7F1BH         PUBLIC        RS_interrupt
  D:00D0H         PUBLIC        PSW
  C:8347H         SYMBOL        Com000E
  C:8347H         SYMBOL        L?0015
  -------         PROC          COM000E
  -------         ENDPROC       COM000E
  -------         PROC          INITIALUART
  C:81F0H         LINE#         75
  C:81F0H         LINE#         76
  C:81F0H         LINE#         79
  C:81F2H         LINE#         80
  C:81F4H         LINE#         84
  C:81F7H         LINE#         99
  C:81FAH         LINE#         103
  C:81FDH         LINE#         104
  C:81FFH         LINE#         106
  C:8203H         LINE#         107
  C:8205H         LINE#         108
  -------         ENDPROC       INITIALUART
  -------         PROC          RS_RXREADY
  C:82B6H         LINE#         114
  C:82B6H         LINE#         115
  C:82B6H         LINE#         116
  C:82C3H         LINE#         117
  C:82C5H         LINE#         118
  -------         ENDPROC       RS_RXREADY
  -------         PROC          RS_RX
  -------         DO            
  D:0007H         SYMBOL        ret
  -------         ENDDO         
  C:81BEH         LINE#         124
  C:81BEH         LINE#         125
  C:81BEH         LINE#         131
  C:81C6H         LINE#         132
  C:81CCH         LINE#         133
  C:81D2H         LINE#         134
  C:81D4H         LINE#         138
  C:81D6H         LINE#         140
BL51 BANKED LINKER/LOCATER V6.22                                                      02/18/2019  18:00:34  PAGE 18


  C:81D6H         LINE#         141
  -------         ENDPROC       RS_RX
  -------         PROC          _RS_TX
  D:0007H         SYMBOL        tx_buf
  C:0003H         LINE#         147
  C:0003H         LINE#         148
  C:0003H         LINE#         166
  C:0003H         LINE#         167
  C:0003H         LINE#         169
  C:0006H         LINE#         178
  C:0008H         LINE#         179
  C:000AH         LINE#         180
  C:000AH         LINE#         181
  C:000AH         LINE#         182
  C:000AH         LINE#         185
  -------         ENDPROC       _RS_TX
  -------         PROC          RS_INTERRUPT
  C:7F1BH         LINE#         193
  C:7F23H         LINE#         196
  C:7F26H         LINE#         197
  C:7F28H         LINE#         206
  C:7F31H         LINE#         210
  C:7F37H         LINE#         211
  C:7F3FH         LINE#         218
  C:7F3FH         LINE#         221
  -------         ENDPROC       RS_INTERRUPT
  -------         ENDMOD        UART

  -------         MODULE        BUSCTRL
  C:0000H         SYMBOL        _ICE_DUMMY_
  D:0080H         PUBLIC        P0
  D:0090H         PUBLIC        P1
  D:00A0H         PUBLIC        P2
  D:00C0H         PUBLIC        XICON
  D:00B0H         PUBLIC        P3
  D:00E8H         PUBLIC        P4
  B:00A8H.7       PUBLIC        EA
  D:00A8H         PUBLIC        IE
  C:779BH         PUBLIC        _PCT_WriteSTable
  D:00B8H         PUBLIC        IP
  B:00A0H.3       PUBLIC        HALE
  B:00A0H.2       PUBLIC        HRDB
  D:00D8H         PUBLIC        CCON
  D:00C0H         PUBLIC        WDTC
  B:00A0H.1       PUBLIC        HWRB
  D:0098H         PUBLIC        SCON
  D:0088H         PUBLIC        TCON
  C:6F73H         PUBLIC        _PCT_WriteAsicTable
  C:0029H         PUBLIC        PTC_SwitchToI2CMode
  B:00B0H.6       PUBLIC        HCSB0
  B:00B0H.7       PUBLIC        HCSB1
  D:00F8H         PUBLIC        IPA
  C:6E65H         PUBLIC        _PCT_ReadAsicByte
  D:00C8H         PUBLIC        T2CON
  C:73E4H         PUBLIC        _PCT_WriteAsicByte
  D:00D0H         PUBLIC        PSW
  C:7CF2H         SYMBOL        Com0038
BL51 BANKED LINKER/LOCATER V6.22                                                      02/18/2019  18:00:34  PAGE 19


  C:7CF2H         SYMBOL        L?0057
  C:7CF5H         SYMBOL        L?0058
  C:7CF7H         SYMBOL        L?0059
  C:7CFFH         SYMBOL        L?0060
  C:7CFFH         SYMBOL        L?0061
  C:7D07H         SYMBOL        L?0062
  C:7D07H         SYMBOL        L?0063
  C:7D0EH         SYMBOL        L?0064
  C:7D1AH         SYMBOL        L?0065
  C:7D24H         SYMBOL        L?0066
  -------         PROC          COM0038
  -------         ENDPROC       COM0038
  -------         PROC          _PCT_WRITEASICBYTE
  D:0007H         SYMBOL        _dvc
  X:020EH         SYMBOL        _pg
  X:020FH         SYMBOL        _addr
  X:0210H         SYMBOL        _wdat
  C:73E4H         LINE#         63
  C:73E7H         LINE#         64
  C:73E7H         LINE#         65
  C:73E7H         LINE#         67
  C:73EAH         LINE#         70
  C:73EDH         LINE#         75
  C:73FAH         LINE#         76
  C:7404H         LINE#         77
  C:740CH         LINE#         78
  C:740FH         LINE#         79
  C:740FH         LINE#         82
  C:7422H         LINE#         84
  C:7424H         LINE#         85
  C:742AH         LINE#         86
  C:742CH         LINE#         89
  C:743FH         LINE#         92
  C:7441H         LINE#         96
  C:7444H         LINE#         101
  C:7444H         LINE#         102
  C:7444H         LINE#         103
  C:7444H         LINE#         104
  C:7447H         LINE#         105
  -------         ENDPROC       _PCT_WRITEASICBYTE
  -------         PROC          _PCT_WRITEASICTABLE
  D:0007H         SYMBOL        _dvc
  X:01D8H         SYMBOL        _pg
  X:01D9H         SYMBOL        _addr
  X:01DAH         SYMBOL        _tbl_ptr
  X:01DDH         SYMBOL        _tbl_cnt
  C:6F73H         LINE#         111
  C:6F76H         LINE#         112
  C:6F76H         LINE#         113
  C:6F76H         LINE#         115
  C:6F79H         LINE#         119
  C:6F7CH         LINE#         124
  C:6F89H         LINE#         125
  C:6F93H         LINE#         126
  C:6F9BH         LINE#         128
  C:6F9BH         LINE#         129
  C:6FA4H         LINE#         130
BL51 BANKED LINKER/LOCATER V6.22                                                      02/18/2019  18:00:34  PAGE 20


  C:6FA4H         LINE#         133
  C:6FB7H         LINE#         136
  C:6FB9H         LINE#         138
  C:6FCEH         LINE#         139
  C:6FD0H         LINE#         142
  C:6FE3H         LINE#         145
  C:6FE5H         LINE#         146
  C:6FEDH         LINE#         150
  C:6FF0H         LINE#         155
  C:6FF0H         LINE#         156
  C:6FF0H         LINE#         157
  C:6FF0H         LINE#         158
  C:6FF3H         LINE#         159
  -------         ENDPROC       _PCT_WRITEASICTABLE
  -------         PROC          _PCT_READASICBYTE
  X:0209H         SYMBOL        _dvc
  X:020AH         SYMBOL        _pg
  X:020BH         SYMBOL        _addr
  -------         DO            
  X:020CH         SYMBOL        _rdat_
  -------         ENDDO         
  C:6E65H         LINE#         165
  C:6E70H         LINE#         166
  C:6E70H         LINE#         169
  C:6E72H         LINE#         173
  C:6E75H         LINE#         178
  C:6E7AH         LINE#         179
  C:6E85H         LINE#         180
  C:6E8FH         LINE#         181
  C:6E97H         LINE#         183
  C:6E9AH         LINE#         184
  C:6E9AH         LINE#         186
  C:6EADH         LINE#         189
  C:6EAFH         LINE#         190
  C:6EB2H         LINE#         192
  C:6EC5H         LINE#         196
  C:6EC7H         LINE#         197
  C:6ECDH         LINE#         201
  C:6EE0H         LINE#         204
  C:6EE2H         LINE#         208
  C:6EE5H         LINE#         213
  C:6EE7H         LINE#         214
  C:6EE9H         LINE#         215
  C:6EEBH         LINE#         216
  C:6EF0H         LINE#         217
  -------         ENDPROC       _PCT_READASICBYTE
  -------         PROC          _PCT_WRITESTABLE
  D:0007H         SYMBOL        _dvc
  X:01E4H         SYMBOL        _tbl_ptr
  C:779BH         LINE#         224
  C:77A6H         LINE#         225
  C:77A6H         LINE#         229
  C:77A6H         LINE#         230
  C:77B4H         LINE#         231
  C:77CEH         LINE#         232
  C:77CEH         LINE#         233
  C:77E0H         LINE#         234
BL51 BANKED LINKER/LOCATER V6.22                                                      02/18/2019  18:00:34  PAGE 21


  C:77E0H         LINE#         235
  C:77EAH         LINE#         236
  C:77ECH         LINE#         237
  -------         ENDPROC       _PCT_WRITESTABLE
  -------         PROC          PTC_SWITCHTOI2CMODE
  C:0029H         LINE#         243
  C:0029H         LINE#         244
  C:0029H         LINE#         254
  -------         ENDPROC       PTC_SWITCHTOI2CMODE
  -------         ENDMOD        BUSCTRL

  -------         MODULE        COMMANDSHELL
  C:0000H         SYMBOL        _ICE_DUMMY_
  D:0080H         PUBLIC        P0
  D:0090H         PUBLIC        P1
  D:00A0H         PUBLIC        P2
  D:00C0H         PUBLIC        XICON
  D:00B0H         PUBLIC        P3
  D:00E8H         PUBLIC        P4
  C:8206H         PUBLIC        _MoniHSCommSJmode
  C:6002H         PUBLIC        _PCT_RunCommShell
  D:00A8H         PUBLIC        IE
  D:00B8H         PUBLIC        IP
  C:818AH         PUBLIC        _MoniYVideoMix
  X:0340H         PUBLIC        sysdat
  D:00D8H         PUBLIC        CCON
  C:002AH         PUBLIC        PCT_SendACK
  C:71D2H         PUBLIC        _PCT_GetFirstStr
  C:72AFH         PUBLIC        PCT_CheckSystem
  D:00C0H         PUBLIC        WDTC
  D:0098H         PUBLIC        SCON
  D:0088H         PUBLIC        TCON
  C:783DH         PUBLIC        _MoniWriteAsicByte
  C:58E1H         PUBLIC        _MoniHSComm
  X:0351H         PUBLIC        msg
  C:7CB5H         PUBLIC        _PCT_StrToCommCode
  C:7A95H         PUBLIC        _PCT_CheckVMixType
  D:00F8H         PUBLIC        IPA
  C:737FH         PUBLIC        _MoniShowSODStr
  D:00C8H         PUBLIC        T2CON
  X:035CH         PUBLIC        Original_selwintype
  D:00D0H         PUBLIC        PSW
  C:6EF1H         SYMBOL        Com0033
  C:6EF1H         SYMBOL        L?0052
  C:6EF1H         SYMBOL        L?0053
  C:6EF4H         SYMBOL        L?0054
  C:6EF7H         SYMBOL        L?0055
  C:6F00H         SYMBOL        L?0057
  C:6F01H         SYMBOL        L?0058
  C:6F08H         SYMBOL        L?0059
  C:6F09H         SYMBOL        L?0060
  C:6F16H         SYMBOL        L?0061
  C:6F26H         SYMBOL        L?0062
  C:6F2DH         SYMBOL        L?0065
  C:6F2DH         SYMBOL        L?0066
  C:6F2EH         SYMBOL        L?0067
  C:6F36H         SYMBOL        L?0068
BL51 BANKED LINKER/LOCATER V6.22                                                      02/18/2019  18:00:34  PAGE 22


  C:6F3DH         SYMBOL        L?0069
  C:6F3DH         SYMBOL        L?0070
  C:6F47H         SYMBOL        L?0072
  C:6F47H         SYMBOL        L?0073
  C:6F4FH         SYMBOL        L?0074
  C:6F56H         SYMBOL        L?0075
  C:6F56H         SYMBOL        L?0076
  C:6F5DH         SYMBOL        L?0077
  C:6F5DH         SYMBOL        L?0078
  C:6F66H         SYMBOL        L?0079
  C:6F66H         SYMBOL        L?0080
  C:6F6CH         SYMBOL        L?0081
  -------         PROC          COM0033
  -------         ENDPROC       COM0033
  -------         PROC          _PCT_GETFIRSTSTR
  X:01E3H         SYMBOL        tagStr
  X:01E6H         SYMBOL        sourceStr
  C:71D2H         LINE#         88
  C:71D8H         LINE#         89
  C:71D8H         LINE#         90
  C:71E3H         LINE#         91
  C:71FAH         LINE#         92
  C:7212H         LINE#         93
  C:7214H         LINE#         94
  C:7214H         LINE#         95
  C:7221H         LINE#         96
  C:7225H         LINE#         97
  C:722EH         LINE#         98
  C:7231H         LINE#         99
  C:7234H         LINE#         100
  C:7237H         LINE#         101
  C:7240H         LINE#         102
  -------         ENDPROC       _PCT_GETFIRSTSTR
  -------         PROC          _PCT_STRTOCOMMCODE
  X:01DDH         SYMBOL        Str
  -------         DO            
  D:0008H         SYMBOL        ret
  -------         ENDDO         
  C:7CB5H         LINE#         112
  C:7CBBH         LINE#         113
  C:7CBBH         LINE#         114
  C:7CC0H         LINE#         116
  C:7CEDH         LINE#         117
  C:7CF1H         LINE#         118
  -------         ENDPROC       _PCT_STRTOCOMMCODE
  -------         PROC          PCT_SENDACK
  C:002AH         LINE#         124
  C:002AH         LINE#         125
  C:002AH         LINE#         131
  -------         ENDPROC       PCT_SENDACK
  -------         PROC          _PCT_CHECKVMIXTYPE
  D:0007H         SYMBOL        _typ
  -------         DO            
  D:000BH         SYMBOL        tmplktp
  -------         ENDDO         
  C:7A95H         LINE#         143
  C:7A95H         LINE#         144
BL51 BANKED LINKER/LOCATER V6.22                                                      02/18/2019  18:00:34  PAGE 23


  C:7A95H         LINE#         145
  C:7A98H         LINE#         147
  C:7A9EH         LINE#         148
  C:7AA5H         LINE#         149
  C:7AABH         LINE#         150
  C:7AB7H         LINE#         152
  C:7AC5H         LINE#         153
  C:7ACBH         LINE#         155
  C:7ACBH         LINE#         156
  C:7AD1H         LINE#         157
  C:7AD7H         LINE#         158
  C:7ADCH         LINE#         159
  -------         ENDPROC       _PCT_CHECKVMIXTYPE
  -------         PROC          _MONIWRITEASICBYTE
  D:0001H         SYMBOL        szParam
  -------         DO            
  D:0008H         SYMBOL        _dev
  D:0009H         SYMBOL        _pg
  D:000AH         SYMBOL        _addr
  D:000BH         SYMBOL        _wdat
  -------         ENDDO         
  C:783DH         LINE#         212
  C:783DH         LINE#         213
  C:783DH         LINE#         214
  C:7840H         LINE#         215
  C:7842H         LINE#         216
  C:7844H         LINE#         217
  C:7846H         LINE#         219
  C:787BH         LINE#         220
  -------         ENDPROC       _MONIWRITEASICBYTE
  -------         PROC          _MONIYVIDEOMIX
  D:0001H         SYMBOL        szParam
  -------         DO            
  D:0008H         SYMBOL        chan
  -------         ENDDO         
  C:818AH         LINE#         531
  C:818AH         LINE#         532
  C:818AH         LINE#         535
  C:819FH         LINE#         536
  -------         ENDPROC       _MONIYVIDEOMIX
  C:73C9H         SYMBOL        L?0064
  -------         PROC          _MONISHOWSODSTR
  X:01DDH         SYMBOL        szParam
  -------         DO            
  D:0008H         SYMBOL        addrx
  D:0009H         SYMBOL        addry
  X:01E0H         SYMBOL        getStr
  -------         ENDDO         
  C:737FH         LINE#         606
  C:7385H         LINE#         607
  C:7385H         LINE#         611
  C:7385H         LINE#         612
  C:7390H         LINE#         613
  C:7390H         LINE#         614
  C:739BH         LINE#         616
  C:73A0H         LINE#         617
  C:73A5H         LINE#         618
BL51 BANKED LINKER/LOCATER V6.22                                                      02/18/2019  18:00:34  PAGE 24


  C:73AAH         LINE#         619
  C:73C4H         LINE#         620
  C:73C9H         LINE#         621
  -------         ENDPROC       _MONISHOWSODSTR
  -------         PROC          _MONIHSCOMM
  D:0001H         SYMBOL        szParam
  -------         DO            
  D:0008H         SYMBOL        winid
  D:0009H         SYMBOL        chose
  D:000AH         SYMBOL        wintp
  -------         ENDDO         
  C:58E1H         LINE#         658
  C:58E1H         LINE#         662
  C:5953H         LINE#         665
  C:596FH         LINE#         669
  C:5979H         LINE#         670
  C:5983H         LINE#         671
  C:598EH         LINE#         672
  C:5999H         LINE#         674
  C:59A4H         LINE#         675
  C:59AFH         LINE#         676
  C:59BAH         LINE#         677
  C:59C5H         LINE#         684
  C:59CEH         LINE#         685
  C:59D7H         LINE#         688
  C:59E2H         LINE#         691
  C:59E5H         LINE#         692
  C:5A01H         LINE#         697
  C:5A06H         LINE#         698
  C:5A0BH         LINE#         699
  C:5A10H         LINE#         701
  C:5A18H         LINE#         702
  C:5A1DH         LINE#         703
  C:5A22H         LINE#         704
  C:5A25H         LINE#         705
  C:5A2EH         LINE#         706
  C:5A36H         LINE#         724
  -------         ENDPROC       _MONIHSCOMM
  -------         PROC          PCT_CHECKSYSTEM
  -------         DO            
  D:0007H         SYMBOL        TempSystem
  -------         ENDDO         
  C:72AFH         LINE#         731
  C:72AFH         LINE#         732
  C:72AFH         LINE#         735
  C:72B4H         LINE#         737
  C:72B8H         LINE#         738
  C:72BAH         LINE#         739
  C:72C1H         LINE#         740
  C:72C3H         LINE#         741
  C:72C8H         LINE#         744
  C:72D8H         LINE#         746
  C:72DDH         LINE#         750
  C:72E5H         LINE#         751
  C:72EEH         LINE#         752
  C:72F7H         LINE#         754
  C:7302H         LINE#         758
BL51 BANKED LINKER/LOCATER V6.22                                                      02/18/2019  18:00:34  PAGE 25


  C:7307H         LINE#         759
  C:730AH         LINE#         760
  C:7313H         LINE#         761
  C:7316H         LINE#         764
  C:7317H         LINE#         765
  -------         ENDPROC       PCT_CHECKSYSTEM
  -------         PROC          _MONIHSCOMMSJMODE
  D:0001H         SYMBOL        szParam
  C:8206H         LINE#         772
  C:8206H         LINE#         773
  C:8206H         LINE#         774
  -------         ENDPROC       _MONIHSCOMMSJMODE
  C:60ECH         SYMBOL        L?0056
  C:60F6H         SYMBOL        L?0063
  C:6100H         SYMBOL        L?0071
  -------         PROC          _PCT_RUNCOMMSHELL
  X:01D5H         SYMBOL        strptr
  -------         DO            
  X:01D8H         SYMBOL        commcode
  X:01DAH         SYMBOL        getStr
  -------         ENDDO         
  C:6002H         LINE#         802
  C:6008H         LINE#         803
  C:6008H         LINE#         819
  C:601FH         LINE#         822
  C:6030H         LINE#         838
  C:603FH         LINE#         841
  C:6045H         LINE#         843
  C:6048H         LINE#         896
  C:6057H         LINE#         898
  C:6057H         LINE#         900
  C:605DH         LINE#         902
  C:6060H         LINE#         924
  C:606FH         LINE#         925
  C:606FH         LINE#         927
  C:6075H         LINE#         930
  C:6078H         LINE#         931
  C:607DH         LINE#         944
  C:608FH         LINE#         945
  C:608FH         LINE#         947
  C:6095H         LINE#         948
  C:6097H         LINE#         962
  C:60A7H         LINE#         963
  C:60A7H         LINE#         965
  C:60AFH         LINE#         970
  C:60B1H         LINE#         971
  C:60C1H         LINE#         972
  C:60C1H         LINE#         974
  C:60C4H         LINE#         975
  C:60CCH         LINE#         981
  C:60CEH         LINE#         982
  C:60E3H         LINE#         983
  C:60E3H         LINE#         984
  C:60E9H         LINE#         985
  C:60E9H         LINE#         1015
  C:60E9H         LINE#         1016
  C:60E9H         LINE#         1021
BL51 BANKED LINKER/LOCATER V6.22                                                      02/18/2019  18:00:34  PAGE 26


  C:60EBH         LINE#         1022
  -------         ENDPROC       _PCT_RUNCOMMSHELL
  -------         ENDMOD        COMMANDSHELL

  -------         MODULE        MAIN
  C:0000H         SYMBOL        _ICE_DUMMY_
  D:0094H         PUBLIC        P0M1
  D:0091H         PUBLIC        P1M0
  D:00F6H         PUBLIC        PCAPWM4
  D:0095H         PUBLIC        P2M0
  D:0092H         PUBLIC        P1M1
  D:00F7H         PUBLIC        PCAPWM5
  D:0080H         PUBLIC        P0
  D:00B1H         PUBLIC        P3M0
  D:0096H         PUBLIC        P2M1
  D:0090H         PUBLIC        P1
  X:02FCH         PUBLIC        CB_flag
  D:00B2H         PUBLIC        P3M1
  D:00B3H         PUBLIC        P4M0
  D:00A0H         PUBLIC        P2
  D:00B4H         PUBLIC        P4M1
  D:00C0H         PUBLIC        XICON
  D:00B0H         PUBLIC        P3
  D:00E8H         PUBLIC        P4
  X:02FDH         PUBLIC        Temp_timeout
  D:00E1H         PUBLIC        WDTCR
  B:00A8H.7       PUBLIC        EA
  X:02FEH         PUBLIC        RScommand
  D:00F9H         PUBLIC        CH
  C:82D6H         PUBLIC        PWM_init
  D:00A8H         PUBLIC        IE
  D:00E9H         PUBLIC        CL
  D:00FAH         PUBLIC        CCAP0H
  B:0090H.1       PUBLIC        P1_1
  D:00FBH         PUBLIC        CCAP1H
  B:0090H.2       PUBLIC        P1_2
  D:00FCH         PUBLIC        CCAP2H
  B:0090H.3       PUBLIC        P1_3
  D:00FDH         PUBLIC        CCAP3H
  B:00E8H.1       PUBLIC        P4_1
  B:0090H.4       PUBLIC        P1_4
  D:00FEH         PUBLIC        CCAP4H
  D:00EAH         PUBLIC        CCAP0L
  B:0090H.5       PUBLIC        P1_5
  D:00FFH         PUBLIC        CCAP5H
  D:00EBH         PUBLIC        CCAP1L
  D:00DAH         PUBLIC        CCAPM0
  B:0024H.3       PUBLIC        VlossFlag
  B:0090H.6       PUBLIC        P1_6
  D:00ECH         PUBLIC        CCAP2L
  D:00DBH         PUBLIC        CCAPM1
  B:0090H.7       PUBLIC        P1_7
  D:00EDH         PUBLIC        CCAP3L
  D:00DCH         PUBLIC        CCAPM2
  D:00EEH         PUBLIC        CCAP4L
  D:00DDH         PUBLIC        CCAPM3
  D:00B8H         PUBLIC        IP
BL51 BANKED LINKER/LOCATER V6.22                                                      02/18/2019  18:00:34  PAGE 27


  D:00EFH         PUBLIC        CCAP5L
  D:00DEH         PUBLIC        CCAPM4
  C:3B8FH         PUBLIC        _Monitor_set
  D:00DFH         PUBLIC        CCAPM5
  B:0098H.1       PUBLIC        TI
  C:7F48H         PUBLIC        _PWM_set
  X:0329H         PUBLIC        SC16_com_state
  D:00D9H         PUBLIC        CMOD
  D:00D8H         PUBLIC        CCON
  C:5331H         PUBLIC        main
  C:809FH         PUBLIC        ResetCommSell
  D:0020H         PUBLIC        commFlag
  X:032AH         PUBLIC        timerout1
  B:0024H.4       PUBLIC        data_chk_flag
  X:032CH         PUBLIC        timerout2
  D:0087H         PUBLIC        PCON
  X:032EH         PUBLIC        timerout3
  X:0330H         PUBLIC        timerout4
  X:0332H         PUBLIC        boot_flag
  D:00C0H         PUBLIC        WDTC
  D:0098H         PUBLIC        SCON
  D:0089H         PUBLIC        TMOD
  D:0088H         PUBLIC        TCON
  C:835CH         PUBLIC        _PCT_FlashOSDCtrl
  C:6680H         PUBLIC        CommandShell
  D:008EH         PUBLIC        AUXR
  X:0333H         PUBLIC        work_flag
  X:0334H         PUBLIC        Small_f
  C:79B7H         PUBLIC        InitialMPU
  C:4C9DH         SYMBOL        _?ix1000
  B:0020H.0       PUBLIC        comm_chk_flag
  C:4D8CH         SYMBOL        _?ix1010
  C:4CA3H         SYMBOL        _?ix1001
  C:4DB2H         SYMBOL        _?ix1011
  C:4CB1H         SYMBOL        _?ix1002
  C:4DD8H         SYMBOL        _?ix1012
  C:4CBFH         SYMBOL        _?ix1003
  C:4DFEH         SYMBOL        _?ix1013
  C:4CC7H         SYMBOL        _?ix1004
  C:4E24H         SYMBOL        _?ix1014
  C:4CCEH         SYMBOL        _?ix1005
  C:4E4AH         SYMBOL        _?ix1015
  C:4CF4H         SYMBOL        _?ix1006
  C:4D1AH         SYMBOL        _?ix1007
  C:4D40H         SYMBOL        _?ix1008
  C:4D66H         SYMBOL        _?ix1009
  C:7746H         PUBLIC        Version_check
  X:0335H         PUBLIC        Main_f
  X:0336H         PUBLIC        ADC_Val
  X:033AH         PUBLIC        m_current
  C:77EDH         PUBLIC        _Wait_ms
  C:833BH         PUBLIC        InitialCommShell
  D:00F8H         PUBLIC        IPA
  B:0020H.1       PUBLIC        osd_chk_flag
  X:033BH         PUBLIC        PIP_flag
  D:00C8H         PUBLIC        T2CON
  X:033CH         PUBLIC        CB_timeout
BL51 BANKED LINKER/LOCATER V6.22                                                      02/18/2019  18:00:34  PAGE 28


  C:62F6H         PUBLIC        Press_check
  X:033DH         PUBLIC        _delay
  D:00A2H         PUBLIC        AUXR1
  X:033FH         PUBLIC        timer2_loop
  D:00A6H         PUBLIC        AUXR2
  C:6826H         PUBLIC        _Set_PWM_Output
  C:7573H         PUBLIC        Camera_Version_check
  C:7693H         PUBLIC        Temp_check
  D:00F2H         PUBLIC        PCAPWM0
  D:00D0H         PUBLIC        PSW
  D:00F3H         PUBLIC        PCAPWM1
  D:00F4H         PUBLIC        PCAPWM2
  D:0093H         PUBLIC        P0M0
  D:00F5H         PUBLIC        PCAPWM3
  C:68F4H         SYMBOL        Com00B8
  C:68F4H         SYMBOL        L?0185
  C:68F8H         SYMBOL        L?0186
  C:68FFH         SYMBOL        L?0187
  C:68FFH         SYMBOL        L?0188
  C:6908H         SYMBOL        L?0189
  C:690DH         SYMBOL        L?0190
  C:6910H         SYMBOL        L?0191
  C:6918H         SYMBOL        L?0192
  C:6918H         SYMBOL        L?0193
  C:6924H         SYMBOL        L?0194
  C:692EH         SYMBOL        L?0195
  C:6934H         SYMBOL        L?0196
  C:6936H         SYMBOL        L?0197
  C:693DH         SYMBOL        L?0198
  C:6946H         SYMBOL        L?0199
  C:6951H         SYMBOL        L?0200
  C:6952H         SYMBOL        L?0201
  C:6959H         SYMBOL        L?0202
  C:6959H         SYMBOL        L?0203
  C:6963H         SYMBOL        L?0204
  C:696CH         SYMBOL        L?0205
  C:697BH         SYMBOL        L?0206
  C:697FH         SYMBOL        L?0207
  C:6985H         SYMBOL        L?0208
  C:6992H         SYMBOL        L?0209
  C:699EH         SYMBOL        L?0211
  C:69A6H         SYMBOL        L?0212
  C:69B0H         SYMBOL        L?0213
  C:69B0H         SYMBOL        L?0214
  -------         PROC          COM00B8
  -------         ENDPROC       COM00B8
  -------         PROC          COMMANDSHELL
  -------         DO            
  D:0008H         SYMBOL        ch
  X:02FBH         SYMBOL        etx_flag
  -------         ENDDO         
  C:6680H         LINE#         139
  C:6680H         LINE#         140
  C:6680H         LINE#         145
  C:668BH         LINE#         146
  C:668BH         LINE#         148
  C:668EH         LINE#         149
BL51 BANKED LINKER/LOCATER V6.22                                                      02/18/2019  18:00:34  PAGE 29


  C:6693H         LINE#         157
  C:669EH         LINE#         158
  C:669EH         LINE#         159
  C:66A3H         LINE#         161
  C:66A9H         LINE#         166
  C:66AFH         LINE#         167
  C:66B0H         LINE#         169
  C:66D3H         LINE#         170
  C:66D3H         LINE#         171
  C:66D9H         LINE#         172
  C:66DCH         LINE#         173
  C:66DFH         LINE#         174
  C:66E0H         LINE#         175
  C:66EBH         LINE#         176
  C:66EBH         LINE#         178
  C:66F1H         LINE#         179
  C:66F4H         LINE#         180
  C:66FAH         LINE#         181
  C:66FFH         LINE#         186
  C:6700H         LINE#         187
  C:6708H         LINE#         188
  C:6708H         LINE#         190
  C:6711H         LINE#         200
  C:671DH         LINE#         201
  C:671DH         LINE#         202
  C:6723H         LINE#         204
  C:672BH         LINE#         205
  C:672EH         LINE#         207
  C:6736H         LINE#         209
  C:673CH         LINE#         210
  C:673DH         LINE#         218
  C:673DH         LINE#         219
  C:6743H         LINE#         220
  C:6746H         LINE#         221
  C:674FH         LINE#         226
  C:674FH         LINE#         267
  C:674FH         LINE#         269
  C:674FH         LINE#         270
  C:6756H         LINE#         271
  C:6756H         LINE#         275
  -------         ENDPROC       COMMANDSHELL
  -------         PROC          RESETCOMMSELL
  C:809FH         LINE#         307
  C:809FH         LINE#         308
  C:809FH         LINE#         311
  C:80A4H         LINE#         312
  C:80A8H         LINE#         313
  C:80ACH         LINE#         314
  C:80AFH         LINE#         315
  C:80AFH         LINE#         316
  C:80AFH         LINE#         317
  C:80B2H         LINE#         318
  C:80B2H         LINE#         319
  C:80B2H         LINE#         320
  C:80B6H         LINE#         321
  C:80B8H         LINE#         322
  C:80BAH         LINE#         324
BL51 BANKED LINKER/LOCATER V6.22                                                      02/18/2019  18:00:34  PAGE 30


  C:80BEH         LINE#         325
  C:80C0H         LINE#         326
  C:80C4H         LINE#         327
  -------         ENDPROC       RESETCOMMSELL
  -------         PROC          _PCT_FLASHOSDCTRL
  D:0007H         SYMBOL        _on
  C:835CH         LINE#         333
  C:835CH         LINE#         334
  C:835CH         LINE#         335
  C:8362H         LINE#         336
  C:8364H         LINE#         337
  -------         ENDPROC       _PCT_FLASHOSDCTRL
  -------         PROC          INITIALCOMMSHELL
  C:833BH         LINE#         344
  C:833BH         LINE#         345
  C:833BH         LINE#         346
  C:833DH         LINE#         347
  C:833FH         LINE#         350
  C:8341H         LINE#         351
  C:8346H         LINE#         352
  -------         ENDPROC       INITIALCOMMSHELL
  -------         PROC          _WAIT_MS
  X:0007H         SYMBOL        Tms
  -------         DO            
  X:0009H         SYMBOL        count
  -------         ENDDO         
  C:77EDH         LINE#         365
  C:77F5H         LINE#         367
  C:77F5H         LINE#         376
  C:77FFH         LINE#         378
  C:77FFH         LINE#         380
  C:782CH         LINE#         382
  C:783AH         LINE#         384
  C:783CH         LINE#         385
  -------         ENDPROC       _WAIT_MS
  -------         PROC          MAIN
  -------         DO            
  X:0000H         SYMBOL        Counter
  X:0001H         SYMBOL        readtemp
  X:0003H         SYMBOL        OsdCount1
  X:0004H         SYMBOL        OsdCount2
  X:0005H         SYMBOL        Camera_speed
  -------         ENDDO         
  C:5331H         LINE#         393
  C:5331H         LINE#         394
  C:5331H         LINE#         395
  C:5334H         LINE#         396
  C:5334H         LINE#         397
  C:533AH         LINE#         398
  C:533EH         LINE#         399
  C:5341H         LINE#         413
  C:5344H         LINE#         414
  C:5347H         LINE#         467
  C:534AH         LINE#         468
  C:534DH         LINE#         480
  C:5352H         LINE#         481
  C:5355H         LINE#         483
BL51 BANKED LINKER/LOCATER V6.22                                                      02/18/2019  18:00:34  PAGE 31


  C:535AH         LINE#         503
  C:535DH         LINE#         506
  C:5363H         LINE#         507
  C:5369H         LINE#         508
  C:5373H         LINE#         510
  C:5379H         LINE#         511
  C:5380H         LINE#         513
  C:5390H         LINE#         515
  C:5390H         LINE#         517
  C:5393H         LINE#         518
  C:53A3H         LINE#         519
  C:53ADH         LINE#         521
  C:53B0H         LINE#         522
  C:53B0H         LINE#         523
  C:53B5H         LINE#         524
  C:53B7H         LINE#         525
  C:53B7H         LINE#         529
  C:53C6H         LINE#         533
  C:53CEH         LINE#         534
  C:53CEH         LINE#         538
  C:53D2H         LINE#         539
  C:53DBH         LINE#         540
  C:53DBH         LINE#         542
  C:53E9H         LINE#         543
  C:53E9H         LINE#         546
  C:53ECH         LINE#         549
  C:53F8H         LINE#         550
  C:53F8H         LINE#         551
  C:53FBH         LINE#         552
  C:53FBH         LINE#         559
  C:5401H         LINE#         561
  C:5401H         LINE#         563
  C:5419H         LINE#         564
  C:5419H         LINE#         565
  C:541FH         LINE#         566
  C:5422H         LINE#         568
  C:5422H         LINE#         579
  C:5437H         LINE#         580
  C:5437H         LINE#         585
  C:5450H         LINE#         586
  C:5456H         LINE#         587
  C:545CH         LINE#         588
  C:5464H         LINE#         590
  C:5466H         LINE#         592
  C:5469H         LINE#         595
  C:5475H         LINE#         596
  C:5475H         LINE#         597
  C:547BH         LINE#         598
  C:5484H         LINE#         602
  C:5484H         LINE#         609
  C:5497H         LINE#         610
  C:5497H         LINE#         611
  C:549FH         LINE#         612
  C:54A6H         LINE#         613
  C:54A6H         LINE#         615
  C:54A9H         LINE#         636
  -------         ENDPROC       MAIN
BL51 BANKED LINKER/LOCATER V6.22                                                      02/18/2019  18:00:34  PAGE 32


  -------         PROC          INITIALMPU
  C:79B7H         LINE#         652
  C:79B7H         LINE#         654
  C:79BAH         LINE#         655
  C:79BCH         LINE#         659
  C:79BEH         LINE#         662
  C:79C1H         LINE#         664
  C:79C3H         LINE#         665
  C:79C6H         LINE#         670
  C:79C8H         LINE#         678
  C:79CBH         LINE#         679
  C:79CEH         LINE#         680
  C:79D1H         LINE#         685
  C:79D4H         LINE#         686
  C:79D6H         LINE#         687
  C:79D8H         LINE#         688
  C:79DAH         LINE#         689
  C:79DBH         LINE#         745
  C:79DDH         LINE#         746
  C:79DFH         LINE#         748
  C:79E2H         LINE#         749
  C:79E5H         LINE#         751
  C:79E7H         LINE#         752
  C:79E9H         LINE#         754
  C:79EBH         LINE#         755
  C:79EDH         LINE#         757
  C:79EFH         LINE#         758
  C:79F2H         LINE#         759
  C:79F4H         LINE#         762
  C:79F6H         LINE#         763
  C:79F8H         LINE#         764
  C:79FAH         LINE#         765
  C:79FCH         LINE#         766
  C:79FEH         LINE#         767
  C:7A00H         LINE#         771
  -------         ENDPROC       INITIALMPU
  -------         PROC          _SET_PWM_OUTPUT
  X:01DDH         SYMBOL        addr
  X:01DEH         SYMBOL        val
  -------         DO            
  X:01DFH         SYMBOL        num
  -------         ENDDO         
  C:6826H         LINE#         774
  C:682EH         LINE#         775
  C:682EH         LINE#         778
  C:683BH         LINE#         794
  C:6858H         LINE#         795
  C:6858H         LINE#         796
  C:6858H         LINE#         797
  C:685BH         LINE#         798
  C:6866H         LINE#         799
  C:6869H         LINE#         801
  C:686EH         LINE#         802
  C:6871H         LINE#         803
  C:6872H         LINE#         804
  C:6872H         LINE#         805
[...]
  C:802CH         LINE#         2064
  C:802EH         LINE#         2065
  C:802FH         LINE#         2066
  C:8035H         LINE#         2068
  C:803FH         LINE#         2069
  C:803FH         LINE#         2072
  C:8044H         LINE#         2073
  C:804BH         LINE#         2074
  C:804EH         LINE#         2075
  C:804EH         LINE#         2107
  -------         ENDPROC       _BCC_CAL
  C:4C95H         SYMBOL        L?0342
  -------         PROC          _SC16_BCC_CHECK
  D:0001H         SYMBOL        addr
  -------         DO            
  X:0006H         SYMBOL        loop
  X:0007H         SYMBOL        f_val
  X:0008H         SYMBOL        s_val
  X:0009H         SYMBOL        com
  -------         ENDDO         
  C:4AB9H         LINE#         2134
  C:4AB9H         LINE#         2135
  C:4AB9H         LINE#         2137
  C:4ABEH         LINE#         2138
  C:4AC0H         LINE#         2151
  C:4AC3H         LINE#         2152
  C:4AC3H         LINE#         2153
  C:4AC9H         LINE#         2154
  C:4AC9H         LINE#         2155
  C:4AC9H         LINE#         2156
  C:4ACFH         LINE#         2157
  C:4ACFH         LINE#         2158
  C:4ACFH         LINE#         2159
  C:4AD6H         LINE#         2160
  C:4ADBH         LINE#         2163
  C:4AE3H         LINE#         2164
BL51 BANKED LINKER/LOCATER V6.22                                                      02/18/2019  18:00:34  PAGE 86


  C:4AE3H         LINE#         2165
  C:4AE5H         LINE#         2166
  C:4AF0H         LINE#         2167
  C:4AF0H         LINE#         2168
  C:4AF4H         LINE#         2169
  C:4AFBH         LINE#         2170
  C:4AFBH         LINE#         2171
  C:4AFCH         LINE#         2172
  C:4B06H         LINE#         2173
  C:4B06H         LINE#         2174
  C:4B09H         LINE#         2175
  C:4B09H         LINE#         2176
  C:4B0CH         LINE#         2177
  C:4B0CH         LINE#         2178
  C:4B14H         LINE#         2180
  C:4B14H         LINE#         2182
  C:4B14H         LINE#         2187
  C:4B22H         LINE#         2188
  C:4B22H         LINE#         2189
  C:4B42H         LINE#         2190
  C:4B42H         LINE#         2191
  C:4B47H         LINE#         2192
  C:4B4FH         LINE#         2193
  C:4B57H         LINE#         2194
  C:4B5CH         LINE#         2195
  C:4B64H         LINE#         2199
  C:4B6FH         LINE#         2200
  C:4B6FH         LINE#         2201
  C:4B76H         LINE#         2202
  C:4B7CH         LINE#         2203
  C:4B82H         LINE#         2204
  C:4B89H         LINE#         2205
  C:4B93H         LINE#         2206
  C:4B93H         LINE#         2209
  C:4B96H         LINE#         2210
  C:4BABH         LINE#         2211
  C:4BABH         LINE#         2212
  C:4BB0H         LINE#         2213
  C:4BB3H         LINE#         2215
  C:4BBFH         LINE#         2216
  C:4BBFH         LINE#         2217
  C:4BC2H         LINE#         2221
  C:4BC5H         LINE#         2222
  C:4BD1H         LINE#         2223
  C:4BD1H         LINE#         2224
  C:4BD4H         LINE#         2228
  C:4BD7H         LINE#         2229
  C:4BE3H         LINE#         2230
  C:4BE3H         LINE#         2231
  C:4BE6H         LINE#         2235
  C:4BE9H         LINE#         2236
  C:4BF5H         LINE#         2237
  C:4BF5H         LINE#         2238
  C:4BF8H         LINE#         2242
  C:4BFBH         LINE#         2244
  C:4C10H         LINE#         2245
  C:4C10H         LINE#         2246
BL51 BANKED LINKER/LOCATER V6.22                                                      02/18/2019  18:00:34  PAGE 87


  C:4C15H         LINE#         2251
  C:4C17H         LINE#         2253
  C:4C23H         LINE#         2254
  C:4C23H         LINE#         2255
  C:4C26H         LINE#         2259
  C:4C28H         LINE#         2260
  C:4C34H         LINE#         2261
  C:4C34H         LINE#         2262
  C:4C37H         LINE#         2266
  C:4C39H         LINE#         2267
  C:4C45H         LINE#         2268
  C:4C45H         LINE#         2269
  C:4C48H         LINE#         2273
  C:4C4AH         LINE#         2287
  C:4C4AH         LINE#         2293
  C:4C50H         LINE#         2294
  C:4C50H         LINE#         2296
  C:4C63H         LINE#         2297
  C:4C74H         LINE#         2299
  C:4C7AH         LINE#         2300
  C:4C80H         LINE#         2311
  C:4C82H         LINE#         2313
  C:4C82H         LINE#         2314
  C:4C87H         LINE#         2319
  C:4C87H         LINE#         2322
  C:4C8AH         LINE#         2323
  C:4C8AH         LINE#         2328
  C:4C8DH         LINE#         2330
  C:4C8DH         LINE#         2332
  C:4C8DH         LINE#         2333
  C:4C92H         LINE#         2337
  C:4C94H         LINE#         2338
  C:4C94H         LINE#         2342
  -------         ENDPROC       _SC16_BCC_CHECK
  -------         PROC          CHECK_OTHER_COM
  C:69B7H         LINE#         2346
  C:69B7H         LINE#         2347
  C:69B7H         LINE#         2349
  C:69BFH         LINE#         2350
  C:69BFH         LINE#         2351
  C:69C2H         LINE#         2352
  C:69C2H         LINE#         2356
  C:69DAH         LINE#         2358
  C:69DEH         LINE#         2359
  C:69DEH         LINE#         2360
  C:69E6H         LINE#         2361
  C:69E6H         LINE#         2362
  C:69E8H         LINE#         2363
  C:69EFH         LINE#         2364
  C:69EFH         LINE#         2365
  C:69F8H         LINE#         2366
  C:69FDH         LINE#         2367
  C:69FFH         LINE#         2369
  C:6A04H         LINE#         2372
  C:6A04H         LINE#         2373
  C:6A06H         LINE#         2374
  C:6A06H         LINE#         2376
BL51 BANKED LINKER/LOCATER V6.22                                                      02/18/2019  18:00:34  PAGE 88


  C:6A1CH         LINE#         2378
  C:6A20H         LINE#         2379
  C:6A20H         LINE#         2380
  C:6A28H         LINE#         2381
  C:6A28H         LINE#         2382
  C:6A2AH         LINE#         2383
  C:6A31H         LINE#         2384
  C:6A31H         LINE#         2385
  C:6A3AH         LINE#         2386
  C:6A3FH         LINE#         2387
  C:6A3FH         LINE#         2390
  C:6A3FH         LINE#         2391
  C:6A41H         LINE#         2392
  C:6A41H         LINE#         2394
  C:6A57H         LINE#         2395
  C:6A57H         LINE#         2396
  C:6A5CH         LINE#         2397
  C:6A69H         LINE#         2398
  C:6A6CH         LINE#         2399
  C:6A6CH         LINE#         2403
  C:6A6FH         LINE#         2405
  C:6A6FH         LINE#         2406
  C:6A6FH         LINE#         2407
  C:6A6FH         LINE#         2408
  C:6A6FH         LINE#         2411
  C:6A6FH         LINE#         2413
  C:6A6FH         LINE#         2418
  C:6A6FH         LINE#         2421
  C:6A6FH         LINE#         2423
  C:6A6FH         LINE#         2425
  C:6A6FH         LINE#         2427
  C:6A6FH         LINE#         2433
  C:6A6FH         LINE#         2436
  C:6A6FH         LINE#         2438
  C:6A6FH         LINE#         2442
  C:6A6FH         LINE#         2444
  C:6A75H         LINE#         2448
  -------         ENDPROC       CHECK_OTHER_COM
  -------         PROC          _RESETDEVICE
  D:0003H         SYMBOL        addr
  -------         DO            
  D:0006H         SYMBOL        temp
  -------         ENDDO         
  C:000EH         LINE#         2542
  C:0010H         LINE#         2543
  C:0010H         LINE#         2545
  C:0017H         LINE#         2546
  C:001BH         LINE#         2547
  -------         ENDPROC       _RESETDEVICE
  -------         PROC          _SETBAUDRATE
  X:0007H         SYMBOL        addr
  X:0008H         SYMBOL        baudrate
  -------         DO            
  X:000CH         SYMBOL        divisor
  X:0010H         SYMBOL        prescaler
  D:0002H         SYMBOL        temp_lcr
  -------         ENDDO         
BL51 BANKED LINKER/LOCATER V6.22                                                      02/18/2019  18:00:34  PAGE 89


  C:6A78H         LINE#         2557
  C:6A7DH         LINE#         2558
  C:6A7DH         LINE#         2574
  C:6A89H         LINE#         2575
  C:6A8CH         LINE#         2576
  C:6A8EH         LINE#         2577
  C:6A91H         LINE#         2578
  C:6A91H         LINE#         2582
  C:6ADBH         LINE#         2594
  C:6AE7H         LINE#         2596
  C:6AEEH         LINE#         2598
  C:6AF1H         LINE#         2600
  C:6AF4H         LINE#         2602
  C:6B06H         LINE#         2604
  C:6B25H         LINE#         2611
  C:6B28H         LINE#         2612
  C:6B2BH         LINE#         2614
  C:6B2FH         LINE#         2631
  -------         ENDPROC       _SETBAUDRATE
  -------         PROC          _SETLINE
  D:0002H         SYMBOL        addr
  X:0008H         SYMBOL        data_length
  D:0001H         SYMBOL        parity_select
  X:000AH         SYMBOL        stop_length
  -------         DO            
  D:0006H         SYMBOL        temp_lcr
  -------         ENDDO         
  C:74ACH         LINE#         2633
  C:74B5H         LINE#         2634
  C:74B5H         LINE#         2636
  C:74BCH         LINE#         2637
  C:74C0H         LINE#         2642
  C:74D0H         LINE#         2643
  C:74D0H         LINE#         2644
  C:74D0H         LINE#         2645
  C:74D0H         LINE#         2646
  C:74D4H         LINE#         2647
  C:74D6H         LINE#         2648
  C:74D6H         LINE#         2649
  C:74DAH         LINE#         2650
  C:74DCH         LINE#         2651
  C:74DCH         LINE#         2654
  C:74DCH         LINE#         2655
  C:74E0H         LINE#         2656
  C:74E0H         LINE#         2657
  C:74E0H         LINE#         2659
  C:74E7H         LINE#         2660
  C:74EBH         LINE#         2661
  C:74EBH         LINE#         2663
  C:74F7H         LINE#         2664
  C:74F7H         LINE#         2665
  C:74F7H         LINE#         2666
  C:74F7H         LINE#         2667
  C:74FBH         LINE#         2668
  C:74FDH         LINE#         2669
  C:74FDH         LINE#         2670
  C:7501H         LINE#         2671
BL51 BANKED LINKER/LOCATER V6.22                                                      02/18/2019  18:00:34  PAGE 90


  C:7503H         LINE#         2672
  C:7503H         LINE#         2673
  C:7507H         LINE#         2674
  C:7507H         LINE#         2675
  C:7507H         LINE#         2676
  C:7507H         LINE#         2677
  C:7507H         LINE#         2678
  C:7507H         LINE#         2679
  C:7507H         LINE#         2681
  -------         ENDPROC       _SETLINE
  -------         PROC          _GPIOSETPORTMODE
  D:0007H         SYMBOL        addr
  D:0005H         SYMBOL        port_io
  C:836EH         LINE#         2729
  C:836EH         LINE#         2730
  C:836EH         LINE#         2732
  -------         ENDPROC       _GPIOSETPORTMODE
  -------         PROC          _GPIOSETPORTSTATE
  D:0007H         SYMBOL        addr
  D:0005H         SYMBOL        port_state
  C:8377H         LINE#         2737
  C:8377H         LINE#         2738
  C:8377H         LINE#         2739
  -------         ENDPROC       _GPIOSETPORTSTATE
  -------         PROC          _GPIOGETPORTSTATE
  D:0007H         SYMBOL        addr
  C:83AEH         LINE#         2742
  C:83AEH         LINE#         2743
  C:83AEH         LINE#         2748
  C:83B3H         LINE#         2750
  -------         ENDPROC       _GPIOGETPORTSTATE
  -------         PROC          _WRITEBYTE
  D:0007H         SYMBOL        addr
  D:0005H         SYMBOL        val
  C:8380H         LINE#         2842
  C:8380H         LINE#         2843
  C:8380H         LINE#         2865
  -------         ENDPROC       _WRITEBYTE
  -------         PROC          _READBYTE
  D:0007H         SYMBOL        addr
  -------         DO            
  D:0007H         SYMBOL        val
  -------         ENDDO         
  C:83B4H         LINE#         2871
  C:83B4H         LINE#         2872
  C:83B4H         LINE#         2876
  C:83B9H         LINE#         2877
  C:83B9H         LINE#         2903
  -------         ENDPROC       _READBYTE
  -------         PROC          MCTRL_SET
  C:8389H         LINE#         3013
  C:8389H         LINE#         3014
  C:8389H         LINE#         3017
  C:838BH         LINE#         3018
  C:838DH         LINE#         3019
  C:838FH         LINE#         3020
  C:8391H         LINE#         3021
BL51 BANKED LINKER/LOCATER V6.22                                                      02/18/2019  18:00:34  PAGE 91


  -------         ENDPROC       MCTRL_SET
  -------         ENDMOD        NED

  -------         MODULE        ?C?FPADD
  C:259FH         PUBLIC        ?C?FPADD
  C:259BH         PUBLIC        ?C?FPSUB
  -------         ENDMOD        ?C?FPADD

  -------         MODULE        ?C?FPMUL
  C:2690H         PUBLIC        ?C?FPMUL
  -------         ENDMOD        ?C?FPMUL

  -------         MODULE        ?C?FPDIV
  C:2799H         PUBLIC        ?C?FPDIV
  -------         ENDMOD        ?C?FPDIV

  -------         MODULE        ?C?FCAST
  C:2840H         PUBLIC        ?C?FCASTC
  C:283BH         PUBLIC        ?C?FCASTI
  C:2836H         PUBLIC        ?C?FCASTL
  -------         ENDMOD        ?C?FCAST

  -------         MODULE        ?C?CASTF
  C:2874H         PUBLIC        ?C?CASTF
  -------         ENDMOD        ?C?CASTF

  -------         MODULE        SCANF
  X:01DDH         PUBLIC        ?_SCANF?BYTE
  X:01DDH         PUBLIC        ?_SSCANF?BYTE
  C:4307H         PUBLIC        _SCANF
  C:4303H         PUBLIC        _SSCANF
  -------         ENDMOD        SCANF

  -------         MODULE        ?C?FPNEG
  C:28F5H         PUBLIC        ?C?FPNEG
  -------         ENDMOD        ?C?FPNEG

  -------         MODULE        ?C?FTNPWR
  C:2936H         PUBLIC        ?C?FTNPWR
  -------         ENDMOD        ?C?FTNPWR

  -------         MODULE        ?C?COPY
  C:2A46H         PUBLIC        ?C?COPY
  -------         ENDMOD        ?C?COPY

  -------         MODULE        ?C?CLDPTR
  C:2A6CH         PUBLIC        ?C?CLDPTR
  -------         ENDMOD        ?C?CLDPTR

  -------         MODULE        ?C?CLDOPTR
  C:2A85H         PUBLIC        ?C?CLDOPTR
  -------         ENDMOD        ?C?CLDOPTR

  -------         MODULE        ?C?CSTPTR
  C:2AB2H         PUBLIC        ?C?CSTPTR
  -------         ENDMOD        ?C?CSTPTR

BL51 BANKED LINKER/LOCATER V6.22                                                      02/18/2019  18:00:34  PAGE 92


  -------         MODULE        ?C?IMUL
  C:2AC4H         PUBLIC        ?C?IMUL
  -------         ENDMOD        ?C?IMUL

  -------         MODULE        ?C?UIDIV
  C:2AD6H         PUBLIC        ?C?UIDIV
  -------         ENDMOD        ?C?UIDIV

  -------         MODULE        ?C?IILDX
  C:2B2BH         PUBLIC        ?C?IILDX
  -------         ENDMOD        ?C?IILDX

  -------         MODULE        ?C?ILDIX
  C:2B41H         PUBLIC        ?C?ILDIX
  -------         ENDMOD        ?C?ILDIX

  -------         MODULE        ?C?ILDPTR
  C:2B57H         PUBLIC        ?C?ILDPTR
  -------         ENDMOD        ?C?ILDPTR

  -------         MODULE        ?C?IILDOPTR
  C:2B82H         PUBLIC        ?C?IILDOPTR
  -------         ENDMOD        ?C?IILDOPTR

  -------         MODULE        ?C?ISTPTR
  C:2BCFH         PUBLIC        ?C?ISTPTR
  -------         ENDMOD        ?C?ISTPTR

  -------         MODULE        ?C?LMUL
  C:2BEEH         PUBLIC        ?C?LMUL
  -------         ENDMOD        ?C?LMUL

  -------         MODULE        ?C?ULDIV
  C:2C79H         PUBLIC        ?C?ULDIV
  -------         ENDMOD        ?C?ULDIV

  -------         MODULE        ?C?SLDIV
  C:7BB2H         PUBLIC        ?C?SLDIV
  -------         ENDMOD        ?C?SLDIV

  -------         MODULE        ?C?LNEG
  C:2D0BH         PUBLIC        ?C?LNEG
  -------         ENDMOD        ?C?LNEG

  -------         MODULE        ?C?ULCMP
  C:2D19H         PUBLIC        ?C?ULCMP
  -------         ENDMOD        ?C?ULCMP

  -------         MODULE        ?C?ULSHR
  C:2D2AH         PUBLIC        ?C?ULSHR
  -------         ENDMOD        ?C?ULSHR

  -------         MODULE        ?C?LSTPTR
  C:2D3DH         PUBLIC        ?C?LSTPTR
  -------         ENDMOD        ?C?LSTPTR

  -------         MODULE        ?C?LSTXDATA
BL51 BANKED LINKER/LOCATER V6.22                                                      02/18/2019  18:00:34  PAGE 93


  C:2D57H         PUBLIC        ?C?LSTXDATA
  -------         ENDMOD        ?C?LSTXDATA

  -------         MODULE        ?C?LSTKXDATA
  C:2D63H         PUBLIC        ?C?LSTKXDATA
  -------         ENDMOD        ?C?LSTKXDATA

  -------         MODULE        ?C?PLDXDATA
  C:2D94H         PUBLIC        ?C?PLDXDATA
  -------         ENDMOD        ?C?PLDXDATA

  -------         MODULE        ?C?PLDIXDATA
  C:2D9DH         PUBLIC        ?C?PLDIXDATA
  -------         ENDMOD        ?C?PLDIXDATA

  -------         MODULE        ?C?PILDXDATA
  C:2DB4H         PUBLIC        ?C?PILDXDATA
  -------         ENDMOD        ?C?PILDXDATA

  -------         MODULE        ?C?PSTXDATA
  C:2DCBH         PUBLIC        ?C?PSTXDATA
  -------         ENDMOD        ?C?PSTXDATA

  -------         MODULE        ?C?PLDPTR
  C:2DD4H         PUBLIC        ?C?PLDPTR
  -------         ENDMOD        ?C?PLDPTR

  -------         MODULE        ?C?PSTPTR
  C:2DF4H         PUBLIC        ?C?PSTPTR
  -------         ENDMOD        ?C?PSTPTR

  -------         MODULE        ?C?CCASE
  C:2E43H         PUBLIC        ?C?CCASE
  -------         ENDMOD        ?C?CCASE

  -------         MODULE        GETCHAR
  B:0024H.5       PUBLIC        ?C?CHARLOADED
  X:035FH         PUBLIC        ?_UNGETCHAR?BYTE
  C:8245H         PUBLIC        GETCHAR
  -------         ENDMOD        GETCHAR

  -------         MODULE        UNGETC
  C:839AH         PUBLIC        _UNGETCHAR
  -------         ENDMOD        UNGETC

  -------         MODULE        ISSPACE
  C:8259H         PUBLIC        _isspace
  -------         ENDMOD        ISSPACE

  -------         MODULE        STRLEN
  C:821CH         PUBLIC        _STRLEN
  -------         ENDMOD        STRLEN

  -------         MODULE        ATOI
  C:65A5H         PUBLIC        _atoi
  -------         ENDMOD        ATOI

BL51 BANKED LINKER/LOCATER V6.22                                                      02/18/2019  18:00:34  PAGE 94


  -------         MODULE        ?C?LSTIDATA
  C:2E69H         PUBLIC        ?C?LSTIDATA
  -------         ENDMOD        ?C?LSTIDATA

  -------         MODULE        ?C?LSTPDATA
  C:2E75H         PUBLIC        ?C?LSTPDATA
  -------         ENDMOD        ?C?LSTPDATA

  -------         MODULE        ?C?PLDIDATA
  C:2E81H         PUBLIC        ?C?PLDIDATA
  -------         ENDMOD        ?C?PLDIDATA

  -------         MODULE        ?C?PSTIDATA
  C:2E8AH         PUBLIC        ?C?PSTIDATA
  -------         ENDMOD        ?C?PSTIDATA

  -------         MODULE        ?C?PLDPDATA
  C:2E93H         PUBLIC        ?C?PLDPDATA
  -------         ENDMOD        ?C?PLDPDATA

  -------         MODULE        ?C?PSTPDATA
  C:2E9CH         PUBLIC        ?C?PSTPDATA
  -------         ENDMOD        ?C?PSTPDATA

  -------         MODULE        ?C?PLDCODE
  C:2EA5H         PUBLIC        ?C?PLDCODE
  -------         ENDMOD        ?C?PLDCODE

  -------         MODULE        PUTCHAR
  C:8078H         PUBLIC        _PUTCHAR
  -------         ENDMOD        PUTCHAR

  -------         MODULE        _GETKEY
  C:8352H         PUBLIC        _GETKEY
  -------         ENDMOD        _GETKEY

  -------         MODULE        ISDIGIT
  C:8312H         PUBLIC        _isdigit
  -------         ENDMOD        ISDIGIT

Program Size: data=42.6 xdata=864 code=33726
LINK/LOCATE RUN COMPLETE.  0 WARNING(S),  0 ERROR(S)
