BL51 BANKED LINKER/LOCATER V6.22                                                        12/25/2018  16:49:29  PAGE 1


BL51 BANKED LINKER/LOCATER V6.22, INVOKED BY:
C:\KEIL\C51\BIN\BL51.EXE .\OBJ\STARTUP.obj, .\OBJ\UART.obj, .\OBJ\BusCtrl.obj, .\OBJ\CommandShell.obj, .\OBJ\Main.obj, .
>> \OBJ\OSD_Graph.obj, .\OBJ\OSDAction .obj, .\OBJ\OSDCtrl.obj, .\OBJ\Timer.obj, .\OBJ\TW28xx_Audio.obj, .\OBJ\TW28xx_Vi
>> deo.obj, .\OBJ\TW2835_Init.obj, .\OBJ\NED.obj TO .\OBJ\NED_5MCMOS_v0_a_a_XXXX_20181220 PRINT (.\OBJ\NED_5MCMOS_v0_a_a
>> _XXXX_20181220.m51) RAMSIZE (256)


MEMORY MODEL: LARGE WITH FLOATING POINT ARITHMETIC


INPUT MODULES INCLUDED:
  .\OBJ\STARTUP.obj (?C_STARTUP)
  .\OBJ\UART.obj (UART)
  .\OBJ\BusCtrl.obj (BUSCTRL)
  .\OBJ\CommandShell.obj (COMMANDSHELL)
  .\OBJ\Main.obj (MAIN)
  .\OBJ\OSD_Graph.obj (OSD_GRAPH)
  .\OBJ\OSDAction .obj (OSDACTION_)
  .\OBJ\OSDCtrl.obj (OSDCTRL)
  .\OBJ\Timer.obj (TIMER)
  .\OBJ\TW28xx_Audio.obj (TW28XX_AUDIO)
  .\OBJ\TW28xx_Video.obj (TW28XX_VIDEO)
  .\OBJ\TW2835_Init.obj (TW2835_INIT)
  .\OBJ\NED.obj (NED)
  C:\KEIL\C51\LIB\C51FPL.LIB (?C?FPADD)
  C:\KEIL\C51\LIB\C51FPL.LIB (?C?FPMUL)
  C:\KEIL\C51\LIB\C51FPL.LIB (?C?FPDIV)
  C:\KEIL\C51\LIB\C51FPL.LIB (?C?FCAST)
  C:\KEIL\C51\LIB\C51FPL.LIB (?C?CASTF)
  C:\KEIL\C51\LIB\C51FPL.LIB (SCANF)
  C:\KEIL\C51\LIB\C51FPL.LIB (?C?FPGETOPN)
  C:\KEIL\C51\LIB\C51FPL.LIB (?C?ATOF)
  C:\KEIL\C51\LIB\C51FPL.LIB (?C?FPNEG)
  C:\KEIL\C51\LIB\C51FPL.LIB (?C?FTNPWR)
  C:\KEIL\C51\LIB\C51L.LIB (?C_INIT)
  C:\KEIL\C51\LIB\C51L.LIB (?C?COPY)
  C:\KEIL\C51\LIB\C51L.LIB (?C?CLDPTR)
  C:\KEIL\C51\LIB\C51L.LIB (?C?CLDOPTR)
  C:\KEIL\C51\LIB\C51L.LIB (?C?CSTPTR)
  C:\KEIL\C51\LIB\C51L.LIB (?C?IMUL)
  C:\KEIL\C51\LIB\C51L.LIB (?C?UIDIV)
  C:\KEIL\C51\LIB\C51L.LIB (?C?IILDX)
  C:\KEIL\C51\LIB\C51L.LIB (?C?ILDIX)
  C:\KEIL\C51\LIB\C51L.LIB (?C?ILDPTR)
  C:\KEIL\C51\LIB\C51L.LIB (?C?IILDOPTR)
  C:\KEIL\C51\LIB\C51L.LIB (?C?ISTPTR)
  C:\KEIL\C51\LIB\C51L.LIB (?C?LMUL)
  C:\KEIL\C51\LIB\C51L.LIB (?C?ULDIV)
  C:\KEIL\C51\LIB\C51L.LIB (?C?SLDIV)
  C:\KEIL\C51\LIB\C51L.LIB (?C?LNEG)
  C:\KEIL\C51\LIB\C51L.LIB (?C?ULCMP)
  C:\KEIL\C51\LIB\C51L.LIB (?C?ULSHR)
  C:\KEIL\C51\LIB\C51L.LIB (?C?LSTPTR)
  C:\KEIL\C51\LIB\C51L.LIB (?C?LSTXDATA)
  C:\KEIL\C51\LIB\C51L.LIB (?C?LSTKXDATA)
  C:\KEIL\C51\LIB\C51L.LIB (?C?PLDXDATA)
  C:\KEIL\C51\LIB\C51L.LIB (?C?PLDIXDATA)
  C:\KEIL\C51\LIB\C51L.LIB (?C?PILDXDATA)
BL51 BANKED LINKER/LOCATER V6.22                                                      12/25/2018  16:49:29  PAGE 2


  C:\KEIL\C51\LIB\C51L.LIB (?C?PSTXDATA)
  C:\KEIL\C51\LIB\C51L.LIB (?C?PLDPTR)
  C:\KEIL\C51\LIB\C51L.LIB (?C?PSTPTR)
  C:\KEIL\C51\LIB\C51L.LIB (?C?CCASE)
  C:\KEIL\C51\LIB\C51L.LIB (GETCHAR)
  C:\KEIL\C51\LIB\C51L.LIB (UNGETC)
  C:\KEIL\C51\LIB\C51L.LIB (ISSPACE)
  C:\KEIL\C51\LIB\C51L.LIB (STRLEN)
  C:\KEIL\C51\LIB\C51L.LIB (ATOI)
  C:\KEIL\C51\LIB\C51L.LIB (?C?LSTIDATA)
  C:\KEIL\C51\LIB\C51L.LIB (?C?LSTPDATA)
  C:\KEIL\C51\LIB\C51L.LIB (?C?PLDIDATA)
  C:\KEIL\C51\LIB\C51L.LIB (?C?PSTIDATA)
  C:\KEIL\C51\LIB\C51L.LIB (?C?PLDPDATA)
  C:\KEIL\C51\LIB\C51L.LIB (?C?PSTPDATA)
  C:\KEIL\C51\LIB\C51L.LIB (?C?PLDCODE)
  C:\KEIL\C51\LIB\C51L.LIB (PUTCHAR)
  C:\KEIL\C51\LIB\C51L.LIB (_GETKEY)
  C:\KEIL\C51\LIB\C51L.LIB (ISDIGIT)


LINK MAP OF MODULE:  .\OBJ\NED_5MCMOS_v0_a_a_XXXX_20181220 (?C_STARTUP)


            TYPE    BASE      LENGTH    RELOCATION   SEGMENT NAME
            -----------------------------------------------------

            * * * * * * *   D A T A   M E M O R Y   * * * * * * *
            REG     0000H     0008H     ABSOLUTE     "REG BANK 0"
            DATA    0008H     000FH     UNIT         _DATA_GROUP_
            DATA    0017H     0002H     UNIT         ?DT?OSDCTRL
                    0019H     0007H                  *** GAP ***
            DATA    0020H     0001H     BIT_ADDR     ?BA?MAIN
            DATA    0021H     0001H     BIT_ADDR     ?BA?OSDACTION_
            DATA    0022H     0001H     BIT_ADDR     ?BA?OSDCTRL
            BIT     0023H.0   0001H.3   UNIT         _BIT_GROUP_
            BIT     0024H.3   0000H.2   UNIT         ?BI?MAIN
            BIT     0024H.5   0000H.1   UNIT         ?BI?GETCHAR
                    0024H.6   0000H.2                *** GAP ***
            DATA    0025H     000CH     UNIT         ?DT?TIMER
            IDATA   0031H     0001H     UNIT         ?STACK

            * * * * * * *  X D A T A   M E M O R Y  * * * * * * *
            XDATA   0000H     0211H     UNIT         _XDATA_GROUP_
            XDATA   0211H     0082H     UNIT         ?XD?NED
            XDATA   0293H     0066H     UNIT         ?XD?UART
            XDATA   02F9H     0045H     UNIT         ?XD?MAIN
            XDATA   033EH     001DH     UNIT         ?XD?COMMANDSHELL
            XDATA   035BH     0001H     UNIT         ?XD?OSD_GRAPH
            XDATA   035CH     0001H     UNIT         ?XD?OSDACTION_
            XDATA   035DH     0001H     UNIT         ?XD?GETCHAR

            * * * * * * *   C O D E   M E M O R Y   * * * * * * *
            CODE    0000H     0003H     ABSOLUTE     
            CODE    0003H     0008H     UNIT         ?PR?_RS_TX?UART
            CODE    000BH     0003H     ABSOLUTE     
            CODE    000EH     0015H     UNIT         ?PR?_RESETDEVICE?NED
BL51 BANKED LINKER/LOCATER V6.22                                                      12/25/2018  16:49:29  PAGE 3


            CODE    0023H     0003H     ABSOLUTE     
            CODE    0026H     0003H     UNIT         ?PR?_PCT_PRESETFOREGROUNDCOLOR?OSDCTRL
            CODE    0029H     0001H     UNIT         ?PR?PTC_SWITCHTOI2CMODE?BUSCTRL
            CODE    002AH     0001H     UNIT         ?PR?PCT_SENDACK?COMMANDSHELL
            CODE    002BH     0003H     ABSOLUTE     
            CODE    002EH     16CAH     UNIT         ?CO?OSD_GRAPH
            CODE    16F8H     0EA0H     UNIT         ?CO?OSDCTRL
            CODE    2598H     0919H     UNIT         ?C?LIB_CODE
            CODE    2EB1H     0485H     UNIT         ?PR?_PCT_SHOWMIRRORICON?OSDACTION_
            CODE    3336H     0459H     UNIT         ?CO?TW28XX_VIDEO
            CODE    378FH     0400H     UNIT         ?CO?TW2835_INIT
            CODE    3B8FH     036EH     UNIT         ?PR?_PCT_OSD_ACTIONPTHX?OSDACTION_
            CODE    3EFDH     035AH     UNIT         ?PR?SCANF?SCANF
            CODE    4257H     0306H     UNIT         ?PR?_MONITOR_SET?MAIN
            CODE    455DH     02F8H     UNIT         ?PR?_PCT_SETVIDEOHDELAY?TW28XX_VIDEO
            CODE    4855H     01EDH     UNIT         ?PR?_SC16_SENDDATASELECT?NED
            CODE    4A42H     01E4H     UNIT         ?PR?_SC16_BCC_CHECK?NED
            CODE    4C26H     01D3H     UNIT         ?CO?MAIN
            CODE    4DF9H     01A3H     UNIT         ?PR?_PCT_SETXVIDEOMIXING?TW28XX_VIDEO
            CODE    4F9CH     01A2H     UNIT         ?PR?_PCT_OSD16X16GRAPHX?OSD_GRAPH
            CODE    513EH     017CH     UNIT         ?PR?_PCT_WRITEOSDDATABUFFERX?OSDCTRL
            CODE    52BAH     017BH     UNIT         ?PR?MAIN?MAIN
            CODE    5435H     016AH     UNIT         ?PR?OSDCTRL
            CODE    559FH     0163H     UNIT         ?C_INITSEG
            CODE    5702H     0160H     UNIT         ?PR?_PCT_SHOWINDICATEICON?OSDACTION_
            CODE    5862H     0156H     UNIT         ?PR?_MONIHSCOMM?COMMANDSHELL
            CODE    59B8H     0141H     UNIT         ?PR?_PCT_RECOMPENSEYHDELAY?TW28XX_VIDEO
            CODE    5AF9H     013AH     UNIT         ?PR?PCT_INITOSDCOLOR?OSDCTRL
            CODE    5C33H     0124H     UNIT         ?PR?_PCT_WRITEOSDFNTX?OSDCTRL
            CODE    5D57H     0124H     UNIT         ?PR?_PCT_WRITEOSDDATABUFFERY?OSDCTRL
            CODE    5E7BH     0108H     UNIT         ?PR?TW28XX_VIDEO
            CODE    5F83H     0107H     UNIT         ?PR?_PCT_RUNCOMMSHELL?COMMANDSHELL
            CODE    608AH     00FBH     UNIT         ?PR?CAMERA_MOVE?NED
            CODE    6185H     00F2H     UNIT         ?PR?_PCT_WRITEOSDFNTY?OSDCTRL
            CODE    6277H     00ECH     UNIT         ?PR?PRESS_CHECK?MAIN
            CODE    6363H     00E6H     UNIT         ?PR??C?ATOF??C?ATOF
            CODE    6449H     00DDH     UNIT         ?PR?TIMER2_INTERRUPT?TIMER
            CODE    6526H     00DBH     UNIT         ?PR?_ATOI?ATOI
            CODE    6601H     00D7H     UNIT         ?PR?COMMANDSHELL?MAIN
            CODE    66D8H     00CFH     UNIT         ?PR?NED
            CODE    67A7H     00CEH     UNIT         ?PR?_SET_PWM_OUTPUT?MAIN
            CODE    6875H     00C3H     UNIT         ?PR?MAIN
            CODE    6938H     00C1H     UNIT         ?PR?CHECK_OTHER_COM?NED
            CODE    69F9H     00B8H     UNIT         ?PR?_SETBAUDRATE?NED
            CODE    6AB1H     00B6H     UNIT         ?PR?_PCT_CLEARWORDSPATHX?OSDCTRL
            CODE    6B67H     00B0H     UNIT         ?PR?_SC16_COMCHECK?NED
            CODE    6C17H     00AAH     UNIT         ?PR?_PCT_FULLCOLORONOSD?OSDCTRL
            CODE    6CC1H     0099H     UNIT         ?PR?_PCT_SETCHANELSCALE?TW28XX_VIDEO
            CODE    6D5AH     008CH     UNIT         ?C_C51STARTUP
            CODE    6DE6H     008CH     UNIT         ?PR?_PCT_READASICBYTE?BUSCTRL
            CODE    6E72H     0082H     UNIT         ?PR?COMMANDSHELL
            CODE    6EF4H     0081H     UNIT         ?PR?_PCT_WRITEASICTABLE?BUSCTRL
            CODE    6F75H     0080H     UNIT         ?PR?SC16_INIT?NED
            CODE    6FF5H     0079H     UNIT         ?PR?_I2CWRITEDATA?NED
            CODE    706EH     0073H     UNIT         ?PR?_BOUND_SET?NED
            CODE    70E1H     0072H     UNIT         ?CO?COMMANDSHELL
            CODE    7153H     0070H     UNIT         ?PR?_PCT_GETFIRSTSTR?COMMANDSHELL
BL51 BANKED LINKER/LOCATER V6.22                                                      12/25/2018  16:49:29  PAGE 4


            CODE    71C3H     006DH     UNIT         ?PR?OSDACTION_
            CODE    7230H     0069H     UNIT         ?PR?PCT_CHECKSYSTEM?COMMANDSHELL
            CODE    7299H     0067H     UNIT         ?PR?PCT_TW2835_INITIAL?TW2835_INIT
            CODE    7300H     0065H     UNIT         ?PR?_MONISHOWSODSTR?COMMANDSHELL
            CODE    7365H     0064H     UNIT         ?PR?_PCT_WRITEASICBYTE?BUSCTRL
            CODE    73C9H     0064H     UNIT         ?PR?_PCT_CHANGESYSTEMTYPE?TW2835_INIT
            CODE    742DH     0064H     UNIT         ?PR?_SETLINE?NED
            CODE    7491H     0063H     UNIT         ?PR?GPIO_CHECK?NED
            CODE    74F4H     0061H     UNIT         ?PR?CAMERA_VERSION_CHECK?MAIN
            CODE    7555H     0061H     UNIT         ?PR?_PCT_SHOWGRAPHSTRING?OSD_GRAPH
            CODE    75B6H     005EH     UNIT         ?PR?_PCT_SHOWOSDSTRING?OSDCTRL
            CODE    7614H     005AH     UNIT         ?PR?TEMP_CHECK?MAIN
            CODE    766EH     0059H     UNIT         ?PR?_PCT_SETOSDCOLOR?OSDCTRL
            CODE    76C7H     0053H     UNIT         ?PR?VERSION_CHECK?MAIN
            CODE    771AH     0052H     UNIT         ?PR?_PCT_WRITESTABLE?BUSCTRL
            CODE    776CH     0050H     UNIT         ?PR?_WAIT_MS?MAIN
            CODE    77BCH     004DH     UNIT         ?PR?_MONIWRITEASICBYTE?COMMANDSHELL
            CODE    7809H     004CH     UNIT         ?PR?PCT_INITIALOSD?OSDACTION_
            CODE    7855H     004BH     UNIT         ?PR?_PCT_DETECTVIDEOFORMAT?TW28XX_VIDEO
            CODE    78A0H     004BH     UNIT         ?PR?SENT_CAMERA_ANG?NED
            CODE    78EBH     004BH     UNIT         ?PR?SENT_CAMERA_RANG?NED
            CODE    7936H     004AH     UNIT         ?PR?INITIALMPU?MAIN
            CODE    7980H     004AH     UNIT         ?PR?SEND_CAMERA_PRESS?NED
            CODE    79CAH     004AH     UNIT         ?PR?_SET_CAMERA_SPEED?NED
            CODE    7A14H     0048H     UNIT         ?PR?_PCT_CHECKVMIXTYPE?COMMANDSHELL
            CODE    7A5CH     0048H     UNIT         ?PR?_SET_VIDEO?NED
            CODE    7AA4H     0047H     UNIT         ?PR?PCT_GETVIDEOSIGNALSTATUS?OSDACTION_
            CODE    7AEBH     0046H     UNIT         ?PR?PCT_SHOWMODEICON?OSDACTION_
            CODE    7B31H     0044H     UNIT         ?C?LDIV
            CODE    7B75H     0040H     UNIT         ?PR?_PCT_WINATTRCTRLY?TW28XX_VIDEO
            CODE    7BB5H     0040H     UNIT         ?PR?_READI2CWORD?NED
            CODE    7BF5H     003FH     UNIT         ?PR?SENT_DVR_TEMP?NED
            CODE    7C34H     003DH     UNIT         ?PR?_PCT_STRTOCOMMCODE?COMMANDSHELL
            CODE    7C71H     003CH     UNIT         ?PR?BUSCTRL
            CODE    7CADH     003BH     UNIT         ?PR?_SC16_DATA_RESET?NED
            CODE    7CE8H     003AH     UNIT         ?PR?_PCT_WINATTRCTRL?TW28XX_VIDEO
            CODE    7D22H     0038H     UNIT         ?PR?OSD_GRAPH
            CODE    7D5AH     0036H     UNIT         ?PR?_PCT_ENSHOWOSDPAGE?OSDCTRL
            CODE    7D90H     0036H     UNIT         ?PR?SEND_CAMERA_TEMP?NED
            CODE    7DC6H     0034H     UNIT         ?PR?_PCT_DISSHOWOSDPAGE?OSDCTRL
            CODE    7DFAH     0032H     UNIT         ?PR?REPEAT_PWM_COM?NED
            CODE    7E2CH     0032H     UNIT         ?PR?SC16_DATACHECK?NED
            CODE    7E5EH     002DH     UNIT         ?PR?RS_INTERRUPT?UART
            CODE    7E8BH     002DH     UNIT         ?PR?_PWM_SET?MAIN
            CODE    7EB8H     002CH     UNIT         ?PR?GET_CAMERA_VER?NED
            CODE    7EE4H     002CH     UNIT         ?PR?GET_CAMERA_ANG?NED
            CODE    7F10H     002CH     UNIT         ?PR?GET_CAMERA_RANG?NED
            CODE    7F3CH     002CH     UNIT         ?PR?GET_DVR_TEMP?NED
            CODE    7F68H     002AH     UNIT         ?PR?_BCC_CAL?NED
            CODE    7F92H     0029H     UNIT         ?PR?I2CREADDATAWITHACK?NED
            CODE    7FBBH     0027H     UNIT         ?PR?PUTCHAR?PUTCHAR
            CODE    7FE2H     0026H     UNIT         ?PR?RESETCOMMSELL?MAIN
            CODE    8008H     0026H     UNIT         ?PR?PCT_OSDACTIONFORHS?OSDACTION_
            CODE    802EH     0023H     UNIT         ?PR?I2CREADDATA?NED
            CODE    8051H     0021H     UNIT         ?PR?_SC16_SENDDATA?NED
            CODE    8072H     0020H     UNIT         ?CO?OSDACTION_
            CODE    8092H     0020H     UNIT         ?PR?_ADC_READ?NED
BL51 BANKED LINKER/LOCATER V6.22                                                      12/25/2018  16:49:29  PAGE 5


            CODE    80B2H     001FH     UNIT         ?PR?_PCT_SETOSDDRAWPAGE?OSDCTRL
            CODE    80D1H     001DH     UNIT         ?PR?INITIALTIMER2?TIMER
            CODE    80EEH     001AH     UNIT         ?PR?_MONIYVIDEOMIX?COMMANDSHELL
            CODE    8108H     001AH     UNIT         ?PR?_PCT_CLEAROSDPAGEX?OSDCTRL
            CODE    8122H     0019H     UNIT         ?PR?RS_RX?UART
            CODE    813BH     0019H     UNIT         ?PR?TW2835_INIT
            CODE    8154H     0016H     UNIT         ?PR?INITIALUART?UART
            CODE    816AH     0016H     UNIT         ?PR?_MONIHSCOMMSJMODE?COMMANDSHELL
            CODE    8180H     0015H     UNIT         ?PR?_STRLEN?STRLEN
            CODE    8195H     0014H     UNIT         ?PR?_PCT_SETYVIDEOMIXING?TW28XX_VIDEO
            CODE    81A9H     0014H     UNIT         ?PR?GETCHAR?GETCHAR
            CODE    81BDH     0014H     UNIT         ?PR?_ISSPACE?ISSPACE
            CODE    81D1H     0013H     UNIT         ?PR?PCT_TW2835RESETN?TW2835_INIT
            CODE    81E4H     0012H     UNIT         ?PR?PCT_INITIALTW2835?TW2835_INIT
            CODE    81F6H     0012H     UNIT         ?PR?I2CSTART?NED
            CODE    8208H     0012H     UNIT         ?PR?_WRITEI2C?NED
            CODE    821AH     0010H     UNIT         ?PR?RS_RXREADY?UART
            CODE    822AH     0010H     UNIT         ?PR?_POWER_ONOFF?NED
            CODE    823AH     000FH     UNIT         ?PR?PWM_INIT?MAIN
            CODE    8249H     000FH     UNIT         ?PR?_READI2C?NED
            CODE    8258H     000FH     UNIT         ?PR?_SENT_CAMERA_IRD?NED
            CODE    8267H     000FH     UNIT         ?CO?NED
            CODE    8276H     000FH     UNIT         ?PR?_ISDIGIT?ISDIGIT
            CODE    8285H     000DH     UNIT         ?PR?TIMER0_INTERRUPT?TIMER
            CODE    8292H     000DH     UNIT         ?PR?I2CSTOP?NED
            CODE    829FH     000CH     UNIT         ?PR?INITIALCOMMSHELL?MAIN
            CODE    82ABH     000BH     UNIT         ?PR?UART
            CODE    82B6H     000AH     UNIT         ?PR?_GETKEY?_GETKEY
            CODE    82C0H     0009H     UNIT         ?PR?_PCT_FLASHOSDCTRL?MAIN
            CODE    82C9H     0009H     UNIT         ?PR?INITIALTIMER0?TIMER
            CODE    82D2H     0009H     UNIT         ?PR?_GPIOSETPORTMODE?NED
            CODE    82DBH     0009H     UNIT         ?PR?_GPIOSETPORTSTATE?NED
            CODE    82E4H     0009H     UNIT         ?PR?_WRITEBYTE?NED
            CODE    82EDH     0009H     UNIT         ?PR?MCTRL_SET?NED
            CODE    82F6H     0008H     UNIT         ?PR?PCT_ENFALSHVLOSS?OSDACTION_
            CODE    82FEH     0008H     UNIT         ?PR?GETCHAR?UNGETCHAR
            CODE    8306H     0006H     UNIT         ?PR?PCT_CLEARGRAPHATTR?OSD_GRAPH
            CODE    830CH     0006H     UNIT         ?PR?_PCT_PRESETGRAPHATTR?OSD_GRAPH
            CODE    8312H     0006H     UNIT         ?PR?_GPIOGETPORTSTATE?NED
            CODE    8318H     0006H     UNIT         ?PR?_READBYTE?NED
            CODE    831EH     0003H     UNIT         ?PR?_PCT_PRESETBACKGROUNDCOLOR?OSDCTRL
            CODE    8321H     0001H     UNIT         ?PR?I2CDELAY?NED



OVERLAY MAP OF MODULE:   .\OBJ\NED_5MCMOS_v0_a_a_XXXX_20181220 (?C_STARTUP)


SEGMENT                                            BIT_GROUP          DATA_GROUP          XDATA_GROUP
  +--> CALLED SEGMENT                           START    LENGTH     START    LENGTH     START    LENGTH
-------------------------------------------------------------------------------------------------------
?C_C51STARTUP                                   -----    -----      -----    -----      -----    -----
  +--> ?PR?MAIN?MAIN
  +--> ?C_INITSEG

?PR?MAIN?MAIN                                   -----    -----      -----    -----      0000H    0006H
  +--> ?PR?MAIN
BL51 BANKED LINKER/LOCATER V6.22                                                      12/25/2018  16:49:29  PAGE 6


  +--> ?PR?INITIALMPU?MAIN
  +--> ?PR?PWM_INIT?MAIN
  +--> ?PR?INITIALCOMMSHELL?MAIN
  +--> ?PR?RESETCOMMSELL?MAIN
  +--> ?PR?_POWER_ONOFF?NED
  +--> ?PR?SC16_INIT?NED
  +--> ?PR?_MONITOR_SET?MAIN
  +--> ?PR?GPIO_CHECK?NED
  +--> ?PR?_GPIOGETPORTSTATE?NED
  +--> ?PR?COMMANDSHELL?MAIN
  +--> ?PR?_PCT_RUNCOMMSHELL?COMMANDSHELL
  +--> ?PR?PCT_CHECKSYSTEM?COMMANDSHELL
  +--> ?PR?RS_RXREADY?UART
  +--> ?PR?PCT_GETVIDEOSIGNALSTATUS?OSDACTION_
  +--> ?PR?CAMERA_MOVE?NED
  +--> ?PR?_SC16_DATA_RESET?NED
  +--> ?PR?SC16_DATACHECK?NED
  +--> ?PR?_SET_CAMERA_SPEED?NED

?PR?INITIALMPU?MAIN                             -----    -----      -----    -----      -----    -----
  +--> ?PR?INITIALUART?UART
  +--> ?PR?INITIALTIMER0?TIMER
  +--> ?PR?INITIALTIMER2?TIMER

?PR?RESETCOMMSELL?MAIN                          -----    -----      -----    -----      -----    -----
  +--> ?PR?MAIN

?PR?_POWER_ONOFF?NED                            -----    -----      -----    -----      -----    -----
  +--> ?PR?_WAIT_MS?MAIN

?PR?_WAIT_MS?MAIN                               -----    -----      -----    -----      0007H    0004H

?PR?SC16_INIT?NED                               -----    -----      -----    -----      0006H    0001H
  +--> ?PR?_WAIT_MS?MAIN
  +--> ?PR?NED
  +--> ?PR?_RESETDEVICE?NED
  +--> ?PR?_SETBAUDRATE?NED
  +--> ?PR?_SETLINE?NED
  +--> ?PR?_WRITEI2C?NED
  +--> ?PR?_GPIOSETPORTMODE?NED
  +--> ?PR?_GPIOSETPORTSTATE?NED

?PR?NED                                         -----    -----      -----    -----      -----    -----
  +--> ?PR?I2CDELAY?NED
  +--> ?PR?I2CSTART?NED
  +--> ?PR?_I2CWRITEDATA?NED

?PR?I2CSTART?NED                                -----    -----      -----    -----      -----    -----
  +--> ?PR?I2CDELAY?NED

?PR?_I2CWRITEDATA?NED                           -----    -----      -----    -----      -----    -----
  +--> ?PR?I2CSTART?NED
  +--> ?PR?I2CDELAY?NED

?PR?_RESETDEVICE?NED                            -----    -----      -----    -----      -----    -----
  +--> ?PR?_READI2C?NED
  +--> ?PR?_WRITEI2C?NED
BL51 BANKED LINKER/LOCATER V6.22                                                      12/25/2018  16:49:29  PAGE 7



?PR?_READI2C?NED                                -----    -----      -----    -----      -----    -----
  +--> ?PR?_I2CWRITEDATA?NED
  +--> ?PR?NED
  +--> ?PR?I2CREADDATA?NED
  +--> ?PR?I2CSTOP?NED

?PR?I2CREADDATA?NED                             -----    -----      -----    -----      -----    -----
  +--> ?PR?NED
  +--> ?PR?I2CDELAY?NED

?PR?I2CSTOP?NED                                 -----    -----      -----    -----      -----    -----
  +--> ?PR?I2CDELAY?NED

?PR?_WRITEI2C?NED                               -----    -----      -----    -----      -----    -----
  +--> ?PR?_I2CWRITEDATA?NED
  +--> ?PR?I2CSTOP?NED

?PR?_SETBAUDRATE?NED                            -----    -----      -----    -----      0007H    000AH
  +--> ?PR?_READI2C?NED
  +--> ?PR?_WRITEI2C?NED

?PR?_SETLINE?NED                                -----    -----      -----    -----      0007H    0004H
  +--> ?PR?_READI2C?NED
  +--> ?PR?_WRITEI2C?NED

?PR?_GPIOSETPORTMODE?NED                        -----    -----      -----    -----      -----    -----
  +--> ?PR?_WRITEI2C?NED

?PR?_GPIOSETPORTSTATE?NED                       -----    -----      -----    -----      -----    -----
  +--> ?PR?_WRITEI2C?NED

?PR?_MONITOR_SET?MAIN                           -----    -----      -----    -----      0006H    01CFH
  +--> ?CO?MAIN
  +--> ?PR?MAIN
  +--> ?PR?PCT_INITIALTW2835?TW2835_INIT
  +--> ?PR?_PCT_WRITEASICBYTE?BUSCTRL
  +--> ?PR?_PCT_RUNCOMMSHELL?COMMANDSHELL
  +--> ?PR?_BOUND_SET?NED

?PR?PCT_INITIALTW2835?TW2835_INIT               -----    -----      -----    -----      -----    -----
  +--> ?PR?PCT_TW2835RESETN?TW2835_INIT
  +--> ?PR?PCT_TW2835_INITIAL?TW2835_INIT
  +--> ?PR?PCT_INITIALOSD?OSDACTION_

?PR?PCT_TW2835_INITIAL?TW2835_INIT              -----    -----      -----    -----      01D5H    0002H
  +--> ?PR?TW2835_INIT
  +--> ?CO?TW2835_INIT
  +--> ?PR?_PCT_WRITEASICTABLE?BUSCTRL

?PR?TW2835_INIT                                 -----    -----      -----    -----      -----    -----
  +--> ?CO?TW2835_INIT

?PR?_PCT_WRITEASICTABLE?BUSCTRL                 -----    -----      -----    -----      01D7H    0007H
  +--> ?PR?BUSCTRL
  +--> ?PR?MCTRL_SET?NED

BL51 BANKED LINKER/LOCATER V6.22                                                      12/25/2018  16:49:29  PAGE 8


?PR?PCT_INITIALOSD?OSDACTION_                   -----    -----      0008H    0001H      -----    -----
  +--> ?PR?PCT_INITOSDCOLOR?OSDCTRL
  +--> ?PR?PCT_CLEARGRAPHATTR?OSD_GRAPH
  +--> ?PR?_PCT_PRESETFOREGROUNDCOLOR?OSDCTRL
  +--> ?PR?_PCT_PRESETBACKGROUNDCOLOR?OSDCTRL
  +--> ?PR?_PCT_ENSHOWOSDPAGE?OSDCTRL
  +--> ?PR?_PCT_SETOSDDRAWPAGE?OSDCTRL
  +--> ?PR?_PCT_FULLCOLORONOSD?OSDCTRL

?PR?PCT_INITOSDCOLOR?OSDCTRL                    -----    -----      -----    -----      -----    -----
  +--> ?PR?_PCT_WRITEASICBYTE?BUSCTRL
  +--> ?PR?OSDCTRL
  +--> ?PR?_PCT_SETOSDCOLOR?OSDCTRL

?PR?_PCT_WRITEASICBYTE?BUSCTRL                  -----    -----      -----    -----      020DH    0004H
  +--> ?PR?BUSCTRL
  +--> ?PR?MCTRL_SET?NED

?PR?OSDCTRL                                     -----    -----      -----    -----      -----    -----
  +--> ?CO?OSDCTRL

?PR?_PCT_SETOSDCOLOR?OSDCTRL                    -----    -----      -----    -----      01D5H    0005H
  +--> ?PR?_PCT_WRITEASICBYTE?BUSCTRL

?PR?_PCT_ENSHOWOSDPAGE?OSDCTRL                  -----    -----      -----    -----      01E3H    0001H
  +--> ?PR?OSDCTRL
  +--> ?PR?_PCT_WRITEASICBYTE?BUSCTRL
  +--> ?PR?_PCT_READASICBYTE?BUSCTRL

?PR?_PCT_READASICBYTE?BUSCTRL                   -----    -----      -----    -----      0209H    0004H
  +--> ?PR?MCTRL_SET?NED
  +--> ?PR?BUSCTRL

?PR?_PCT_SETOSDDRAWPAGE?OSDCTRL                 -----    -----      -----    -----      01E3H    0001H
  +--> ?PR?OSDCTRL
  +--> ?PR?_PCT_READASICBYTE?BUSCTRL
  +--> ?PR?_PCT_WRITEASICBYTE?BUSCTRL

?PR?_PCT_FULLCOLORONOSD?OSDCTRL                 -----    -----      -----    -----      01DDH    0006H
  +--> ?PR?OSDCTRL
  +--> ?PR?_PCT_WRITEASICBYTE?BUSCTRL
  +--> ?PR?_PCT_READASICBYTE?BUSCTRL

?PR?_PCT_RUNCOMMSHELL?COMMANDSHELL              -----    -----      -----    -----      01D5H    0008H
  +--> ?PR?COMMANDSHELL
  +--> ?PR?_PCT_GETFIRSTSTR?COMMANDSHELL
  +--> ?PR?_PCT_STRTOCOMMCODE?COMMANDSHELL
  +--> ?CO?COMMANDSHELL
  +--> ?PR?_MONIWRITEASICBYTE?COMMANDSHELL
  +--> ?PR?_MONIYVIDEOMIX?COMMANDSHELL
  +--> ?PR?_MONIHSCOMM?COMMANDSHELL
  +--> ?PR?PCT_OSDACTIONFORHS?OSDACTION_
  +--> ?PR?_PCT_FLASHOSDCTRL?MAIN
  +--> ?PR?_MONIHSCOMMSJMODE?COMMANDSHELL
  +--> ?PR?REPEAT_PWM_COM?NED
  +--> ?PR?_PWM_SET?MAIN
  +--> ?PR?_MONISHOWSODSTR?COMMANDSHELL
BL51 BANKED LINKER/LOCATER V6.22                                                      12/25/2018  16:49:29  PAGE 9



?PR?COMMANDSHELL                                -----    -----      -----    -----      -----    -----
  +--> ?PR?PCT_SENDACK?COMMANDSHELL

?PR?_PCT_GETFIRSTSTR?COMMANDSHELL               -----    -----      -----    -----      01E3H    0006H
  +--> ?PR?COMMANDSHELL

?PR?_PCT_STRTOCOMMCODE?COMMANDSHELL             -----    -----      0008H    0002H      01DDH    0003H
  +--> ?PR?COMMANDSHELL

?PR?_MONIWRITEASICBYTE?COMMANDSHELL             -----    -----      0008H    0004H      -----    -----
  +--> ?PR?COMMANDSHELL
  +--> ?CO?COMMANDSHELL
  +--> ?PR?SCANF?SCANF
  +--> ?PR?_PCT_WRITEASICBYTE?BUSCTRL

?PR?SCANF?SCANF                                 0023H.0  0000H.6    000CH    0009H      01DDH    002EH
  +--> ?PR?GETCHAR?UNGETCHAR
  +--> ?PR?_ISSPACE?ISSPACE
  +--> ?PR?GETCHAR?GETCHAR
  +--> ?PR??C?ATOF??C?ATOF

?PR?GETCHAR?GETCHAR                             -----    -----      -----    -----      -----    -----
  +--> ?PR?_GETKEY?_GETKEY
  +--> ?PR?PUTCHAR?PUTCHAR

?PR??C?ATOF??C?ATOF                             0023H.6  0000H.5    0015H    0002H      -----    -----

?PR?_MONIYVIDEOMIX?COMMANDSHELL                 -----    -----      0008H    0001H      -----    -----
  +--> ?PR?COMMANDSHELL
  +--> ?CO?COMMANDSHELL
  +--> ?PR?SCANF?SCANF
  +--> ?PR?_PCT_SETYVIDEOMIXING?TW28XX_VIDEO

?PR?_PCT_SETYVIDEOMIXING?TW28XX_VIDEO           -----    -----      -----    -----      -----    -----
  +--> ?CO?TW28XX_VIDEO
  +--> ?PR?_PCT_WRITESTABLE?BUSCTRL

?PR?_PCT_WRITESTABLE?BUSCTRL                    -----    -----      -----    -----      01E4H    0003H
  +--> ?PR?BUSCTRL
  +--> ?PR?_PCT_READASICBYTE?BUSCTRL
  +--> ?PR?_PCT_WRITEASICBYTE?BUSCTRL

?PR?_MONIHSCOMM?COMMANDSHELL                    -----    -----      0008H    0003H      -----    -----
  +--> ?PR?COMMANDSHELL
  +--> ?CO?COMMANDSHELL
  +--> ?PR?SCANF?SCANF
  +--> ?PR?_PCT_WINATTRCTRLY?TW28XX_VIDEO
  +--> ?PR?_PCT_RECOMPENSEYHDELAY?TW28XX_VIDEO
  +--> ?PR?_PCT_SETVIDEOHDELAY?TW28XX_VIDEO
  +--> ?PR?_PCT_SETXVIDEOMIXING?TW28XX_VIDEO
  +--> ?PR?_PCT_WINATTRCTRL?TW28XX_VIDEO
  +--> ?PR?_PCT_FLASHOSDCTRL?MAIN
  +--> ?PR?_PCT_CHECKVMIXTYPE?COMMANDSHELL
  +--> ?PR?_PCT_DISSHOWOSDPAGE?OSDCTRL
  +--> ?PR?_PCT_CLEAROSDPAGEX?OSDCTRL
  +--> ?PR?PCT_SHOWMODEICON?OSDACTION_
BL51 BANKED LINKER/LOCATER V6.22                                                      12/25/2018  16:49:29  PAGE 10


  +--> ?PR?_PCT_OSD_ACTIONPTHX?OSDACTION_

?PR?_PCT_WINATTRCTRLY?TW28XX_VIDEO              -----    -----      -----    -----      01DDH    0003H
  +--> ?PR?TW28XX_VIDEO
  +--> ?PR?_PCT_READASICBYTE?BUSCTRL
  +--> ?PR?_PCT_WRITEASICBYTE?BUSCTRL

?PR?TW28XX_VIDEO                                -----    -----      -----    -----      -----    -----
  +--> ?CO?TW28XX_VIDEO

?PR?_PCT_RECOMPENSEYHDELAY?TW28XX_VIDEO         -----    -----      -----    -----      01DDH    0003H
  +--> ?PR?TW28XX_VIDEO
  +--> ?PR?_PCT_READASICBYTE?BUSCTRL
  +--> ?CO?TW28XX_VIDEO
  +--> ?PR?_PCT_WRITEASICBYTE?BUSCTRL

?PR?_PCT_SETVIDEOHDELAY?TW28XX_VIDEO            -----    -----      -----    -----      01DDH    0008H
  +--> ?PR?TW28XX_VIDEO
  +--> ?PR?_PCT_READASICBYTE?BUSCTRL
  +--> ?PR?_PCT_WRITEASICBYTE?BUSCTRL
  +--> ?CO?TW28XX_VIDEO

?PR?_PCT_SETXVIDEOMIXING?TW28XX_VIDEO           -----    -----      -----    -----      01DDH    0007H
  +--> ?PR?TW28XX_VIDEO
  +--> ?PR?_PCT_WRITEASICBYTE?BUSCTRL
  +--> ?CO?TW28XX_VIDEO
  +--> ?PR?_PCT_SETCHANELSCALE?TW28XX_VIDEO
  +--> ?PR?_PCT_WRITESTABLE?BUSCTRL

?PR?_PCT_SETCHANELSCALE?TW28XX_VIDEO            -----    -----      -----    -----      01E4H    0008H
  +--> ?PR?TW28XX_VIDEO
  +--> ?CO?TW28XX_VIDEO
  +--> ?PR?_PCT_WRITEASICBYTE?BUSCTRL

?PR?_PCT_WINATTRCTRL?TW28XX_VIDEO               -----    -----      -----    -----      01DDH    0003H
  +--> ?PR?TW28XX_VIDEO
  +--> ?PR?_PCT_READASICBYTE?BUSCTRL
  +--> ?PR?_PCT_WRITEASICBYTE?BUSCTRL

?PR?_PCT_CHECKVMIXTYPE?COMMANDSHELL             -----    -----      000BH    0001H      -----    -----
  +--> ?PR?COMMANDSHELL

?PR?_PCT_DISSHOWOSDPAGE?OSDCTRL                 -----    -----      -----    -----      01DDH    0003H
  +--> ?PR?OSDCTRL
  +--> ?PR?_PCT_READASICBYTE?BUSCTRL
  +--> ?PR?_PCT_WRITEASICBYTE?BUSCTRL

?PR?_PCT_CLEAROSDPAGEX?OSDCTRL                  -----    -----      -----    -----      -----    -----
  +--> ?PR?_PCT_SETOSDDRAWPAGE?OSDCTRL
  +--> ?PR?_PCT_PRESETBACKGROUNDCOLOR?OSDCTRL
  +--> ?PR?_PCT_FULLCOLORONOSD?OSDCTRL

?PR?PCT_SHOWMODEICON?OSDACTION_                 -----    -----      -----    -----      -----    -----
  +--> ?PR?_PCT_SETOSDDRAWPAGE?OSDCTRL
  +--> ?CO?OSDACTION_
  +--> ?PR?_PCT_SHOWGRAPHSTRING?OSD_GRAPH
  +--> ?PR?_PCT_PRESETBACKGROUNDCOLOR?OSDCTRL
BL51 BANKED LINKER/LOCATER V6.22                                                      12/25/2018  16:49:29  PAGE 11


  +--> ?PR?_PCT_PRESETFOREGROUNDCOLOR?OSDCTRL

?PR?_PCT_SHOWGRAPHSTRING?OSD_GRAPH              -----    -----      -----    -----      01E0H    0007H
  +--> ?PR?OSD_GRAPH
  +--> ?PR?_STRLEN?STRLEN
  +--> ?PR?_PCT_OSD16X16GRAPHX?OSD_GRAPH
  +--> ?PR?PTC_SWITCHTOI2CMODE?BUSCTRL

?PR?_PCT_OSD16X16GRAPHX?OSD_GRAPH               -----    -----      -----    -----      01E7H    000BH
  +--> ?CO?OSD_GRAPH
  +--> ?PR?OSD_GRAPH
  +--> ?PR?_PCT_WRITEASICBYTE?BUSCTRL
  +--> ?PR?_PCT_READASICBYTE?BUSCTRL

?PR?_PCT_OSD_ACTIONPTHX?OSDACTION_              -----    -----      -----    -----      01DDH    0003H
  +--> ?PR?OSDACTION_
  +--> ?PR?_PCT_PRESETFOREGROUNDCOLOR?OSDCTRL
  +--> ?PR?_PCT_PRESETBACKGROUNDCOLOR?OSDCTRL
  +--> ?PR?_PCT_SHOWGRAPHSTRING?OSD_GRAPH

?PR?OSDACTION_                                  -----    -----      -----    -----      -----    -----
  +--> ?CO?OSDACTION_

?PR?PCT_OSDACTIONFORHS?OSDACTION_               -----    -----      -----    -----      -----    -----
  +--> ?PR?_PCT_SETOSDDRAWPAGE?OSDCTRL
  +--> ?PR?_PCT_SHOWMIRRORICON?OSDACTION_
  +--> ?PR?_PCT_SHOWINDICATEICON?OSDACTION_
  +--> ?PR?PCT_ENFALSHVLOSS?OSDACTION_
  +--> ?PR?_PCT_ENSHOWOSDPAGE?OSDCTRL

?PR?_PCT_SHOWMIRRORICON?OSDACTION_              -----    -----      -----    -----      01DDH    0003H
  +--> ?PR?OSDACTION_
  +--> ?PR?_PCT_PRESETFOREGROUNDCOLOR?OSDCTRL
  +--> ?PR?_PCT_CLEARWORDSPATHX?OSDCTRL
  +--> ?PR?_PCT_SHOWGRAPHSTRING?OSD_GRAPH

?PR?_PCT_CLEARWORDSPATHX?OSDCTRL                -----    -----      -----    -----      01E0H    0007H
  +--> ?PR?OSDCTRL
  +--> ?PR?_PCT_WRITEASICBYTE?BUSCTRL
  +--> ?PR?_PCT_READASICBYTE?BUSCTRL

?PR?_PCT_SHOWINDICATEICON?OSDACTION_            -----    -----      0008H    0001H      01DDH    0003H
  +--> ?PR?OSDACTION_
  +--> ?PR?_PCT_PRESETFOREGROUNDCOLOR?OSDCTRL
  +--> ?PR?_PCT_CLEARWORDSPATHX?OSDCTRL
  +--> ?CO?OSDACTION_
  +--> ?PR?_PCT_SHOWGRAPHSTRING?OSD_GRAPH

?PR?_MONIHSCOMMSJMODE?COMMANDSHELL              -----    -----      -----    -----      -----    -----
  +--> ?PR?COMMANDSHELL
  +--> ?CO?COMMANDSHELL
  +--> ?PR?SCANF?SCANF

?PR?REPEAT_PWM_COM?NED                          -----    -----      -----    -----      -----    -----
  +--> ?PR?_WRITEBYTE?NED

?PR?_WRITEBYTE?NED                              -----    -----      -----    -----      -----    -----
BL51 BANKED LINKER/LOCATER V6.22                                                      12/25/2018  16:49:29  PAGE 12


  +--> ?PR?_WRITEI2C?NED

?PR?_PWM_SET?MAIN                               -----    -----      -----    -----      -----    -----
  +--> ?PR?MAIN
  +--> ?PR?_SET_PWM_OUTPUT?MAIN

?PR?_SET_PWM_OUTPUT?MAIN                        -----    -----      -----    -----      01DDH    0008H
  +--> ?CO?MAIN
  +--> ?PR?MAIN

?PR?_MONISHOWSODSTR?COMMANDSHELL                -----    -----      0008H    0002H      01DDH    0006H
  +--> ?PR?COMMANDSHELL
  +--> ?PR?_ATOI?ATOI
  +--> ?PR?_PCT_PRESETFOREGROUNDCOLOR?OSDCTRL
  +--> ?PR?_PCT_PRESETBACKGROUNDCOLOR?OSDCTRL
  +--> ?PR?_PCT_SETOSDDRAWPAGE?OSDCTRL
  +--> ?PR?_PCT_SHOWOSDSTRING?OSDCTRL
  +--> ?PR?_PCT_ENSHOWOSDPAGE?OSDCTRL
  +--> ?PR?_PCT_GETFIRSTSTR?COMMANDSHELL

?PR?_ATOI?ATOI                                  0023H.0  0000H.1    -----    -----      01E3H    0005H
  +--> ?PR?_ISSPACE?ISSPACE
  +--> ?PR?_ISDIGIT?ISDIGIT

?PR?_PCT_SHOWOSDSTRING?OSDCTRL                  -----    -----      -----    -----      01E3H    0007H
  +--> ?PR?OSDCTRL
  +--> ?PR?_STRLEN?STRLEN
  +--> ?PR?_PCT_WRITEOSDFNTX?OSDCTRL
  +--> ?PR?_PCT_WRITEOSDFNTY?OSDCTRL
  +--> ?PR?PTC_SWITCHTOI2CMODE?BUSCTRL

?PR?_PCT_WRITEOSDFNTX?OSDCTRL                   -----    -----      000AH    0003H      01EAH    0013H
  +--> ?PR?OSDCTRL
  +--> ?PR?_PCT_WRITEOSDDATABUFFERX?OSDCTRL
  +--> ?PR?_PCT_WRITEASICBYTE?BUSCTRL
  +--> ?PR?_PCT_READASICBYTE?BUSCTRL

?PR?_PCT_WRITEOSDDATABUFFERX?OSDCTRL            -----    -----      -----    -----      01FDH    0004H
  +--> ?PR?OSDCTRL
  +--> ?PR?_PCT_WRITEASICBYTE?BUSCTRL

?PR?_PCT_WRITEOSDFNTY?OSDCTRL                   -----    -----      000AH    0002H      01EAH    001FH
  +--> ?PR?OSDCTRL
  +--> ?PR?_PCT_WRITEOSDDATABUFFERY?OSDCTRL
  +--> ?PR?_PCT_WRITEASICBYTE?BUSCTRL
  +--> ?PR?_PCT_READASICBYTE?BUSCTRL

?PR?_PCT_WRITEOSDDATABUFFERY?OSDCTRL            -----    -----      -----    -----      0209H    0004H
  +--> ?PR?OSDCTRL
  +--> ?PR?_PCT_WRITEASICBYTE?BUSCTRL

?PR?_BOUND_SET?NED                              -----    -----      -----    -----      01D5H    0004H
  +--> ?CO?NED
  +--> ?PR?NED
  +--> ?PR?_PCT_WRITEASICBYTE?BUSCTRL

?PR?GPIO_CHECK?NED                              -----    -----      -----    -----      0006H    0002H
BL51 BANKED LINKER/LOCATER V6.22                                                      12/25/2018  16:49:29  PAGE 13


  +--> ?PR?_GPIOGETPORTSTATE?NED

?PR?_GPIOGETPORTSTATE?NED                       -----    -----      -----    -----      -----    -----
  +--> ?PR?_READI2C?NED

?PR?COMMANDSHELL?MAIN                           -----    -----      0008H    0001H      -----    -----
  +--> ?PR?RS_RXREADY?UART
  +--> ?PR?RS_RX?UART
  +--> ?PR?MAIN
  +--> ?PR?_SC16_BCC_CHECK?NED
  +--> ?PR?RESETCOMMSELL?MAIN

?PR?RS_RX?UART                                  -----    -----      -----    -----      -----    -----
  +--> ?PR?UART

?PR?_SC16_BCC_CHECK?NED                         -----    -----      -----    -----      0006H    0006H
  +--> ?PR?NED
  +--> ?PR?_RS_TX?UART
  +--> ?PR?_WRITEBYTE?NED
  +--> ?PR?SEND_CAMERA_TEMP?NED
  +--> ?PR?SEND_CAMERA_PRESS?NED
  +--> ?PR?SENT_CAMERA_ANG?NED
  +--> ?PR?SENT_CAMERA_RANG?NED
  +--> ?PR?_SENT_CAMERA_IRD?NED
  +--> ?PR?SENT_DVR_TEMP?NED
  +--> ?PR?VERSION_CHECK?MAIN
  +--> ?PR?CAMERA_VERSION_CHECK?MAIN
  +--> ?PR?CHECK_OTHER_COM?NED
  +--> ?PR?_SC16_SENDDATA?NED

?PR?SEND_CAMERA_TEMP?NED                        -----    -----      -----    -----      000CH    0001H
  +--> ?PR?NED
  +--> ?PR?_BCC_CAL?NED
  +--> ?PR?_RS_TX?UART

?PR?_BCC_CAL?NED                                -----    -----      -----    -----      000DH    0002H

?PR?SEND_CAMERA_PRESS?NED                       -----    -----      -----    -----      000CH    0001H
  +--> ?PR?NED
  +--> ?PR?_BCC_CAL?NED
  +--> ?PR?_RS_TX?UART

?PR?SENT_CAMERA_ANG?NED                         -----    -----      -----    -----      000CH    0001H
  +--> ?PR?NED
  +--> ?PR?_BCC_CAL?NED
  +--> ?PR?_RS_TX?UART

?PR?SENT_CAMERA_RANG?NED                        -----    -----      -----    -----      000CH    0001H
  +--> ?PR?NED
  +--> ?PR?_BCC_CAL?NED
  +--> ?PR?_RS_TX?UART

?PR?_SENT_CAMERA_IRD?NED                        -----    -----      -----    -----      000CH    0003H
  +--> ?PR?_RS_TX?UART

?PR?SENT_DVR_TEMP?NED                           -----    -----      -----    -----      000CH    0001H
  +--> ?PR?NED
BL51 BANKED LINKER/LOCATER V6.22                                                      12/25/2018  16:49:29  PAGE 14


  +--> ?PR?_BCC_CAL?NED
  +--> ?PR?_RS_TX?UART

?PR?VERSION_CHECK?MAIN                          -----    -----      -----    -----      000CH    0001H
  +--> ?PR?MAIN
  +--> ?PR?_RS_TX?UART

?PR?CAMERA_VERSION_CHECK?MAIN                   -----    -----      -----    -----      000CH    0001H
  +--> ?PR?MAIN
  +--> ?PR?_RS_TX?UART

?PR?CHECK_OTHER_COM?NED                         -----    -----      -----    -----      -----    -----
  +--> ?PR?_RS_TX?UART
  +--> ?PR?_SET_VIDEO?NED

?PR?_SET_VIDEO?NED                              -----    -----      -----    -----      000CH    0001H
  +--> ?PR?NED
  +--> ?PR?_PCT_WRITEASICBYTE?BUSCTRL

?PR?_SC16_SENDDATA?NED                          -----    -----      -----    -----      000CH    0002H
  +--> ?PR?_WRITEBYTE?NED

?PR?PCT_CHECKSYSTEM?COMMANDSHELL                -----    -----      -----    -----      -----    -----
  +--> ?PR?_PCT_DETECTVIDEOFORMAT?TW28XX_VIDEO
  +--> ?PR?_PCT_ENSHOWOSDPAGE?OSDCTRL
  +--> ?PR?_PCT_CHANGESYSTEMTYPE?TW2835_INIT
  +--> ?PR?_PCT_RECOMPENSEYHDELAY?TW28XX_VIDEO
  +--> ?PR?COMMANDSHELL
  +--> ?PR?_PCT_SETVIDEOHDELAY?TW28XX_VIDEO
  +--> ?PR?_PCT_SETXVIDEOMIXING?TW28XX_VIDEO
  +--> ?PR?_PCT_CLEAROSDPAGEX?OSDCTRL
  +--> ?PR?PCT_SHOWMODEICON?OSDACTION_
  +--> ?PR?_PCT_OSD_ACTIONPTHX?OSDACTION_
  +--> ?PR?PCT_OSDACTIONFORHS?OSDACTION_

?PR?_PCT_DETECTVIDEOFORMAT?TW28XX_VIDEO         -----    -----      -----    -----      0006H    0002H
  +--> ?PR?_PCT_READASICBYTE?BUSCTRL

?PR?_PCT_CHANGESYSTEMTYPE?TW2835_INIT           -----    -----      -----    -----      0006H    0002H
  +--> ?PR?TW2835_INIT
  +--> ?CO?TW2835_INIT
  +--> ?PR?_PCT_WRITEASICTABLE?BUSCTRL

?PR?PCT_GETVIDEOSIGNALSTATUS?OSDACTION_         -----    -----      -----    -----      -----    -----
  +--> ?PR?_PCT_READASICBYTE?BUSCTRL
  +--> ?PR?_PCT_WRITEASICBYTE?BUSCTRL
  +--> ?PR?_PCT_PRESETFOREGROUNDCOLOR?OSDCTRL
  +--> ?PR?_PCT_PRESETGRAPHATTR?OSD_GRAPH
  +--> ?PR?PCT_CLEARGRAPHATTR?OSD_GRAPH

?PR?CAMERA_MOVE?NED                             -----    -----      -----    -----      0006H    000CH
  +--> ?CO?NED
  +--> ?PR?NED
  +--> ?PR?_WRITEBYTE?NED

?PR?_SC16_DATA_RESET?NED                        -----    -----      -----    -----      -----    -----
  +--> ?PR?TEMP_CHECK?MAIN
BL51 BANKED LINKER/LOCATER V6.22                                                      12/25/2018  16:49:29  PAGE 15


  +--> ?PR?PRESS_CHECK?MAIN
  +--> ?PR?GET_CAMERA_ANG?NED
  +--> ?PR?GET_CAMERA_RANG?NED
  +--> ?PR?GET_DVR_TEMP?NED
  +--> ?PR?GET_CAMERA_VER?NED

?PR?TEMP_CHECK?MAIN                             -----    -----      -----    -----      -----    -----
  +--> ?PR?_READI2CWORD?NED

?PR?_READI2CWORD?NED                            -----    -----      -----    -----      0006H    0002H
  +--> ?PR?I2CSTART?NED
  +--> ?PR?_I2CWRITEDATA?NED
  +--> ?PR?NED
  +--> ?PR?I2CREADDATAWITHACK?NED
  +--> ?PR?I2CREADDATA?NED
  +--> ?PR?I2CSTOP?NED

?PR?I2CREADDATAWITHACK?NED                      -----    -----      -----    -----      -----    -----
  +--> ?PR?NED
  +--> ?PR?I2CDELAY?NED

?PR?PRESS_CHECK?MAIN                            -----    -----      -----    -----      0006H    0007H
  +--> ?PR?MAIN
  +--> ?PR?_ADC_READ?NED

?PR?GET_CAMERA_ANG?NED                          -----    -----      -----    -----      -----    -----
  +--> ?PR?_WRITEBYTE?NED

?PR?GET_CAMERA_RANG?NED                         -----    -----      -----    -----      -----    -----
  +--> ?PR?_WRITEBYTE?NED

?PR?GET_DVR_TEMP?NED                            -----    -----      -----    -----      -----    -----
  +--> ?PR?_WRITEBYTE?NED

?PR?GET_CAMERA_VER?NED                          -----    -----      -----    -----      -----    -----
  +--> ?PR?_WRITEBYTE?NED

?PR?SC16_DATACHECK?NED                          -----    -----      -----    -----      0006H    0003H
  +--> ?PR?_SC16_SENDDATASELECT?NED

?PR?_SC16_SENDDATASELECT?NED                    -----    -----      -----    -----      0009H    0009H
  +--> ?PR?NED
  +--> ?PR?_READI2C?NED
  +--> ?PR?_READBYTE?NED
  +--> ?PR?_RS_TX?UART
  +--> ?PR?_SC16_COMCHECK?NED

?PR?_READBYTE?NED                               -----    -----      -----    -----      -----    -----
  +--> ?PR?_READI2C?NED

?PR?_SC16_COMCHECK?NED                          -----    -----      -----    -----      0012H    0002H
  +--> ?PR?NED

?PR?_SET_CAMERA_SPEED?NED                       -----    -----      -----    -----      -----    -----
  +--> ?PR?_WRITEBYTE?NED

*** NEW ROOT ***************************************************
BL51 BANKED LINKER/LOCATER V6.22                                                      12/25/2018  16:49:29  PAGE 16



?PR?RS_INTERRUPT?UART                           -----    -----      -----    -----      -----    -----
  +--> ?PR?UART



SYMBOL TABLE OF MODULE:  .\OBJ\NED_5MCMOS_v0_a_a_XXXX_20181220 (?C_STARTUP)

  VALUE           TYPE          NAME
  ----------------------------------

  -------         MODULE        ?C_STARTUP
  C:6D5AH         SEGMENT       ?C_C51STARTUP
  I:0031H         SEGMENT       ?STACK
  C:0000H         PUBLIC        ?C_STARTUP
  D:00E0H         SYMBOL        ACC
  D:00F0H         SYMBOL        B
  D:0083H         SYMBOL        DPH
  D:0082H         SYMBOL        DPL
  N:0000H         SYMBOL        IBPSTACK
  N:0100H         SYMBOL        IBPSTACKTOP
  N:0080H         SYMBOL        IDATALEN
  C:6D5DH         SYMBOL        IDATALOOP
  N:0000H         SYMBOL        PBPSTACK
  N:0100H         SYMBOL        PBPSTACKTOP
  N:0000H         SYMBOL        PDATALEN
  N:0000H         SYMBOL        PDATASTART
  N:0000H         SYMBOL        PPAGE
  N:0000H         SYMBOL        PPAGEENABLE
  D:00A0H         SYMBOL        PPAGE_SFR
  D:0081H         SYMBOL        SP
  C:6D5AH         SYMBOL        STARTUP1
  N:0000H         SYMBOL        XBPSTACK
  N:0000H         SYMBOL        XBPSTACKTOP
  N:0000H         SYMBOL        XDATALEN
  N:0000H         SYMBOL        XDATASTART
  C:0000H         LINE#         126
  C:6D5AH         LINE#         133
  C:6D5CH         LINE#         134
  C:6D5DH         LINE#         135
  C:6D5EH         LINE#         136
  C:6D60H         LINE#         185
  C:6D63H         LINE#         196
  -------         ENDMOD        ?C_STARTUP

  -------         MODULE        UART
  C:0000H         SYMBOL        _ICE_DUMMY_
  D:0080H         PUBLIC        P0
  D:0090H         PUBLIC        P1
  D:00A0H         PUBLIC        P2
  D:00C0H         PUBLIC        XICON
  D:00B0H         PUBLIC        P3
  D:00E8H         PUBLIC        P4
  C:8154H         PUBLIC        InitialUART
  D:00A8H         PUBLIC        IE
  X:0293H         PUBLIC        RS_RECVBUF
  B:00A8H.4       PUBLIC        ES
BL51 BANKED LINKER/LOCATER V6.22                                                      12/25/2018  16:49:29  PAGE 17


  D:00B8H         PUBLIC        IP
  B:0098H.0       PUBLIC        RI
  B:0098H.1       PUBLIC        TI
  B:00B8H.4       PUBLIC        PS
  D:00D8H         PUBLIC        CCON
  D:0099H         PUBLIC        SBUF
  D:00C0H         PUBLIC        WDTC
  D:0098H         PUBLIC        SCON
  D:0088H         PUBLIC        TCON
  C:821AH         PUBLIC        RS_RxReady
  D:008DH         PUBLIC        TH1
  D:008BH         PUBLIC        TL1
  X:02F7H         PUBLIC        RsRxRp
  B:0088H.6       PUBLIC        TR1
  X:02F8H         PUBLIC        RsRxWp
  D:00F8H         PUBLIC        IPA
  D:00C8H         PUBLIC        T2CON
  C:8122H         PUBLIC        RS_rx
  C:0003H         PUBLIC        _RS_tx
  C:7E5EH         PUBLIC        RS_interrupt
  D:00D0H         PUBLIC        PSW
  C:82ABH         SYMBOL        Com000E
  C:82ABH         SYMBOL        L?0015
  -------         PROC          COM000E
  -------         ENDPROC       COM000E
  -------         PROC          INITIALUART
  C:8154H         LINE#         75
  C:8154H         LINE#         76
  C:8154H         LINE#         79
  C:8156H         LINE#         80
  C:8158H         LINE#         84
  C:815BH         LINE#         99
  C:815EH         LINE#         103
  C:8161H         LINE#         104
  C:8163H         LINE#         106
  C:8167H         LINE#         107
  C:8169H         LINE#         108
  -------         ENDPROC       INITIALUART
  -------         PROC          RS_RXREADY
  C:821AH         LINE#         114
  C:821AH         LINE#         115
  C:821AH         LINE#         116
  C:8227H         LINE#         117
  C:8229H         LINE#         118
  -------         ENDPROC       RS_RXREADY
  -------         PROC          RS_RX
  -------         DO            
  D:0007H         SYMBOL        ret
  -------         ENDDO         
  C:8122H         LINE#         124
  C:8122H         LINE#         125
  C:8122H         LINE#         131
  C:812AH         LINE#         132
  C:8130H         LINE#         133
  C:8136H         LINE#         134
  C:8138H         LINE#         138
  C:813AH         LINE#         140
BL51 BANKED LINKER/LOCATER V6.22                                                      12/25/2018  16:49:29  PAGE 18


  C:813AH         LINE#         141
  -------         ENDPROC       RS_RX
  -------         PROC          _RS_TX
  D:0007H         SYMBOL        tx_buf
  C:0003H         LINE#         147
  C:0003H         LINE#         148
  C:0003H         LINE#         166
  C:0003H         LINE#         167
  C:0003H         LINE#         169
  C:0006H         LINE#         178
  C:0008H         LINE#         179
  C:000AH         LINE#         180
  C:000AH         LINE#         181
  C:000AH         LINE#         182
  C:000AH         LINE#         185
  -------         ENDPROC       _RS_TX
  -------         PROC          RS_INTERRUPT
  C:7E5EH         LINE#         193
  C:7E66H         LINE#         196
  C:7E69H         LINE#         197
  C:7E6BH         LINE#         206
  C:7E74H         LINE#         210
  C:7E7AH         LINE#         211
  C:7E82H         LINE#         218
  C:7E82H         LINE#         221
  -------         ENDPROC       RS_INTERRUPT
  -------         ENDMOD        UART

  -------         MODULE        BUSCTRL
  C:0000H         SYMBOL        _ICE_DUMMY_
  D:0080H         PUBLIC        P0
  D:0090H         PUBLIC        P1
  D:00A0H         PUBLIC        P2
  D:00C0H         PUBLIC        XICON
  D:00B0H         PUBLIC        P3
  D:00E8H         PUBLIC        P4
  B:00A8H.7       PUBLIC        EA
  D:00A8H         PUBLIC        IE
  C:771AH         PUBLIC        _PCT_WriteSTable
  D:00B8H         PUBLIC        IP
  B:00A0H.3       PUBLIC        HALE
  B:00A0H.2       PUBLIC        HRDB
  D:00D8H         PUBLIC        CCON
  D:00C0H         PUBLIC        WDTC
  B:00A0H.1       PUBLIC        HWRB
  D:0098H         PUBLIC        SCON
  D:0088H         PUBLIC        TCON
  C:6EF4H         PUBLIC        _PCT_WriteAsicTable
  C:0029H         PUBLIC        PTC_SwitchToI2CMode
  B:00B0H.6       PUBLIC        HCSB0
  B:00B0H.7       PUBLIC        HCSB1
  D:00F8H         PUBLIC        IPA
  C:6DE6H         PUBLIC        _PCT_ReadAsicByte
  D:00C8H         PUBLIC        T2CON
  C:7365H         PUBLIC        _PCT_WriteAsicByte
  D:00D0H         PUBLIC        PSW
  C:7C71H         SYMBOL        Com0038
BL51 BANKED LINKER/LOCATER V6.22                                                      12/25/2018  16:49:29  PAGE 19


  C:7C71H         SYMBOL        L?0057
  C:7C74H         SYMBOL        L?0058
  C:7C76H         SYMBOL        L?0059
  C:7C7EH         SYMBOL        L?0060
  C:7C7EH         SYMBOL        L?0061
  C:7C86H         SYMBOL        L?0062
  C:7C86H         SYMBOL        L?0063
  C:7C8DH         SYMBOL        L?0064
  C:7C99H         SYMBOL        L?0065
  C:7CA3H         SYMBOL        L?0066
  -------         PROC          COM0038
  -------         ENDPROC       COM0038
  -------         PROC          _PCT_WRITEASICBYTE
  D:0007H         SYMBOL        _dvc
  X:020EH         SYMBOL        _pg
  X:020FH         SYMBOL        _addr
  X:0210H         SYMBOL        _wdat
  C:7365H         LINE#         63
  C:7368H         LINE#         64
  C:7368H         LINE#         65
  C:7368H         LINE#         67
  C:736BH         LINE#         70
  C:736EH         LINE#         75
  C:737BH         LINE#         76
  C:7385H         LINE#         77
  C:738DH         LINE#         78
  C:7390H         LINE#         79
  C:7390H         LINE#         82
  C:73A3H         LINE#         84
  C:73A5H         LINE#         85
  C:73ABH         LINE#         86
  C:73ADH         LINE#         89
  C:73C0H         LINE#         92
  C:73C2H         LINE#         96
  C:73C5H         LINE#         101
  C:73C5H         LINE#         102
  C:73C5H         LINE#         103
  C:73C5H         LINE#         104
  C:73C8H         LINE#         105
  -------         ENDPROC       _PCT_WRITEASICBYTE
  -------         PROC          _PCT_WRITEASICTABLE
  D:0007H         SYMBOL        _dvc
  X:01D8H         SYMBOL        _pg
  X:01D9H         SYMBOL        _addr
  X:01DAH         SYMBOL        _tbl_ptr
  X:01DDH         SYMBOL        _tbl_cnt
  C:6EF4H         LINE#         111
  C:6EF7H         LINE#         112
  C:6EF7H         LINE#         113
  C:6EF7H         LINE#         115
  C:6EFAH         LINE#         119
  C:6EFDH         LINE#         124
  C:6F0AH         LINE#         125
  C:6F14H         LINE#         126
  C:6F1CH         LINE#         128
  C:6F1CH         LINE#         129
  C:6F25H         LINE#         130
BL51 BANKED LINKER/LOCATER V6.22                                                      12/25/2018  16:49:29  PAGE 20


  C:6F25H         LINE#         133
  C:6F38H         LINE#         136
  C:6F3AH         LINE#         138
  C:6F4FH         LINE#         139
  C:6F51H         LINE#         142
  C:6F64H         LINE#         145
  C:6F66H         LINE#         146
  C:6F6EH         LINE#         150
  C:6F71H         LINE#         155
  C:6F71H         LINE#         156
  C:6F71H         LINE#         157
  C:6F71H         LINE#         158
  C:6F74H         LINE#         159
  -------         ENDPROC       _PCT_WRITEASICTABLE
  -------         PROC          _PCT_READASICBYTE
  X:0209H         SYMBOL        _dvc
  X:020AH         SYMBOL        _pg
  X:020BH         SYMBOL        _addr
  -------         DO            
  X:020CH         SYMBOL        _rdat_
  -------         ENDDO         
  C:6DE6H         LINE#         165
  C:6DF1H         LINE#         166
  C:6DF1H         LINE#         169
  C:6DF3H         LINE#         173
  C:6DF6H         LINE#         178
  C:6DFBH         LINE#         179
  C:6E06H         LINE#         180
  C:6E10H         LINE#         181
  C:6E18H         LINE#         183
  C:6E1BH         LINE#         184
  C:6E1BH         LINE#         186
  C:6E2EH         LINE#         189
  C:6E30H         LINE#         190
  C:6E33H         LINE#         192
  C:6E46H         LINE#         196
  C:6E48H         LINE#         197
  C:6E4EH         LINE#         201
  C:6E61H         LINE#         204
  C:6E63H         LINE#         208
  C:6E66H         LINE#         213
  C:6E68H         LINE#         214
  C:6E6AH         LINE#         215
  C:6E6CH         LINE#         216
  C:6E71H         LINE#         217
  -------         ENDPROC       _PCT_READASICBYTE
  -------         PROC          _PCT_WRITESTABLE
  D:0007H         SYMBOL        _dvc
  X:01E4H         SYMBOL        _tbl_ptr
  C:771AH         LINE#         224
  C:7725H         LINE#         225
  C:7725H         LINE#         229
  C:7725H         LINE#         230
  C:7733H         LINE#         231
  C:774DH         LINE#         232
  C:774DH         LINE#         233
  C:775FH         LINE#         234
BL51 BANKED LINKER/LOCATER V6.22                                                      12/25/2018  16:49:29  PAGE 21


  C:775FH         LINE#         235
  C:7769H         LINE#         236
  C:776BH         LINE#         237
  -------         ENDPROC       _PCT_WRITESTABLE
  -------         PROC          PTC_SWITCHTOI2CMODE
  C:0029H         LINE#         243
  C:0029H         LINE#         244
  C:0029H         LINE#         254
  -------         ENDPROC       PTC_SWITCHTOI2CMODE
  -------         ENDMOD        BUSCTRL

  -------         MODULE        COMMANDSHELL
  C:0000H         SYMBOL        _ICE_DUMMY_
  D:0080H         PUBLIC        P0
  D:0090H         PUBLIC        P1
  D:00A0H         PUBLIC        P2
  D:00C0H         PUBLIC        XICON
  D:00B0H         PUBLIC        P3
  D:00E8H         PUBLIC        P4
  C:816AH         PUBLIC        _MoniHSCommSJmode
  C:5F83H         PUBLIC        _PCT_RunCommShell
  D:00A8H         PUBLIC        IE
  D:00B8H         PUBLIC        IP
  C:80EEH         PUBLIC        _MoniYVideoMix
  X:033EH         PUBLIC        sysdat
  D:00D8H         PUBLIC        CCON
  C:002AH         PUBLIC        PCT_SendACK
  C:7153H         PUBLIC        _PCT_GetFirstStr
  C:7230H         PUBLIC        PCT_CheckSystem
  D:00C0H         PUBLIC        WDTC
  D:0098H         PUBLIC        SCON
  D:0088H         PUBLIC        TCON
  C:77BCH         PUBLIC        _MoniWriteAsicByte
  C:5862H         PUBLIC        _MoniHSComm
  X:034FH         PUBLIC        msg
  C:7C34H         PUBLIC        _PCT_StrToCommCode
  C:7A14H         PUBLIC        _PCT_CheckVMixType
  D:00F8H         PUBLIC        IPA
  C:7300H         PUBLIC        _MoniShowSODStr
  D:00C8H         PUBLIC        T2CON
  X:035AH         PUBLIC        Original_selwintype
  D:00D0H         PUBLIC        PSW
  C:6E72H         SYMBOL        Com0033
  C:6E72H         SYMBOL        L?0052
  C:6E72H         SYMBOL        L?0053
  C:6E75H         SYMBOL        L?0054
  C:6E78H         SYMBOL        L?0055
  C:6E81H         SYMBOL        L?0057
  C:6E82H         SYMBOL        L?0058
  C:6E89H         SYMBOL        L?0059
  C:6E8AH         SYMBOL        L?0060
  C:6E97H         SYMBOL        L?0061
  C:6EA7H         SYMBOL        L?0062
  C:6EAEH         SYMBOL        L?0065
  C:6EAEH         SYMBOL        L?0066
  C:6EAFH         SYMBOL        L?0067
  C:6EB7H         SYMBOL        L?0068
BL51 BANKED LINKER/LOCATER V6.22                                                      12/25/2018  16:49:29  PAGE 22


  C:6EBEH         SYMBOL        L?0069
  C:6EBEH         SYMBOL        L?0070
  C:6EC8H         SYMBOL        L?0072
  C:6EC8H         SYMBOL        L?0073
  C:6ED0H         SYMBOL        L?0074
  C:6ED7H         SYMBOL        L?0075
  C:6ED7H         SYMBOL        L?0076
  C:6EDEH         SYMBOL        L?0077
  C:6EDEH         SYMBOL        L?0078
  C:6EE7H         SYMBOL        L?0079
  C:6EE7H         SYMBOL        L?0080
  C:6EEDH         SYMBOL        L?0081
  -------         PROC          COM0033
  -------         ENDPROC       COM0033
  -------         PROC          _PCT_GETFIRSTSTR
  X:01E3H         SYMBOL        tagStr
  X:01E6H         SYMBOL        sourceStr
  C:7153H         LINE#         88
  C:7159H         LINE#         89
  C:7159H         LINE#         90
  C:7164H         LINE#         91
  C:717BH         LINE#         92
  C:7193H         LINE#         93
  C:7195H         LINE#         94
  C:7195H         LINE#         95
  C:71A2H         LINE#         96
  C:71A6H         LINE#         97
  C:71AFH         LINE#         98
  C:71B2H         LINE#         99
  C:71B5H         LINE#         100
  C:71B8H         LINE#         101
  C:71C1H         LINE#         102
  -------         ENDPROC       _PCT_GETFIRSTSTR
  -------         PROC          _PCT_STRTOCOMMCODE
  X:01DDH         SYMBOL        Str
  -------         DO            
  D:0008H         SYMBOL        ret
  -------         ENDDO         
  C:7C34H         LINE#         112
  C:7C3AH         LINE#         113
  C:7C3AH         LINE#         114
  C:7C3FH         LINE#         116
  C:7C6CH         LINE#         117
  C:7C70H         LINE#         118
  -------         ENDPROC       _PCT_STRTOCOMMCODE
  -------         PROC          PCT_SENDACK
  C:002AH         LINE#         124
  C:002AH         LINE#         125
  C:002AH         LINE#         131
  -------         ENDPROC       PCT_SENDACK
  -------         PROC          _PCT_CHECKVMIXTYPE
  D:0007H         SYMBOL        _typ
  -------         DO            
  D:000BH         SYMBOL        tmplktp
  -------         ENDDO         
  C:7A14H         LINE#         143
  C:7A14H         LINE#         144
BL51 BANKED LINKER/LOCATER V6.22                                                      12/25/2018  16:49:29  PAGE 23


  C:7A14H         LINE#         145
  C:7A17H         LINE#         147
  C:7A1DH         LINE#         148
  C:7A24H         LINE#         149
  C:7A2AH         LINE#         150
  C:7A36H         LINE#         152
  C:7A44H         LINE#         153
  C:7A4AH         LINE#         155
  C:7A4AH         LINE#         156
  C:7A50H         LINE#         157
  C:7A56H         LINE#         158
  C:7A5BH         LINE#         159
  -------         ENDPROC       _PCT_CHECKVMIXTYPE
  -------         PROC          _MONIWRITEASICBYTE
  D:0001H         SYMBOL        szParam
  -------         DO            
  D:0008H         SYMBOL        _dev
  D:0009H         SYMBOL        _pg
  D:000AH         SYMBOL        _addr
  D:000BH         SYMBOL        _wdat
  -------         ENDDO         
  C:77BCH         LINE#         212
  C:77BCH         LINE#         213
  C:77BCH         LINE#         214
  C:77BFH         LINE#         215
  C:77C1H         LINE#         216
  C:77C3H         LINE#         217
  C:77C5H         LINE#         219
  C:77FAH         LINE#         220
  -------         ENDPROC       _MONIWRITEASICBYTE
  -------         PROC          _MONIYVIDEOMIX
  D:0001H         SYMBOL        szParam
  -------         DO            
  D:0008H         SYMBOL        chan
  -------         ENDDO         
  C:80EEH         LINE#         531
  C:80EEH         LINE#         532
  C:80EEH         LINE#         535
  C:8103H         LINE#         536
  -------         ENDPROC       _MONIYVIDEOMIX
  C:734AH         SYMBOL        L?0064
  -------         PROC          _MONISHOWSODSTR
  X:01DDH         SYMBOL        szParam
  -------         DO            
  D:0008H         SYMBOL        addrx
  D:0009H         SYMBOL        addry
  X:01E0H         SYMBOL        getStr
  -------         ENDDO         
  C:7300H         LINE#         606
  C:7306H         LINE#         607
  C:7306H         LINE#         611
  C:7306H         LINE#         612
  C:7311H         LINE#         613
  C:7311H         LINE#         614
  C:731CH         LINE#         616
  C:7321H         LINE#         617
  C:7326H         LINE#         618
BL51 BANKED LINKER/LOCATER V6.22                                                      12/25/2018  16:49:29  PAGE 24


  C:732BH         LINE#         619
  C:7345H         LINE#         620
  C:734AH         LINE#         621
  -------         ENDPROC       _MONISHOWSODSTR
  -------         PROC          _MONIHSCOMM
  D:0001H         SYMBOL        szParam
  -------         DO            
  D:0008H         SYMBOL        winid
  D:0009H         SYMBOL        chose
  D:000AH         SYMBOL        wintp
  -------         ENDDO         
  C:5862H         LINE#         658
  C:5862H         LINE#         662
  C:58D4H         LINE#         665
  C:58F0H         LINE#         669
  C:58FAH         LINE#         670
  C:5904H         LINE#         671
  C:590FH         LINE#         672
  C:591AH         LINE#         674
  C:5925H         LINE#         675
  C:5930H         LINE#         676
  C:593BH         LINE#         677
  C:5946H         LINE#         684
  C:594FH         LINE#         685
  C:5958H         LINE#         688
  C:5963H         LINE#         691
  C:5966H         LINE#         692
  C:5982H         LINE#         697
  C:5987H         LINE#         698
  C:598CH         LINE#         699
  C:5991H         LINE#         701
  C:5999H         LINE#         702
  C:599EH         LINE#         703
  C:59A3H         LINE#         704
  C:59A6H         LINE#         705
  C:59AFH         LINE#         706
  C:59B7H         LINE#         724
  -------         ENDPROC       _MONIHSCOMM
  -------         PROC          PCT_CHECKSYSTEM
  -------         DO            
  D:0007H         SYMBOL        TempSystem
  -------         ENDDO         
  C:7230H         LINE#         731
  C:7230H         LINE#         732
  C:7230H         LINE#         735
  C:7235H         LINE#         737
  C:7239H         LINE#         738
  C:723BH         LINE#         739
  C:7242H         LINE#         740
  C:7244H         LINE#         741
  C:7249H         LINE#         744
  C:7259H         LINE#         746
  C:725EH         LINE#         750
  C:7266H         LINE#         751
  C:726FH         LINE#         752
  C:7278H         LINE#         754
  C:7283H         LINE#         758
BL51 BANKED LINKER/LOCATER V6.22                                                      12/25/2018  16:49:29  PAGE 25


  C:7288H         LINE#         759
  C:728BH         LINE#         760
  C:7294H         LINE#         761
  C:7297H         LINE#         764
  C:7298H         LINE#         765
  -------         ENDPROC       PCT_CHECKSYSTEM
  -------         PROC          _MONIHSCOMMSJMODE
  D:0001H         SYMBOL        szParam
  C:816AH         LINE#         772
  C:816AH         LINE#         773
  C:816AH         LINE#         774
  -------         ENDPROC       _MONIHSCOMMSJMODE
  C:606DH         SYMBOL        L?0056
  C:6077H         SYMBOL        L?0063
  C:6081H         SYMBOL        L?0071
  -------         PROC          _PCT_RUNCOMMSHELL
  X:01D5H         SYMBOL        strptr
  -------         DO            
  X:01D8H         SYMBOL        commcode
  X:01DAH         SYMBOL        getStr
  -------         ENDDO         
  C:5F83H         LINE#         802
  C:5F89H         LINE#         803
  C:5F89H         LINE#         819
  C:5FA0H         LINE#         822
  C:5FB1H         LINE#         838
  C:5FC0H         LINE#         841
  C:5FC6H         LINE#         843
  C:5FC9H         LINE#         896
  C:5FD8H         LINE#         898
  C:5FD8H         LINE#         900
  C:5FDEH         LINE#         902
  C:5FE1H         LINE#         924
  C:5FF0H         LINE#         925
  C:5FF0H         LINE#         927
  C:5FF6H         LINE#         930
  C:5FF9H         LINE#         931
  C:5FFEH         LINE#         944
  C:6010H         LINE#         945
  C:6010H         LINE#         947
  C:6016H         LINE#         948
  C:6018H         LINE#         962
  C:6028H         LINE#         963
  C:6028H         LINE#         965
  C:6030H         LINE#         970
  C:6032H         LINE#         971
  C:6042H         LINE#         972
  C:6042H         LINE#         974
  C:6045H         LINE#         975
  C:604DH         LINE#         981
  C:604FH         LINE#         982
  C:6064H         LINE#         983
  C:6064H         LINE#         984
  C:606AH         LINE#         985
  C:606AH         LINE#         1015
  C:606AH         LINE#         1016
  C:606AH         LINE#         1021
BL51 BANKED LINKER/LOCATER V6.22                                                      12/25/2018  16:49:29  PAGE 26


  C:606CH         LINE#         1022
  -------         ENDPROC       _PCT_RUNCOMMSHELL
  -------         ENDMOD        COMMANDSHELL

  -------         MODULE        MAIN
  C:0000H         SYMBOL        _ICE_DUMMY_
  D:0094H         PUBLIC        P0M1
  D:0091H         PUBLIC        P1M0
  D:00F6H         PUBLIC        PCAPWM4
  D:0095H         PUBLIC        P2M0
  D:0092H         PUBLIC        P1M1
  D:00F7H         PUBLIC        PCAPWM5
  D:0080H         PUBLIC        P0
  D:00B1H         PUBLIC        P3M0
  D:0096H         PUBLIC        P2M1
  D:0090H         PUBLIC        P1
  X:02FAH         PUBLIC        CB_flag
  D:00B2H         PUBLIC        P3M1
  D:00B3H         PUBLIC        P4M0
  D:00A0H         PUBLIC        P2
  D:00B4H         PUBLIC        P4M1
  D:00C0H         PUBLIC        XICON
  D:00B0H         PUBLIC        P3
  D:00E8H         PUBLIC        P4
  X:02FBH         PUBLIC        Temp_timeout
  D:00E1H         PUBLIC        WDTCR
  B:00A8H.7       PUBLIC        EA
  X:02FCH         PUBLIC        RScommand
  D:00F9H         PUBLIC        CH
  C:823AH         PUBLIC        PWM_init
  D:00A8H         PUBLIC        IE
  D:00E9H         PUBLIC        CL
  D:00FAH         PUBLIC        CCAP0H
  B:0090H.1       PUBLIC        P1_1
  D:00FBH         PUBLIC        CCAP1H
  B:0090H.2       PUBLIC        P1_2
  D:00FCH         PUBLIC        CCAP2H
  B:0090H.3       PUBLIC        P1_3
  D:00FDH         PUBLIC        CCAP3H
  B:00E8H.1       PUBLIC        P4_1
  B:0090H.4       PUBLIC        P1_4
  D:00FEH         PUBLIC        CCAP4H
  D:00EAH         PUBLIC        CCAP0L
  B:0090H.5       PUBLIC        P1_5
  D:00FFH         PUBLIC        CCAP5H
  D:00EBH         PUBLIC        CCAP1L
  D:00DAH         PUBLIC        CCAPM0
  B:0024H.3       PUBLIC        VlossFlag
  B:0090H.6       PUBLIC        P1_6
  D:00ECH         PUBLIC        CCAP2L
  D:00DBH         PUBLIC        CCAPM1
  B:0090H.7       PUBLIC        P1_7
  D:00EDH         PUBLIC        CCAP3L
  D:00DCH         PUBLIC        CCAPM2
  D:00EEH         PUBLIC        CCAP4L
  D:00DDH         PUBLIC        CCAPM3
  D:00B8H         PUBLIC        IP
BL51 BANKED LINKER/LOCATER V6.22                                                      12/25/2018  16:49:29  PAGE 27


  D:00EFH         PUBLIC        CCAP5L
  D:00DEH         PUBLIC        CCAPM4
  C:4257H         PUBLIC        _Monitor_set
  D:00DFH         PUBLIC        CCAPM5
  B:0098H.1       PUBLIC        TI
  C:7E8BH         PUBLIC        _PWM_set
  X:0327H         PUBLIC        SC16_com_state
  D:00D9H         PUBLIC        CMOD
  D:00D8H         PUBLIC        CCON
  C:52BAH         PUBLIC        main
  C:7FE2H         PUBLIC        ResetCommSell
  D:0020H         PUBLIC        commFlag
  X:0328H         PUBLIC        timerout1
  B:0024H.4       PUBLIC        data_chk_flag
  X:032AH         PUBLIC        timerout2
  D:0087H         PUBLIC        PCON
  X:032CH         PUBLIC        timerout3
  X:032EH         PUBLIC        timerout4
  X:0330H         PUBLIC        boot_flag
  D:00C0H         PUBLIC        WDTC
  D:0098H         PUBLIC        SCON
  D:0089H         PUBLIC        TMOD
  D:0088H         PUBLIC        TCON
  C:82C0H         PUBLIC        _PCT_FlashOSDCtrl
  C:6601H         PUBLIC        CommandShell
  D:008EH         PUBLIC        AUXR
  X:0331H         PUBLIC        work_flag
  X:0332H         PUBLIC        Small_f
  C:7936H         PUBLIC        InitialMPU
  C:4C26H         SYMBOL        _?ix1000
  B:0020H.0       PUBLIC        comm_chk_flag
  C:4D15H         SYMBOL        _?ix1010
  C:4C2CH         SYMBOL        _?ix1001
  C:4D3BH         SYMBOL        _?ix1011
  C:4C3AH         SYMBOL        _?ix1002
  C:4D61H         SYMBOL        _?ix1012
  C:4C48H         SYMBOL        _?ix1003
  C:4D87H         SYMBOL        _?ix1013
  C:4C50H         SYMBOL        _?ix1004
  C:4DADH         SYMBOL        _?ix1014
  C:4C57H         SYMBOL        _?ix1005
  C:4DD3H         SYMBOL        _?ix1015
  C:4C7DH         SYMBOL        _?ix1006
  C:4CA3H         SYMBOL        _?ix1007
  C:4CC9H         SYMBOL        _?ix1008
  C:4CEFH         SYMBOL        _?ix1009
  C:76C7H         PUBLIC        Version_check
  X:0333H         PUBLIC        Main_f
  X:0334H         PUBLIC        ADC_Val
  X:0338H         PUBLIC        m_current
  C:776CH         PUBLIC        _Wait_ms
  C:829FH         PUBLIC        InitialCommShell
  D:00F8H         PUBLIC        IPA
  B:0020H.1       PUBLIC        osd_chk_flag
  X:0339H         PUBLIC        PIP_flag
  D:00C8H         PUBLIC        T2CON
  X:033AH         PUBLIC        CB_timeout
BL51 BANKED LINKER/LOCATER V6.22                                                      12/25/2018  16:49:29  PAGE 28


  C:6277H         PUBLIC        Press_check
  X:033BH         PUBLIC        _delay
  D:00A2H         PUBLIC        AUXR1
  X:033DH         PUBLIC        timer2_loop
  D:00A6H         PUBLIC        AUXR2
  C:67A7H         PUBLIC        _Set_PWM_Output
  C:74F4H         PUBLIC        Camera_Version_check
  C:7614H         PUBLIC        Temp_check
  D:00F2H         PUBLIC        PCAPWM0
  D:00D0H         PUBLIC        PSW
  D:00F3H         PUBLIC        PCAPWM1
  D:00F4H         PUBLIC        PCAPWM2
  D:0093H         PUBLIC        P0M0
  D:00F5H         PUBLIC        PCAPWM3
  C:6875H         SYMBOL        Com00AB
  C:6875H         SYMBOL        L?0172
  C:6879H         SYMBOL        L?0173
  C:6880H         SYMBOL        L?0174
  C:6885H         SYMBOL        L?0175
  C:6888H         SYMBOL        L?0176
  C:6890H         SYMBOL        L?0177
  C:6890H         SYMBOL        L?0178
  C:689CH         SYMBOL        L?0179
  C:68A6H         SYMBOL        L?0180
  C:68ACH         SYMBOL        L?0181
  C:68AEH         SYMBOL        L?0182
  C:68B5H         SYMBOL        L?0183
  C:68BEH         SYMBOL        L?0184
  C:68BEH         SYMBOL        L?0185
  C:68C7H         SYMBOL        L?0186
  C:68D2H         SYMBOL        L?0187
  C:68D3H         SYMBOL        L?0188
  C:68DAH         SYMBOL        L?0189
  C:68DAH         SYMBOL        L?0190
  C:68E4H         SYMBOL        L?0191
  C:68EDH         SYMBOL        L?0192
  C:68FCH         SYMBOL        L?0193
  C:6900H         SYMBOL        L?0194
  C:6906H         SYMBOL        L?0195
  C:6913H         SYMBOL        L?0196
  C:6913H         SYMBOL        L?0197
  C:691BH         SYMBOL        L?0198
  C:6927H         SYMBOL        L?0200
  C:6931H         SYMBOL        L?0201
  C:6931H         SYMBOL        L?0202
  -------         PROC          COM00AB
  -------         ENDPROC       COM00AB
  -------         PROC          COMMANDSHELL
  -------         DO            
  D:0008H         SYMBOL        ch
  X:02F9H         SYMBOL        etx_flag
  -------         ENDDO         
  C:6601H         LINE#         138
  C:6601H         LINE#         139
  C:6601H         LINE#         144
  C:660CH         LINE#         145
  C:660CH         LINE#         147
BL51 BANKED LINKER/LOCATER V6.22                                                      12/25/2018  16:49:29  PAGE 29


  C:660FH         LINE#         148
  C:6614H         LINE#         156
  C:661FH         LINE#         157
  C:661FH         LINE#         158
  C:6624H         LINE#         160
  C:662AH         LINE#         165
  C:6630H         LINE#         166
  C:6631H         LINE#         168
  C:6654H         LINE#         169
  C:6654H         LINE#         170
  C:665AH         LINE#         171
  C:665DH         LINE#         172
  C:6660H         LINE#         173
  C:6661H         LINE#         174
  C:666CH         LINE#         175
  C:666CH         LINE#         177
  C:6672H         LINE#         178
  C:6675H         LINE#         179
  C:667BH         LINE#         180
  C:6680H         LINE#         185
  C:6681H         LINE#         186
  C:6689H         LINE#         187
  C:6689H         LINE#         189
  C:6692H         LINE#         199
  C:669EH         LINE#         200
  C:669EH         LINE#         201
  C:66A4H         LINE#         203
  C:66ACH         LINE#         204
  C:66AFH         LINE#         206
  C:66B7H         LINE#         208
  C:66BDH         LINE#         209
  C:66BEH         LINE#         217
  C:66BEH         LINE#         218
  C:66C4H         LINE#         219
  C:66C7H         LINE#         220
  C:66D0H         LINE#         225
  C:66D0H         LINE#         266
  C:66D0H         LINE#         268
  C:66D0H         LINE#         269
  C:66D7H         LINE#         270
  C:66D7H         LINE#         274
  -------         ENDPROC       COMMANDSHELL
  -------         PROC          RESETCOMMSELL
  C:7FE2H         LINE#         306
  C:7FE2H         LINE#         307
  C:7FE2H         LINE#         310
  C:7FE7H         LINE#         311
  C:7FEBH         LINE#         312
  C:7FEFH         LINE#         313
  C:7FF2H         LINE#         314
  C:7FF2H         LINE#         315
  C:7FF2H         LINE#         316
  C:7FF5H         LINE#         317
  C:7FF5H         LINE#         318
  C:7FF5H         LINE#         319
  C:7FF9H         LINE#         320
  C:7FFBH         LINE#         321
BL51 BANKED LINKER/LOCATER V6.22                                                      12/25/2018  16:49:29  PAGE 30


  C:7FFDH         LINE#         323
  C:8001H         LINE#         324
  C:8003H         LINE#         325
  C:8007H         LINE#         326
  -------         ENDPROC       RESETCOMMSELL
  -------         PROC          _PCT_FLASHOSDCTRL
  D:0007H         SYMBOL        _on
  C:82C0H         LINE#         332
  C:82C0H         LINE#         333
  C:82C0H         LINE#         334
  C:82C6H         LINE#         335
  C:82C8H         LINE#         336
  -------         ENDPROC       _PCT_FLASHOSDCTRL
  -------         PROC          INITIALCOMMSHELL
  C:829FH         LINE#         343
  C:829FH         LINE#         344
  C:829FH         LINE#         345
  C:82A1H         LINE#         346
  C:82A3H         LINE#         349
  C:82A5H         LINE#         350
  C:82AAH         LINE#         351
  -------         ENDPROC       INITIALCOMMSHELL
  -------         PROC          _WAIT_MS
  X:0007H         SYMBOL        Tms
  -------         DO            
  X:0009H         SYMBOL        count
  -------         ENDDO         
  C:776CH         LINE#         364
  C:7774H         LINE#         366
  C:7774H         LINE#         375
  C:777EH         LINE#         377
  C:777EH         LINE#         379
  C:77ABH         LINE#         381
  C:77B9H         LINE#         383
  C:77BBH         LINE#         384
  -------         ENDPROC       _WAIT_MS
  -------         PROC          MAIN
  -------         DO            
  X:0000H         SYMBOL        Counter
  X:0001H         SYMBOL        readtemp
  X:0003H         SYMBOL        OsdCount1
  X:0004H         SYMBOL        OsdCount2
  X:0005H         SYMBOL        Camera_speed
  -------         ENDDO         
  C:52BAH         LINE#         392
  C:52BAH         LINE#         393
  C:52BAH         LINE#         394
  C:52BDH         LINE#         395
  C:52BDH         LINE#         396
  C:52C3H         LINE#         397
  C:52C7H         LINE#         398
  C:52CAH         LINE#         412
  C:52CDH         LINE#         413
  C:52D0H         LINE#         466
  C:52D3H         LINE#         467
  C:52D6H         LINE#         479
  C:52DBH         LINE#         480
BL51 BANKED LINKER/LOCATER V6.22                                                      12/25/2018  16:49:29  PAGE 31


  C:52DEH         LINE#         482
  C:52E3H         LINE#         502
  C:52E6H         LINE#         505
  C:52ECH         LINE#         506
  C:52F2H         LINE#         507
  C:52FCH         LINE#         509
  C:5302H         LINE#         510
  C:5309H         LINE#         512
  C:5319H         LINE#         514
  C:5319H         LINE#         516
  C:531CH         LINE#         517
  C:532CH         LINE#         518
  C:5336H         LINE#         520
  C:5339H         LINE#         521
  C:5339H         LINE#         522
  C:533EH         LINE#         523
  C:5340H         LINE#         524
  C:5340H         LINE#         528
  C:534FH         LINE#         532
  C:5357H         LINE#         533
  C:5357H         LINE#         537
  C:535BH         LINE#         538
  C:5364H         LINE#         539
  C:5364H         LINE#         541
  C:5372H         LINE#         542
  C:5372H         LINE#         545
  C:5375H         LINE#         548
  C:5381H         LINE#         549
  C:5381H         LINE#         550
  C:5384H         LINE#         551
  C:5384H         LINE#         558
  C:538AH         LINE#         560
  C:538AH         LINE#         562
  C:53A2H         LINE#         563
  C:53A2H         LINE#         564
  C:53A8H         LINE#         565
  C:53ABH         LINE#         567
  C:53ABH         LINE#         578
  C:53C0H         LINE#         579
  C:53C0H         LINE#         584
  C:53D9H         LINE#         585
  C:53DFH         LINE#         586
  C:53E5H         LINE#         587
  C:53EDH         LINE#         589
  C:53EFH         LINE#         591
  C:53F2H         LINE#         594
  C:53FEH         LINE#         595
  C:53FEH         LINE#         596
  C:5404H         LINE#         597
  C:540DH         LINE#         601
  C:540DH         LINE#         608
  C:5420H         LINE#         609
  C:5420H         LINE#         610
  C:5428H         LINE#         611
  C:542FH         LINE#         612
  C:542FH         LINE#         614
  C:5432H         LINE#         635
BL51 BANKED LINKER/LOCATER V6.22                                                      12/25/2018  16:49:29  PAGE 32


  -------         ENDPROC       MAIN
  -------         PROC          INITIALMPU
  C:7936H         LINE#         651
  C:7936H         LINE#         653
  C:7939H         LINE#         654
  C:793BH         LINE#         658
  C:793DH         LINE#         661
  C:7940H         LINE#         663
  C:7942H         LINE#         664
  C:7945H         LINE#         669
  C:7947H         LINE#         677
  C:794AH         LINE#         678
  C:794DH         LINE#         679
  C:7950H         LINE#         684
  C:7953H         LINE#         685
  C:7955H         LINE#         686
  C:7957H         LINE#         687
  C:7959H         LINE#         688
  C:795AH         LINE#         744
  C:795CH         LINE#         745
  C:795EH         LINE#         747
  C:7961H         LINE#         748
  C:7964H         LINE#         750
  C:7966H         LINE#         751
  C:7968H         LINE#         753
  C:796AH         LINE#         754
  C:796CH         LINE#         756
  C:796EH         LINE#         757
  C:7971H         LINE#         758
  C:7973H         LINE#         761
  C:7975H         LINE#         762
  C:7977H         LINE#         763
  C:7979H         LINE#         764
  C:797BH         LINE#         765
  C:797DH         LINE#         766
  C:797FH         LINE#         770
  -------         ENDPROC       INITIALMPU
  -------         PROC          _SET_PWM_OUTPUT
  X:01DDH         SYMBOL        addr
  X:01DEH         SYMBOL        val
  -------         DO            
  X:01DFH         SYMBOL        num
  -------         ENDDO         
  C:67A7H         LINE#         773
  C:67AFH         LINE#         774
  C:67AFH         LINE#         777
  C:67BCH         LINE#         793
  C:67D9H         LINE#         794
  C:67D9H         LINE#         795
  C:67D9H         LINE#         796
  C:67DCH         LINE#         797
  C:67E7H         LINE#         798
  C:67EAH         LINE#         800
  C:67EFH         LINE#         801
  C:67F2H         LINE#         802
  C:67F3H         LINE#         803
[...]
  C:7F6FH         LINE#         2057
  C:7F71H         LINE#         2058
  C:7F72H         LINE#         2059
  C:7F78H         LINE#         2061
  C:7F82H         LINE#         2062
  C:7F82H         LINE#         2065
  C:7F87H         LINE#         2066
  C:7F8EH         LINE#         2067
  C:7F91H         LINE#         2068
  C:7F91H         LINE#         2100
  -------         ENDPROC       _BCC_CAL
  C:4C1EH         SYMBOL        L?0338
  -------         PROC          _SC16_BCC_CHECK
  D:0001H         SYMBOL        addr
  -------         DO            
  X:0006H         SYMBOL        loop
  X:0007H         SYMBOL        f_val
  X:0008H         SYMBOL        s_val
  X:0009H         SYMBOL        com
  -------         ENDDO         
  C:4A42H         LINE#         2127
  C:4A42H         LINE#         2128
  C:4A42H         LINE#         2130
  C:4A47H         LINE#         2131
BL51 BANKED LINKER/LOCATER V6.22                                                      12/25/2018  16:49:29  PAGE 85


  C:4A49H         LINE#         2144
  C:4A4CH         LINE#         2145
  C:4A4CH         LINE#         2146
  C:4A52H         LINE#         2147
  C:4A52H         LINE#         2148
  C:4A52H         LINE#         2149
  C:4A58H         LINE#         2150
  C:4A58H         LINE#         2151
  C:4A58H         LINE#         2152
  C:4A5FH         LINE#         2153
  C:4A64H         LINE#         2156
  C:4A6CH         LINE#         2157
  C:4A6CH         LINE#         2158
  C:4A6EH         LINE#         2159
  C:4A79H         LINE#         2160
  C:4A79H         LINE#         2161
  C:4A7DH         LINE#         2162
  C:4A84H         LINE#         2163
  C:4A84H         LINE#         2164
  C:4A85H         LINE#         2165
  C:4A8FH         LINE#         2166
  C:4A8FH         LINE#         2167
  C:4A92H         LINE#         2168
  C:4A92H         LINE#         2169
  C:4A95H         LINE#         2170
  C:4A95H         LINE#         2171
  C:4A9DH         LINE#         2173
  C:4A9DH         LINE#         2175
  C:4A9DH         LINE#         2180
  C:4AABH         LINE#         2181
  C:4AABH         LINE#         2182
  C:4ACBH         LINE#         2183
  C:4ACBH         LINE#         2184
  C:4AD0H         LINE#         2185
  C:4AD8H         LINE#         2186
  C:4AE0H         LINE#         2187
  C:4AE5H         LINE#         2188
  C:4AEDH         LINE#         2192
  C:4AF8H         LINE#         2193
  C:4AF8H         LINE#         2194
  C:4AFFH         LINE#         2195
  C:4B05H         LINE#         2196
  C:4B0BH         LINE#         2197
  C:4B12H         LINE#         2198
  C:4B1CH         LINE#         2199
  C:4B1CH         LINE#         2202
  C:4B1FH         LINE#         2203
  C:4B34H         LINE#         2204
  C:4B34H         LINE#         2205
  C:4B39H         LINE#         2206
  C:4B3CH         LINE#         2208
  C:4B48H         LINE#         2209
  C:4B48H         LINE#         2210
  C:4B4BH         LINE#         2214
  C:4B4EH         LINE#         2215
  C:4B5AH         LINE#         2216
  C:4B5AH         LINE#         2217
BL51 BANKED LINKER/LOCATER V6.22                                                      12/25/2018  16:49:29  PAGE 86


  C:4B5DH         LINE#         2221
  C:4B60H         LINE#         2222
  C:4B6CH         LINE#         2223
  C:4B6CH         LINE#         2224
  C:4B6FH         LINE#         2228
  C:4B72H         LINE#         2229
  C:4B7EH         LINE#         2230
  C:4B7EH         LINE#         2231
  C:4B81H         LINE#         2235
  C:4B84H         LINE#         2237
  C:4B99H         LINE#         2238
  C:4B99H         LINE#         2239
  C:4B9EH         LINE#         2244
  C:4BA0H         LINE#         2246
  C:4BACH         LINE#         2247
  C:4BACH         LINE#         2248
  C:4BAFH         LINE#         2252
  C:4BB1H         LINE#         2253
  C:4BBDH         LINE#         2254
  C:4BBDH         LINE#         2255
  C:4BC0H         LINE#         2259
  C:4BC2H         LINE#         2260
  C:4BCEH         LINE#         2261
  C:4BCEH         LINE#         2262
  C:4BD1H         LINE#         2266
  C:4BD3H         LINE#         2280
  C:4BD3H         LINE#         2286
  C:4BD9H         LINE#         2287
  C:4BD9H         LINE#         2289
  C:4BECH         LINE#         2290
  C:4BFDH         LINE#         2292
  C:4C03H         LINE#         2293
  C:4C09H         LINE#         2304
  C:4C0BH         LINE#         2306
  C:4C0BH         LINE#         2307
  C:4C10H         LINE#         2312
  C:4C10H         LINE#         2315
  C:4C13H         LINE#         2316
  C:4C13H         LINE#         2321
  C:4C16H         LINE#         2323
  C:4C16H         LINE#         2325
  C:4C16H         LINE#         2326
  C:4C1BH         LINE#         2330
  C:4C1DH         LINE#         2331
  C:4C1DH         LINE#         2335
  -------         ENDPROC       _SC16_BCC_CHECK
  -------         PROC          CHECK_OTHER_COM
  C:6938H         LINE#         2339
  C:6938H         LINE#         2340
  C:6938H         LINE#         2342
  C:6940H         LINE#         2343
  C:6940H         LINE#         2344
  C:6943H         LINE#         2345
  C:6943H         LINE#         2349
  C:695BH         LINE#         2351
  C:695FH         LINE#         2352
  C:695FH         LINE#         2353
BL51 BANKED LINKER/LOCATER V6.22                                                      12/25/2018  16:49:29  PAGE 87


  C:6967H         LINE#         2354
  C:6967H         LINE#         2355
  C:6969H         LINE#         2356
  C:6970H         LINE#         2357
  C:6970H         LINE#         2358
  C:6979H         LINE#         2359
  C:697EH         LINE#         2360
  C:6980H         LINE#         2362
  C:6985H         LINE#         2365
  C:6985H         LINE#         2366
  C:6987H         LINE#         2367
  C:6987H         LINE#         2369
  C:699DH         LINE#         2371
  C:69A1H         LINE#         2372
  C:69A1H         LINE#         2373
  C:69A9H         LINE#         2374
  C:69A9H         LINE#         2375
  C:69ABH         LINE#         2376
  C:69B2H         LINE#         2377
  C:69B2H         LINE#         2378
  C:69BBH         LINE#         2379
  C:69C0H         LINE#         2380
  C:69C0H         LINE#         2383
  C:69C0H         LINE#         2384
  C:69C2H         LINE#         2385
  C:69C2H         LINE#         2387
  C:69D8H         LINE#         2388
  C:69D8H         LINE#         2389
  C:69DDH         LINE#         2390
  C:69EAH         LINE#         2391
  C:69EDH         LINE#         2392
  C:69EDH         LINE#         2396
  C:69F0H         LINE#         2398
  C:69F0H         LINE#         2399
  C:69F0H         LINE#         2400
  C:69F0H         LINE#         2401
  C:69F0H         LINE#         2404
  C:69F0H         LINE#         2406
  C:69F0H         LINE#         2411
  C:69F0H         LINE#         2414
  C:69F0H         LINE#         2416
  C:69F0H         LINE#         2418
  C:69F0H         LINE#         2420
  C:69F0H         LINE#         2426
  C:69F0H         LINE#         2429
  C:69F0H         LINE#         2431
  C:69F0H         LINE#         2435
  C:69F0H         LINE#         2437
  C:69F6H         LINE#         2441
  -------         ENDPROC       CHECK_OTHER_COM
  -------         PROC          _RESETDEVICE
  D:0003H         SYMBOL        addr
  -------         DO            
  D:0006H         SYMBOL        temp
  -------         ENDDO         
  C:000EH         LINE#         2535
  C:0010H         LINE#         2536
BL51 BANKED LINKER/LOCATER V6.22                                                      12/25/2018  16:49:29  PAGE 88


  C:0010H         LINE#         2538
  C:0017H         LINE#         2539
  C:001BH         LINE#         2540
  -------         ENDPROC       _RESETDEVICE
  -------         PROC          _SETBAUDRATE
  X:0007H         SYMBOL        addr
  X:0008H         SYMBOL        baudrate
  -------         DO            
  X:000CH         SYMBOL        divisor
  X:0010H         SYMBOL        prescaler
  D:0002H         SYMBOL        temp_lcr
  -------         ENDDO         
  C:69F9H         LINE#         2550
  C:69FEH         LINE#         2551
  C:69FEH         LINE#         2567
  C:6A0AH         LINE#         2568
  C:6A0DH         LINE#         2569
  C:6A0FH         LINE#         2570
  C:6A12H         LINE#         2571
  C:6A12H         LINE#         2575
  C:6A5CH         LINE#         2587
  C:6A68H         LINE#         2589
  C:6A6FH         LINE#         2591
  C:6A72H         LINE#         2593
  C:6A75H         LINE#         2595
  C:6A87H         LINE#         2597
  C:6AA6H         LINE#         2604
  C:6AA9H         LINE#         2605
  C:6AACH         LINE#         2607
  C:6AB0H         LINE#         2624
  -------         ENDPROC       _SETBAUDRATE
  -------         PROC          _SETLINE
  D:0002H         SYMBOL        addr
  X:0008H         SYMBOL        data_length
  D:0001H         SYMBOL        parity_select
  X:000AH         SYMBOL        stop_length
  -------         DO            
  D:0006H         SYMBOL        temp_lcr
  -------         ENDDO         
  C:742DH         LINE#         2626
  C:7436H         LINE#         2627
  C:7436H         LINE#         2629
  C:743DH         LINE#         2630
  C:7441H         LINE#         2635
  C:7451H         LINE#         2636
  C:7451H         LINE#         2637
  C:7451H         LINE#         2638
  C:7451H         LINE#         2639
  C:7455H         LINE#         2640
  C:7457H         LINE#         2641
  C:7457H         LINE#         2642
  C:745BH         LINE#         2643
  C:745DH         LINE#         2644
  C:745DH         LINE#         2647
  C:745DH         LINE#         2648
  C:7461H         LINE#         2649
  C:7461H         LINE#         2650
BL51 BANKED LINKER/LOCATER V6.22                                                      12/25/2018  16:49:29  PAGE 89


  C:7461H         LINE#         2652
  C:7468H         LINE#         2653
  C:746CH         LINE#         2654
  C:746CH         LINE#         2656
  C:7478H         LINE#         2657
  C:7478H         LINE#         2658
  C:7478H         LINE#         2659
  C:7478H         LINE#         2660
  C:747CH         LINE#         2661
  C:747EH         LINE#         2662
  C:747EH         LINE#         2663
  C:7482H         LINE#         2664
  C:7484H         LINE#         2665
  C:7484H         LINE#         2666
  C:7488H         LINE#         2667
  C:7488H         LINE#         2668
  C:7488H         LINE#         2669
  C:7488H         LINE#         2670
  C:7488H         LINE#         2671
  C:7488H         LINE#         2672
  C:7488H         LINE#         2674
  -------         ENDPROC       _SETLINE
  -------         PROC          _GPIOSETPORTMODE
  D:0007H         SYMBOL        addr
  D:0005H         SYMBOL        port_io
  C:82D2H         LINE#         2722
  C:82D2H         LINE#         2723
  C:82D2H         LINE#         2725
  -------         ENDPROC       _GPIOSETPORTMODE
  -------         PROC          _GPIOSETPORTSTATE
  D:0007H         SYMBOL        addr
  D:0005H         SYMBOL        port_state
  C:82DBH         LINE#         2730
  C:82DBH         LINE#         2731
  C:82DBH         LINE#         2732
  -------         ENDPROC       _GPIOSETPORTSTATE
  -------         PROC          _GPIOGETPORTSTATE
  D:0007H         SYMBOL        addr
  C:8312H         LINE#         2735
  C:8312H         LINE#         2736
  C:8312H         LINE#         2741
  C:8317H         LINE#         2743
  -------         ENDPROC       _GPIOGETPORTSTATE
  -------         PROC          _WRITEBYTE
  D:0007H         SYMBOL        addr
  D:0005H         SYMBOL        val
  C:82E4H         LINE#         2835
  C:82E4H         LINE#         2836
  C:82E4H         LINE#         2858
  -------         ENDPROC       _WRITEBYTE
  -------         PROC          _READBYTE
  D:0007H         SYMBOL        addr
  -------         DO            
  D:0007H         SYMBOL        val
  -------         ENDDO         
  C:8318H         LINE#         2864
  C:8318H         LINE#         2865
BL51 BANKED LINKER/LOCATER V6.22                                                      12/25/2018  16:49:29  PAGE 90


  C:8318H         LINE#         2869
  C:831DH         LINE#         2870
  C:831DH         LINE#         2896
  -------         ENDPROC       _READBYTE
  -------         PROC          MCTRL_SET
  C:82EDH         LINE#         3006
  C:82EDH         LINE#         3007
  C:82EDH         LINE#         3010
  C:82EFH         LINE#         3011
  C:82F1H         LINE#         3012
  C:82F3H         LINE#         3013
  C:82F5H         LINE#         3014
  -------         ENDPROC       MCTRL_SET
  -------         ENDMOD        NED

  -------         MODULE        ?C?FPADD
  C:259FH         PUBLIC        ?C?FPADD
  C:259BH         PUBLIC        ?C?FPSUB
  -------         ENDMOD        ?C?FPADD

  -------         MODULE        ?C?FPMUL
  C:2690H         PUBLIC        ?C?FPMUL
  -------         ENDMOD        ?C?FPMUL

  -------         MODULE        ?C?FPDIV
  C:2799H         PUBLIC        ?C?FPDIV
  -------         ENDMOD        ?C?FPDIV

  -------         MODULE        ?C?FCAST
  C:2840H         PUBLIC        ?C?FCASTC
  C:283BH         PUBLIC        ?C?FCASTI
  C:2836H         PUBLIC        ?C?FCASTL
  -------         ENDMOD        ?C?FCAST

  -------         MODULE        ?C?CASTF
  C:2874H         PUBLIC        ?C?CASTF
  -------         ENDMOD        ?C?CASTF

  -------         MODULE        SCANF
  X:01DDH         PUBLIC        ?_SCANF?BYTE
  X:01DDH         PUBLIC        ?_SSCANF?BYTE
  C:3F8AH         PUBLIC        _SCANF
  C:3F86H         PUBLIC        _SSCANF
  -------         ENDMOD        SCANF

  -------         MODULE        ?C?FPNEG
  C:28F5H         PUBLIC        ?C?FPNEG
  -------         ENDMOD        ?C?FPNEG

  -------         MODULE        ?C?FTNPWR
  C:2936H         PUBLIC        ?C?FTNPWR
  -------         ENDMOD        ?C?FTNPWR

  -------         MODULE        ?C?COPY
  C:2A46H         PUBLIC        ?C?COPY
  -------         ENDMOD        ?C?COPY

BL51 BANKED LINKER/LOCATER V6.22                                                      12/25/2018  16:49:29  PAGE 91


  -------         MODULE        ?C?CLDPTR
  C:2A6CH         PUBLIC        ?C?CLDPTR
  -------         ENDMOD        ?C?CLDPTR

  -------         MODULE        ?C?CLDOPTR
  C:2A85H         PUBLIC        ?C?CLDOPTR
  -------         ENDMOD        ?C?CLDOPTR

  -------         MODULE        ?C?CSTPTR
  C:2AB2H         PUBLIC        ?C?CSTPTR
  -------         ENDMOD        ?C?CSTPTR

  -------         MODULE        ?C?IMUL
  C:2AC4H         PUBLIC        ?C?IMUL
  -------         ENDMOD        ?C?IMUL

  -------         MODULE        ?C?UIDIV
  C:2AD6H         PUBLIC        ?C?UIDIV
  -------         ENDMOD        ?C?UIDIV

  -------         MODULE        ?C?IILDX
  C:2B2BH         PUBLIC        ?C?IILDX
  -------         ENDMOD        ?C?IILDX

  -------         MODULE        ?C?ILDIX
  C:2B41H         PUBLIC        ?C?ILDIX
  -------         ENDMOD        ?C?ILDIX

  -------         MODULE        ?C?ILDPTR
  C:2B57H         PUBLIC        ?C?ILDPTR
  -------         ENDMOD        ?C?ILDPTR

  -------         MODULE        ?C?IILDOPTR
  C:2B82H         PUBLIC        ?C?IILDOPTR
  -------         ENDMOD        ?C?IILDOPTR

  -------         MODULE        ?C?ISTPTR
  C:2BCFH         PUBLIC        ?C?ISTPTR
  -------         ENDMOD        ?C?ISTPTR

  -------         MODULE        ?C?LMUL
  C:2BEEH         PUBLIC        ?C?LMUL
  -------         ENDMOD        ?C?LMUL

  -------         MODULE        ?C?ULDIV
  C:2C79H         PUBLIC        ?C?ULDIV
  -------         ENDMOD        ?C?ULDIV

  -------         MODULE        ?C?SLDIV
  C:7B31H         PUBLIC        ?C?SLDIV
  -------         ENDMOD        ?C?SLDIV

  -------         MODULE        ?C?LNEG
  C:2D0BH         PUBLIC        ?C?LNEG
  -------         ENDMOD        ?C?LNEG

  -------         MODULE        ?C?ULCMP
BL51 BANKED LINKER/LOCATER V6.22                                                      12/25/2018  16:49:29  PAGE 92


  C:2D19H         PUBLIC        ?C?ULCMP
  -------         ENDMOD        ?C?ULCMP

  -------         MODULE        ?C?ULSHR
  C:2D2AH         PUBLIC        ?C?ULSHR
  -------         ENDMOD        ?C?ULSHR

  -------         MODULE        ?C?LSTPTR
  C:2D3DH         PUBLIC        ?C?LSTPTR
  -------         ENDMOD        ?C?LSTPTR

  -------         MODULE        ?C?LSTXDATA
  C:2D57H         PUBLIC        ?C?LSTXDATA
  -------         ENDMOD        ?C?LSTXDATA

  -------         MODULE        ?C?LSTKXDATA
  C:2D63H         PUBLIC        ?C?LSTKXDATA
  -------         ENDMOD        ?C?LSTKXDATA

  -------         MODULE        ?C?PLDXDATA
  C:2D94H         PUBLIC        ?C?PLDXDATA
  -------         ENDMOD        ?C?PLDXDATA

  -------         MODULE        ?C?PLDIXDATA
  C:2D9DH         PUBLIC        ?C?PLDIXDATA
  -------         ENDMOD        ?C?PLDIXDATA

  -------         MODULE        ?C?PILDXDATA
  C:2DB4H         PUBLIC        ?C?PILDXDATA
  -------         ENDMOD        ?C?PILDXDATA

  -------         MODULE        ?C?PSTXDATA
  C:2DCBH         PUBLIC        ?C?PSTXDATA
  -------         ENDMOD        ?C?PSTXDATA

  -------         MODULE        ?C?PLDPTR
  C:2DD4H         PUBLIC        ?C?PLDPTR
  -------         ENDMOD        ?C?PLDPTR

  -------         MODULE        ?C?PSTPTR
  C:2DF4H         PUBLIC        ?C?PSTPTR
  -------         ENDMOD        ?C?PSTPTR

  -------         MODULE        ?C?CCASE
  C:2E43H         PUBLIC        ?C?CCASE
  -------         ENDMOD        ?C?CCASE

  -------         MODULE        GETCHAR
  B:0024H.5       PUBLIC        ?C?CHARLOADED
  X:035DH         PUBLIC        ?_UNGETCHAR?BYTE
  C:81A9H         PUBLIC        GETCHAR
  -------         ENDMOD        GETCHAR

  -------         MODULE        UNGETC
  C:82FEH         PUBLIC        _UNGETCHAR
  -------         ENDMOD        UNGETC

BL51 BANKED LINKER/LOCATER V6.22                                                      12/25/2018  16:49:29  PAGE 93


  -------         MODULE        ISSPACE
  C:81BDH         PUBLIC        _isspace
  -------         ENDMOD        ISSPACE

  -------         MODULE        STRLEN
  C:8180H         PUBLIC        _STRLEN
  -------         ENDMOD        STRLEN

  -------         MODULE        ATOI
  C:6526H         PUBLIC        _atoi
  -------         ENDMOD        ATOI

  -------         MODULE        ?C?LSTIDATA
  C:2E69H         PUBLIC        ?C?LSTIDATA
  -------         ENDMOD        ?C?LSTIDATA

  -------         MODULE        ?C?LSTPDATA
  C:2E75H         PUBLIC        ?C?LSTPDATA
  -------         ENDMOD        ?C?LSTPDATA

  -------         MODULE        ?C?PLDIDATA
  C:2E81H         PUBLIC        ?C?PLDIDATA
  -------         ENDMOD        ?C?PLDIDATA

  -------         MODULE        ?C?PSTIDATA
  C:2E8AH         PUBLIC        ?C?PSTIDATA
  -------         ENDMOD        ?C?PSTIDATA

  -------         MODULE        ?C?PLDPDATA
  C:2E93H         PUBLIC        ?C?PLDPDATA
  -------         ENDMOD        ?C?PLDPDATA

  -------         MODULE        ?C?PSTPDATA
  C:2E9CH         PUBLIC        ?C?PSTPDATA
  -------         ENDMOD        ?C?PSTPDATA

  -------         MODULE        ?C?PLDCODE
  C:2EA5H         PUBLIC        ?C?PLDCODE
  -------         ENDMOD        ?C?PLDCODE

  -------         MODULE        PUTCHAR
  C:7FBBH         PUBLIC        _PUTCHAR
  -------         ENDMOD        PUTCHAR

  -------         MODULE        _GETKEY
  C:82B6H         PUBLIC        _GETKEY
  -------         ENDMOD        _GETKEY

  -------         MODULE        ISDIGIT
  C:8276H         PUBLIC        _isdigit
  -------         ENDMOD        ISDIGIT

Program Size: data=42.6 xdata=862 code=33570
LINK/LOCATE RUN COMPLETE.  0 WARNING(S),  0 ERROR(S)
