BL51 BANKED LINKER/LOCATER V6.22                                                        12/01/2015  16:17:03  PAGE 1


BL51 BANKED LINKER/LOCATER V6.22, INVOKED BY:
C:\KEIL\C51\BIN\BL51.EXE .\OBJ\STARTUP.obj, .\OBJ\UART.obj, .\OBJ\BusCtrl.obj, .\OBJ\CommandShell.obj, .\OBJ\Main.obj, .
>> \OBJ\OSD_Graph.obj, .\OBJ\OSDAction .obj, .\OBJ\OSDCtrl.obj, .\OBJ\Timer.obj, .\OBJ\TW28xx_Audio.obj, .\OBJ\TW28xx_Vi
>> deo.obj, .\OBJ\TW2835_Init.obj, .\OBJ\NED.obj TO .\OBJ\NED_5MCMOS_v0_a_0_XXXX_20151201 PRINT (.\OBJ\NED_5MCMOS_v0_a_0
>> _XXXX_20151201.m51) RAMSIZE (256) CODE (0X0000-0XFFFF)


MEMORY MODEL: LARGE


INPUT MODULES INCLUDED:
  .\OBJ\STARTUP.obj (?C_STARTUP)
  .\OBJ\UART.obj (UART)
  .\OBJ\BusCtrl.obj (BUSCTRL)
  .\OBJ\CommandShell.obj (COMMANDSHELL)
  .\OBJ\Main.obj (MAIN)
  .\OBJ\OSD_Graph.obj (OSD_GRAPH)
  .\OBJ\OSDAction .obj (OSDACTION_)
  .\OBJ\OSDCtrl.obj (OSDCTRL)
  .\OBJ\Timer.obj (TIMER)
  .\OBJ\TW28xx_Audio.obj (TW28XX_AUDIO)
  .\OBJ\TW28xx_Video.obj (TW28XX_VIDEO)
  .\OBJ\TW2835_Init.obj (TW2835_INIT)
  .\OBJ\NED.obj (NED)
  C:\KEIL\C51\LIB\C51L.LIB (?C_INIT)
  C:\KEIL\C51\LIB\C51L.LIB (?C?COPY)
  C:\KEIL\C51\LIB\C51L.LIB (?C?CLDPTR)
  C:\KEIL\C51\LIB\C51L.LIB (?C?CLDOPTR)
  C:\KEIL\C51\LIB\C51L.LIB (?C?CSTPTR)
  C:\KEIL\C51\LIB\C51L.LIB (?C?IMUL)
  C:\KEIL\C51\LIB\C51L.LIB (?C?UIDIV)
  C:\KEIL\C51\LIB\C51L.LIB (?C?IILDX)
  C:\KEIL\C51\LIB\C51L.LIB (?C?ILDIX)
  C:\KEIL\C51\LIB\C51L.LIB (?C?ILDPTR)
  C:\KEIL\C51\LIB\C51L.LIB (?C?IILDOPTR)
  C:\KEIL\C51\LIB\C51L.LIB (?C?LMUL)
  C:\KEIL\C51\LIB\C51L.LIB (?C?ULDIV)
  C:\KEIL\C51\LIB\C51L.LIB (?C?SLDIV)
  C:\KEIL\C51\LIB\C51L.LIB (?C?ULCMP)
  C:\KEIL\C51\LIB\C51L.LIB (?C?ULSHR)
  C:\KEIL\C51\LIB\C51L.LIB (?C?LSTXDATA)
  C:\KEIL\C51\LIB\C51L.LIB (?C?LSTKXDATA)
  C:\KEIL\C51\LIB\C51L.LIB (?C?PLDPTR)
  C:\KEIL\C51\LIB\C51L.LIB (?C?PSTPTR)
  C:\KEIL\C51\LIB\C51L.LIB (?C?CCASE)
  C:\KEIL\C51\LIB\C51L.LIB (PRINTF)
  C:\KEIL\C51\LIB\C51L.LIB (PUTS)
  C:\KEIL\C51\LIB\C51L.LIB (SCANF)
  C:\KEIL\C51\LIB\C51L.LIB (?C?STRCMP)
  C:\KEIL\C51\LIB\C51L.LIB (STRLEN)
  C:\KEIL\C51\LIB\C51L.LIB (ATOI)
  C:\KEIL\C51\LIB\C51L.LIB (?C?ISTPTR)
  C:\KEIL\C51\LIB\C51L.LIB (?C?LNEG)
  C:\KEIL\C51\LIB\C51L.LIB (?C?LSTPTR)
  C:\KEIL\C51\LIB\C51L.LIB (?C?PLDIDATA)
  C:\KEIL\C51\LIB\C51L.LIB (?C?PSTIDATA)
  C:\KEIL\C51\LIB\C51L.LIB (?C?PLDXDATA)
  C:\KEIL\C51\LIB\C51L.LIB (?C?PLDIXDATA)
BL51 BANKED LINKER/LOCATER V6.22                                                      12/01/2015  16:17:03  PAGE 2


  C:\KEIL\C51\LIB\C51L.LIB (?C?PILDXDATA)
  C:\KEIL\C51\LIB\C51L.LIB (?C?PSTXDATA)
  C:\KEIL\C51\LIB\C51L.LIB (?C?PLDPDATA)
  C:\KEIL\C51\LIB\C51L.LIB (?C?PSTPDATA)
  C:\KEIL\C51\LIB\C51L.LIB (?C?PLDCODE)
  C:\KEIL\C51\LIB\C51L.LIB (PUTCHAR)
  C:\KEIL\C51\LIB\C51L.LIB (GETCHAR)
  C:\KEIL\C51\LIB\C51L.LIB (UNGETC)
  C:\KEIL\C51\LIB\C51L.LIB (ISDIGIT)
  C:\KEIL\C51\LIB\C51L.LIB (ISSPACE)
  C:\KEIL\C51\LIB\C51L.LIB (?C?LSTIDATA)
  C:\KEIL\C51\LIB\C51L.LIB (?C?LSTPDATA)
  C:\KEIL\C51\LIB\C51L.LIB (_GETKEY)


LINK MAP OF MODULE:  .\OBJ\NED_5MCMOS_v0_a_0_XXXX_20151201 (?C_STARTUP)


            TYPE    BASE      LENGTH    RELOCATION   SEGMENT NAME
            -----------------------------------------------------

            * * * * * * *   D A T A   M E M O R Y   * * * * * * *
            REG     0000H     0008H     ABSOLUTE     "REG BANK 0"
            DATA    0008H     000AH     UNIT         ?DT?_MONIAUDIOMIXING?COMMANDSHELL
            DATA    0012H     000AH     UNIT         ?DT?_MONIAUDIOGAIN?COMMANDSHELL
            DATA    001CH     0004H     UNIT         ?DT?_MONIREADASICBYTE?COMMANDSHELL
            DATA    0020H     0001H     BIT_ADDR     ?BA?MAIN
            DATA    0021H     0001H     BIT_ADDR     ?BA?OSDACTION_
            DATA    0022H     0001H     BIT_ADDR     ?BA?OSDCTRL
            BIT     0023H.0   0001H.1   UNIT         ?BI?PRINTF?PRINTF
            BIT     0024H.1   0000H.6   UNIT         _BIT_GROUP_
            BIT     0024H.7   0000H.2   UNIT         ?BI?MAIN
            BIT     0025H.1   0000H.1   UNIT         ?BI?_ATOI?ATOI
            BIT     0025H.2   0000H.1   UNIT         ?BI?GETCHAR
                    0025H.3   0000H.5                *** GAP ***
            DATA    0026H     000AH     UNIT         ?DT?_MONIVIDEOMIXATTR?COMMANDSHELL
            DATA    0030H     0009H     UNIT         _DATA_GROUP_
            DATA    0039H     0008H     UNIT         ?DT?_MONISETVIDEOFORMAT?COMMANDSHELL
            DATA    0041H     0006H     UNIT         ?DT?TIMER
            DATA    0047H     0005H     UNIT         ?DT?PRINTF?PRINTF
            DATA    004CH     0003H     UNIT         ?DT?_MONIREADPAGEBUFFER?COMMANDSHELL
            DATA    004FH     0003H     UNIT         ?DT?_MONIWRITEONEBUFFER?COMMANDSHELL
            DATA    0052H     0003H     UNIT         ?DT?_PCT_WRITEOSDFNTX?OSDCTRL
            DATA    0055H     0002H     UNIT         ?DT?_MONIREADONEBUFFER?COMMANDSHELL
            DATA    0057H     0002H     UNIT         ?DT?MONIREGISTERDUMP?COMMANDSHELL
            DATA    0059H     0002H     UNIT         ?DT?_MONIVIDEOMIXWIN?COMMANDSHELL
            DATA    005BH     0002H     UNIT         ?DT?_MONISHOWSODSTR?COMMANDSHELL
            DATA    005DH     0002H     UNIT         ?DT?PCT_AUDIOACTIONFORHS?COMMANDSHELL
            DATA    005FH     0002H     UNIT         ?DT?OSDCTRL
            DATA    0061H     0002H     UNIT         ?DT?_PCT_WRITEOSDFNTY?OSDCTRL
            DATA    0063H     0001H     UNIT         ?DT?_MONIAUDIOLIVE?COMMANDSHELL
            DATA    0064H     0001H     UNIT         ?DT?_PUTSP?MAIN
            DATA    0065H     0001H     UNIT         ?DT?PCT_SHOWVLOSS?OSDACTION_
            DATA    0066H     0001H     UNIT         ?DT?_PCT_AUDIOMIXMUTE?TW28XX_AUDIO
            DATA    0067H     0001H     UNIT         ?DT?PCT_VIDEOLASTMODIFY?TW28XX_VIDEO
            IDATA   0068H     0001H     UNIT         ?STACK

BL51 BANKED LINKER/LOCATER V6.22                                                      12/01/2015  16:17:03  PAGE 3


            * * * * * * *  X D A T A   M E M O R Y  * * * * * * *
            XDATA   0000H     020BH     UNIT         _XDATA_GROUP_
            XDATA   020BH     0082H     UNIT         ?XD?NED
            XDATA   028DH     0066H     UNIT         ?XD?UART
            XDATA   02F3H     0045H     UNIT         ?XD?MAIN
            XDATA   0338H     0028H     UNIT         ?XD?PRINTF?PRINTF
            XDATA   0360H     001FH     UNIT         ?XD?_PCT_WRITEOSDFNTY?OSDCTRL
            XDATA   037FH     001AH     UNIT         ?XD?COMMANDSHELL
            XDATA   0399H     0013H     UNIT         ?XD?_PCT_WRITEOSDFNTX?OSDCTRL
            XDATA   03ACH     0007H     UNIT         ?XD?_PCT_SHOWOSDSTRING?OSDCTRL
            XDATA   03B3H     0006H     UNIT         ?XD?_MONIAUDIOMIXING?COMMANDSHELL
            XDATA   03B9H     0006H     UNIT         ?XD?_MONIAUDIOGAIN?COMMANDSHELL
            XDATA   03BFH     0006H     UNIT         ?XD?_MONIVIDEOMIXATTR?COMMANDSHELL
            XDATA   03C5H     0006H     UNIT         ?XD?_MONISETVIDEOFORMAT?COMMANDSHELL
            XDATA   03CBH     0006H     UNIT         ?XD?_MONISHOWSODSTR?COMMANDSHELL
            XDATA   03D1H     0006H     UNIT         ?XD?_TW2835_GET?NED
            XDATA   03D7H     0005H     UNIT         ?XD?_ATOI?ATOI
            XDATA   03DCH     0004H     UNIT         ?XD?_PCT_WRITEOSDDATABUFFERX?OSDCTRL
            XDATA   03E0H     0004H     UNIT         ?XD?_PCT_WRITEOSDDATABUFFERY?OSDCTRL
            XDATA   03E4H     0004H     UNIT         ?XD?_PCT_AUDIOMIXCTRL?TW28XX_AUDIO
            XDATA   03E8H     0004H     UNIT         ?XD?_CHECK_STARTUP?NED
            XDATA   03ECH     0003H     UNIT         ?XD?_PUTSP?MAIN
            XDATA   03EFH     0003H     UNIT         ?XD?_CHKSTARTCOMMSHELL?MAIN
            XDATA   03F2H     0003H     UNIT         ?XD?_PCT_SHOWSPEAKICON?OSDACTION_
            XDATA   03F5H     0003H     UNIT         ?XD?_PCT_AUDIOGAINCTRL?TW28XX_AUDIO
            XDATA   03F8H     0003H     UNIT         ?XD?_PCT_WINATTRCLEAR?TW28XX_VIDEO
            XDATA   03FBH     0003H     UNIT         ?XD?ADT75_INIT?NED
            XDATA   03FEH     0002H     UNIT         ?XD?_PCT_AUDIOMIXMUTE?TW28XX_AUDIO
            XDATA   0400H     0002H     UNIT         ?XD?_PCT_SETVIDEOFORMAT?TW28XX_VIDEO
            XDATA   0402H     0002H     UNIT         ?XD?_GET_CAMERA_IRD?NED
            XDATA   0404H     0001H     UNIT         ?XD?OSD_GRAPH
            XDATA   0405H     0001H     UNIT         ?XD?OSDACTION_
            XDATA   0406H     0001H     UNIT         ?XD?_PCT_AUDIOSELLIVE?TW28XX_AUDIO
            XDATA   0407H     0001H     UNIT         ?XD?_PCT_WINPOPUPCTRL?TW28XX_VIDEO
            XDATA   0408H     0001H     UNIT         ?XD?_READI2C2?NED
            XDATA   0409H     0001H     UNIT         ?XD?_SET_CHANNEL?NED
            XDATA   040AH     0001H     UNIT         ?XD?SEND_CAMERA_VER?NED
            XDATA   040BH     0001H     UNIT         ?XD?SENT_DVR_VER?NED
            XDATA   040CH     0001H     UNIT         ?XD?SENT_DVR_YEAR?NED
            XDATA   040DH     0001H     UNIT         ?XD?_COMMAND_CHECK?NED
            XDATA   040EH     0001H     UNIT         ?XD?_GET_DATA?NED
            XDATA   040FH     0001H     UNIT         ?XD?_PEEK?NED
            XDATA   0410H     0001H     UNIT         ?XD?_SET_INT?NED
            XDATA   0411H     0001H     UNIT         ?XD?GETCHAR

            * * * * * * *   C O D E   M E M O R Y   * * * * * * *
            CODE    0000H     0003H     ABSOLUTE     
            CODE    0003H     0008H     UNIT         ?PR?_RS_TX?UART
            CODE    000BH     0003H     ABSOLUTE     
            CODE    000EH     0015H     UNIT         ?PR?_RESETDEVICE?NED
            CODE    0023H     0003H     ABSOLUTE     
            CODE    0026H     0005H     UNIT         ?PR?MONIHSCOMMDISSCROLL?COMMANDSHELL
            CODE    002BH     0003H     ABSOLUTE     
            CODE    002EH     16CAH     UNIT         ?CO?OSD_GRAPH
            CODE    16F8H     0EA0H     UNIT         ?CO?OSDCTRL
            CODE    2598H     06D6H     UNIT         ?C?LIB_CODE
            CODE    2C6EH     0584H     UNIT         ?PR?PCT_SHOWVLOSS?OSDACTION_
BL51 BANKED LINKER/LOCATER V6.22                                                      12/01/2015  16:17:03  PAGE 4


            CODE    31F2H     04DEH     UNIT         ?PR?_PCT_SHOWMIRRORICON?OSDACTION_
            CODE    36D0H     04AAH     UNIT         ?PR?_PCT_SHOWSPEAKICON?OSDACTION_
            CODE    3B7AH     0459H     UNIT         ?CO?TW28XX_VIDEO
            CODE    3FD3H     0400H     UNIT         ?CO?TW2835_INIT
            CODE    43D3H     03AEH     UNIT         ?PR?_PCT_OSD_ACTIONPTHX?OSDACTION_
            CODE    4781H     0365H     UNIT         ?PR?PRINTF?PRINTF
            CODE    4AE6H     0322H     UNIT         ?PR?SCANF?SCANF
            CODE    4E08H     0320H     UNIT         ?PR?_MONITOR_SET?MAIN
            CODE    5128H     02F8H     UNIT         ?PR?_PCT_SETVIDEOHDELAY?TW28XX_VIDEO
            CODE    5420H     027EH     UNIT         ?CO?COMMANDSHELL
            CODE    569EH     021FH     UNIT         ?PR?COMMANDSHELL
            CODE    58BDH     0217H     UNIT         ?PR?_MONIVIDEOMIXATTR?COMMANDSHELL
            CODE    5AD4H     01DFH     UNIT         ?PR?_SC16_BCC_CHECK?NED
            CODE    5CB3H     01DAH     UNIT         ?CO?MAIN
            CODE    5E8DH     01D9H     UNIT         ?PR?PCT_AUDIOREGLIST?TW28XX_AUDIO
            CODE    6066H     01D9H     UNIT         ?PR?_SC16_SENDDATASELECT?NED
            CODE    623FH     01A3H     UNIT         ?PR?_PCT_SETXVIDEOMIXING?TW28XX_VIDEO
            CODE    63E2H     01A2H     UNIT         ?PR?_PCT_OSD16X16GRAPHX?OSD_GRAPH
            CODE    6584H     017CH     UNIT         ?PR?_PCT_WRITEOSDDATABUFFERX?OSDCTRL
            CODE    6700H     0178H     UNIT         ?PR?_MONIAUDIOMIXING?COMMANDSHELL
            CODE    6878H     0178H     UNIT         ?PR?MAIN?MAIN
            CODE    69F0H     016AH     UNIT         ?PR?OSDCTRL
            CODE    6B5AH     0166H     UNIT         ?PR?_PCT_SHOWINDICATEICON?OSDACTION_
            CODE    6CC0H     0163H     UNIT         ?C_INITSEG
            CODE    6E23H     014EH     UNIT         ?PR?_MONIHSCOMM?COMMANDSHELL
            CODE    6F71H     0144H     UNIT         ?PR?_MONIAUDIOGAIN?COMMANDSHELL
            CODE    70B5H     0141H     UNIT         ?PR?_PCT_RECOMPENSEYHDELAY?TW28XX_VIDEO
            CODE    71F6H     013AH     UNIT         ?PR?PCT_INITOSDCOLOR?OSDCTRL
            CODE    7330H     0124H     UNIT         ?PR?_PCT_WRITEOSDFNTX?OSDCTRL
            CODE    7454H     0124H     UNIT         ?PR?_PCT_WRITEOSDDATABUFFERY?OSDCTRL
            CODE    7578H     0122H     UNIT         ?PR?NED
            CODE    769AH     011EH     UNIT         ?PR?PRESS_CHECK?MAIN
            CODE    77B8H     011DH     UNIT         ?PR?_MONISETVIDEOFORMAT?COMMANDSHELL
            CODE    78D5H     011BH     UNIT         ?PR?TW28XX_VIDEO
            CODE    79F0H     00F2H     UNIT         ?PR?_PCT_WRITEOSDFNTY?OSDCTRL
            CODE    7AE2H     00EFH     UNIT         ?PR?_PCT_RUNCOMMSHELL?COMMANDSHELL
            CODE    7BD1H     00E4H     UNIT         ?PR?CAMERA_MOVE?NED
            CODE    7CB5H     00DDH     UNIT         ?PR?TIMER2_INTERRUPT?TIMER
            CODE    7D92H     00DBH     UNIT         ?PR?_ATOI?ATOI
            CODE    7E6DH     00D9H     UNIT         ?PR?COMMANDSHELL?MAIN
            CODE    7F46H     00CFH     UNIT         ?PR?MAIN
            CODE    8015H     00CEH     UNIT         ?PR?_SET_PWM_OUTPUT?MAIN
            CODE    80E3H     00C3H     UNIT         ?PR?_SETBAUDRATE?NED
            CODE    81A6H     00B8H     UNIT         ?PR?OSDACTION_
            CODE    825EH     00B6H     UNIT         ?PR?_PCT_CLEARWORDSPATHX?OSDCTRL
            CODE    8314H     00ADH     UNIT         ?PR?_SC16_COMCHECK?NED
            CODE    83C1H     00AAH     UNIT         ?PR?_PCT_FULLCOLORONOSD?OSDCTRL
            CODE    846BH     00A9H     UNIT         ?PR?_TW2835_GET?NED
            CODE    8514H     009BH     UNIT         ?PR?_I2CWRITEDATA?NED
            CODE    85AFH     0099H     UNIT         ?PR?_PCT_SETCHANELSCALE?TW28XX_VIDEO
            CODE    8648H     0098H     UNIT         ?PR?_CHECK_STARTUP?NED
            CODE    86E0H     0096H     UNIT         ?PR?CHECK_OTHER_COM?NED
            CODE    8776H     008EH     UNIT         ?PR?PCT_VIDEOLASTMODIFY?TW28XX_VIDEO
            CODE    8804H     008CH     UNIT         ?C_C51STARTUP
            CODE    8890H     008CH     UNIT         ?PR?_PCT_READASICBYTE?BUSCTRL
            CODE    891CH     0081H     UNIT         ?PR?_PCT_WRITEASICTABLE?BUSCTRL
            CODE    899DH     0080H     UNIT         ?PR?SC16_INIT?NED
BL51 BANKED LINKER/LOCATER V6.22                                                      12/01/2015  16:17:03  PAGE 5


            CODE    8A1DH     007BH     UNIT         ?PR?_SET_CHANNEL?NED
            CODE    8A98H     0073H     UNIT         ?PR?_BOUND_SET?NED
            CODE    8B0BH     0071H     UNIT         ?PR?_PCT_AUDIOMIXCTRL?TW28XX_AUDIO
            CODE    8B7CH     0070H     UNIT         ?PR?_PCT_GETFIRSTSTR?COMMANDSHELL
            CODE    8BECH     006BH     UNIT         ?PR?_PCT_AUDIOGAINCTRL?TW28XX_AUDIO
            CODE    8C57H     006AH     UNIT         ?PR?_I2CWRITEDATA2?NED
            CODE    8CC1H     0069H     UNIT         ?PR?PCT_CHECKSYSTEM?COMMANDSHELL
            CODE    8D2AH     0069H     UNIT         ?PR?_GET_DATA?NED
            CODE    8D93H     0067H     UNIT         ?PR?PCT_TW2835_INITIAL?TW2835_INIT
            CODE    8DFAH     0064H     UNIT         ?PR?_PCT_WRITEASICBYTE?BUSCTRL
            CODE    8E5EH     0064H     UNIT         ?PR?_PCT_CHANGESYSTEMTYPE?TW2835_INIT
            CODE    8EC2H     0064H     UNIT         ?PR?_SETLINE?NED
            CODE    8F26H     0063H     UNIT         ?PR?GPIO_CHECK?NED
            CODE    8F89H     0061H     UNIT         ?PR?_MONISHOWSODSTR?COMMANDSHELL
            CODE    8FEAH     0061H     UNIT         ?PR?CAMERA_VERSION_CHECK?MAIN
            CODE    904BH     0061H     UNIT         ?PR?_PCT_SHOWGRAPHSTRING?OSD_GRAPH
            CODE    90ACH     005EH     UNIT         ?PR?_PCT_SHOWOSDSTRING?OSDCTRL
            CODE    910AH     005AH     UNIT         ?PR?TEMP_CHECK?MAIN
            CODE    9164H     0059H     UNIT         ?PR?_PCT_SETOSDCOLOR?OSDCTRL
            CODE    91BDH     0056H     UNIT         ?PR?_MONIVIDEOMIXWIN?COMMANDSHELL
            CODE    9213H     0055H     UNIT         ?PR?VERSION_CHECK?MAIN
            CODE    9268H     0052H     UNIT         ?PR?_PCT_WRITESTABLE?BUSCTRL
            CODE    92BAH     0050H     UNIT         ?PR?_WAIT_MS?MAIN
            CODE    930AH     004DH     UNIT         ?PR?_MONIWRITEASICBYTE?COMMANDSHELL
            CODE    9357H     004CH     UNIT         ?PR?PCT_INITIALOSD?OSDACTION_
            CODE    93A3H     004BH     UNIT         ?PR?MONIREGISTERDUMP?COMMANDSHELL
            CODE    93EEH     004BH     UNIT         ?PR?_PCT_DETECTVIDEOFORMAT?TW28XX_VIDEO
            CODE    9439H     004AH     UNIT         ?PR?INITIALMPU?MAIN
            CODE    9483H     004AH     UNIT         ?PR?I2C_ACK2?NED
            CODE    94CDH     004AH     UNIT         ?PR?_SET_CAMERA_SPEED?NED
            CODE    9517H     0048H     UNIT         ?PR?_PCT_CHECKVMIXTYPE?COMMANDSHELL
            CODE    955FH     0048H     UNIT         ?PR?_MONIREADASICBYTE?COMMANDSHELL
            CODE    95A7H     0047H     UNIT         ?PR?_MONIREADPAGEBUFFER?COMMANDSHELL
            CODE    95EEH     0047H     UNIT         ?PR?PCT_AUDIOACTIONFORHS?COMMANDSHELL
            CODE    9635H     0047H     UNIT         ?PR?PCT_GETVIDEOSIGNALSTATUS?OSDACTION_
            CODE    967CH     0047H     UNIT         ?PR?_READI2CWORD?NED
            CODE    96C3H     0047H     UNIT         ?PR?SEND_CAMERA_VER?NED
            CODE    970AH     0047H     UNIT         ?PR?SENT_CAMERA_ANG?NED
            CODE    9751H     0047H     UNIT         ?PR?SENT_CAMERA_RANG?NED
            CODE    9798H     0047H     UNIT         ?PR?SENT_DVR_VER?NED
            CODE    97DFH     0046H     UNIT         ?PR?SEND_CAMERA_PRESS?NED
            CODE    9825H     0046H     UNIT         ?PR?SENT_DVR_YEAR?NED
            CODE    986BH     0045H     UNIT         ?PR?PCT_SHOWMODEICON?OSDACTION_
            CODE    98B0H     0045H     UNIT         ?PR?_GET_CAMERA_IRD?NED
            CODE    98F5H     0044H     UNIT         ?C?LDIV
            CODE    9939H     0043H     UNIT         ?PR?PCT_INITIALTW2835?TW2835_INIT
            CODE    997CH     0041H     UNIT         ?PR?I2CREADDATAWITHACK?NED
            CODE    99BDH     0040H     UNIT         ?CO?TW28XX_AUDIO
            CODE    99FDH     0040H     UNIT         ?PR?_PCT_WINATTRCLEAR?TW28XX_VIDEO
            CODE    9A3DH     003DH     UNIT         ?PR?_PCT_STRTOCOMMCODE?COMMANDSHELL
            CODE    9A7AH     003CH     UNIT         ?PR?BUSCTRL
            CODE    9AB6H     003CH     UNIT         ?PR?_PCT_WINATTRCTRLY?TW28XX_VIDEO
            CODE    9AF2H     003BH     UNIT         ?PR?_SC16_DATA_RESET?NED
            CODE    9B2DH     003AH     UNIT         ?PR?MONIVIDEOAUTODETECT?COMMANDSHELL
            CODE    9B67H     003AH     UNIT         ?PR?SENT_DVR_TEMP?NED
            CODE    9BA1H     0039H     UNIT         ?PR?SEND_CAMERA_TEMP?NED
            CODE    9BDAH     0038H     UNIT         ?PR?OSD_GRAPH
BL51 BANKED LINKER/LOCATER V6.22                                                      12/01/2015  16:17:03  PAGE 6


            CODE    9C12H     0037H     UNIT         ?PR?_MONIREADONEBUFFER?COMMANDSHELL
            CODE    9C49H     0037H     UNIT         ?PR?TW28XX_AUDIO
            CODE    9C80H     0037H     UNIT         ?PR?I2CREADDATA?NED
            CODE    9CB7H     0036H     UNIT         ?PR?_PCT_ENSHOWOSDPAGE?OSDCTRL
            CODE    9CEDH     0036H     UNIT         ?PR?_PCT_AUDIOMIXMUTE?TW28XX_AUDIO
            CODE    9D23H     0036H     UNIT         ?CO?NED
            CODE    9D59H     0035H     UNIT         ?PR?_PUTSP?MAIN
            CODE    9D8EH     0035H     UNIT         ?PR?_PCT_WINATTRCTRL?TW28XX_VIDEO
            CODE    9DC3H     0034H     UNIT         ?PR?_MONIWRITEONEBUFFER?COMMANDSHELL
            CODE    9DF7H     0034H     UNIT         ?PR?_PCT_DISSHOWOSDPAGE?OSDCTRL
            CODE    9E2BH     0032H     UNIT         ?PR?REPEAT_PWM_COM?NED
            CODE    9E5DH     0032H     UNIT         ?PR?SC16_DATACHECK?NED
            CODE    9E8FH     0030H     UNIT         ?PR?_PCT_AUDIOSELLIVE?TW28XX_AUDIO
            CODE    9EBFH     002EH     UNIT         ?PR?_PCT_SETVIDEOFORMAT?TW28XX_VIDEO
            CODE    9EEDH     002DH     UNIT         ?PR?RS_INTERRUPT?UART
            CODE    9F1AH     002DH     UNIT         ?PR?_PWM_SET?MAIN
            CODE    9F47H     002CH     UNIT         ?PR?_CHKSTARTCOMMSHELL?MAIN
            CODE    9F73H     002CH     UNIT         ?PR?GET_CAMERA_VER?NED
            CODE    9F9FH     002CH     UNIT         ?PR?GET_CAMERA_ANG?NED
            CODE    9FCBH     002CH     UNIT         ?PR?GET_CAMERA_RANG?NED
            CODE    9FF7H     002CH     UNIT         ?PR?GET_DVR_TEMP?NED
            CODE    A023H     002CH     UNIT         ?PR?GET_DVR_VER?NED
            CODE    A04FH     002CH     UNIT         ?PR?GET_DVR_YEAR?NED
            CODE    A07BH     002CH     UNIT         ?PR?GET_DVR_MD?NED
            CODE    A0A7H     002CH     UNIT         ?PR?GET_DVR_HS?NED
            CODE    A0D3H     002BH     UNIT         ?PR?I2CREADDATAWITHACK2?NED
            CODE    A0FEH     002BH     UNIT         ?PR?_PING?NED
            CODE    A129H     002AH     UNIT         ?PR?_BCC_CAL?NED
            CODE    A153H     002AH     UNIT         ?PR?_PUTS?PUTS
            CODE    A17DH     0028H     UNIT         ?PR?ADT75_INIT?NED
            CODE    A1A5H     0027H     UNIT         ?PR?PUTCHAR?PUTCHAR
            CODE    A1CCH     0026H     UNIT         ?PR?RESETCOMMSELL?MAIN
            CODE    A1F2H     0026H     UNIT         ?PR?PCT_OSDACTIONFORHS?OSDACTION_
            CODE    A218H     0026H     UNIT         ?PR?_PCT_WINPOPUPCTRL?TW28XX_VIDEO
            CODE    A23EH     0025H     UNIT         ?PR?I2CREADDATA2?NED
            CODE    A263H     0025H     UNIT         ?PR?_READI2C2?NED
            CODE    A288H     0021H     UNIT         ?PR?_SC16_SENDDATA?NED
            CODE    A2A9H     0021H     UNIT         ?PR?_ENABLETRANSMIT?NED
            CODE    A2CAH     0020H     UNIT         ?CO?OSDACTION_
            CODE    A2EAH     0020H     UNIT         ?PR?_ADC_READ?NED
            CODE    A30AH     001FH     UNIT         ?PR?_PCT_SETOSDDRAWPAGE?OSDCTRL
            CODE    A329H     001FH     UNIT         ?PR?_READI2C?NED
            CODE    A348H     001EH     UNIT         ?PR?_WRITEI2CWORD?NED
            CODE    A366H     001DH     UNIT         ?PR?INITIALTIMER2?TIMER
            CODE    A383H     001AH     UNIT         ?PR?_PCT_CLEAROSDPAGEX?OSDCTRL
            CODE    A39DH     0019H     UNIT         ?PR?RS_RX?UART
            CODE    A3B6H     0019H     UNIT         ?PR?TW2835_INIT
            CODE    A3CFH     0018H     UNIT         ?PR?_SET_INT?NED
            CODE    A3E7H     0016H     UNIT         ?PR?INITIALUART?UART
            CODE    A3FDH     0016H     UNIT         ?PR?_MONIHSCOMMSJMODE?COMMANDSHELL
            CODE    A413H     0016H     UNIT         ?PR?_PARITY?NED
            CODE    A429H     0015H     UNIT         ?PR?_STRLEN?STRLEN
            CODE    A43EH     0014H     UNIT         ?PR?_MONIAUDIOLIVE?COMMANDSHELL
            CODE    A452H     0014H     UNIT         ?PR?_PCT_SETYVIDEOMIXING?TW28XX_VIDEO
            CODE    A466H     0014H     UNIT         ?PR?I2C_100KHZ?NED
            CODE    A47AH     0014H     UNIT         ?PR?_WRITEI2C?NED
            CODE    A48EH     0014H     UNIT         ?PR?GETCHAR?GETCHAR
BL51 BANKED LINKER/LOCATER V6.22                                                      12/01/2015  16:17:03  PAGE 7


            CODE    A4A2H     0014H     UNIT         ?PR?_ISSPACE?ISSPACE
            CODE    A4B6H     0013H     UNIT         ?PR?MONIHSCOMMVERSION?COMMANDSHELL
            CODE    A4C9H     0013H     UNIT         ?PR?PCT_TW2835RESETN?TW2835_INIT
            CODE    A4DCH     0013H     UNIT         ?PR?_WRITEI2C2?NED
            CODE    A4EFH     0012H     UNIT         ?PR?_MONIYVIDEOMIX?COMMANDSHELL
            CODE    A501H     0012H     UNIT         ?PR?I2CSTART?NED
            CODE    A513H     0012H     UNIT         ?PR?I2CSTART2?NED
            CODE    A525H     0010H     UNIT         ?PR?RS_RXREADY?UART
            CODE    A535H     0010H     UNIT         ?PR?I2C_ACK?NED
            CODE    A545H     0010H     UNIT         ?PR?_POWER_ONOFF?NED
            CODE    A555H     000FH     UNIT         ?PR?MONIAUDIOMUTE?COMMANDSHELL
            CODE    A564H     000FH     UNIT         ?PR?PWM_INIT?MAIN
            CODE    A573H     000FH     UNIT         ?PR?I2CDELAY2?NED
            CODE    A582H     000FH     UNIT         ?PR?_SENT_CAMERA_IRD?NED
            CODE    A591H     000FH     UNIT         ?PR?_ISDIGIT?ISDIGIT
            CODE    A5A0H     000EH     UNIT         ?PR?_FLUSH?NED
            CODE    A5AEH     000DH     UNIT         ?PR?TIMER0_INTERRUPT?TIMER
            CODE    A5BBH     000DH     UNIT         ?PR?I2CSTOP?NED
            CODE    A5C8H     000DH     UNIT         ?PR?I2CSTOP2?NED
            CODE    A5D5H     000DH     UNIT         ?PR?_READBYTE?NED
            CODE    A5E2H     000CH     UNIT         ?PR?INITIALCOMMSHELL?MAIN
            CODE    A5EEH     000BH     UNIT         ?PR?UART
            CODE    A5F9H     000AH     UNIT         ?PR?_PEEK?NED
            CODE    A603H     000AH     UNIT         ?PR?_GETKEY?_GETKEY
            CODE    A60DH     0009H     UNIT         ?PR?NEWLINE?MAIN
            CODE    A616H     0009H     UNIT         ?PR?_PCT_FLASHOSDCTRL?MAIN
            CODE    A61FH     0009H     UNIT         ?PR?INITIALTIMER0?TIMER
            CODE    A628H     0009H     UNIT         ?PR?_GPIOSETPORTMODE?NED
            CODE    A631H     0009H     UNIT         ?PR?_GPIOSETPORTSTATE?NED
            CODE    A63AH     0009H     UNIT         ?PR?_WRITEBYTE?NED
            CODE    A643H     0009H     UNIT         ?PR?MCTRL_SET?NED
            CODE    A64CH     0008H     UNIT         ?PR?PCT_ENFALSHVLOSS?OSDACTION_
            CODE    A654H     0008H     UNIT         ?PR?GETCHAR?UNGETCHAR
            CODE    A65CH     0006H     UNIT         ?PR?PCT_CLEARGRAPHATTR?OSD_GRAPH
            CODE    A662H     0006H     UNIT         ?PR?_PCT_PRESETGRAPHATTR?OSD_GRAPH
            CODE    A668H     0006H     UNIT         ?PR?_COMMAND_CHECK?NED
            CODE    A66EH     0006H     UNIT         ?PR?_GPIOGETPORTSTATE?NED
            CODE    A674H     0006H     UNIT         ?PR?_FIFOAVAILABLEDATA?NED
            CODE    A67AH     0006H     UNIT         ?PR?_FIFOAVAILABLESPACE?NED
            CODE    A680H     0003H     UNIT         ?PR?_PCT_PRESETFOREGROUNDCOLOR?OSDCTRL
            CODE    A683H     0003H     UNIT         ?PR?_PCT_PRESETBACKGROUNDCOLOR?OSDCTRL
            CODE    A686H     0001H     UNIT         ?PR?PTC_SWITCHTOI2CMODE?BUSCTRL
            CODE    A687H     0001H     UNIT         ?PR?PCT_SENDACK?COMMANDSHELL
            CODE    A688H     0001H     UNIT         ?PR?I2CDELAY?NED
            CODE    A689H     0001H     UNIT         ?PR?SENT_DVR_MDR?NED
            CODE    A68AH     0001H     UNIT         ?PR?SENT_DVR_HS?NED



OVERLAY MAP OF MODULE:   .\OBJ\NED_5MCMOS_v0_a_0_XXXX_20151201 (?C_STARTUP)


SEGMENT                                            BIT_GROUP          DATA_GROUP          XDATA_GROUP
  +--> CALLED SEGMENT                           START    LENGTH     START    LENGTH     START    LENGTH
-------------------------------------------------------------------------------------------------------
?C_C51STARTUP                                   -----    -----      -----    -----      -----    -----
  +--> ?PR?MAIN?MAIN
BL51 BANKED LINKER/LOCATER V6.22                                                      12/01/2015  16:17:03  PAGE 8


  +--> ?C_INITSEG

?PR?MAIN?MAIN                                   -----    -----      -----    -----      0000H    0006H
  +--> ?PR?MAIN
  +--> ?PR?INITIALMPU?MAIN
  +--> ?PR?PWM_INIT?MAIN
  +--> ?PR?INITIALCOMMSHELL?MAIN
  +--> ?PR?RESETCOMMSELL?MAIN
  +--> ?PR?_POWER_ONOFF?NED
  +--> ?PR?SC16_INIT?NED
  +--> ?PR?_MONITOR_SET?MAIN
  +--> ?PR?_GPIOGETPORTSTATE?NED
  +--> ?PR?COMMANDSHELL?MAIN
  +--> ?PR?_PCT_RUNCOMMSHELL?COMMANDSHELL
  +--> ?PR?PCT_CHECKSYSTEM?COMMANDSHELL
  +--> ?PR?RS_RXREADY?UART
  +--> ?PR?PCT_GETVIDEOSIGNALSTATUS?OSDACTION_
  +--> ?PR?GPIO_CHECK?NED
  +--> ?PR?CAMERA_MOVE?NED
  +--> ?PR?_SC16_DATA_RESET?NED
  +--> ?PR?SC16_DATACHECK?NED
  +--> ?PR?_SET_CAMERA_SPEED?NED

?PR?INITIALMPU?MAIN                             -----    -----      -----    -----      -----    -----
  +--> ?PR?INITIALUART?UART
  +--> ?PR?INITIALTIMER0?TIMER
  +--> ?PR?INITIALTIMER2?TIMER

?PR?RESETCOMMSELL?MAIN                          -----    -----      -----    -----      -----    -----
  +--> ?PR?MAIN

?PR?_POWER_ONOFF?NED                            -----    -----      -----    -----      -----    -----
  +--> ?PR?_WAIT_MS?MAIN

?PR?_WAIT_MS?MAIN                               -----    -----      -----    -----      01D5H    0004H

?PR?SC16_INIT?NED                               -----    -----      -----    -----      0006H    0001H
  +--> ?PR?_WAIT_MS?MAIN
  +--> ?PR?NED
  +--> ?PR?_RESETDEVICE?NED
  +--> ?PR?_SETBAUDRATE?NED
  +--> ?PR?_SETLINE?NED
  +--> ?PR?_WRITEI2C?NED
  +--> ?PR?_GPIOSETPORTMODE?NED
  +--> ?PR?_GPIOSETPORTSTATE?NED

?PR?NED                                         -----    -----      -----    -----      -----    -----
  +--> ?PR?I2CDELAY2?NED

?PR?_RESETDEVICE?NED                            -----    -----      -----    -----      -----    -----
  +--> ?PR?_READI2C?NED
  +--> ?PR?_WRITEI2C?NED

?PR?_READI2C?NED                                -----    -----      -----    -----      -----    -----
  +--> ?PR?I2CSTART?NED
  +--> ?PR?_I2CWRITEDATA?NED
  +--> ?PR?NED
BL51 BANKED LINKER/LOCATER V6.22                                                      12/01/2015  16:17:03  PAGE 9


  +--> ?PR?I2CREADDATA?NED
  +--> ?PR?I2CSTOP?NED

?PR?I2CSTART?NED                                -----    -----      -----    -----      -----    -----
  +--> ?PR?I2CDELAY?NED

?PR?I2CDELAY?NED                                -----    -----      -----    -----      01DDH    0002H

?PR?_I2CWRITEDATA?NED                           -----    -----      -----    -----      -----    -----
  +--> ?PR?NED
  +--> ?PR?I2CDELAY?NED

?PR?I2CREADDATA?NED                             -----    -----      -----    -----      -----    -----
  +--> ?PR?I2CDELAY?NED

?PR?I2CSTOP?NED                                 -----    -----      -----    -----      -----    -----
  +--> ?PR?I2CDELAY?NED

?PR?_WRITEI2C?NED                               -----    -----      -----    -----      -----    -----
  +--> ?PR?I2CSTART?NED
  +--> ?PR?_I2CWRITEDATA?NED
  +--> ?PR?NED
  +--> ?PR?I2CSTOP?NED

?PR?_SETBAUDRATE?NED                            -----    -----      -----    -----      0007H    000AH
  +--> ?PR?_READI2C?NED
  +--> ?PR?_WRITEI2C?NED

?PR?_SETLINE?NED                                -----    -----      -----    -----      0007H    0004H
  +--> ?PR?_READI2C?NED
  +--> ?PR?_WRITEI2C?NED

?PR?_GPIOSETPORTMODE?NED                        -----    -----      -----    -----      -----    -----
  +--> ?PR?_WRITEI2C?NED

?PR?_GPIOSETPORTSTATE?NED                       -----    -----      -----    -----      -----    -----
  +--> ?PR?_WRITEI2C?NED

?PR?_MONITOR_SET?MAIN                           -----    -----      -----    -----      0006H    01CFH
  +--> ?CO?MAIN
  +--> ?PR?MAIN
  +--> ?PR?PCT_INITIALTW2835?TW2835_INIT
  +--> ?PR?_PCT_RUNCOMMSHELL?COMMANDSHELL
  +--> ?PR?_PCT_WRITEASICBYTE?BUSCTRL
  +--> ?PR?_BOUND_SET?NED

?PR?PCT_INITIALTW2835?TW2835_INIT               -----    -----      -----    -----      -----    -----
  +--> ?PR?PCT_TW2835RESETN?TW2835_INIT
  +--> ?PR?_PCT_READASICBYTE?BUSCTRL
  +--> ?PR?_PCT_DETECTVIDEOFORMAT?TW28XX_VIDEO
  +--> ?PR?_WAIT_MS?MAIN
  +--> ?PR?PCT_TW2835_INITIAL?TW2835_INIT
  +--> ?PR?PCT_INITIALOSD?OSDACTION_

?PR?_PCT_READASICBYTE?BUSCTRL                   -----    -----      -----    -----      01F2H    0004H
  +--> ?PR?MCTRL_SET?NED
  +--> ?PR?BUSCTRL
BL51 BANKED LINKER/LOCATER V6.22                                                      12/01/2015  16:17:03  PAGE 10



?PR?_PCT_DETECTVIDEOFORMAT?TW28XX_VIDEO         -----    -----      -----    -----      01D5H    0002H
  +--> ?PR?_PCT_READASICBYTE?BUSCTRL

?PR?PCT_TW2835_INITIAL?TW2835_INIT              -----    -----      -----    -----      01D5H    0002H
  +--> ?PR?TW2835_INIT
  +--> ?CO?TW2835_INIT
  +--> ?PR?_PCT_WRITEASICTABLE?BUSCTRL

?PR?TW2835_INIT                                 -----    -----      -----    -----      -----    -----
  +--> ?CO?TW2835_INIT

?PR?_PCT_WRITEASICTABLE?BUSCTRL                 -----    -----      -----    -----      01D7H    0007H
  +--> ?PR?BUSCTRL
  +--> ?PR?MCTRL_SET?NED

?PR?PCT_INITIALOSD?OSDACTION_                   -----    -----      0030H    0001H      -----    -----
  +--> ?PR?PCT_INITOSDCOLOR?OSDCTRL
  +--> ?PR?PCT_CLEARGRAPHATTR?OSD_GRAPH
  +--> ?PR?_PCT_PRESETFOREGROUNDCOLOR?OSDCTRL
  +--> ?PR?_PCT_PRESETBACKGROUNDCOLOR?OSDCTRL
  +--> ?PR?_PCT_ENSHOWOSDPAGE?OSDCTRL
  +--> ?PR?_PCT_SETOSDDRAWPAGE?OSDCTRL
  +--> ?PR?_PCT_FULLCOLORONOSD?OSDCTRL

?PR?PCT_INITOSDCOLOR?OSDCTRL                    -----    -----      -----    -----      -----    -----
  +--> ?PR?_PCT_WRITEASICBYTE?BUSCTRL
  +--> ?PR?OSDCTRL
  +--> ?PR?_PCT_SETOSDCOLOR?OSDCTRL

?PR?_PCT_WRITEASICBYTE?BUSCTRL                  -----    -----      -----    -----      01F2H    0004H
  +--> ?PR?BUSCTRL
  +--> ?PR?MCTRL_SET?NED

?PR?OSDCTRL                                     -----    -----      -----    -----      -----    -----
  +--> ?CO?OSDCTRL

?PR?_PCT_SETOSDCOLOR?OSDCTRL                    -----    -----      -----    -----      01D5H    0005H
  +--> ?PR?_PCT_WRITEASICBYTE?BUSCTRL

?PR?_PCT_ENSHOWOSDPAGE?OSDCTRL                  -----    -----      -----    -----      01DDH    0001H
  +--> ?PR?OSDCTRL
  +--> ?PR?_PCT_WRITEASICBYTE?BUSCTRL
  +--> ?PR?_PCT_READASICBYTE?BUSCTRL

?PR?_PCT_SETOSDDRAWPAGE?OSDCTRL                 -----    -----      -----    -----      01DDH    0001H
  +--> ?PR?OSDCTRL
  +--> ?PR?_PCT_READASICBYTE?BUSCTRL
  +--> ?PR?_PCT_WRITEASICBYTE?BUSCTRL

?PR?_PCT_FULLCOLORONOSD?OSDCTRL                 -----    -----      -----    -----      01DDH    0006H
  +--> ?PR?OSDCTRL
  +--> ?PR?_PCT_WRITEASICBYTE?BUSCTRL
  +--> ?PR?_PCT_READASICBYTE?BUSCTRL

?PR?_PCT_RUNCOMMSHELL?COMMANDSHELL              -----    -----      -----    -----      01D5H    0008H
  +--> ?PR?COMMANDSHELL
BL51 BANKED LINKER/LOCATER V6.22                                                      12/01/2015  16:17:03  PAGE 11


  +--> ?PR?_PCT_GETFIRSTSTR?COMMANDSHELL
  +--> ?PR?_PCT_STRTOCOMMCODE?COMMANDSHELL
  +--> ?CO?COMMANDSHELL
  +--> ?PR?_MONIWRITEASICBYTE?COMMANDSHELL
  +--> ?PR?_MONIYVIDEOMIX?COMMANDSHELL
  +--> ?PR?_MONIHSCOMM?COMMANDSHELL
  +--> ?PR?PCT_OSDACTIONFORHS?OSDACTION_
  +--> ?PR?_PCT_FLASHOSDCTRL?MAIN
  +--> ?PR?_MONIHSCOMMSJMODE?COMMANDSHELL
  +--> ?PR?REPEAT_PWM_COM?NED
  +--> ?PR?_PWM_SET?MAIN

?PR?COMMANDSHELL                                -----    -----      -----    -----      -----    -----
  +--> ?CO?COMMANDSHELL
  +--> ?PR?PCT_SENDACK?COMMANDSHELL

?PR?_PCT_GETFIRSTSTR?COMMANDSHELL               -----    -----      -----    -----      01DDH    0006H
  +--> ?PR?COMMANDSHELL

?PR?_PCT_STRTOCOMMCODE?COMMANDSHELL             -----    -----      0030H    0002H      01DDH    0003H
  +--> ?PR?COMMANDSHELL

?PR?_MONIWRITEASICBYTE?COMMANDSHELL             -----    -----      0030H    0004H      -----    -----
  +--> ?PR?COMMANDSHELL
  +--> ?CO?COMMANDSHELL
  +--> ?PR?SCANF?SCANF
  +--> ?PR?_PCT_WRITEASICBYTE?BUSCTRL

?PR?SCANF?SCANF                                 0024H.1  0000H.6    0034H    0005H      01DDH    002EH
  +--> ?PR?GETCHAR?UNGETCHAR
  +--> ?PR?_ISSPACE?ISSPACE
  +--> ?PR?GETCHAR?GETCHAR

?PR?GETCHAR?GETCHAR                             -----    -----      -----    -----      -----    -----
  +--> ?PR?_GETKEY?_GETKEY
  +--> ?PR?PUTCHAR?PUTCHAR

?PR?_MONIYVIDEOMIX?COMMANDSHELL                 -----    -----      0030H    0001H      -----    -----
  +--> ?PR?COMMANDSHELL
  +--> ?PR?SCANF?SCANF
  +--> ?PR?_PCT_SETYVIDEOMIXING?TW28XX_VIDEO

?PR?_PCT_SETYVIDEOMIXING?TW28XX_VIDEO           -----    -----      -----    -----      -----    -----
  +--> ?CO?TW28XX_VIDEO
  +--> ?PR?_PCT_WRITESTABLE?BUSCTRL

?PR?_PCT_WRITESTABLE?BUSCTRL                    -----    -----      -----    -----      01E4H    0003H
  +--> ?PR?BUSCTRL
  +--> ?PR?_PCT_READASICBYTE?BUSCTRL
  +--> ?PR?_PCT_WRITEASICBYTE?BUSCTRL

?PR?_MONIHSCOMM?COMMANDSHELL                    -----    -----      0030H    0003H      -----    -----
  +--> ?PR?COMMANDSHELL
  +--> ?CO?COMMANDSHELL
  +--> ?PR?SCANF?SCANF
  +--> ?PR?_PCT_WINATTRCTRLY?TW28XX_VIDEO
  +--> ?PR?_PCT_RECOMPENSEYHDELAY?TW28XX_VIDEO
BL51 BANKED LINKER/LOCATER V6.22                                                      12/01/2015  16:17:03  PAGE 12


  +--> ?PR?_PCT_SETVIDEOHDELAY?TW28XX_VIDEO
  +--> ?PR?_PCT_SETXVIDEOMIXING?TW28XX_VIDEO
  +--> ?PR?_PCT_WINATTRCTRL?TW28XX_VIDEO
  +--> ?PR?_PCT_FLASHOSDCTRL?MAIN
  +--> ?PR?_PCT_CHECKVMIXTYPE?COMMANDSHELL
  +--> ?PR?_PCT_DISSHOWOSDPAGE?OSDCTRL
  +--> ?PR?_PCT_CLEAROSDPAGEX?OSDCTRL
  +--> ?PR?PCT_SHOWMODEICON?OSDACTION_
  +--> ?PR?_PCT_OSD_ACTIONPTHX?OSDACTION_

?PR?_PCT_WINATTRCTRLY?TW28XX_VIDEO              -----    -----      -----    -----      01DDH    0003H
  +--> ?PR?TW28XX_VIDEO
  +--> ?PR?_PCT_READASICBYTE?BUSCTRL
  +--> ?PR?_PCT_WRITEASICBYTE?BUSCTRL

?PR?TW28XX_VIDEO                                -----    -----      -----    -----      -----    -----
  +--> ?CO?TW28XX_VIDEO

?PR?_PCT_RECOMPENSEYHDELAY?TW28XX_VIDEO         -----    -----      -----    -----      01DDH    0003H
  +--> ?PR?TW28XX_VIDEO
  +--> ?PR?_PCT_READASICBYTE?BUSCTRL
  +--> ?CO?TW28XX_VIDEO
  +--> ?PR?_PCT_WRITEASICBYTE?BUSCTRL

?PR?_PCT_SETVIDEOHDELAY?TW28XX_VIDEO            -----    -----      -----    -----      01DDH    0008H
  +--> ?PR?TW28XX_VIDEO
  +--> ?PR?_PCT_READASICBYTE?BUSCTRL
  +--> ?PR?_PCT_WRITEASICBYTE?BUSCTRL
  +--> ?CO?TW28XX_VIDEO

?PR?_PCT_SETXVIDEOMIXING?TW28XX_VIDEO           -----    -----      -----    -----      01DDH    0007H
  +--> ?PR?TW28XX_VIDEO
  +--> ?PR?_PCT_WRITEASICBYTE?BUSCTRL
  +--> ?CO?TW28XX_VIDEO
  +--> ?PR?_PCT_SETCHANELSCALE?TW28XX_VIDEO
  +--> ?PR?_PCT_WRITESTABLE?BUSCTRL

?PR?_PCT_SETCHANELSCALE?TW28XX_VIDEO            -----    -----      -----    -----      01E4H    0008H
  +--> ?PR?TW28XX_VIDEO
  +--> ?CO?TW28XX_VIDEO
  +--> ?PR?_PCT_WRITEASICBYTE?BUSCTRL

?PR?_PCT_WINATTRCTRL?TW28XX_VIDEO               -----    -----      -----    -----      01DDH    0003H
  +--> ?PR?TW28XX_VIDEO
  +--> ?PR?_PCT_READASICBYTE?BUSCTRL
  +--> ?PR?_PCT_WRITEASICBYTE?BUSCTRL

?PR?_PCT_CHECKVMIXTYPE?COMMANDSHELL             -----    -----      0033H    0001H      -----    -----
  +--> ?PR?COMMANDSHELL

?PR?_PCT_DISSHOWOSDPAGE?OSDCTRL                 -----    -----      -----    -----      01DDH    0003H
  +--> ?PR?OSDCTRL
  +--> ?PR?_PCT_READASICBYTE?BUSCTRL
  +--> ?PR?_PCT_WRITEASICBYTE?BUSCTRL

?PR?_PCT_CLEAROSDPAGEX?OSDCTRL                  -----    -----      -----    -----      -----    -----
  +--> ?PR?_PCT_SETOSDDRAWPAGE?OSDCTRL
BL51 BANKED LINKER/LOCATER V6.22                                                      12/01/2015  16:17:03  PAGE 13


  +--> ?PR?_PCT_PRESETBACKGROUNDCOLOR?OSDCTRL
  +--> ?PR?_PCT_FULLCOLORONOSD?OSDCTRL

?PR?PCT_SHOWMODEICON?OSDACTION_                 -----    -----      -----    -----      -----    -----
  +--> ?PR?_PCT_SETOSDDRAWPAGE?OSDCTRL
  +--> ?PR?OSDACTION_
  +--> ?CO?OSDACTION_
  +--> ?PR?_PCT_SHOWGRAPHSTRING?OSD_GRAPH
  +--> ?PR?_PCT_PRESETBACKGROUNDCOLOR?OSDCTRL
  +--> ?PR?_PCT_PRESETFOREGROUNDCOLOR?OSDCTRL

?PR?OSDACTION_                                  -----    -----      -----    -----      -----    -----
  +--> ?CO?OSDACTION_

?PR?_PCT_SHOWGRAPHSTRING?OSD_GRAPH              -----    -----      -----    -----      01E0H    0007H
  +--> ?PR?OSD_GRAPH
  +--> ?PR?_STRLEN?STRLEN
  +--> ?PR?_PCT_OSD16X16GRAPHX?OSD_GRAPH
  +--> ?PR?PTC_SWITCHTOI2CMODE?BUSCTRL

?PR?_PCT_OSD16X16GRAPHX?OSD_GRAPH               -----    -----      -----    -----      01E7H    000BH
  +--> ?CO?OSD_GRAPH
  +--> ?PR?OSD_GRAPH
  +--> ?PR?_PCT_WRITEASICBYTE?BUSCTRL
  +--> ?PR?_PCT_READASICBYTE?BUSCTRL

?PR?_PCT_OSD_ACTIONPTHX?OSDACTION_              -----    -----      -----    -----      01DDH    0003H
  +--> ?PR?OSDACTION_
  +--> ?PR?_PCT_PRESETFOREGROUNDCOLOR?OSDCTRL
  +--> ?PR?_PCT_PRESETBACKGROUNDCOLOR?OSDCTRL
  +--> ?PR?_PCT_SHOWGRAPHSTRING?OSD_GRAPH

?PR?PCT_OSDACTIONFORHS?OSDACTION_               -----    -----      -----    -----      -----    -----
  +--> ?PR?_PCT_SETOSDDRAWPAGE?OSDCTRL
  +--> ?PR?_PCT_SHOWMIRRORICON?OSDACTION_
  +--> ?PR?_PCT_SHOWINDICATEICON?OSDACTION_
  +--> ?PR?PCT_ENFALSHVLOSS?OSDACTION_
  +--> ?PR?_PCT_ENSHOWOSDPAGE?OSDCTRL

?PR?_PCT_SHOWMIRRORICON?OSDACTION_              -----    -----      -----    -----      01DDH    0003H
  +--> ?PR?OSDACTION_
  +--> ?PR?_PCT_PRESETFOREGROUNDCOLOR?OSDCTRL
  +--> ?PR?_PCT_CLEARWORDSPATHX?OSDCTRL
  +--> ?PR?_PCT_SHOWGRAPHSTRING?OSD_GRAPH
  +--> ?CO?OSDACTION_

?PR?_PCT_CLEARWORDSPATHX?OSDCTRL                -----    -----      -----    -----      01E0H    0007H
  +--> ?PR?OSDCTRL
  +--> ?PR?_PCT_WRITEASICBYTE?BUSCTRL
  +--> ?PR?_PCT_READASICBYTE?BUSCTRL

?PR?_PCT_SHOWINDICATEICON?OSDACTION_            -----    -----      0030H    0001H      01DDH    0003H
  +--> ?PR?OSDACTION_
  +--> ?PR?_PCT_PRESETFOREGROUNDCOLOR?OSDCTRL
  +--> ?PR?_PCT_SHOWGRAPHSTRING?OSD_GRAPH
  +--> ?PR?_PCT_CLEARWORDSPATHX?OSDCTRL
  +--> ?CO?OSDACTION_
BL51 BANKED LINKER/LOCATER V6.22                                                      12/01/2015  16:17:03  PAGE 14



?PR?_MONIHSCOMMSJMODE?COMMANDSHELL              -----    -----      -----    -----      -----    -----
  +--> ?PR?COMMANDSHELL
  +--> ?CO?COMMANDSHELL
  +--> ?PR?SCANF?SCANF

?PR?REPEAT_PWM_COM?NED                          -----    -----      -----    -----      -----    -----
  +--> ?PR?_WRITEBYTE?NED

?PR?_WRITEBYTE?NED                              -----    -----      -----    -----      -----    -----
  +--> ?PR?_WRITEI2C?NED

?PR?_PWM_SET?MAIN                               -----    -----      -----    -----      -----    -----
  +--> ?PR?MAIN
  +--> ?PR?_SET_PWM_OUTPUT?MAIN

?PR?_SET_PWM_OUTPUT?MAIN                        -----    -----      -----    -----      01DDH    0008H
  +--> ?CO?MAIN
  +--> ?PR?MAIN

?PR?_BOUND_SET?NED                              -----    -----      -----    -----      01D5H    0004H
  +--> ?CO?NED
  +--> ?PR?NED
  +--> ?PR?_PCT_WRITEASICBYTE?BUSCTRL

?PR?_GPIOGETPORTSTATE?NED                       -----    -----      -----    -----      -----    -----
  +--> ?PR?_READI2C?NED

?PR?COMMANDSHELL?MAIN                           -----    -----      0030H    0001H      -----    -----
  +--> ?PR?RS_RXREADY?UART
  +--> ?PR?RS_RX?UART
  +--> ?PR?MAIN
  +--> ?PR?_SC16_BCC_CHECK?NED
  +--> ?PR?RESETCOMMSELL?MAIN

?PR?RS_RX?UART                                  -----    -----      -----    -----      -----    -----
  +--> ?PR?UART

?PR?_SC16_BCC_CHECK?NED                         -----    -----      -----    -----      0006H    0006H
  +--> ?PR?NED
  +--> ?PR?_RS_TX?UART
  +--> ?PR?_WRITEBYTE?NED
  +--> ?PR?SEND_CAMERA_TEMP?NED
  +--> ?PR?SEND_CAMERA_PRESS?NED
  +--> ?PR?SENT_CAMERA_ANG?NED
  +--> ?PR?SENT_CAMERA_RANG?NED
  +--> ?PR?_SENT_CAMERA_IRD?NED
  +--> ?PR?SENT_DVR_TEMP?NED
  +--> ?PR?VERSION_CHECK?MAIN
  +--> ?PR?CAMERA_VERSION_CHECK?MAIN
  +--> ?PR?CHECK_OTHER_COM?NED
  +--> ?PR?_SC16_SENDDATA?NED

?PR?SEND_CAMERA_TEMP?NED                        -----    -----      -----    -----      000CH    0001H
  +--> ?PR?NED
  +--> ?PR?_BCC_CAL?NED
  +--> ?PR?_RS_TX?UART
BL51 BANKED LINKER/LOCATER V6.22                                                      12/01/2015  16:17:03  PAGE 15



?PR?_BCC_CAL?NED                                -----    -----      -----    -----      000DH    0002H

?PR?SEND_CAMERA_PRESS?NED                       -----    -----      -----    -----      000CH    0001H
  +--> ?PR?NED
  +--> ?PR?_BCC_CAL?NED
  +--> ?PR?_RS_TX?UART

?PR?SENT_CAMERA_ANG?NED                         -----    -----      -----    -----      000CH    0001H
  +--> ?PR?NED
  +--> ?PR?_BCC_CAL?NED
  +--> ?PR?_RS_TX?UART

?PR?SENT_CAMERA_RANG?NED                        -----    -----      -----    -----      000CH    0001H
  +--> ?PR?NED
  +--> ?PR?_BCC_CAL?NED
  +--> ?PR?_RS_TX?UART

?PR?_SENT_CAMERA_IRD?NED                        -----    -----      -----    -----      000CH    0003H
  +--> ?PR?_RS_TX?UART

?PR?SENT_DVR_TEMP?NED                           -----    -----      -----    -----      000CH    0001H
  +--> ?PR?NED
  +--> ?PR?_BCC_CAL?NED
  +--> ?PR?_RS_TX?UART

?PR?VERSION_CHECK?MAIN                          -----    -----      -----    -----      000CH    0001H
  +--> ?PR?MAIN
  +--> ?PR?_RS_TX?UART

?PR?CAMERA_VERSION_CHECK?MAIN                   -----    -----      -----    -----      000CH    0001H
  +--> ?PR?MAIN
  +--> ?PR?_RS_TX?UART

?PR?CHECK_OTHER_COM?NED                         -----    -----      -----    -----      -----    -----
  +--> ?PR?_RS_TX?UART

?PR?_SC16_SENDDATA?NED                          -----    -----      -----    -----      000CH    0002H
  +--> ?PR?_WRITEBYTE?NED

?PR?PCT_CHECKSYSTEM?COMMANDSHELL                -----    -----      -----    -----      -----    -----
  +--> ?PR?_PCT_DETECTVIDEOFORMAT?TW28XX_VIDEO
  +--> ?PR?_PCT_ENSHOWOSDPAGE?OSDCTRL
  +--> ?PR?_PCT_CHANGESYSTEMTYPE?TW2835_INIT
  +--> ?PR?_PCT_RECOMPENSEYHDELAY?TW28XX_VIDEO
  +--> ?PR?COMMANDSHELL
  +--> ?PR?_PCT_SETVIDEOHDELAY?TW28XX_VIDEO
  +--> ?PR?_PCT_SETXVIDEOMIXING?TW28XX_VIDEO
  +--> ?PR?_PCT_CLEAROSDPAGEX?OSDCTRL
  +--> ?PR?PCT_SHOWMODEICON?OSDACTION_
  +--> ?PR?_PCT_OSD_ACTIONPTHX?OSDACTION_
  +--> ?PR?PCT_OSDACTIONFORHS?OSDACTION_

?PR?_PCT_CHANGESYSTEMTYPE?TW2835_INIT           -----    -----      -----    -----      0006H    0002H
  +--> ?PR?TW2835_INIT
  +--> ?CO?TW2835_INIT
  +--> ?PR?_PCT_WRITEASICTABLE?BUSCTRL
BL51 BANKED LINKER/LOCATER V6.22                                                      12/01/2015  16:17:03  PAGE 16



?PR?PCT_GETVIDEOSIGNALSTATUS?OSDACTION_         -----    -----      -----    -----      -----    -----
  +--> ?PR?_PCT_READASICBYTE?BUSCTRL
  +--> ?PR?_PCT_WRITEASICBYTE?BUSCTRL
  +--> ?PR?_PCT_PRESETFOREGROUNDCOLOR?OSDCTRL
  +--> ?PR?_PCT_PRESETGRAPHATTR?OSD_GRAPH
  +--> ?PR?PCT_CLEARGRAPHATTR?OSD_GRAPH

?PR?GPIO_CHECK?NED                              -----    -----      -----    -----      0006H    0002H
  +--> ?PR?_GPIOGETPORTSTATE?NED

?PR?CAMERA_MOVE?NED                             -----    -----      -----    -----      0006H    000DH
  +--> ?CO?NED
  +--> ?PR?NED
  +--> ?PR?_WRITEBYTE?NED

?PR?_SC16_DATA_RESET?NED                        -----    -----      -----    -----      -----    -----
  +--> ?PR?TEMP_CHECK?MAIN
  +--> ?PR?PRESS_CHECK?MAIN
  +--> ?PR?GET_CAMERA_ANG?NED
  +--> ?PR?GET_CAMERA_RANG?NED
  +--> ?PR?GET_DVR_TEMP?NED
  +--> ?PR?GET_CAMERA_VER?NED

?PR?TEMP_CHECK?MAIN                             -----    -----      -----    -----      -----    -----
  +--> ?PR?_READI2CWORD?NED

?PR?_READI2CWORD?NED                            -----    -----      -----    -----      0006H    0002H
  +--> ?PR?I2CSTART?NED
  +--> ?PR?_I2CWRITEDATA?NED
  +--> ?PR?I2CREADDATAWITHACK?NED
  +--> ?PR?I2CREADDATA?NED
  +--> ?PR?I2CSTOP?NED

?PR?I2CREADDATAWITHACK?NED                      -----    -----      -----    -----      -----    -----
  +--> ?PR?I2CDELAY?NED

?PR?PRESS_CHECK?MAIN                            -----    -----      -----    -----      0006H    0007H
  +--> ?PR?MAIN
  +--> ?PR?_ADC_READ?NED

?PR?GET_CAMERA_ANG?NED                          -----    -----      -----    -----      -----    -----
  +--> ?PR?_WRITEBYTE?NED

?PR?GET_CAMERA_RANG?NED                         -----    -----      -----    -----      -----    -----
  +--> ?PR?_WRITEBYTE?NED

?PR?GET_DVR_TEMP?NED                            -----    -----      -----    -----      -----    -----
  +--> ?PR?_WRITEBYTE?NED

?PR?GET_CAMERA_VER?NED                          -----    -----      -----    -----      -----    -----
  +--> ?PR?_WRITEBYTE?NED

?PR?SC16_DATACHECK?NED                          -----    -----      -----    -----      0006H    0003H
  +--> ?PR?_SC16_SENDDATASELECT?NED

?PR?_SC16_SENDDATASELECT?NED                    -----    -----      -----    -----      0009H    0009H
BL51 BANKED LINKER/LOCATER V6.22                                                      12/01/2015  16:17:03  PAGE 17


  +--> ?PR?NED
  +--> ?PR?_READI2C?NED
  +--> ?PR?_READBYTE?NED
  +--> ?PR?_RS_TX?UART
  +--> ?PR?_SC16_COMCHECK?NED

?PR?_READBYTE?NED                               -----    -----      -----    -----      0012H    0001H
  +--> ?PR?_READI2C?NED

?PR?_SC16_COMCHECK?NED                          -----    -----      -----    -----      0012H    0002H
  +--> ?PR?NED

?PR?_SET_CAMERA_SPEED?NED                       -----    -----      -----    -----      -----    -----
  +--> ?PR?_WRITEBYTE?NED

*** NEW ROOT ***************************************************

?PR?RS_INTERRUPT?UART                           -----    -----      -----    -----      -----    -----
  +--> ?PR?UART



SYMBOL TABLE OF MODULE:  .\OBJ\NED_5MCMOS_v0_a_0_XXXX_20151201 (?C_STARTUP)

  VALUE           TYPE          NAME
  ----------------------------------

  -------         MODULE        ?C_STARTUP
  C:8804H         SEGMENT       ?C_C51STARTUP
  I:0068H         SEGMENT       ?STACK
  C:0000H         PUBLIC        ?C_STARTUP
  D:00E0H         SYMBOL        ACC
  D:00F0H         SYMBOL        B
  D:0083H         SYMBOL        DPH
  D:0082H         SYMBOL        DPL
  N:0000H         SYMBOL        IBPSTACK
  N:0100H         SYMBOL        IBPSTACKTOP
  N:0080H         SYMBOL        IDATALEN
  C:8807H         SYMBOL        IDATALOOP
  N:0000H         SYMBOL        PBPSTACK
  N:0100H         SYMBOL        PBPSTACKTOP
  N:0000H         SYMBOL        PDATALEN
  N:0000H         SYMBOL        PDATASTART
  N:0000H         SYMBOL        PPAGE
  N:0000H         SYMBOL        PPAGEENABLE
  D:00A0H         SYMBOL        PPAGE_SFR
  D:0081H         SYMBOL        SP
  C:8804H         SYMBOL        STARTUP1
  N:0000H         SYMBOL        XBPSTACK
  N:0000H         SYMBOL        XBPSTACKTOP
  N:0000H         SYMBOL        XDATALEN
  N:0000H         SYMBOL        XDATASTART
  C:0000H         LINE#         126
  C:8804H         LINE#         133
  C:8806H         LINE#         134
  C:8807H         LINE#         135
  C:8808H         LINE#         136
BL51 BANKED LINKER/LOCATER V6.22                                                      12/01/2015  16:17:03  PAGE 18


  C:880AH         LINE#         185
  C:880DH         LINE#         196
  -------         ENDMOD        ?C_STARTUP

  -------         MODULE        UART
  C:0000H         SYMBOL        _ICE_DUMMY_
  D:0080H         PUBLIC        P0
  D:0090H         PUBLIC        P1
  D:00A0H         PUBLIC        P2
  D:00C0H         PUBLIC        XICON
  D:00B0H         PUBLIC        P3
  D:00E8H         PUBLIC        P4
  C:A3E7H         PUBLIC        InitialUART
  D:00A8H         PUBLIC        IE
  X:028DH         PUBLIC        RS_RECVBUF
  B:00A8H.4       PUBLIC        ES
  D:00B8H         PUBLIC        IP
  B:0098H.0       PUBLIC        RI
  B:0098H.1       PUBLIC        TI
  B:00B8H.4       PUBLIC        PS
  D:00D8H         PUBLIC        CCON
  D:0099H         PUBLIC        SBUF
  D:00C0H         PUBLIC        WDTC
  D:0098H         PUBLIC        SCON
  D:0088H         PUBLIC        TCON
  C:A525H         PUBLIC        RS_RxReady
  D:008DH         PUBLIC        TH1
  D:008BH         PUBLIC        TL1
  X:02F1H         PUBLIC        RsRxRp
  B:0088H.6       PUBLIC        TR1
  X:02F2H         PUBLIC        RsRxWp
  D:00F8H         PUBLIC        IPA
  D:00C8H         PUBLIC        T2CON
  C:A39DH         PUBLIC        RS_rx
  C:0003H         PUBLIC        _RS_tx
  C:9EEDH         PUBLIC        RS_interrupt
  D:00D0H         PUBLIC        PSW
  C:A5EEH         SYMBOL        Com000E
  C:A5EEH         SYMBOL        L?0015
  -------         PROC          COM000E
  -------         ENDPROC       COM000E
  -------         PROC          INITIALUART
  C:A3E7H         LINE#         75
  C:A3E7H         LINE#         76
  C:A3E7H         LINE#         79
  C:A3E9H         LINE#         80
  C:A3EBH         LINE#         84
  C:A3EEH         LINE#         99
  C:A3F1H         LINE#         103
  C:A3F4H         LINE#         104
  C:A3F6H         LINE#         106
  C:A3FAH         LINE#         107
  C:A3FCH         LINE#         108
  -------         ENDPROC       INITIALUART
  -------         PROC          RS_RXREADY
  C:A525H         LINE#         114
  C:A525H         LINE#         115
BL51 BANKED LINKER/LOCATER V6.22                                                      12/01/2015  16:17:03  PAGE 19


  C:A525H         LINE#         116
  C:A532H         LINE#         117
  C:A534H         LINE#         118
  -------         ENDPROC       RS_RXREADY
  -------         PROC          RS_RX
  -------         DO            
  D:0007H         SYMBOL        ret
  -------         ENDDO         
  C:A39DH         LINE#         124
  C:A39DH         LINE#         125
  C:A39DH         LINE#         131
  C:A3A5H         LINE#         132
  C:A3ABH         LINE#         133
  C:A3B1H         LINE#         134
  C:A3B3H         LINE#         138
  C:A3B5H         LINE#         140
  C:A3B5H         LINE#         141
  -------         ENDPROC       RS_RX
  -------         PROC          _RS_TX
  D:0007H         SYMBOL        tx_buf
  C:0003H         LINE#         147
  C:0003H         LINE#         148
  C:0003H         LINE#         166
  C:0003H         LINE#         167
  C:0003H         LINE#         169
  C:0006H         LINE#         178
  C:0008H         LINE#         179
  C:000AH         LINE#         180
  C:000AH         LINE#         181
  C:000AH         LINE#         182
  C:000AH         LINE#         185
  -------         ENDPROC       _RS_TX
  -------         PROC          RS_INTERRUPT
  C:9EEDH         LINE#         193
  C:9EF5H         LINE#         196
  C:9EF8H         LINE#         197
  C:9EFAH         LINE#         206
  C:9F03H         LINE#         210
  C:9F09H         LINE#         211
  C:9F11H         LINE#         218
  C:9F11H         LINE#         221
  -------         ENDPROC       RS_INTERRUPT
  -------         ENDMOD        UART

  -------         MODULE        BUSCTRL
  C:0000H         SYMBOL        _ICE_DUMMY_
  D:0080H         PUBLIC        P0
  D:0090H         PUBLIC        P1
  D:00A0H         PUBLIC        P2
  D:00C0H         PUBLIC        XICON
  D:00B0H         PUBLIC        P3
  D:00E8H         PUBLIC        P4
  B:00A8H.7       PUBLIC        EA
  D:00A8H         PUBLIC        IE
  C:9268H         PUBLIC        _PCT_WriteSTable
  D:00B8H         PUBLIC        IP
  B:00A0H.3       PUBLIC        HALE
BL51 BANKED LINKER/LOCATER V6.22                                                      12/01/2015  16:17:03  PAGE 20


  B:00A0H.2       PUBLIC        HRDB
  D:00D8H         PUBLIC        CCON
  D:00C0H         PUBLIC        WDTC
  B:00A0H.1       PUBLIC        HWRB
  D:0098H         PUBLIC        SCON
  D:0088H         PUBLIC        TCON
  C:891CH         PUBLIC        _PCT_WriteAsicTable
  C:A686H         PUBLIC        PTC_SwitchToI2CMode
  B:00B0H.6       PUBLIC        HCSB0
  B:00B0H.7       PUBLIC        HCSB1
  D:00F8H         PUBLIC        IPA
  C:8890H         PUBLIC        _PCT_ReadAsicByte
  D:00C8H         PUBLIC        T2CON
  C:8DFAH         PUBLIC        _PCT_WriteAsicByte
  D:00D0H         PUBLIC        PSW
  C:9A7AH         SYMBOL        Com0038
  C:9A7AH         SYMBOL        L?0057
  C:9A7DH         SYMBOL        L?0058
  C:9A7FH         SYMBOL        L?0059
  C:9A87H         SYMBOL        L?0060
  C:9A87H         SYMBOL        L?0061
  C:9A8FH         SYMBOL        L?0062
  C:9A8FH         SYMBOL        L?0063
  C:9A96H         SYMBOL        L?0064
  C:9AA2H         SYMBOL        L?0065
  C:9AACH         SYMBOL        L?0066
  -------         PROC          COM0038
  -------         ENDPROC       COM0038
  -------         PROC          _PCT_WRITEASICBYTE
  D:0007H         SYMBOL        _dvc
  X:01F3H         SYMBOL        _pg
  X:01F4H         SYMBOL        _addr
  X:01F5H         SYMBOL        _wdat
  C:8DFAH         LINE#         63
  C:8DFDH         LINE#         64
  C:8DFDH         LINE#         65
  C:8DFDH         LINE#         67
  C:8E00H         LINE#         70
  C:8E03H         LINE#         75
  C:8E10H         LINE#         76
  C:8E1AH         LINE#         77
  C:8E22H         LINE#         78
  C:8E25H         LINE#         79
  C:8E25H         LINE#         82
  C:8E38H         LINE#         84
  C:8E3AH         LINE#         85
  C:8E40H         LINE#         86
  C:8E42H         LINE#         89
  C:8E55H         LINE#         92
  C:8E57H         LINE#         96
  C:8E5AH         LINE#         101
  C:8E5AH         LINE#         102
  C:8E5AH         LINE#         103
  C:8E5AH         LINE#         104
  C:8E5DH         LINE#         105
  -------         ENDPROC       _PCT_WRITEASICBYTE
  -------         PROC          _PCT_WRITEASICTABLE
BL51 BANKED LINKER/LOCATER V6.22                                                      12/01/2015  16:17:03  PAGE 21


  D:0007H         SYMBOL        _dvc
  X:01D8H         SYMBOL        _pg
  X:01D9H         SYMBOL        _addr
  X:01DAH         SYMBOL        _tbl_ptr
  X:01DDH         SYMBOL        _tbl_cnt
  C:891CH         LINE#         111
  C:891FH         LINE#         112
  C:891FH         LINE#         113
  C:891FH         LINE#         115
  C:8922H         LINE#         119
  C:8925H         LINE#         124
  C:8932H         LINE#         125
  C:893CH         LINE#         126
  C:8944H         LINE#         128
  C:8944H         LINE#         129
  C:894DH         LINE#         130
  C:894DH         LINE#         133
  C:8960H         LINE#         136
  C:8962H         LINE#         138
  C:8977H         LINE#         139
  C:8979H         LINE#         142
  C:898CH         LINE#         145
  C:898EH         LINE#         146
  C:8996H         LINE#         150
  C:8999H         LINE#         155
  C:8999H         LINE#         156
  C:8999H         LINE#         157
  C:8999H         LINE#         158
  C:899CH         LINE#         159
  -------         ENDPROC       _PCT_WRITEASICTABLE
  -------         PROC          _PCT_READASICBYTE
  X:01F2H         SYMBOL        _dvc
  X:01F3H         SYMBOL        _pg
  X:01F4H         SYMBOL        _addr
  -------         DO            
  X:01F5H         SYMBOL        _rdat_
  -------         ENDDO         
  C:8890H         LINE#         165
  C:889BH         LINE#         166
  C:889BH         LINE#         169
  C:889DH         LINE#         173
  C:88A0H         LINE#         178
  C:88A5H         LINE#         179
  C:88B0H         LINE#         180
  C:88BAH         LINE#         181
  C:88C2H         LINE#         183
  C:88C5H         LINE#         184
  C:88C5H         LINE#         186
  C:88D8H         LINE#         189
  C:88DAH         LINE#         190
  C:88DDH         LINE#         192
  C:88F0H         LINE#         196
  C:88F2H         LINE#         197
  C:88F8H         LINE#         201
  C:890BH         LINE#         204
  C:890DH         LINE#         208
  C:8910H         LINE#         213
BL51 BANKED LINKER/LOCATER V6.22                                                      12/01/2015  16:17:03  PAGE 22


  C:8912H         LINE#         214
  C:8914H         LINE#         215
  C:8916H         LINE#         216
  C:891BH         LINE#         217
  -------         ENDPROC       _PCT_READASICBYTE
  -------         PROC          _PCT_WRITESTABLE
  D:0007H         SYMBOL        _dvc
  X:01E4H         SYMBOL        _tbl_ptr
  C:9268H         LINE#         224
  C:9273H         LINE#         225
  C:9273H         LINE#         229
  C:9273H         LINE#         230
  C:9281H         LINE#         231
  C:929BH         LINE#         232
  C:929BH         LINE#         233
  C:92ADH         LINE#         234
  C:92ADH         LINE#         235
  C:92B7H         LINE#         236
  C:92B9H         LINE#         237
  -------         ENDPROC       _PCT_WRITESTABLE
  -------         PROC          PTC_SWITCHTOI2CMODE
  C:A686H         LINE#         243
  C:A686H         LINE#         244
  C:A686H         LINE#         254
  -------         ENDPROC       PTC_SWITCHTOI2CMODE
  -------         ENDMOD        BUSCTRL

  -------         MODULE        COMMANDSHELL
  C:0000H         SYMBOL        _ICE_DUMMY_
  D:0080H         PUBLIC        P0
  D:0090H         PUBLIC        P1
  D:00A0H         PUBLIC        P2
  D:00C0H         PUBLIC        XICON
  D:00B0H         PUBLIC        P3
  D:00E8H         PUBLIC        P4
  C:A3FDH         PUBLIC        _MoniHSCommSJmode
  C:9B2DH         PUBLIC        MoniVideoAutoDetect
  C:7AE2H         PUBLIC        _PCT_RunCommShell
  C:6F71H         PUBLIC        _MoniAudioGain
  D:00A8H         PUBLIC        IE
  C:9C12H         PUBLIC        _MoniReadOneBuffer
  D:00B8H         PUBLIC        IP
  C:A4EFH         PUBLIC        _MoniYVideoMix
  X:037FH         PUBLIC        sysdat
  C:A43EH         PUBLIC        _MoniAudioLive
  D:00D8H         PUBLIC        CCON
  C:A687H         PUBLIC        PCT_SendACK
  C:9DC3H         PUBLIC        _MoniWriteOneBuffer
  C:A555H         PUBLIC        MoniAudioMute
  C:A4B6H         PUBLIC        MoniHSCommVersion
  C:77B8H         PUBLIC        _MoniSetVideoFormat
  C:955FH         PUBLIC        _MoniReadAsicByte
  C:8B7CH         PUBLIC        _PCT_GetFirstStr
  C:8CC1H         PUBLIC        PCT_CheckSystem
  D:00C0H         PUBLIC        WDTC
  D:0098H         PUBLIC        SCON
  D:0088H         PUBLIC        TCON
BL51 BANKED LINKER/LOCATER V6.22                                                      12/01/2015  16:17:03  PAGE 23


  C:930AH         PUBLIC        _MoniWriteAsicByte
  C:6E23H         PUBLIC        _MoniHSComm
  X:0390H         PUBLIC        msg
  C:9A3DH         PUBLIC        _PCT_StrToCommCode
  C:9517H         PUBLIC        _PCT_CheckVMixType
  C:0026H         PUBLIC        MoniHSCommDisScroll
  D:00F8H         PUBLIC        IPA
  C:8F89H         PUBLIC        _MoniShowSODStr
  C:58BDH         PUBLIC        _MoniVideoMixAttr
  C:95EEH         PUBLIC        PCT_AudioActionForHS
  D:00C8H         PUBLIC        T2CON
  C:91BDH         PUBLIC        _MoniVideoMixWin
  C:95A7H         PUBLIC        _MoniReadPageBuffer
  X:0398H         PUBLIC        Original_selwintype
  C:93A3H         PUBLIC        MoniRegisterDump
  D:00D0H         PUBLIC        PSW
  C:6700H         PUBLIC        _MoniAudioMixing
  C:569EH         SYMBOL        Com00B2
  C:569EH         SYMBOL        L?0179
  C:569FH         SYMBOL        L?0180
  C:56D5H         SYMBOL        L?0181
  C:56DCH         SYMBOL        L?0182
  C:56DDH         SYMBOL        L?0183
  C:5713H         SYMBOL        L?0184
  C:571AH         SYMBOL        L?0185
  C:571BH         SYMBOL        L?0186
  C:573BH         SYMBOL        L?0187
  C:5742H         SYMBOL        L?0188
  C:5743H         SYMBOL        L?0189
  C:5747H         SYMBOL        L?0190
  C:5750H         SYMBOL        L?0191
  C:5750H         SYMBOL        L?0192
  C:575CH         SYMBOL        L?0193
  C:5763H         SYMBOL        L?0194
  C:5773H         SYMBOL        L?0195
  C:577AH         SYMBOL        L?0196
  C:578AH         SYMBOL        L?0197
  C:5791H         SYMBOL        L?0198
  C:57A1H         SYMBOL        L?0199
  C:57A8H         SYMBOL        L?0200
  C:57B4H         SYMBOL        L?0201
  C:57BBH         SYMBOL        L?0202
  C:57C7H         SYMBOL        L?0203
  C:57CEH         SYMBOL        L?0204
  C:57D3H         SYMBOL        L?0205
  C:57DAH         SYMBOL        L?0206
  C:57DFH         SYMBOL        L?0207
  C:57E6H         SYMBOL        L?0208
  C:57E6H         SYMBOL        L?0209
  C:57EEH         SYMBOL        L?0210
  C:57EEH         SYMBOL        L?0211
  C:57F6H         SYMBOL        L?0212
  C:57FEH         SYMBOL        L?0213
  C:580AH         SYMBOL        L?0214
  C:580BH         SYMBOL        L?0215
  C:5812H         SYMBOL        L?0216
  C:5819H         SYMBOL        L?0219
BL51 BANKED LINKER/LOCATER V6.22                                                      12/01/2015  16:17:03  PAGE 24


  C:5820H         SYMBOL        L?0222
  C:5827H         SYMBOL        L?0224
  C:582EH         SYMBOL        L?0228
  C:5835H         SYMBOL        L?0229
  C:5836H         SYMBOL        L?0230
  C:5843H         SYMBOL        L?0232
  C:5853H         SYMBOL        L?0233
  C:585AH         SYMBOL        L?0235
  C:5861H         SYMBOL        L?0237
  C:5868H         SYMBOL        L?0242
  C:5868H         SYMBOL        L?0243
  C:5869H         SYMBOL        L?0244
  C:5871H         SYMBOL        L?0245
  C:5871H         SYMBOL        L?0246
  C:587BH         SYMBOL        L?0247
  C:5886H         SYMBOL        L?0249
  C:588DH         SYMBOL        L?0250
  C:588DH         SYMBOL        L?0251
  C:5894H         SYMBOL        L?0252
  C:5894H         SYMBOL        L?0253
  C:589DH         SYMBOL        L?0255
  C:58A9H         SYMBOL        L?0258
  C:58A9H         SYMBOL        L?0259
  C:58AFH         SYMBOL        L?0260
  C:58B6H         SYMBOL        L?0261
  C:58B6H         SYMBOL        L?0262
  -------         PROC          COM00B2
  -------         ENDPROC       COM00B2
  -------         PROC          _PCT_GETFIRSTSTR
  X:01DDH         SYMBOL        tagStr
  X:01E0H         SYMBOL        sourceStr
  C:8B7CH         LINE#         88
  C:8B82H         LINE#         89
  C:8B82H         LINE#         90
  C:8B8DH         LINE#         91
  C:8BA4H         LINE#         92
  C:8BBCH         LINE#         93
  C:8BBEH         LINE#         94
  C:8BBEH         LINE#         95
  C:8BCBH         LINE#         96
  C:8BCFH         LINE#         97
  C:8BD8H         LINE#         98
  C:8BDBH         LINE#         99
  C:8BDEH         LINE#         100
  C:8BE1H         LINE#         101
  C:8BEAH         LINE#         102
  -------         ENDPROC       _PCT_GETFIRSTSTR
  -------         PROC          _PCT_STRTOCOMMCODE
  X:01DDH         SYMBOL        Str
  -------         DO            
  D:0030H         SYMBOL        ret
  -------         ENDDO         
  C:9A3DH         LINE#         112
  C:9A43H         LINE#         113
  C:9A43H         LINE#         114
  C:9A48H         LINE#         116
  C:9A75H         LINE#         117
BL51 BANKED LINKER/LOCATER V6.22                                                      12/01/2015  16:17:03  PAGE 25


  C:9A79H         LINE#         118
  -------         ENDPROC       _PCT_STRTOCOMMCODE
  -------         PROC          PCT_SENDACK
  C:A687H         LINE#         124
  C:A687H         LINE#         125
  C:A687H         LINE#         131
  -------         ENDPROC       PCT_SENDACK
  -------         PROC          _PCT_CHECKVMIXTYPE
  D:0007H         SYMBOL        _typ
  -------         DO            
  D:0033H         SYMBOL        tmplktp
  -------         ENDDO         
  C:9517H         LINE#         143
  C:9517H         LINE#         144
  C:9517H         LINE#         145
  C:951AH         LINE#         147
  C:9520H         LINE#         148
  C:9527H         LINE#         149
  C:952DH         LINE#         150
  C:9539H         LINE#         152
  C:9547H         LINE#         153
  C:954DH         LINE#         155
  C:954DH         LINE#         156
  C:9553H         LINE#         157
  C:9559H         LINE#         158
  C:955EH         LINE#         159
  -------         ENDPROC       _PCT_CHECKVMIXTYPE
  -------         PROC          _MONIREADPAGEBUFFER
  D:0001H         SYMBOL        szParam
  -------         DO            
  D:004CH         SYMBOL        page
  D:004DH         SYMBOL        start
  D:004EH         SYMBOL        end
  -------         ENDDO         
  C:95A7H         LINE#         170
  C:95A7H         LINE#         171
  C:95A7H         LINE#         174
  C:95CCH         LINE#         176
  C:95CCH         LINE#         177
  C:95E6H         LINE#         178
  C:95E8H         LINE#         179
  C:95EDH         LINE#         180
  -------         ENDPROC       _MONIREADPAGEBUFFER
  -------         PROC          _MONIREADONEBUFFER
  D:0001H         SYMBOL        szParam
  -------         DO            
  D:0055H         SYMBOL        page
  D:0056H         SYMBOL        addr
  -------         ENDDO         
  C:9C12H         LINE#         186
  C:9C12H         LINE#         187
  C:9C12H         LINE#         190
  C:9C2FH         LINE#         192
  -------         ENDPROC       _MONIREADONEBUFFER
  -------         PROC          _MONIWRITEONEBUFFER
  D:0001H         SYMBOL        szParam
  -------         DO            
BL51 BANKED LINKER/LOCATER V6.22                                                      12/01/2015  16:17:03  PAGE 26


  D:004FH         SYMBOL        page
  D:0050H         SYMBOL        addr
  D:0051H         SYMBOL        dat
  -------         ENDDO         
  C:9DC3H         LINE#         199
  C:9DC3H         LINE#         200
  C:9DC3H         LINE#         203
  C:9DE8H         LINE#         204
  -------         ENDPROC       _MONIWRITEONEBUFFER
  -------         PROC          _MONIWRITEASICBYTE
  D:0001H         SYMBOL        szParam
  -------         DO            
  D:0030H         SYMBOL        _dev
  D:0031H         SYMBOL        _pg
  D:0032H         SYMBOL        _addr
  D:0033H         SYMBOL        _wdat
  -------         ENDDO         
  C:930AH         LINE#         211
  C:930AH         LINE#         212
  C:930AH         LINE#         213
  C:930DH         LINE#         214
  C:930FH         LINE#         215
  C:9311H         LINE#         216
  C:9313H         LINE#         218
  C:9348H         LINE#         219
  -------         ENDPROC       _MONIWRITEASICBYTE
  -------         PROC          _MONIREADASICBYTE
  D:0001H         SYMBOL        szParam
  -------         DO            
  D:001CH         SYMBOL        _dev
  D:001DH         SYMBOL        _pg
  D:001EH         SYMBOL        _addr
  D:001FH         SYMBOL        _rdat
  -------         ENDDO         
  C:955FH         LINE#         226
  C:955FH         LINE#         227
  C:955FH         LINE#         228
  C:9562H         LINE#         229
  C:9564H         LINE#         230
  C:9566H         LINE#         231
  C:9568H         LINE#         233
  C:958DH         LINE#         234
  C:9598H         LINE#         235
  -------         ENDPROC       _MONIREADASICBYTE
  C:6829H         SYMBOL        L?0217
  C:683FH         SYMBOL        L?0225
  C:6855H         SYMBOL        L?0227
  -------         PROC          _MONIAUDIOMIXING
  X:03B3H         SYMBOL        szParam
  -------         DO            
  D:0008H         SYMBOL        selch0
  D:0009H         SYMBOL        selch1
  D:000AH         SYMBOL        selch2
  D:000BH         SYMBOL        selch3
  D:000CH         SYMBOL        selch4
  D:000DH         SYMBOL        valch0
  D:000EH         SYMBOL        valch1
BL51 BANKED LINKER/LOCATER V6.22                                                      12/01/2015  16:17:03  PAGE 27


  D:000FH         SYMBOL        valch2
  D:0010H         SYMBOL        valch3
  D:0011H         SYMBOL        valch4
  X:03B6H         SYMBOL        getStr
  C:5699H         SYMBOL        chaddr
  -------         ENDDO         
  C:6700H         LINE#         243
  C:6703H         LINE#         244
  C:6703H         LINE#         255
  C:6716H         LINE#         257
  C:671EH         LINE#         263
  C:6745H         LINE#         264
  C:6745H         LINE#         265
  C:6756H         LINE#         266
  C:675FH         LINE#         267
  C:6765H         LINE#         268
  C:6768H         LINE#         270
  C:6768H         LINE#         271
  C:6786H         LINE#         273
  C:6786H         LINE#         274
  C:6789H         LINE#         275
  C:678CH         LINE#         276
  C:678FH         LINE#         278
  C:678FH         LINE#         279
  C:67A3H         LINE#         281
  C:67A3H         LINE#         282
  C:67A6H         LINE#         283
  C:67AAH         LINE#         284
  C:67ADH         LINE#         285
  C:67B0H         LINE#         287
  C:67B0H         LINE#         288
  C:67C7H         LINE#         290
  C:67C7H         LINE#         291
  C:67C7H         LINE#         292
  C:67C7H         LINE#         293
  C:67CAH         LINE#         295
  C:67D2H         LINE#         296
  C:67D5H         LINE#         298
  C:67D5H         LINE#         299
  C:67FDH         LINE#         301
  C:67FDH         LINE#         302
  C:67FDH         LINE#         303
  C:67FDH         LINE#         304
  C:6805H         LINE#         305
  C:680EH         LINE#         307
  C:6828H         LINE#         308
  C:6828H         LINE#         310
  C:6828H         LINE#         311
  C:6828H         LINE#         312
  C:6828H         LINE#         313
  -------         ENDPROC       _MONIAUDIOMIXING
  -------         PROC          MONIAUDIOMUTE
  C:A555H         LINE#         320
  C:A555H         LINE#         321
  C:A555H         LINE#         322
  C:A55DH         LINE#         327
  -------         ENDPROC       MONIAUDIOMUTE
BL51 BANKED LINKER/LOCATER V6.22                                                      12/01/2015  16:17:03  PAGE 28


  C:7080H         SYMBOL        L?0221
  C:709AH         SYMBOL        L?0248
  C:70ABH         SYMBOL        L?0263
  -------         PROC          _MONIAUDIOGAIN
  X:03B9H         SYMBOL        szParam
  -------         DO            
  D:0012H         SYMBOL        selch0
  D:0013H         SYMBOL        selch1
  D:0014H         SYMBOL        selch2
  D:0015H         SYMBOL        selch3
  D:0016H         SYMBOL        selch4
  D:0017H         SYMBOL        ch0val
  D:0018H         SYMBOL        ch1val
  D:0019H         SYMBOL        ch2val
  D:001AH         SYMBOL        ch3val
  D:001BH         SYMBOL        ch4val
  X:03BCH         SYMBOL        getStr
  -------         ENDDO         
  C:6F71H         LINE#         335
  C:6F74H         LINE#         336
  C:6F74H         LINE#         341
  C:6F87H         LINE#         343
  C:6FAEH         LINE#         344
  C:6FAEH         LINE#         345
  C:6FC4H         LINE#         346
  C:6FC8H         LINE#         347
  C:6FCBH         LINE#         349
  C:6FCBH         LINE#         350
  C:6FEEH         LINE#         352
  C:6FEEH         LINE#         353
  C:6FF1H         LINE#         354
  C:6FF4H         LINE#         356
  C:6FF4H         LINE#         357
  C:700CH         LINE#         359
  C:700CH         LINE#         360
  C:700CH         LINE#         361
  C:700FH         LINE#         362
  C:7012H         LINE#         364
  C:7012H         LINE#         365
  C:702DH         LINE#         367
  C:702DH         LINE#         368
  C:702DH         LINE#         369
  C:7030H         LINE#         370
  C:7033H         LINE#         371
  C:7036H         LINE#         373
  C:7036H         LINE#         374
  C:7062H         LINE#         376
  C:7062H         LINE#         377
  C:706AH         LINE#         378
  C:706EH         LINE#         379
  C:7076H         LINE#         380
  C:707FH         LINE#         381
  C:707FH         LINE#         383
  C:707FH         LINE#         384
  C:707FH         LINE#         385
  C:707FH         LINE#         386
  -------         ENDPROC       _MONIAUDIOGAIN
BL51 BANKED LINKER/LOCATER V6.22                                                      12/01/2015  16:17:03  PAGE 29


  -------         PROC          _MONIAUDIOLIVE
  D:0001H         SYMBOL        szParam
  -------         DO            
  D:0063H         SYMBOL        chan
  -------         ENDDO         
  C:A43EH         LINE#         393
  C:A43EH         LINE#         394
  C:A43EH         LINE#         397
  C:A44BH         LINE#         399
  -------         ENDPROC       _MONIAUDIOLIVE
  -------         PROC          MONIREGISTERDUMP
  -------         DO            
  D:0057H         SYMBOL        addr
  D:0058H         SYMBOL        page
  -------         ENDDO         
  C:93A3H         LINE#         406
  C:93A3H         LINE#         407
  C:93A3H         LINE#         411
  C:93A6H         LINE#         412
  C:93B5H         LINE#         413
  C:93B8H         LINE#         414
  C:93B8H         LINE#         415
  C:93CFH         LINE#         416
  C:93D1H         LINE#         417
  C:93E0H         LINE#         418
  C:93E4H         LINE#         419
  C:93EDH         LINE#         420
  -------         ENDPROC       MONIREGISTERDUMP
  -------         PROC          _MONIVIDEOMIXWIN
  D:0001H         SYMBOL        szParam
  -------         DO            
  D:0059H         SYMBOL        chose
  D:005AH         SYMBOL        wintp
  -------         ENDDO         
  C:91BDH         LINE#         426
  C:91BDH         LINE#         427
  C:91BDH         LINE#         430
  C:91FFH         LINE#         432
  C:920CH         LINE#         433
  -------         ENDPROC       _MONIVIDEOMIXWIN
  C:5A92H         SYMBOL        L?0220
  C:5A99H         SYMBOL        L?0223
  C:5AA0H         SYMBOL        L?0226
  C:5AA7H         SYMBOL        L?0234
  C:5AAEH         SYMBOL        L?0236
  C:5AB5H         SYMBOL        L?0239
  C:5AC6H         SYMBOL        L?0241
  C:5ACDH         SYMBOL        L?0254
  -------         PROC          _MONIVIDEOMIXATTR
  X:03BFH         SYMBOL        szParam
  -------         DO            
  D:0026H         SYMBOL        chose
  D:0028H         SYMBOL        attrsel
  D:0029H         SYMBOL        setval
  D:002AH         SYMBOL        winNm
  D:002EH         SYMBOL        wincnt
  D:002FH         SYMBOL        division
BL51 BANKED LINKER/LOCATER V6.22                                                      12/01/2015  16:17:03  PAGE 30


  X:03C2H         SYMBOL        getStr
  -------         ENDDO         
  C:58BDH         LINE#         443
  C:58C3H         LINE#         444
  C:58C3H         LINE#         447
  C:58C6H         LINE#         451
  C:58DCH         LINE#         452
  C:58E7H         LINE#         454
  C:58EDH         LINE#         455
  C:58FAH         LINE#         457
  C:5908H         LINE#         458
  C:590BH         LINE#         459
  C:590BH         LINE#         460
  C:591CH         LINE#         461
  C:591FH         LINE#         462
  C:591FH         LINE#         463
  C:5930H         LINE#         464
  C:5933H         LINE#         465
  C:5933H         LINE#         466
  C:5943H         LINE#         467
  C:5946H         LINE#         468
  C:5946H         LINE#         469
  C:5956H         LINE#         470
  C:5959H         LINE#         471
  C:5959H         LINE#         472
  C:5969H         LINE#         473
  C:596CH         LINE#         474
  C:596CH         LINE#         475
  C:597CH         LINE#         476
  C:597FH         LINE#         477
  C:597FH         LINE#         478
  C:598FH         LINE#         479
  C:5992H         LINE#         480
[...]
  C:8F1DH         LINE#         2589
  C:8F1DH         LINE#         2590
  C:8F1DH         LINE#         2591
  C:8F1DH         LINE#         2592
  C:8F1DH         LINE#         2593
  C:8F1DH         LINE#         2594
  C:8F1DH         LINE#         2596
  -------         ENDPROC       _SETLINE
  -------         PROC          _GPIOSETPORTMODE
  D:0007H         SYMBOL        addr
  D:0005H         SYMBOL        port_io
  C:A628H         LINE#         2644
  C:A628H         LINE#         2645
  C:A628H         LINE#         2647
  -------         ENDPROC       _GPIOSETPORTMODE
  -------         PROC          _GPIOSETPORTSTATE
  D:0007H         SYMBOL        addr
  D:0005H         SYMBOL        port_state
  C:A631H         LINE#         2652
  C:A631H         LINE#         2653
  C:A631H         LINE#         2654
  -------         ENDPROC       _GPIOSETPORTSTATE
  -------         PROC          _GPIOGETPORTSTATE
  D:0007H         SYMBOL        addr
  C:A66EH         LINE#         2657
  C:A66EH         LINE#         2658
  C:A66EH         LINE#         2663
  C:A673H         LINE#         2665
  -------         ENDPROC       _GPIOGETPORTSTATE
  -------         PROC          _FIFOAVAILABLEDATA
  D:0007H         SYMBOL        addr
  C:A674H         LINE#         2667
  C:A674H         LINE#         2668
  C:A674H         LINE#         2673
  C:A679H         LINE#         2674
  -------         ENDPROC       _FIFOAVAILABLEDATA
BL51 BANKED LINKER/LOCATER V6.22                                                      12/01/2015  16:17:03  PAGE 119


  -------         PROC          _FIFOAVAILABLESPACE
  D:0007H         SYMBOL        addr
  C:A67AH         LINE#         2676
  C:A67AH         LINE#         2677
  C:A67AH         LINE#         2683
  C:A67FH         LINE#         2685
  -------         ENDPROC       _FIFOAVAILABLESPACE
  -------         PROC          _ENABLETRANSMIT
  D:0003H         SYMBOL        addr
  D:0002H         SYMBOL        OnOff
  -------         DO            
  D:0006H         SYMBOL        temp_efcr
  -------         ENDDO         
  C:A2A9H         LINE#         2687
  C:A2ADH         LINE#         2688
  C:A2ADH         LINE#         2690
  C:A2B4H         LINE#         2691
  C:A2B7H         LINE#         2692
  C:A2BBH         LINE#         2693
  C:A2BDH         LINE#         2694
  C:A2C1H         LINE#         2695
  C:A2C1H         LINE#         2696
  -------         ENDPROC       _ENABLETRANSMIT
  -------         PROC          _FLUSH
  D:0003H         SYMBOL        addr
  -------         DO            
  D:0007H         SYMBOL        tmp_lsr
  -------         ENDDO         
  C:A5A0H         LINE#         2702
  C:A5A2H         LINE#         2703
  C:A5A2H         LINE#         2706
  C:A5A2H         LINE#         2711
  C:A5A9H         LINE#         2713
  C:A5ADH         LINE#         2716
  -------         ENDPROC       _FLUSH
  C:A11DH         SYMBOL        L?0488
  -------         PROC          _PING
  D:0002H         SYMBOL        addr
  C:A0FEH         LINE#         2719
  C:A100H         LINE#         2720
  C:A100H         LINE#         2722
  C:A102H         LINE#         2724
  C:A109H         LINE#         2728
  C:A10CH         LINE#         2729
  C:A10CH         LINE#         2731
  C:A110H         LINE#         2733
  C:A117H         LINE#         2737
  C:A11AH         LINE#         2738
  C:A11AH         LINE#         2744
  C:A11CH         LINE#         2746
  -------         ENDPROC       _PING
  -------         PROC          _WRITEBYTE
  D:0007H         SYMBOL        addr
  D:0005H         SYMBOL        val
  C:A63AH         LINE#         2751
  C:A63AH         LINE#         2752
  C:A63AH         LINE#         2774
BL51 BANKED LINKER/LOCATER V6.22                                                      12/01/2015  16:17:03  PAGE 120


  -------         ENDPROC       _WRITEBYTE
  -------         PROC          _READBYTE
  D:0007H         SYMBOL        addr
  -------         DO            
  X:0012H         SYMBOL        val
  -------         ENDDO         
  C:A5D5H         LINE#         2780
  C:A5D5H         LINE#         2781
  C:A5D5H         LINE#         2784
  C:A5DFH         LINE#         2785
  C:A5E1H         LINE#         2811
  -------         ENDPROC       _READBYTE
  -------         PROC          _TW2835_GET
  X:03D1H         SYMBOL        page
  X:03D2H         SYMBOL        start
  X:03D3H         SYMBOL        count
  -------         DO            
  X:03D4H         SYMBOL        x
  X:03D5H         SYMBOL        loop
  X:03D6H         SYMBOL        step
  D:0006H         SYMBOL        val
  -------         ENDDO         
  C:846BH         LINE#         2813
  C:8476H         LINE#         2814
  C:8476H         LINE#         2815
  C:847DH         LINE#         2816
  C:847EH         LINE#         2819
  C:847FH         LINE#         2820
  C:847FH         LINE#         2845
  C:8480H         LINE#         2846
  C:8480H         LINE#         2847
  C:8484H         LINE#         2848
  C:8484H         LINE#         2850
  C:84B9H         LINE#         2851
  C:84D5H         LINE#         2852
  C:84DCH         LINE#         2853
  C:84DFH         LINE#         2854
  C:84EBH         LINE#         2855
  C:84FAH         LINE#         2856
  -------         ENDPROC       _TW2835_GET
  -------         PROC          _PEEK
  X:040FH         SYMBOL        addr
  C:A5F9H         LINE#         2885
  C:A5FEH         LINE#         2886
  C:A5FEH         LINE#         2895
  C:A602H         LINE#         2897
  -------         ENDPROC       _PEEK
  -------         PROC          _SET_INT
  X:0410H         SYMBOL        addr
  C:A3CFH         LINE#         2900
  C:A3D4H         LINE#         2901
  C:A3D4H         LINE#         2904
  C:A3D6H         LINE#         2905
  C:A3D8H         LINE#         2906
  C:A3DAH         LINE#         2908
  C:A3DCH         LINE#         2909
  C:A3DEH         LINE#         2910
BL51 BANKED LINKER/LOCATER V6.22                                                      12/01/2015  16:17:03  PAGE 121


  C:A3E0H         LINE#         2912
  C:A3E2H         LINE#         2913
  C:A3E4H         LINE#         2914
  C:A3E6H         LINE#         2915
  -------         ENDPROC       _SET_INT
  -------         PROC          MCTRL_SET
  C:A643H         LINE#         2918
  C:A643H         LINE#         2919
  C:A643H         LINE#         2922
  C:A645H         LINE#         2923
  C:A647H         LINE#         2924
  C:A649H         LINE#         2925
  C:A64BH         LINE#         2926
  -------         ENDPROC       MCTRL_SET
  -------         ENDMOD        NED

  -------         MODULE        ?C?COPY
  C:2668H         PUBLIC        ?C?COPY
  -------         ENDMOD        ?C?COPY

  -------         MODULE        ?C?CLDPTR
  C:268EH         PUBLIC        ?C?CLDPTR
  -------         ENDMOD        ?C?CLDPTR

  -------         MODULE        ?C?CLDOPTR
  C:26A7H         PUBLIC        ?C?CLDOPTR
  -------         ENDMOD        ?C?CLDOPTR

  -------         MODULE        ?C?CSTPTR
  C:26D4H         PUBLIC        ?C?CSTPTR
  -------         ENDMOD        ?C?CSTPTR

  -------         MODULE        ?C?IMUL
  C:26E6H         PUBLIC        ?C?IMUL
  -------         ENDMOD        ?C?IMUL

  -------         MODULE        ?C?UIDIV
  C:26F8H         PUBLIC        ?C?UIDIV
  -------         ENDMOD        ?C?UIDIV

  -------         MODULE        ?C?IILDX
  C:274DH         PUBLIC        ?C?IILDX
  -------         ENDMOD        ?C?IILDX

  -------         MODULE        ?C?ILDIX
  C:2763H         PUBLIC        ?C?ILDIX
  -------         ENDMOD        ?C?ILDIX

  -------         MODULE        ?C?ILDPTR
  C:2779H         PUBLIC        ?C?ILDPTR
  -------         ENDMOD        ?C?ILDPTR

  -------         MODULE        ?C?IILDOPTR
  C:27A4H         PUBLIC        ?C?IILDOPTR
  -------         ENDMOD        ?C?IILDOPTR

  -------         MODULE        ?C?LMUL
BL51 BANKED LINKER/LOCATER V6.22                                                      12/01/2015  16:17:03  PAGE 122


  C:27F1H         PUBLIC        ?C?LMUL
  -------         ENDMOD        ?C?LMUL

  -------         MODULE        ?C?ULDIV
  C:287CH         PUBLIC        ?C?ULDIV
  -------         ENDMOD        ?C?ULDIV

  -------         MODULE        ?C?SLDIV
  C:98F5H         PUBLIC        ?C?SLDIV
  -------         ENDMOD        ?C?SLDIV

  -------         MODULE        ?C?ULCMP
  C:290EH         PUBLIC        ?C?ULCMP
  -------         ENDMOD        ?C?ULCMP

  -------         MODULE        ?C?ULSHR
  C:291FH         PUBLIC        ?C?ULSHR
  -------         ENDMOD        ?C?ULSHR

  -------         MODULE        ?C?LSTXDATA
  C:2932H         PUBLIC        ?C?LSTXDATA
  -------         ENDMOD        ?C?LSTXDATA

  -------         MODULE        ?C?LSTKXDATA
  C:293EH         PUBLIC        ?C?LSTKXDATA
  -------         ENDMOD        ?C?LSTKXDATA

  -------         MODULE        ?C?PLDPTR
  C:296FH         PUBLIC        ?C?PLDPTR
  -------         ENDMOD        ?C?PLDPTR

  -------         MODULE        ?C?PSTPTR
  C:298FH         PUBLIC        ?C?PSTPTR
  -------         ENDMOD        ?C?PSTPTR

  -------         MODULE        ?C?CCASE
  C:29DEH         PUBLIC        ?C?CCASE
  -------         ENDMOD        ?C?CCASE

  -------         MODULE        PRINTF
  X:0338H         PUBLIC        ?_PRINTF517?BYTE
  X:0338H         PUBLIC        ?_PRINTF?BYTE
  X:0338H         PUBLIC        ?_SPRINTF517?BYTE
  X:0338H         PUBLIC        ?_SPRINTF?BYTE
  C:47ECH         PUBLIC        _PRINTF
  C:47ECH         PUBLIC        _PRINTF517
  C:47E6H         PUBLIC        _SPRINTF
  C:47E6H         PUBLIC        _SPRINTF517
  -------         ENDMOD        PRINTF

  -------         MODULE        PUTS
  C:A153H         PUBLIC        _PUTS
  -------         ENDMOD        PUTS

  -------         MODULE        SCANF
  X:01DDH         PUBLIC        ?_SCANF517?BYTE
  X:01DDH         PUBLIC        ?_SCANF?BYTE
BL51 BANKED LINKER/LOCATER V6.22                                                      12/01/2015  16:17:03  PAGE 123


  X:01DDH         PUBLIC        ?_SSCANF517?BYTE
  X:01DDH         PUBLIC        ?_SSCANF?BYTE
  C:4B73H         PUBLIC        _SCANF
  C:4B73H         PUBLIC        _SCANF517
  C:4B6FH         PUBLIC        _SSCANF
  C:4B6FH         PUBLIC        _SSCANF517
  -------         ENDMOD        SCANF

  -------         MODULE        ?C?STRCMP
  C:2B82H         PUBLIC        ?C?STRCMP
  -------         ENDMOD        ?C?STRCMP

  -------         MODULE        STRLEN
  C:A429H         PUBLIC        _STRLEN
  -------         ENDMOD        STRLEN

  -------         MODULE        ATOI
  C:7D92H         PUBLIC        _atoi
  -------         ENDMOD        ATOI

  -------         MODULE        ?C?ISTPTR
  C:2B9FH         PUBLIC        ?C?ISTPTR
  -------         ENDMOD        ?C?ISTPTR

  -------         MODULE        ?C?LNEG
  C:2BBEH         PUBLIC        ?C?LNEG
  -------         ENDMOD        ?C?LNEG

  -------         MODULE        ?C?LSTPTR
  C:2BCCH         PUBLIC        ?C?LSTPTR
  -------         ENDMOD        ?C?LSTPTR

  -------         MODULE        ?C?PLDIDATA
  C:2BE6H         PUBLIC        ?C?PLDIDATA
  -------         ENDMOD        ?C?PLDIDATA

  -------         MODULE        ?C?PSTIDATA
  C:2BEFH         PUBLIC        ?C?PSTIDATA
  -------         ENDMOD        ?C?PSTIDATA

  -------         MODULE        ?C?PLDXDATA
  C:2BF8H         PUBLIC        ?C?PLDXDATA
  -------         ENDMOD        ?C?PLDXDATA

  -------         MODULE        ?C?PLDIXDATA
  C:2C01H         PUBLIC        ?C?PLDIXDATA
  -------         ENDMOD        ?C?PLDIXDATA

  -------         MODULE        ?C?PILDXDATA
  C:2C18H         PUBLIC        ?C?PILDXDATA
  -------         ENDMOD        ?C?PILDXDATA

  -------         MODULE        ?C?PSTXDATA
  C:2C2FH         PUBLIC        ?C?PSTXDATA
  -------         ENDMOD        ?C?PSTXDATA

  -------         MODULE        ?C?PLDPDATA
BL51 BANKED LINKER/LOCATER V6.22                                                      12/01/2015  16:17:03  PAGE 124


  C:2C38H         PUBLIC        ?C?PLDPDATA
  -------         ENDMOD        ?C?PLDPDATA

  -------         MODULE        ?C?PSTPDATA
  C:2C41H         PUBLIC        ?C?PSTPDATA
  -------         ENDMOD        ?C?PSTPDATA

  -------         MODULE        ?C?PLDCODE
  C:2C4AH         PUBLIC        ?C?PLDCODE
  -------         ENDMOD        ?C?PLDCODE

  -------         MODULE        PUTCHAR
  C:A1A5H         PUBLIC        _PUTCHAR
  -------         ENDMOD        PUTCHAR

  -------         MODULE        GETCHAR
  B:0025H.2       PUBLIC        ?C?CHARLOADED
  X:0411H         PUBLIC        ?_UNGETCHAR?BYTE
  C:A48EH         PUBLIC        GETCHAR
  -------         ENDMOD        GETCHAR

  -------         MODULE        UNGETC
  C:A654H         PUBLIC        _UNGETCHAR
  -------         ENDMOD        UNGETC

  -------         MODULE        ISDIGIT
  C:A591H         PUBLIC        _isdigit
  -------         ENDMOD        ISDIGIT

  -------         MODULE        ISSPACE
  C:A4A2H         PUBLIC        _isspace
  -------         ENDMOD        ISSPACE

  -------         MODULE        ?C?LSTIDATA
  C:2C56H         PUBLIC        ?C?LSTIDATA
  -------         ENDMOD        ?C?LSTIDATA

  -------         MODULE        ?C?LSTPDATA
  C:2C62H         PUBLIC        ?C?LSTPDATA
  -------         ENDMOD        ?C?LSTPDATA

  -------         MODULE        _GETKEY
  C:A603H         PUBLIC        _GETKEY
  -------         ENDMOD        _GETKEY

*** WARNING L16: UNCALLED SEGMENT, IGNORED FOR OVERLAY PROCESS
    SEGMENT: ?PR?_MONIREADPAGEBUFFER?COMMANDSHELL

*** WARNING L16: UNCALLED SEGMENT, IGNORED FOR OVERLAY PROCESS
    SEGMENT: ?PR?_MONIREADONEBUFFER?COMMANDSHELL

*** WARNING L16: UNCALLED SEGMENT, IGNORED FOR OVERLAY PROCESS
    SEGMENT: ?PR?_MONIWRITEONEBUFFER?COMMANDSHELL

*** WARNING L16: UNCALLED SEGMENT, IGNORED FOR OVERLAY PROCESS
    SEGMENT: ?PR?_MONIREADASICBYTE?COMMANDSHELL

BL51 BANKED LINKER/LOCATER V6.22                                                      12/01/2015  16:17:03  PAGE 125


*** WARNING L16: UNCALLED SEGMENT, IGNORED FOR OVERLAY PROCESS
    SEGMENT: ?PR?_MONIAUDIOMIXING?COMMANDSHELL

*** WARNING L16: UNCALLED SEGMENT, IGNORED FOR OVERLAY PROCESS
    SEGMENT: ?PR?MONIAUDIOMUTE?COMMANDSHELL

*** WARNING L16: UNCALLED SEGMENT, IGNORED FOR OVERLAY PROCESS
    SEGMENT: ?PR?_MONIAUDIOGAIN?COMMANDSHELL

*** WARNING L16: UNCALLED SEGMENT, IGNORED FOR OVERLAY PROCESS
    SEGMENT: ?PR?_MONIAUDIOLIVE?COMMANDSHELL

*** WARNING L16: UNCALLED SEGMENT, IGNORED FOR OVERLAY PROCESS
    SEGMENT: ?PR?MONIREGISTERDUMP?COMMANDSHELL

*** WARNING L16: UNCALLED SEGMENT, IGNORED FOR OVERLAY PROCESS
    SEGMENT: ?PR?_MONIVIDEOMIXWIN?COMMANDSHELL

*** WARNING L16: UNCALLED SEGMENT, IGNORED FOR OVERLAY PROCESS
    SEGMENT: ?PR?_MONIVIDEOMIXATTR?COMMANDSHELL

*** WARNING L16: UNCALLED SEGMENT, IGNORED FOR OVERLAY PROCESS
    SEGMENT: ?PR?MONIVIDEOAUTODETECT?COMMANDSHELL

*** WARNING L16: UNCALLED SEGMENT, IGNORED FOR OVERLAY PROCESS
    SEGMENT: ?PR?_MONISETVIDEOFORMAT?COMMANDSHELL

*** WARNING L16: UNCALLED SEGMENT, IGNORED FOR OVERLAY PROCESS
    SEGMENT: ?PR?_MONISHOWSODSTR?COMMANDSHELL

*** WARNING L16: UNCALLED SEGMENT, IGNORED FOR OVERLAY PROCESS
    SEGMENT: ?PR?PCT_AUDIOACTIONFORHS?COMMANDSHELL

*** WARNING L16: UNCALLED SEGMENT, IGNORED FOR OVERLAY PROCESS
    SEGMENT: ?PR?MONIHSCOMMDISSCROLL?COMMANDSHELL

*** WARNING L16: UNCALLED SEGMENT, IGNORED FOR OVERLAY PROCESS
    SEGMENT: ?PR?MONIHSCOMMVERSION?COMMANDSHELL

*** WARNING L16: UNCALLED SEGMENT, IGNORED FOR OVERLAY PROCESS
    SEGMENT: ?PR?NEWLINE?MAIN

*** WARNING L16: UNCALLED SEGMENT, IGNORED FOR OVERLAY PROCESS
    SEGMENT: ?PR?_PUTSP?MAIN

*** WARNING L16: UNCALLED SEGMENT, IGNORED FOR OVERLAY PROCESS
    SEGMENT: ?PR?_CHKSTARTCOMMSHELL?MAIN

*** WARNING L16: UNCALLED SEGMENT, IGNORED FOR OVERLAY PROCESS
    SEGMENT: ?PR?_PCT_SHOWSPEAKICON?OSDACTION_

*** WARNING L16: UNCALLED SEGMENT, IGNORED FOR OVERLAY PROCESS
    SEGMENT: ?PR?PCT_SHOWVLOSS?OSDACTION_

*** WARNING L16: UNCALLED SEGMENT, IGNORED FOR OVERLAY PROCESS
    SEGMENT: ?PR?PCT_AUDIOREGLIST?TW28XX_AUDIO

BL51 BANKED LINKER/LOCATER V6.22                                                      12/01/2015  16:17:03  PAGE 126


*** WARNING L16: UNCALLED SEGMENT, IGNORED FOR OVERLAY PROCESS
    SEGMENT: ?PR?PCT_VIDEOLASTMODIFY?TW28XX_VIDEO

*** WARNING L16: UNCALLED SEGMENT, IGNORED FOR OVERLAY PROCESS
    SEGMENT: ?PR?_PCT_WINATTRCLEAR?TW28XX_VIDEO

*** WARNING L16: UNCALLED SEGMENT, IGNORED FOR OVERLAY PROCESS
    SEGMENT: ?PR?I2C_100KHZ?NED

*** WARNING L16: UNCALLED SEGMENT, IGNORED FOR OVERLAY PROCESS
    SEGMENT: ?PR?I2CSTART2?NED

*** WARNING L16: UNCALLED SEGMENT, IGNORED FOR OVERLAY PROCESS
    SEGMENT: ?PR?I2CSTOP2?NED

*** WARNING L16: UNCALLED SEGMENT, IGNORED FOR OVERLAY PROCESS
    SEGMENT: ?PR?_I2CWRITEDATA2?NED

*** WARNING L16: UNCALLED SEGMENT, IGNORED FOR OVERLAY PROCESS
    SEGMENT: ?PR?I2CREADDATA2?NED

*** WARNING L16: UNCALLED SEGMENT, IGNORED FOR OVERLAY PROCESS
    SEGMENT: ?PR?I2CREADDATAWITHACK2?NED

*** WARNING L16: UNCALLED SEGMENT, IGNORED FOR OVERLAY PROCESS
    SEGMENT: ?PR?_READI2C2?NED

*** WARNING L16: UNCALLED SEGMENT, IGNORED FOR OVERLAY PROCESS
    SEGMENT: ?PR?I2C_ACK?NED

*** WARNING L16: UNCALLED SEGMENT, IGNORED FOR OVERLAY PROCESS
    SEGMENT: ?PR?I2C_ACK2?NED

*** WARNING L16: UNCALLED SEGMENT, IGNORED FOR OVERLAY PROCESS
    SEGMENT: ?PR?_SET_CHANNEL?NED

*** WARNING L16: UNCALLED SEGMENT, IGNORED FOR OVERLAY PROCESS
    SEGMENT: ?PR?SEND_CAMERA_VER?NED

*** WARNING L16: UNCALLED SEGMENT, IGNORED FOR OVERLAY PROCESS
    SEGMENT: ?PR?_GET_CAMERA_IRD?NED

*** WARNING L16: UNCALLED SEGMENT, IGNORED FOR OVERLAY PROCESS
    SEGMENT: ?PR?GET_DVR_VER?NED

*** WARNING L16: UNCALLED SEGMENT, IGNORED FOR OVERLAY PROCESS
    SEGMENT: ?PR?SENT_DVR_VER?NED

*** WARNING L16: UNCALLED SEGMENT, IGNORED FOR OVERLAY PROCESS
    SEGMENT: ?PR?GET_DVR_YEAR?NED

*** WARNING L16: UNCALLED SEGMENT, IGNORED FOR OVERLAY PROCESS
    SEGMENT: ?PR?SENT_DVR_YEAR?NED

*** WARNING L16: UNCALLED SEGMENT, IGNORED FOR OVERLAY PROCESS
    SEGMENT: ?PR?GET_DVR_MD?NED

BL51 BANKED LINKER/LOCATER V6.22                                                      12/01/2015  16:17:03  PAGE 127


*** WARNING L16: UNCALLED SEGMENT, IGNORED FOR OVERLAY PROCESS
    SEGMENT: ?PR?SENT_DVR_MDR?NED

*** WARNING L16: UNCALLED SEGMENT, IGNORED FOR OVERLAY PROCESS
    SEGMENT: ?PR?GET_DVR_HS?NED

*** WARNING L16: UNCALLED SEGMENT, IGNORED FOR OVERLAY PROCESS
    SEGMENT: ?PR?SENT_DVR_HS?NED

*** WARNING L16: UNCALLED SEGMENT, IGNORED FOR OVERLAY PROCESS
    SEGMENT: ?PR?_COMMAND_CHECK?NED

*** WARNING L16: UNCALLED SEGMENT, IGNORED FOR OVERLAY PROCESS
    SEGMENT: ?PR?_CHECK_STARTUP?NED

*** WARNING L16: UNCALLED SEGMENT, IGNORED FOR OVERLAY PROCESS
    SEGMENT: ?PR?_GET_DATA?NED

*** WARNING L16: UNCALLED SEGMENT, IGNORED FOR OVERLAY PROCESS
    SEGMENT: ?PR?_PARITY?NED

*** WARNING L16: UNCALLED SEGMENT, IGNORED FOR OVERLAY PROCESS
    SEGMENT: ?PR?ADT75_INIT?NED

*** WARNING L16: UNCALLED SEGMENT, IGNORED FOR OVERLAY PROCESS
    SEGMENT: ?PR?_FIFOAVAILABLEDATA?NED

*** WARNING L16: UNCALLED SEGMENT, IGNORED FOR OVERLAY PROCESS
    SEGMENT: ?PR?_FIFOAVAILABLESPACE?NED

*** WARNING L16: UNCALLED SEGMENT, IGNORED FOR OVERLAY PROCESS
    SEGMENT: ?PR?_ENABLETRANSMIT?NED

*** WARNING L16: UNCALLED SEGMENT, IGNORED FOR OVERLAY PROCESS
    SEGMENT: ?PR?_FLUSH?NED

*** WARNING L16: UNCALLED SEGMENT, IGNORED FOR OVERLAY PROCESS
    SEGMENT: ?PR?_PING?NED

*** WARNING L16: UNCALLED SEGMENT, IGNORED FOR OVERLAY PROCESS
    SEGMENT: ?PR?_TW2835_GET?NED

*** WARNING L16: UNCALLED SEGMENT, IGNORED FOR OVERLAY PROCESS
    SEGMENT: ?PR?_PEEK?NED

*** WARNING L16: UNCALLED SEGMENT, IGNORED FOR OVERLAY PROCESS
    SEGMENT: ?PR?_SET_INT?NED

Program Size: data=104.3 xdata=1042 code=42635
LINK/LOCATE RUN COMPLETE.  58 WARNING(S),  0 ERROR(S)
