BL51 BANKED LINKER/LOCATER V6.22                                                        11/30/2015  19:14:20  PAGE 1


BL51 BANKED LINKER/LOCATER V6.22, INVOKED BY:
C:\KEIL\C51\BIN\BL51.EXE .\OBJ\STARTUP.obj, .\OBJ\UART.obj, .\OBJ\BusCtrl.obj, .\OBJ\CommandShell.obj, .\OBJ\Main.obj, .
>> \OBJ\OSD_Graph.obj, .\OBJ\OSDAction .obj, .\OBJ\OSDCtrl.obj, .\OBJ\Timer.obj, .\OBJ\TW28xx_Audio.obj, .\OBJ\TW28xx_Vi
>> deo.obj, .\OBJ\TW2835_Init.obj, .\OBJ\NED.obj TO .\OBJ\NED_5MCMOS_v0_a_0_XXXX_20151130 PRINT (.\OBJ\NED_5MCMOS_v0_a_0
>> _XXXX_20151130.m51) RAMSIZE (256) CODE (0X0000-0XFFFF)


MEMORY MODEL: LARGE


INPUT MODULES INCLUDED:
  .\OBJ\STARTUP.obj (?C_STARTUP)
  .\OBJ\UART.obj (UART)
  .\OBJ\BusCtrl.obj (BUSCTRL)
  .\OBJ\CommandShell.obj (COMMANDSHELL)
  .\OBJ\Main.obj (MAIN)
  .\OBJ\OSD_Graph.obj (OSD_GRAPH)
  .\OBJ\OSDAction .obj (OSDACTION_)
  .\OBJ\OSDCtrl.obj (OSDCTRL)
  .\OBJ\Timer.obj (TIMER)
  .\OBJ\TW28xx_Audio.obj (TW28XX_AUDIO)
  .\OBJ\TW28xx_Video.obj (TW28XX_VIDEO)
  .\OBJ\TW2835_Init.obj (TW2835_INIT)
  .\OBJ\NED.obj (NED)
  C:\KEIL\C51\LIB\C51L.LIB (?C_INIT)
  C:\KEIL\C51\LIB\C51L.LIB (?C?COPY)
  C:\KEIL\C51\LIB\C51L.LIB (?C?CLDPTR)
  C:\KEIL\C51\LIB\C51L.LIB (?C?CLDOPTR)
  C:\KEIL\C51\LIB\C51L.LIB (?C?CSTPTR)
  C:\KEIL\C51\LIB\C51L.LIB (?C?IMUL)
  C:\KEIL\C51\LIB\C51L.LIB (?C?UIDIV)
  C:\KEIL\C51\LIB\C51L.LIB (?C?IILDX)
  C:\KEIL\C51\LIB\C51L.LIB (?C?ILDIX)
  C:\KEIL\C51\LIB\C51L.LIB (?C?ILDPTR)
  C:\KEIL\C51\LIB\C51L.LIB (?C?IILDOPTR)
  C:\KEIL\C51\LIB\C51L.LIB (?C?LMUL)
  C:\KEIL\C51\LIB\C51L.LIB (?C?ULDIV)
  C:\KEIL\C51\LIB\C51L.LIB (?C?SLDIV)
  C:\KEIL\C51\LIB\C51L.LIB (?C?ULCMP)
  C:\KEIL\C51\LIB\C51L.LIB (?C?ULSHR)
  C:\KEIL\C51\LIB\C51L.LIB (?C?LSTXDATA)
  C:\KEIL\C51\LIB\C51L.LIB (?C?LSTKXDATA)
  C:\KEIL\C51\LIB\C51L.LIB (?C?PLDPTR)
  C:\KEIL\C51\LIB\C51L.LIB (?C?PSTPTR)
  C:\KEIL\C51\LIB\C51L.LIB (?C?CCASE)
  C:\KEIL\C51\LIB\C51L.LIB (?C?ICASE)
  C:\KEIL\C51\LIB\C51L.LIB (PRINTF)
  C:\KEIL\C51\LIB\C51L.LIB (PUTS)
  C:\KEIL\C51\LIB\C51L.LIB (SCANF)
  C:\KEIL\C51\LIB\C51L.LIB (?C?STRCMP)
  C:\KEIL\C51\LIB\C51L.LIB (STRLEN)
  C:\KEIL\C51\LIB\C51L.LIB (ATOI)
  C:\KEIL\C51\LIB\C51L.LIB (?C?ISTPTR)
  C:\KEIL\C51\LIB\C51L.LIB (?C?LNEG)
  C:\KEIL\C51\LIB\C51L.LIB (?C?LSTPTR)
  C:\KEIL\C51\LIB\C51L.LIB (?C?PLDIDATA)
  C:\KEIL\C51\LIB\C51L.LIB (?C?PSTIDATA)
  C:\KEIL\C51\LIB\C51L.LIB (?C?PLDXDATA)
BL51 BANKED LINKER/LOCATER V6.22                                                      11/30/2015  19:14:20  PAGE 2


  C:\KEIL\C51\LIB\C51L.LIB (?C?PLDIXDATA)
  C:\KEIL\C51\LIB\C51L.LIB (?C?PILDXDATA)
  C:\KEIL\C51\LIB\C51L.LIB (?C?PSTXDATA)
  C:\KEIL\C51\LIB\C51L.LIB (?C?PLDPDATA)
  C:\KEIL\C51\LIB\C51L.LIB (?C?PSTPDATA)
  C:\KEIL\C51\LIB\C51L.LIB (?C?PLDCODE)
  C:\KEIL\C51\LIB\C51L.LIB (PUTCHAR)
  C:\KEIL\C51\LIB\C51L.LIB (GETCHAR)
  C:\KEIL\C51\LIB\C51L.LIB (UNGETC)
  C:\KEIL\C51\LIB\C51L.LIB (ISDIGIT)
  C:\KEIL\C51\LIB\C51L.LIB (ISSPACE)
  C:\KEIL\C51\LIB\C51L.LIB (?C?LSTIDATA)
  C:\KEIL\C51\LIB\C51L.LIB (?C?LSTPDATA)
  C:\KEIL\C51\LIB\C51L.LIB (_GETKEY)


LINK MAP OF MODULE:  .\OBJ\NED_5MCMOS_v0_a_0_XXXX_20151130 (?C_STARTUP)


            TYPE    BASE      LENGTH    RELOCATION   SEGMENT NAME
            -----------------------------------------------------

            * * * * * * *   D A T A   M E M O R Y   * * * * * * *
            REG     0000H     0008H     ABSOLUTE     "REG BANK 0"
            DATA    0008H     000AH     UNIT         ?DT?_MONIAUDIOMIXING?COMMANDSHELL
            DATA    0012H     000AH     UNIT         ?DT?_MONIAUDIOGAIN?COMMANDSHELL
            DATA    001CH     0004H     UNIT         ?DT?_MONIREADASICBYTE?COMMANDSHELL
            DATA    0020H     0001H     BIT_ADDR     ?BA?MAIN
            DATA    0021H     0001H     BIT_ADDR     ?BA?OSDACTION_
            DATA    0022H     0001H     BIT_ADDR     ?BA?OSDCTRL
            BIT     0023H.0   0001H.1   UNIT         _BIT_GROUP_
            BIT     0024H.1   0000H.2   UNIT         ?BI?MAIN
            BIT     0024H.3   0000H.1   UNIT         ?BI?_ATOI?ATOI
            BIT     0024H.4   0000H.1   UNIT         ?BI?GETCHAR
                    0024H.5   0000H.3                *** GAP ***
            DATA    0025H     000AH     UNIT         ?DT?_MONIVIDEOMIXATTR?COMMANDSHELL
            DATA    002FH     0009H     UNIT         _DATA_GROUP_
            DATA    0038H     0008H     UNIT         ?DT?_MONISETVIDEOFORMAT?COMMANDSHELL
            DATA    0040H     0006H     UNIT         ?DT?TIMER
            DATA    0046H     0003H     UNIT         ?DT?_MONIREADPAGEBUFFER?COMMANDSHELL
            DATA    0049H     0003H     UNIT         ?DT?_MONIWRITEONEBUFFER?COMMANDSHELL
            DATA    004CH     0003H     UNIT         ?DT?_PCT_WRITEOSDFNTX?OSDCTRL
            DATA    004FH     0002H     UNIT         ?DT?_MONIREADONEBUFFER?COMMANDSHELL
            DATA    0051H     0002H     UNIT         ?DT?MONIREGISTERDUMP?COMMANDSHELL
            DATA    0053H     0002H     UNIT         ?DT?_MONIVIDEOMIXWIN?COMMANDSHELL
            DATA    0055H     0002H     UNIT         ?DT?_MONISHOWSODSTR?COMMANDSHELL
            DATA    0057H     0002H     UNIT         ?DT?PCT_AUDIOACTIONFORHS?COMMANDSHELL
            DATA    0059H     0002H     UNIT         ?DT?OSDCTRL
            DATA    005BH     0002H     UNIT         ?DT?_PCT_WRITEOSDFNTY?OSDCTRL
            DATA    005DH     0001H     UNIT         ?DT?_MONIAUDIOLIVE?COMMANDSHELL
            DATA    005EH     0001H     UNIT         ?DT?_PUTSP?MAIN
            DATA    005FH     0001H     UNIT         ?DT?PCT_SHOWVLOSS?OSDACTION_
            DATA    0060H     0001H     UNIT         ?DT?_PCT_AUDIOMIXMUTE?TW28XX_AUDIO
            DATA    0061H     0001H     UNIT         ?DT?PCT_VIDEOLASTMODIFY?TW28XX_VIDEO
            IDATA   0062H     0001H     UNIT         ?STACK

            * * * * * * *  X D A T A   M E M O R Y  * * * * * * *
BL51 BANKED LINKER/LOCATER V6.22                                                      11/30/2015  19:14:20  PAGE 3


            XDATA   0000H     020BH     UNIT         _XDATA_GROUP_
            XDATA   020BH     0082H     UNIT         ?XD?NED
            XDATA   028DH     0066H     UNIT         ?XD?UART
            XDATA   02F3H     0045H     UNIT         ?XD?MAIN
            XDATA   0338H     001FH     UNIT         ?XD?_PCT_WRITEOSDFNTY?OSDCTRL
            XDATA   0357H     001AH     UNIT         ?XD?COMMANDSHELL
            XDATA   0371H     0013H     UNIT         ?XD?_PCT_WRITEOSDFNTX?OSDCTRL
            XDATA   0384H     0007H     UNIT         ?XD?_PCT_SHOWOSDSTRING?OSDCTRL
            XDATA   038BH     0006H     UNIT         ?XD?_MONIAUDIOMIXING?COMMANDSHELL
            XDATA   0391H     0006H     UNIT         ?XD?_MONIAUDIOGAIN?COMMANDSHELL
            XDATA   0397H     0006H     UNIT         ?XD?_MONIVIDEOMIXATTR?COMMANDSHELL
            XDATA   039DH     0006H     UNIT         ?XD?_MONISETVIDEOFORMAT?COMMANDSHELL
            XDATA   03A3H     0006H     UNIT         ?XD?_MONISHOWSODSTR?COMMANDSHELL
            XDATA   03A9H     0006H     UNIT         ?XD?_TW2835_GET?NED
            XDATA   03AFH     0005H     UNIT         ?XD?_ATOI?ATOI
            XDATA   03B4H     0004H     UNIT         ?XD?_PCT_WRITEOSDDATABUFFERX?OSDCTRL
            XDATA   03B8H     0004H     UNIT         ?XD?_PCT_WRITEOSDDATABUFFERY?OSDCTRL
            XDATA   03BCH     0004H     UNIT         ?XD?_PCT_AUDIOMIXCTRL?TW28XX_AUDIO
            XDATA   03C0H     0004H     UNIT         ?XD?_CHECK_STARTUP?NED
            XDATA   03C4H     0003H     UNIT         ?XD?_PUTSP?MAIN
            XDATA   03C7H     0003H     UNIT         ?XD?_CHKSTARTCOMMSHELL?MAIN
            XDATA   03CAH     0003H     UNIT         ?XD?_PCT_SHOWSPEAKICON?OSDACTION_
            XDATA   03CDH     0003H     UNIT         ?XD?_PCT_AUDIOGAINCTRL?TW28XX_AUDIO
            XDATA   03D0H     0003H     UNIT         ?XD?_PCT_WINATTRCLEAR?TW28XX_VIDEO
            XDATA   03D3H     0003H     UNIT         ?XD?ADT75_INIT?NED
            XDATA   03D6H     0002H     UNIT         ?XD?_PCT_AUDIOMIXMUTE?TW28XX_AUDIO
            XDATA   03D8H     0002H     UNIT         ?XD?_PCT_SETVIDEOFORMAT?TW28XX_VIDEO
            XDATA   03DAH     0002H     UNIT         ?XD?_GET_CAMERA_IRD?NED
            XDATA   03DCH     0001H     UNIT         ?XD?OSD_GRAPH
            XDATA   03DDH     0001H     UNIT         ?XD?OSDACTION_
            XDATA   03DEH     0001H     UNIT         ?XD?_PCT_AUDIOSELLIVE?TW28XX_AUDIO
            XDATA   03DFH     0001H     UNIT         ?XD?_PCT_WINPOPUPCTRL?TW28XX_VIDEO
            XDATA   03E0H     0001H     UNIT         ?XD?_READI2C2?NED
            XDATA   03E1H     0001H     UNIT         ?XD?_SET_CHANNEL?NED
            XDATA   03E2H     0001H     UNIT         ?XD?SEND_CAMERA_VER?NED
            XDATA   03E3H     0001H     UNIT         ?XD?SENT_DVR_VER?NED
            XDATA   03E4H     0001H     UNIT         ?XD?SENT_DVR_YEAR?NED
            XDATA   03E5H     0001H     UNIT         ?XD?_COMMAND_CHECK?NED
            XDATA   03E6H     0001H     UNIT         ?XD?_GET_DATA?NED
            XDATA   03E7H     0001H     UNIT         ?XD?_PEEK?NED
            XDATA   03E8H     0001H     UNIT         ?XD?_SET_INT?NED
            XDATA   03E9H     0001H     UNIT         ?XD?GETCHAR

            * * * * * * *   C O D E   M E M O R Y   * * * * * * *
            CODE    0000H     0003H     ABSOLUTE     
            CODE    0003H     0008H     UNIT         ?PR?_RS_TX?UART
            CODE    000BH     0003H     ABSOLUTE     
            CODE    000EH     0015H     UNIT         ?PR?_RESETDEVICE?NED
            CODE    0023H     0003H     ABSOLUTE     
            CODE    0026H     0005H     UNIT         ?PR?MONIHSCOMMDISSCROLL?COMMANDSHELL
            CODE    002BH     0003H     ABSOLUTE     
            CODE    002EH     16CAH     UNIT         ?CO?OSD_GRAPH
            CODE    16F8H     0EA0H     UNIT         ?CO?OSDCTRL
            CODE    2598H     0703H     UNIT         ?C?LIB_CODE
            CODE    2C9BH     0584H     UNIT         ?PR?PCT_SHOWVLOSS?OSDACTION_
            CODE    321FH     04DEH     UNIT         ?PR?_PCT_SHOWMIRRORICON?OSDACTION_
            CODE    36FDH     04AAH     UNIT         ?PR?_PCT_SHOWSPEAKICON?OSDACTION_
BL51 BANKED LINKER/LOCATER V6.22                                                      11/30/2015  19:14:20  PAGE 4


            CODE    3BA7H     0459H     UNIT         ?CO?TW28XX_VIDEO
            CODE    4000H     0400H     UNIT         ?CO?TW2835_INIT
            CODE    4400H     03AEH     UNIT         ?PR?_PCT_OSD_ACTIONPTHX?OSDACTION_
            CODE    47AEH     0365H     UNIT         ?PR?PRINTF?PRINTF
            CODE    4B13H     0322H     UNIT         ?PR?SCANF?SCANF
            CODE    4E35H     0320H     UNIT         ?PR?_MONITOR_SET?MAIN
            CODE    5155H     02F8H     UNIT         ?PR?_PCT_SETVIDEOHDELAY?TW28XX_VIDEO
            CODE    544DH     027EH     UNIT         ?CO?COMMANDSHELL
            CODE    56CBH     021FH     UNIT         ?PR?COMMANDSHELL
            CODE    58EAH     0217H     UNIT         ?PR?_MONIVIDEOMIXATTR?COMMANDSHELL
            CODE    5B01H     01F7H     UNIT         ?PR?_SC16_SENDDATASELECT?NED
            CODE    5CF8H     01DAH     UNIT         ?CO?MAIN
            CODE    5ED2H     01D9H     UNIT         ?PR?PCT_AUDIOREGLIST?TW28XX_AUDIO
            CODE    60ABH     01D7H     UNIT         ?PR?_SC16_BCC_CHECK?NED
            CODE    6282H     01A3H     UNIT         ?PR?_PCT_SETXVIDEOMIXING?TW28XX_VIDEO
            CODE    6425H     01A2H     UNIT         ?PR?_PCT_OSD16X16GRAPHX?OSD_GRAPH
            CODE    65C7H     017CH     UNIT         ?PR?_PCT_WRITEOSDDATABUFFERX?OSDCTRL
            CODE    6743H     0178H     UNIT         ?PR?_MONIAUDIOMIXING?COMMANDSHELL
            CODE    68BBH     016AH     UNIT         ?PR?OSDCTRL
            CODE    6A25H     0166H     UNIT         ?PR?_PCT_SHOWINDICATEICON?OSDACTION_
            CODE    6B8BH     0163H     UNIT         ?C_INITSEG
            CODE    6CEEH     0163H     UNIT         ?PR?MAIN?MAIN
            CODE    6E51H     014EH     UNIT         ?PR?_MONIHSCOMM?COMMANDSHELL
            CODE    6F9FH     0144H     UNIT         ?PR?_MONIAUDIOGAIN?COMMANDSHELL
            CODE    70E3H     0141H     UNIT         ?PR?_PCT_RECOMPENSEYHDELAY?TW28XX_VIDEO
            CODE    7224H     013AH     UNIT         ?PR?PCT_INITOSDCOLOR?OSDCTRL
            CODE    735EH     0129H     UNIT         ?PR?NED
            CODE    7487H     0124H     UNIT         ?PR?_PCT_WRITEOSDFNTX?OSDCTRL
            CODE    75ABH     0124H     UNIT         ?PR?_PCT_WRITEOSDDATABUFFERY?OSDCTRL
            CODE    76CFH     011EH     UNIT         ?PR?PRESS_CHECK?MAIN
            CODE    77EDH     011DH     UNIT         ?PR?_MONISETVIDEOFORMAT?COMMANDSHELL
            CODE    790AH     011BH     UNIT         ?PR?TW28XX_VIDEO
            CODE    7A25H     00F2H     UNIT         ?PR?_PCT_WRITEOSDFNTY?OSDCTRL
            CODE    7B17H     00EFH     UNIT         ?PR?_PCT_RUNCOMMSHELL?COMMANDSHELL
            CODE    7C06H     00E4H     UNIT         ?PR?CAMERA_MOVE?NED
            CODE    7CEAH     00DDH     UNIT         ?PR?TIMER2_INTERRUPT?TIMER
            CODE    7DC7H     00DBH     UNIT         ?PR?_ATOI?ATOI
            CODE    7EA2H     00D9H     UNIT         ?PR?COMMANDSHELL?MAIN
            CODE    7F7BH     00CFH     UNIT         ?PR?MAIN
            CODE    804AH     00CEH     UNIT         ?PR?_SET_PWM_OUTPUT?MAIN
            CODE    8118H     00C3H     UNIT         ?PR?_SETBAUDRATE?NED
            CODE    81DBH     00B8H     UNIT         ?PR?OSDACTION_
            CODE    8293H     00B6H     UNIT         ?PR?_PCT_CLEARWORDSPATHX?OSDCTRL
            CODE    8349H     00ADH     UNIT         ?PR?_SC16_COMCHECK?NED
            CODE    83F6H     00AAH     UNIT         ?PR?_PCT_FULLCOLORONOSD?OSDCTRL
            CODE    84A0H     00A3H     UNIT         ?PR?_TW2835_GET?NED
            CODE    8543H     009BH     UNIT         ?PR?_I2CWRITEDATA?NED
            CODE    85DEH     0099H     UNIT         ?PR?_PCT_SETCHANELSCALE?TW28XX_VIDEO
            CODE    8677H     0098H     UNIT         ?PR?_CHECK_STARTUP?NED
            CODE    870FH     0096H     UNIT         ?PR?CHECK_OTHER_COM?NED
            CODE    87A5H     008EH     UNIT         ?PR?PCT_VIDEOLASTMODIFY?TW28XX_VIDEO
            CODE    8833H     008CH     UNIT         ?C_C51STARTUP
            CODE    88BFH     008CH     UNIT         ?PR?_PCT_READASICBYTE?BUSCTRL
            CODE    894BH     0081H     UNIT         ?PR?_PCT_WRITEASICTABLE?BUSCTRL
            CODE    89CCH     0080H     UNIT         ?PR?SC16_INIT?NED
            CODE    8A4CH     007BH     UNIT         ?PR?_SET_CHANNEL?NED
            CODE    8AC7H     0073H     UNIT         ?PR?_BOUND_SET?NED
BL51 BANKED LINKER/LOCATER V6.22                                                      11/30/2015  19:14:20  PAGE 5


            CODE    8B3AH     0071H     UNIT         ?PR?_PCT_AUDIOMIXCTRL?TW28XX_AUDIO
            CODE    8BABH     0070H     UNIT         ?PR?_PCT_GETFIRSTSTR?COMMANDSHELL
            CODE    8C1BH     006BH     UNIT         ?PR?_PCT_AUDIOGAINCTRL?TW28XX_AUDIO
            CODE    8C86H     006AH     UNIT         ?PR?_I2CWRITEDATA2?NED
            CODE    8CF0H     0069H     UNIT         ?PR?PCT_CHECKSYSTEM?COMMANDSHELL
            CODE    8D59H     0069H     UNIT         ?PR?_GET_DATA?NED
            CODE    8DC2H     0067H     UNIT         ?PR?PCT_TW2835_INITIAL?TW2835_INIT
            CODE    8E29H     0064H     UNIT         ?PR?_PCT_WRITEASICBYTE?BUSCTRL
            CODE    8E8DH     0064H     UNIT         ?PR?_PCT_CHANGESYSTEMTYPE?TW2835_INIT
            CODE    8EF1H     0064H     UNIT         ?PR?_SETLINE?NED
            CODE    8F55H     0063H     UNIT         ?PR?GPIO_CHECK?NED
            CODE    8FB8H     0061H     UNIT         ?PR?_MONISHOWSODSTR?COMMANDSHELL
            CODE    9019H     0061H     UNIT         ?PR?CAMERA_VERSION_CHECK?MAIN
            CODE    907AH     0061H     UNIT         ?PR?_PCT_SHOWGRAPHSTRING?OSD_GRAPH
            CODE    90DBH     005EH     UNIT         ?PR?_PCT_SHOWOSDSTRING?OSDCTRL
            CODE    9139H     005AH     UNIT         ?PR?TEMP_CHECK?MAIN
            CODE    9193H     0059H     UNIT         ?PR?_PCT_SETOSDCOLOR?OSDCTRL
            CODE    91ECH     0056H     UNIT         ?PR?_MONIVIDEOMIXWIN?COMMANDSHELL
            CODE    9242H     0055H     UNIT         ?PR?VERSION_CHECK?MAIN
            CODE    9297H     0052H     UNIT         ?PR?_PCT_WRITESTABLE?BUSCTRL
            CODE    92E9H     0050H     UNIT         ?PR?_WAIT_MS?MAIN
            CODE    9339H     004DH     UNIT         ?PR?_MONIWRITEASICBYTE?COMMANDSHELL
            CODE    9386H     004CH     UNIT         ?PR?PCT_INITIALOSD?OSDACTION_
            CODE    93D2H     004BH     UNIT         ?PR?MONIREGISTERDUMP?COMMANDSHELL
            CODE    941DH     004BH     UNIT         ?PR?_PCT_DETECTVIDEOFORMAT?TW28XX_VIDEO
            CODE    9468H     004AH     UNIT         ?PR?INITIALMPU?MAIN
            CODE    94B2H     004AH     UNIT         ?PR?I2C_ACK2?NED
            CODE    94FCH     004AH     UNIT         ?PR?_SET_CAMERA_SPEED?NED
            CODE    9546H     0048H     UNIT         ?PR?_PCT_CHECKVMIXTYPE?COMMANDSHELL
            CODE    958EH     0048H     UNIT         ?PR?_MONIREADASICBYTE?COMMANDSHELL
            CODE    95D6H     0047H     UNIT         ?PR?_MONIREADPAGEBUFFER?COMMANDSHELL
            CODE    961DH     0047H     UNIT         ?PR?PCT_AUDIOACTIONFORHS?COMMANDSHELL
            CODE    9664H     0047H     UNIT         ?PR?PCT_GETVIDEOSIGNALSTATUS?OSDACTION_
            CODE    96ABH     0047H     UNIT         ?PR?_READI2CWORD?NED
            CODE    96F2H     0047H     UNIT         ?PR?SEND_CAMERA_VER?NED
            CODE    9739H     0047H     UNIT         ?PR?SENT_CAMERA_ANG?NED
            CODE    9780H     0047H     UNIT         ?PR?SENT_CAMERA_RANG?NED
            CODE    97C7H     0047H     UNIT         ?PR?SENT_DVR_VER?NED
            CODE    980EH     0046H     UNIT         ?PR?SEND_CAMERA_PRESS?NED
            CODE    9854H     0046H     UNIT         ?PR?SENT_DVR_YEAR?NED
            CODE    989AH     0045H     UNIT         ?PR?PCT_SHOWMODEICON?OSDACTION_
            CODE    98DFH     0045H     UNIT         ?PR?_GET_CAMERA_IRD?NED
            CODE    9924H     0044H     UNIT         ?C?LDIV
            CODE    9968H     0043H     UNIT         ?PR?PCT_INITIALTW2835?TW2835_INIT
            CODE    99ABH     0041H     UNIT         ?PR?I2CREADDATAWITHACK?NED
            CODE    99ECH     0041H     UNIT         ?PR?_SC16_DATA_RESET?NED
            CODE    9A2DH     0040H     UNIT         ?CO?TW28XX_AUDIO
            CODE    9A6DH     0040H     UNIT         ?PR?_PCT_WINATTRCLEAR?TW28XX_VIDEO
            CODE    9AADH     003DH     UNIT         ?PR?_PCT_STRTOCOMMCODE?COMMANDSHELL
            CODE    9AEAH     003DH     UNIT         ?CO?NED
            CODE    9B27H     003CH     UNIT         ?PR?BUSCTRL
            CODE    9B63H     003CH     UNIT         ?PR?_PCT_WINATTRCTRLY?TW28XX_VIDEO
            CODE    9B9FH     003AH     UNIT         ?PR?MONIVIDEOAUTODETECT?COMMANDSHELL
            CODE    9BD9H     003AH     UNIT         ?PR?SENT_DVR_TEMP?NED
            CODE    9C13H     0039H     UNIT         ?PR?SEND_CAMERA_TEMP?NED
            CODE    9C4CH     0038H     UNIT         ?PR?OSD_GRAPH
            CODE    9C84H     0037H     UNIT         ?PR?_MONIREADONEBUFFER?COMMANDSHELL
BL51 BANKED LINKER/LOCATER V6.22                                                      11/30/2015  19:14:20  PAGE 6


            CODE    9CBBH     0037H     UNIT         ?PR?TW28XX_AUDIO
            CODE    9CF2H     0037H     UNIT         ?PR?I2CREADDATA?NED
            CODE    9D29H     0036H     UNIT         ?PR?_PCT_ENSHOWOSDPAGE?OSDCTRL
            CODE    9D5FH     0036H     UNIT         ?PR?_PCT_AUDIOMIXMUTE?TW28XX_AUDIO
            CODE    9D95H     0035H     UNIT         ?PR?_PUTSP?MAIN
            CODE    9DCAH     0035H     UNIT         ?PR?_PCT_WINATTRCTRL?TW28XX_VIDEO
            CODE    9DFFH     0034H     UNIT         ?PR?_MONIWRITEONEBUFFER?COMMANDSHELL
            CODE    9E33H     0034H     UNIT         ?PR?_PCT_DISSHOWOSDPAGE?OSDCTRL
            CODE    9E67H     0032H     UNIT         ?PR?REPEAT_PWM_COM?NED
            CODE    9E99H     0032H     UNIT         ?PR?SC16_DATACHECK?NED
            CODE    9ECBH     0031H     UNIT         ?PR?_SC16_SENDDATA?NED
            CODE    9EFCH     0030H     UNIT         ?PR?_PCT_AUDIOSELLIVE?TW28XX_AUDIO
            CODE    9F2CH     002EH     UNIT         ?PR?_PCT_SETVIDEOFORMAT?TW28XX_VIDEO
            CODE    9F5AH     002DH     UNIT         ?PR?RS_INTERRUPT?UART
            CODE    9F87H     002DH     UNIT         ?PR?_PWM_SET?MAIN
            CODE    9FB4H     002CH     UNIT         ?PR?_CHKSTARTCOMMSHELL?MAIN
            CODE    9FE0H     002CH     UNIT         ?PR?GET_CAMERA_VER?NED
            CODE    A00CH     002CH     UNIT         ?PR?GET_CAMERA_ANG?NED
            CODE    A038H     002CH     UNIT         ?PR?GET_CAMERA_RANG?NED
            CODE    A064H     002CH     UNIT         ?PR?GET_DVR_TEMP?NED
            CODE    A090H     002CH     UNIT         ?PR?GET_DVR_VER?NED
            CODE    A0BCH     002CH     UNIT         ?PR?GET_DVR_YEAR?NED
            CODE    A0E8H     002CH     UNIT         ?PR?GET_DVR_MD?NED
            CODE    A114H     002CH     UNIT         ?PR?GET_DVR_HS?NED
            CODE    A140H     002BH     UNIT         ?PR?I2CREADDATAWITHACK2?NED
            CODE    A16BH     002BH     UNIT         ?PR?_PING?NED
            CODE    A196H     002AH     UNIT         ?PR?_BCC_CAL?NED
            CODE    A1C0H     002AH     UNIT         ?PR?_PUTS?PUTS
            CODE    A1EAH     0028H     UNIT         ?PR?ADT75_INIT?NED
            CODE    A212H     0027H     UNIT         ?PR?PUTCHAR?PUTCHAR
            CODE    A239H     0026H     UNIT         ?PR?RESETCOMMSELL?MAIN
            CODE    A25FH     0026H     UNIT         ?PR?PCT_OSDACTIONFORHS?OSDACTION_
            CODE    A285H     0026H     UNIT         ?PR?_PCT_WINPOPUPCTRL?TW28XX_VIDEO
            CODE    A2ABH     0025H     UNIT         ?PR?I2CREADDATA2?NED
            CODE    A2D0H     0025H     UNIT         ?PR?_READI2C2?NED
            CODE    A2F5H     0021H     UNIT         ?PR?_ENABLETRANSMIT?NED
            CODE    A316H     0020H     UNIT         ?CO?OSDACTION_
            CODE    A336H     0020H     UNIT         ?PR?_ADC_READ?NED
            CODE    A356H     001FH     UNIT         ?PR?_PCT_SETOSDDRAWPAGE?OSDCTRL
            CODE    A375H     001FH     UNIT         ?PR?_READI2C?NED
            CODE    A394H     001EH     UNIT         ?PR?_WRITEI2CWORD?NED
            CODE    A3B2H     001DH     UNIT         ?PR?INITIALTIMER2?TIMER
            CODE    A3CFH     001AH     UNIT         ?PR?_PCT_CLEAROSDPAGEX?OSDCTRL
            CODE    A3E9H     0019H     UNIT         ?PR?RS_RX?UART
            CODE    A402H     0019H     UNIT         ?PR?TW2835_INIT
            CODE    A41BH     0018H     UNIT         ?PR?_SET_INT?NED
            CODE    A433H     0016H     UNIT         ?PR?INITIALUART?UART
            CODE    A449H     0016H     UNIT         ?PR?_MONIHSCOMMSJMODE?COMMANDSHELL
            CODE    A45FH     0016H     UNIT         ?PR?_PARITY?NED
            CODE    A475H     0015H     UNIT         ?PR?_STRLEN?STRLEN
            CODE    A48AH     0014H     UNIT         ?PR?_MONIAUDIOLIVE?COMMANDSHELL
            CODE    A49EH     0014H     UNIT         ?PR?_PCT_SETYVIDEOMIXING?TW28XX_VIDEO
            CODE    A4B2H     0014H     UNIT         ?PR?I2C_100KHZ?NED
            CODE    A4C6H     0014H     UNIT         ?PR?_WRITEI2C?NED
            CODE    A4DAH     0014H     UNIT         ?PR?GETCHAR?GETCHAR
            CODE    A4EEH     0014H     UNIT         ?PR?_ISSPACE?ISSPACE
            CODE    A502H     0013H     UNIT         ?PR?MONIHSCOMMVERSION?COMMANDSHELL
BL51 BANKED LINKER/LOCATER V6.22                                                      11/30/2015  19:14:20  PAGE 7


            CODE    A515H     0013H     UNIT         ?PR?PCT_TW2835RESETN?TW2835_INIT
            CODE    A528H     0013H     UNIT         ?PR?_WRITEI2C2?NED
            CODE    A53BH     0012H     UNIT         ?PR?_MONIYVIDEOMIX?COMMANDSHELL
            CODE    A54DH     0012H     UNIT         ?PR?I2CSTART?NED
            CODE    A55FH     0012H     UNIT         ?PR?I2CSTART2?NED
            CODE    A571H     0010H     UNIT         ?PR?RS_RXREADY?UART
            CODE    A581H     0010H     UNIT         ?PR?I2C_ACK?NED
            CODE    A591H     0010H     UNIT         ?PR?_POWER_ONOFF?NED
            CODE    A5A1H     000FH     UNIT         ?PR?MONIAUDIOMUTE?COMMANDSHELL
            CODE    A5B0H     000FH     UNIT         ?PR?PWM_INIT?MAIN
            CODE    A5BFH     000FH     UNIT         ?PR?I2CDELAY2?NED
            CODE    A5CEH     000FH     UNIT         ?PR?_SENT_CAMERA_IRD?NED
            CODE    A5DDH     000FH     UNIT         ?PR?_ISDIGIT?ISDIGIT
            CODE    A5ECH     000EH     UNIT         ?PR?_FLUSH?NED
            CODE    A5FAH     000DH     UNIT         ?PR?TIMER0_INTERRUPT?TIMER
            CODE    A607H     000DH     UNIT         ?PR?I2CSTOP?NED
            CODE    A614H     000DH     UNIT         ?PR?I2CSTOP2?NED
            CODE    A621H     000DH     UNIT         ?PR?_READBYTE?NED
            CODE    A62EH     000CH     UNIT         ?PR?INITIALCOMMSHELL?MAIN
            CODE    A63AH     000BH     UNIT         ?PR?UART
            CODE    A645H     000AH     UNIT         ?PR?_PEEK?NED
            CODE    A64FH     000AH     UNIT         ?PR?_GETKEY?_GETKEY
            CODE    A659H     0009H     UNIT         ?PR?NEWLINE?MAIN
            CODE    A662H     0009H     UNIT         ?PR?_PCT_FLASHOSDCTRL?MAIN
            CODE    A66BH     0009H     UNIT         ?PR?INITIALTIMER0?TIMER
            CODE    A674H     0009H     UNIT         ?PR?_GPIOSETPORTMODE?NED
            CODE    A67DH     0009H     UNIT         ?PR?_GPIOSETPORTSTATE?NED
            CODE    A686H     0009H     UNIT         ?PR?_WRITEBYTE?NED
            CODE    A68FH     0009H     UNIT         ?PR?MCTRL_SET?NED
            CODE    A698H     0008H     UNIT         ?PR?PCT_ENFALSHVLOSS?OSDACTION_
            CODE    A6A0H     0008H     UNIT         ?PR?GETCHAR?UNGETCHAR
            CODE    A6A8H     0006H     UNIT         ?PR?PCT_CLEARGRAPHATTR?OSD_GRAPH
            CODE    A6AEH     0006H     UNIT         ?PR?_PCT_PRESETGRAPHATTR?OSD_GRAPH
            CODE    A6B4H     0006H     UNIT         ?PR?_COMMAND_CHECK?NED
            CODE    A6BAH     0006H     UNIT         ?PR?_GPIOGETPORTSTATE?NED
            CODE    A6C0H     0006H     UNIT         ?PR?_FIFOAVAILABLEDATA?NED
            CODE    A6C6H     0006H     UNIT         ?PR?_FIFOAVAILABLESPACE?NED
            CODE    A6CCH     0003H     UNIT         ?PR?_PCT_PRESETFOREGROUNDCOLOR?OSDCTRL
            CODE    A6CFH     0003H     UNIT         ?PR?_PCT_PRESETBACKGROUNDCOLOR?OSDCTRL
            CODE    A6D2H     0001H     UNIT         ?PR?PTC_SWITCHTOI2CMODE?BUSCTRL
            CODE    A6D3H     0001H     UNIT         ?PR?PCT_SENDACK?COMMANDSHELL
            CODE    A6D4H     0001H     UNIT         ?PR?I2CDELAY?NED
            CODE    A6D5H     0001H     UNIT         ?PR?SENT_DVR_MDR?NED
            CODE    A6D6H     0001H     UNIT         ?PR?SENT_DVR_HS?NED



OVERLAY MAP OF MODULE:   .\OBJ\NED_5MCMOS_v0_a_0_XXXX_20151130 (?C_STARTUP)


SEGMENT                                            BIT_GROUP          DATA_GROUP          XDATA_GROUP
  +--> CALLED SEGMENT                           START    LENGTH     START    LENGTH     START    LENGTH
-------------------------------------------------------------------------------------------------------
?C_C51STARTUP                                   -----    -----      -----    -----      -----    -----
  +--> ?PR?MAIN?MAIN
  +--> ?C_INITSEG

BL51 BANKED LINKER/LOCATER V6.22                                                      11/30/2015  19:14:20  PAGE 8


?PR?MAIN?MAIN                                   -----    -----      -----    -----      0000H    0006H
  +--> ?PR?MAIN
  +--> ?PR?INITIALMPU?MAIN
  +--> ?PR?PWM_INIT?MAIN
  +--> ?PR?INITIALCOMMSHELL?MAIN
  +--> ?PR?RESETCOMMSELL?MAIN
  +--> ?PR?_POWER_ONOFF?NED
  +--> ?PR?SC16_INIT?NED
  +--> ?PR?_MONITOR_SET?MAIN
  +--> ?PR?_GPIOGETPORTSTATE?NED
  +--> ?PR?COMMANDSHELL?MAIN
  +--> ?PR?_PCT_RUNCOMMSHELL?COMMANDSHELL
  +--> ?PR?PCT_CHECKSYSTEM?COMMANDSHELL
  +--> ?PR?RS_RXREADY?UART
  +--> ?PR?PCT_GETVIDEOSIGNALSTATUS?OSDACTION_
  +--> ?PR?GPIO_CHECK?NED
  +--> ?PR?CAMERA_MOVE?NED
  +--> ?PR?_SC16_DATA_RESET?NED
  +--> ?PR?SC16_DATACHECK?NED
  +--> ?PR?_SET_CAMERA_SPEED?NED

?PR?INITIALMPU?MAIN                             -----    -----      -----    -----      -----    -----
  +--> ?PR?INITIALUART?UART
  +--> ?PR?INITIALTIMER0?TIMER
  +--> ?PR?INITIALTIMER2?TIMER

?PR?RESETCOMMSELL?MAIN                          -----    -----      -----    -----      -----    -----
  +--> ?PR?MAIN

?PR?_POWER_ONOFF?NED                            -----    -----      -----    -----      -----    -----
  +--> ?PR?_WAIT_MS?MAIN

?PR?_WAIT_MS?MAIN                               -----    -----      -----    -----      01D5H    0004H

?PR?SC16_INIT?NED                               -----    -----      -----    -----      0006H    0001H
  +--> ?PR?_WAIT_MS?MAIN
  +--> ?PR?NED
  +--> ?PR?_RESETDEVICE?NED
  +--> ?PR?_SETBAUDRATE?NED
  +--> ?PR?_SETLINE?NED
  +--> ?PR?_WRITEI2C?NED
  +--> ?PR?_GPIOSETPORTMODE?NED
  +--> ?PR?_GPIOSETPORTSTATE?NED

?PR?NED                                         -----    -----      -----    -----      -----    -----
  +--> ?PR?I2CDELAY2?NED

?PR?_RESETDEVICE?NED                            -----    -----      -----    -----      -----    -----
  +--> ?PR?_READI2C?NED
  +--> ?PR?_WRITEI2C?NED

?PR?_READI2C?NED                                -----    -----      -----    -----      -----    -----
  +--> ?PR?I2CSTART?NED
  +--> ?PR?_I2CWRITEDATA?NED
  +--> ?PR?NED
  +--> ?PR?I2CREADDATA?NED
  +--> ?PR?I2CSTOP?NED
BL51 BANKED LINKER/LOCATER V6.22                                                      11/30/2015  19:14:20  PAGE 9



?PR?I2CSTART?NED                                -----    -----      -----    -----      -----    -----
  +--> ?PR?I2CDELAY?NED

?PR?I2CDELAY?NED                                -----    -----      -----    -----      01DDH    0002H

?PR?_I2CWRITEDATA?NED                           -----    -----      -----    -----      -----    -----
  +--> ?PR?NED
  +--> ?PR?I2CDELAY?NED

?PR?I2CREADDATA?NED                             -----    -----      -----    -----      -----    -----
  +--> ?PR?I2CDELAY?NED

?PR?I2CSTOP?NED                                 -----    -----      -----    -----      -----    -----
  +--> ?PR?I2CDELAY?NED

?PR?_WRITEI2C?NED                               -----    -----      -----    -----      -----    -----
  +--> ?PR?I2CSTART?NED
  +--> ?PR?_I2CWRITEDATA?NED
  +--> ?PR?NED
  +--> ?PR?I2CSTOP?NED

?PR?_SETBAUDRATE?NED                            -----    -----      -----    -----      0007H    000AH
  +--> ?PR?_READI2C?NED
  +--> ?PR?_WRITEI2C?NED

?PR?_SETLINE?NED                                -----    -----      -----    -----      0007H    0004H
  +--> ?PR?_READI2C?NED
  +--> ?PR?_WRITEI2C?NED

?PR?_GPIOSETPORTMODE?NED                        -----    -----      -----    -----      -----    -----
  +--> ?PR?_WRITEI2C?NED

?PR?_GPIOSETPORTSTATE?NED                       -----    -----      -----    -----      -----    -----
  +--> ?PR?_WRITEI2C?NED

?PR?_MONITOR_SET?MAIN                           -----    -----      -----    -----      0006H    01CFH
  +--> ?CO?MAIN
  +--> ?PR?MAIN
  +--> ?PR?PCT_INITIALTW2835?TW2835_INIT
  +--> ?PR?_PCT_RUNCOMMSHELL?COMMANDSHELL
  +--> ?PR?_PCT_WRITEASICBYTE?BUSCTRL
  +--> ?PR?_BOUND_SET?NED

?PR?PCT_INITIALTW2835?TW2835_INIT               -----    -----      -----    -----      -----    -----
  +--> ?PR?PCT_TW2835RESETN?TW2835_INIT
  +--> ?PR?_PCT_READASICBYTE?BUSCTRL
  +--> ?PR?_PCT_DETECTVIDEOFORMAT?TW28XX_VIDEO
  +--> ?PR?_WAIT_MS?MAIN
  +--> ?PR?PCT_TW2835_INITIAL?TW2835_INIT
  +--> ?PR?PCT_INITIALOSD?OSDACTION_

?PR?_PCT_READASICBYTE?BUSCTRL                   -----    -----      -----    -----      01F2H    0004H
  +--> ?PR?MCTRL_SET?NED
  +--> ?PR?BUSCTRL

?PR?_PCT_DETECTVIDEOFORMAT?TW28XX_VIDEO         -----    -----      -----    -----      01D5H    0002H
BL51 BANKED LINKER/LOCATER V6.22                                                      11/30/2015  19:14:20  PAGE 10


  +--> ?PR?_PCT_READASICBYTE?BUSCTRL

?PR?PCT_TW2835_INITIAL?TW2835_INIT              -----    -----      -----    -----      01D5H    0002H
  +--> ?PR?TW2835_INIT
  +--> ?CO?TW2835_INIT
  +--> ?PR?_PCT_WRITEASICTABLE?BUSCTRL

?PR?TW2835_INIT                                 -----    -----      -----    -----      -----    -----
  +--> ?CO?TW2835_INIT

?PR?_PCT_WRITEASICTABLE?BUSCTRL                 -----    -----      -----    -----      01D7H    0007H
  +--> ?PR?BUSCTRL
  +--> ?PR?MCTRL_SET?NED

?PR?PCT_INITIALOSD?OSDACTION_                   -----    -----      002FH    0001H      -----    -----
  +--> ?PR?PCT_INITOSDCOLOR?OSDCTRL
  +--> ?PR?PCT_CLEARGRAPHATTR?OSD_GRAPH
  +--> ?PR?_PCT_PRESETFOREGROUNDCOLOR?OSDCTRL
  +--> ?PR?_PCT_PRESETBACKGROUNDCOLOR?OSDCTRL
  +--> ?PR?_PCT_ENSHOWOSDPAGE?OSDCTRL
  +--> ?PR?_PCT_SETOSDDRAWPAGE?OSDCTRL
  +--> ?PR?_PCT_FULLCOLORONOSD?OSDCTRL

?PR?PCT_INITOSDCOLOR?OSDCTRL                    -----    -----      -----    -----      -----    -----
  +--> ?PR?_PCT_WRITEASICBYTE?BUSCTRL
  +--> ?PR?OSDCTRL
  +--> ?PR?_PCT_SETOSDCOLOR?OSDCTRL

?PR?_PCT_WRITEASICBYTE?BUSCTRL                  -----    -----      -----    -----      01F2H    0004H
  +--> ?PR?BUSCTRL
  +--> ?PR?MCTRL_SET?NED

?PR?OSDCTRL                                     -----    -----      -----    -----      -----    -----
  +--> ?CO?OSDCTRL

?PR?_PCT_SETOSDCOLOR?OSDCTRL                    -----    -----      -----    -----      01D5H    0005H
  +--> ?PR?_PCT_WRITEASICBYTE?BUSCTRL

?PR?_PCT_ENSHOWOSDPAGE?OSDCTRL                  -----    -----      -----    -----      01DDH    0001H
  +--> ?PR?OSDCTRL
  +--> ?PR?_PCT_WRITEASICBYTE?BUSCTRL
  +--> ?PR?_PCT_READASICBYTE?BUSCTRL

?PR?_PCT_SETOSDDRAWPAGE?OSDCTRL                 -----    -----      -----    -----      01DDH    0001H
  +--> ?PR?OSDCTRL
  +--> ?PR?_PCT_READASICBYTE?BUSCTRL
  +--> ?PR?_PCT_WRITEASICBYTE?BUSCTRL

?PR?_PCT_FULLCOLORONOSD?OSDCTRL                 -----    -----      -----    -----      01DDH    0006H
  +--> ?PR?OSDCTRL
  +--> ?PR?_PCT_WRITEASICBYTE?BUSCTRL
  +--> ?PR?_PCT_READASICBYTE?BUSCTRL

?PR?_PCT_RUNCOMMSHELL?COMMANDSHELL              -----    -----      -----    -----      01D5H    0008H
  +--> ?PR?COMMANDSHELL
  +--> ?PR?_PCT_GETFIRSTSTR?COMMANDSHELL
  +--> ?PR?_PCT_STRTOCOMMCODE?COMMANDSHELL
BL51 BANKED LINKER/LOCATER V6.22                                                      11/30/2015  19:14:20  PAGE 11


  +--> ?CO?COMMANDSHELL
  +--> ?PR?_MONIWRITEASICBYTE?COMMANDSHELL
  +--> ?PR?_MONIYVIDEOMIX?COMMANDSHELL
  +--> ?PR?_MONIHSCOMM?COMMANDSHELL
  +--> ?PR?PCT_OSDACTIONFORHS?OSDACTION_
  +--> ?PR?_PCT_FLASHOSDCTRL?MAIN
  +--> ?PR?_MONIHSCOMMSJMODE?COMMANDSHELL
  +--> ?PR?REPEAT_PWM_COM?NED
  +--> ?PR?_PWM_SET?MAIN

?PR?COMMANDSHELL                                -----    -----      -----    -----      -----    -----
  +--> ?CO?COMMANDSHELL
  +--> ?PR?PCT_SENDACK?COMMANDSHELL

?PR?_PCT_GETFIRSTSTR?COMMANDSHELL               -----    -----      -----    -----      01DDH    0006H
  +--> ?PR?COMMANDSHELL

?PR?_PCT_STRTOCOMMCODE?COMMANDSHELL             -----    -----      002FH    0002H      01DDH    0003H
  +--> ?PR?COMMANDSHELL

?PR?_MONIWRITEASICBYTE?COMMANDSHELL             -----    -----      002FH    0004H      -----    -----
  +--> ?PR?COMMANDSHELL
  +--> ?CO?COMMANDSHELL
  +--> ?PR?SCANF?SCANF
  +--> ?PR?_PCT_WRITEASICBYTE?BUSCTRL

?PR?SCANF?SCANF                                 0023H.0  0000H.6    0033H    0005H      01DDH    002EH
  +--> ?PR?GETCHAR?UNGETCHAR
  +--> ?PR?_ISSPACE?ISSPACE
  +--> ?PR?GETCHAR?GETCHAR

?PR?GETCHAR?GETCHAR                             -----    -----      -----    -----      -----    -----
  +--> ?PR?_GETKEY?_GETKEY
  +--> ?PR?PUTCHAR?PUTCHAR

?PR?_MONIYVIDEOMIX?COMMANDSHELL                 -----    -----      002FH    0001H      -----    -----
  +--> ?PR?COMMANDSHELL
  +--> ?PR?SCANF?SCANF
  +--> ?PR?_PCT_SETYVIDEOMIXING?TW28XX_VIDEO

?PR?_PCT_SETYVIDEOMIXING?TW28XX_VIDEO           -----    -----      -----    -----      -----    -----
  +--> ?CO?TW28XX_VIDEO
  +--> ?PR?_PCT_WRITESTABLE?BUSCTRL

?PR?_PCT_WRITESTABLE?BUSCTRL                    -----    -----      -----    -----      01E4H    0003H
  +--> ?PR?BUSCTRL
  +--> ?PR?_PCT_READASICBYTE?BUSCTRL
  +--> ?PR?_PCT_WRITEASICBYTE?BUSCTRL

?PR?_MONIHSCOMM?COMMANDSHELL                    -----    -----      002FH    0003H      -----    -----
  +--> ?PR?COMMANDSHELL
  +--> ?CO?COMMANDSHELL
  +--> ?PR?SCANF?SCANF
  +--> ?PR?_PCT_WINATTRCTRLY?TW28XX_VIDEO
  +--> ?PR?_PCT_RECOMPENSEYHDELAY?TW28XX_VIDEO
  +--> ?PR?_PCT_SETVIDEOHDELAY?TW28XX_VIDEO
  +--> ?PR?_PCT_SETXVIDEOMIXING?TW28XX_VIDEO
BL51 BANKED LINKER/LOCATER V6.22                                                      11/30/2015  19:14:20  PAGE 12


  +--> ?PR?_PCT_WINATTRCTRL?TW28XX_VIDEO
  +--> ?PR?_PCT_FLASHOSDCTRL?MAIN
  +--> ?PR?_PCT_CHECKVMIXTYPE?COMMANDSHELL
  +--> ?PR?_PCT_DISSHOWOSDPAGE?OSDCTRL
  +--> ?PR?_PCT_CLEAROSDPAGEX?OSDCTRL
  +--> ?PR?PCT_SHOWMODEICON?OSDACTION_
  +--> ?PR?_PCT_OSD_ACTIONPTHX?OSDACTION_

?PR?_PCT_WINATTRCTRLY?TW28XX_VIDEO              -----    -----      -----    -----      01DDH    0003H
  +--> ?PR?TW28XX_VIDEO
  +--> ?PR?_PCT_READASICBYTE?BUSCTRL
  +--> ?PR?_PCT_WRITEASICBYTE?BUSCTRL

?PR?TW28XX_VIDEO                                -----    -----      -----    -----      -----    -----
  +--> ?CO?TW28XX_VIDEO

?PR?_PCT_RECOMPENSEYHDELAY?TW28XX_VIDEO         -----    -----      -----    -----      01DDH    0003H
  +--> ?PR?TW28XX_VIDEO
  +--> ?PR?_PCT_READASICBYTE?BUSCTRL
  +--> ?CO?TW28XX_VIDEO
  +--> ?PR?_PCT_WRITEASICBYTE?BUSCTRL

?PR?_PCT_SETVIDEOHDELAY?TW28XX_VIDEO            -----    -----      -----    -----      01DDH    0008H
  +--> ?PR?TW28XX_VIDEO
  +--> ?PR?_PCT_READASICBYTE?BUSCTRL
  +--> ?PR?_PCT_WRITEASICBYTE?BUSCTRL
  +--> ?CO?TW28XX_VIDEO

?PR?_PCT_SETXVIDEOMIXING?TW28XX_VIDEO           -----    -----      -----    -----      01DDH    0007H
  +--> ?PR?TW28XX_VIDEO
  +--> ?PR?_PCT_WRITEASICBYTE?BUSCTRL
  +--> ?CO?TW28XX_VIDEO
  +--> ?PR?_PCT_SETCHANELSCALE?TW28XX_VIDEO
  +--> ?PR?_PCT_WRITESTABLE?BUSCTRL

?PR?_PCT_SETCHANELSCALE?TW28XX_VIDEO            -----    -----      -----    -----      01E4H    0008H
  +--> ?PR?TW28XX_VIDEO
  +--> ?CO?TW28XX_VIDEO
  +--> ?PR?_PCT_WRITEASICBYTE?BUSCTRL

?PR?_PCT_WINATTRCTRL?TW28XX_VIDEO               -----    -----      -----    -----      01DDH    0003H
  +--> ?PR?TW28XX_VIDEO
  +--> ?PR?_PCT_READASICBYTE?BUSCTRL
  +--> ?PR?_PCT_WRITEASICBYTE?BUSCTRL

?PR?_PCT_CHECKVMIXTYPE?COMMANDSHELL             -----    -----      0032H    0001H      -----    -----
  +--> ?PR?COMMANDSHELL

?PR?_PCT_DISSHOWOSDPAGE?OSDCTRL                 -----    -----      -----    -----      01DDH    0003H
  +--> ?PR?OSDCTRL
  +--> ?PR?_PCT_READASICBYTE?BUSCTRL
  +--> ?PR?_PCT_WRITEASICBYTE?BUSCTRL

?PR?_PCT_CLEAROSDPAGEX?OSDCTRL                  -----    -----      -----    -----      -----    -----
  +--> ?PR?_PCT_SETOSDDRAWPAGE?OSDCTRL
  +--> ?PR?_PCT_PRESETBACKGROUNDCOLOR?OSDCTRL
  +--> ?PR?_PCT_FULLCOLORONOSD?OSDCTRL
BL51 BANKED LINKER/LOCATER V6.22                                                      11/30/2015  19:14:20  PAGE 13



?PR?PCT_SHOWMODEICON?OSDACTION_                 -----    -----      -----    -----      -----    -----
  +--> ?PR?_PCT_SETOSDDRAWPAGE?OSDCTRL
  +--> ?PR?OSDACTION_
  +--> ?CO?OSDACTION_
  +--> ?PR?_PCT_SHOWGRAPHSTRING?OSD_GRAPH
  +--> ?PR?_PCT_PRESETBACKGROUNDCOLOR?OSDCTRL
  +--> ?PR?_PCT_PRESETFOREGROUNDCOLOR?OSDCTRL

?PR?OSDACTION_                                  -----    -----      -----    -----      -----    -----
  +--> ?CO?OSDACTION_

?PR?_PCT_SHOWGRAPHSTRING?OSD_GRAPH              -----    -----      -----    -----      01E0H    0007H
  +--> ?PR?OSD_GRAPH
  +--> ?PR?_STRLEN?STRLEN
  +--> ?PR?_PCT_OSD16X16GRAPHX?OSD_GRAPH
  +--> ?PR?PTC_SWITCHTOI2CMODE?BUSCTRL

?PR?_PCT_OSD16X16GRAPHX?OSD_GRAPH               -----    -----      -----    -----      01E7H    000BH
  +--> ?CO?OSD_GRAPH
  +--> ?PR?OSD_GRAPH
  +--> ?PR?_PCT_WRITEASICBYTE?BUSCTRL
  +--> ?PR?_PCT_READASICBYTE?BUSCTRL

?PR?_PCT_OSD_ACTIONPTHX?OSDACTION_              -----    -----      -----    -----      01DDH    0003H
  +--> ?PR?OSDACTION_
  +--> ?PR?_PCT_PRESETFOREGROUNDCOLOR?OSDCTRL
  +--> ?PR?_PCT_PRESETBACKGROUNDCOLOR?OSDCTRL
  +--> ?PR?_PCT_SHOWGRAPHSTRING?OSD_GRAPH

?PR?PCT_OSDACTIONFORHS?OSDACTION_               -----    -----      -----    -----      -----    -----
  +--> ?PR?_PCT_SETOSDDRAWPAGE?OSDCTRL
  +--> ?PR?_PCT_SHOWMIRRORICON?OSDACTION_
  +--> ?PR?_PCT_SHOWINDICATEICON?OSDACTION_
  +--> ?PR?PCT_ENFALSHVLOSS?OSDACTION_
  +--> ?PR?_PCT_ENSHOWOSDPAGE?OSDCTRL

?PR?_PCT_SHOWMIRRORICON?OSDACTION_              -----    -----      -----    -----      01DDH    0003H
  +--> ?PR?OSDACTION_
  +--> ?PR?_PCT_PRESETFOREGROUNDCOLOR?OSDCTRL
  +--> ?PR?_PCT_CLEARWORDSPATHX?OSDCTRL
  +--> ?PR?_PCT_SHOWGRAPHSTRING?OSD_GRAPH
  +--> ?CO?OSDACTION_

?PR?_PCT_CLEARWORDSPATHX?OSDCTRL                -----    -----      -----    -----      01E0H    0007H
  +--> ?PR?OSDCTRL
  +--> ?PR?_PCT_WRITEASICBYTE?BUSCTRL
  +--> ?PR?_PCT_READASICBYTE?BUSCTRL

?PR?_PCT_SHOWINDICATEICON?OSDACTION_            -----    -----      002FH    0001H      01DDH    0003H
  +--> ?PR?OSDACTION_
  +--> ?PR?_PCT_PRESETFOREGROUNDCOLOR?OSDCTRL
  +--> ?PR?_PCT_SHOWGRAPHSTRING?OSD_GRAPH
  +--> ?PR?_PCT_CLEARWORDSPATHX?OSDCTRL
  +--> ?CO?OSDACTION_

?PR?_MONIHSCOMMSJMODE?COMMANDSHELL              -----    -----      -----    -----      -----    -----
BL51 BANKED LINKER/LOCATER V6.22                                                      11/30/2015  19:14:20  PAGE 14


  +--> ?PR?COMMANDSHELL
  +--> ?CO?COMMANDSHELL
  +--> ?PR?SCANF?SCANF

?PR?REPEAT_PWM_COM?NED                          -----    -----      -----    -----      -----    -----
  +--> ?PR?_WRITEBYTE?NED

?PR?_WRITEBYTE?NED                              -----    -----      -----    -----      -----    -----
  +--> ?PR?_WRITEI2C?NED

?PR?_PWM_SET?MAIN                               -----    -----      -----    -----      -----    -----
  +--> ?PR?MAIN
  +--> ?PR?_SET_PWM_OUTPUT?MAIN

?PR?_SET_PWM_OUTPUT?MAIN                        -----    -----      -----    -----      01DDH    0008H
  +--> ?CO?MAIN
  +--> ?PR?MAIN

?PR?_BOUND_SET?NED                              -----    -----      -----    -----      01D5H    0004H
  +--> ?CO?NED
  +--> ?PR?NED
  +--> ?PR?_PCT_WRITEASICBYTE?BUSCTRL

?PR?_GPIOGETPORTSTATE?NED                       -----    -----      -----    -----      -----    -----
  +--> ?PR?_READI2C?NED

?PR?COMMANDSHELL?MAIN                           -----    -----      002FH    0001H      -----    -----
  +--> ?PR?RS_RXREADY?UART
  +--> ?PR?RS_RX?UART
  +--> ?PR?MAIN
  +--> ?PR?_SC16_BCC_CHECK?NED
  +--> ?PR?RESETCOMMSELL?MAIN

?PR?RS_RX?UART                                  -----    -----      -----    -----      -----    -----
  +--> ?PR?UART

?PR?_SC16_BCC_CHECK?NED                         -----    -----      -----    -----      0006H    0006H
  +--> ?PR?NED
  +--> ?PR?_RS_TX?UART
  +--> ?PR?_WRITEBYTE?NED
  +--> ?PR?SEND_CAMERA_TEMP?NED
  +--> ?PR?SEND_CAMERA_PRESS?NED
  +--> ?PR?SENT_CAMERA_ANG?NED
  +--> ?PR?SENT_CAMERA_RANG?NED
  +--> ?PR?_SENT_CAMERA_IRD?NED
  +--> ?PR?SENT_DVR_TEMP?NED
  +--> ?PR?VERSION_CHECK?MAIN
  +--> ?PR?CAMERA_VERSION_CHECK?MAIN
  +--> ?PR?CHECK_OTHER_COM?NED
  +--> ?PR?_SC16_SENDDATA?NED

?PR?SEND_CAMERA_TEMP?NED                        -----    -----      -----    -----      000CH    0001H
  +--> ?PR?NED
  +--> ?PR?_BCC_CAL?NED
  +--> ?PR?_RS_TX?UART

?PR?_BCC_CAL?NED                                -----    -----      -----    -----      000DH    0002H
BL51 BANKED LINKER/LOCATER V6.22                                                      11/30/2015  19:14:20  PAGE 15



?PR?SEND_CAMERA_PRESS?NED                       -----    -----      -----    -----      000CH    0001H
  +--> ?PR?NED
  +--> ?PR?_BCC_CAL?NED
  +--> ?PR?_RS_TX?UART

?PR?SENT_CAMERA_ANG?NED                         -----    -----      -----    -----      000CH    0001H
  +--> ?PR?NED
  +--> ?PR?_BCC_CAL?NED
  +--> ?PR?_RS_TX?UART

?PR?SENT_CAMERA_RANG?NED                        -----    -----      -----    -----      000CH    0001H
  +--> ?PR?NED
  +--> ?PR?_BCC_CAL?NED
  +--> ?PR?_RS_TX?UART

?PR?_SENT_CAMERA_IRD?NED                        -----    -----      -----    -----      000CH    0003H
  +--> ?PR?_RS_TX?UART

?PR?SENT_DVR_TEMP?NED                           -----    -----      -----    -----      000CH    0001H
  +--> ?PR?NED
  +--> ?PR?_BCC_CAL?NED
  +--> ?PR?_RS_TX?UART

?PR?VERSION_CHECK?MAIN                          -----    -----      -----    -----      000CH    0001H
  +--> ?PR?MAIN
  +--> ?PR?_RS_TX?UART

?PR?CAMERA_VERSION_CHECK?MAIN                   -----    -----      -----    -----      000CH    0001H
  +--> ?PR?MAIN
  +--> ?PR?_RS_TX?UART

?PR?CHECK_OTHER_COM?NED                         -----    -----      -----    -----      -----    -----
  +--> ?PR?_RS_TX?UART

?PR?_SC16_SENDDATA?NED                          -----    -----      -----    -----      000CH    0002H
  +--> ?PR?_WRITEBYTE?NED

?PR?PCT_CHECKSYSTEM?COMMANDSHELL                -----    -----      -----    -----      -----    -----
  +--> ?PR?_PCT_DETECTVIDEOFORMAT?TW28XX_VIDEO
  +--> ?PR?_PCT_ENSHOWOSDPAGE?OSDCTRL
  +--> ?PR?_PCT_CHANGESYSTEMTYPE?TW2835_INIT
  +--> ?PR?_PCT_RECOMPENSEYHDELAY?TW28XX_VIDEO
  +--> ?PR?COMMANDSHELL
  +--> ?PR?_PCT_SETVIDEOHDELAY?TW28XX_VIDEO
  +--> ?PR?_PCT_SETXVIDEOMIXING?TW28XX_VIDEO
  +--> ?PR?_PCT_CLEAROSDPAGEX?OSDCTRL
  +--> ?PR?PCT_SHOWMODEICON?OSDACTION_
  +--> ?PR?_PCT_OSD_ACTIONPTHX?OSDACTION_
  +--> ?PR?PCT_OSDACTIONFORHS?OSDACTION_

?PR?_PCT_CHANGESYSTEMTYPE?TW2835_INIT           -----    -----      -----    -----      0006H    0002H
  +--> ?PR?TW2835_INIT
  +--> ?CO?TW2835_INIT
  +--> ?PR?_PCT_WRITEASICTABLE?BUSCTRL

?PR?PCT_GETVIDEOSIGNALSTATUS?OSDACTION_         -----    -----      -----    -----      -----    -----
BL51 BANKED LINKER/LOCATER V6.22                                                      11/30/2015  19:14:20  PAGE 16


  +--> ?PR?_PCT_READASICBYTE?BUSCTRL
  +--> ?PR?_PCT_WRITEASICBYTE?BUSCTRL
  +--> ?PR?_PCT_PRESETFOREGROUNDCOLOR?OSDCTRL
  +--> ?PR?_PCT_PRESETGRAPHATTR?OSD_GRAPH
  +--> ?PR?PCT_CLEARGRAPHATTR?OSD_GRAPH

?PR?GPIO_CHECK?NED                              -----    -----      -----    -----      0006H    0002H
  +--> ?PR?_GPIOGETPORTSTATE?NED

?PR?CAMERA_MOVE?NED                             -----    -----      -----    -----      0006H    000DH
  +--> ?CO?NED
  +--> ?PR?NED
  +--> ?PR?_WRITEBYTE?NED

?PR?_SC16_DATA_RESET?NED                        -----    -----      -----    -----      -----    -----
  +--> ?PR?TEMP_CHECK?MAIN
  +--> ?PR?PRESS_CHECK?MAIN
  +--> ?PR?GET_CAMERA_ANG?NED
  +--> ?PR?GET_CAMERA_RANG?NED
  +--> ?PR?GET_DVR_TEMP?NED
  +--> ?PR?GET_CAMERA_VER?NED

?PR?TEMP_CHECK?MAIN                             -----    -----      -----    -----      -----    -----
  +--> ?PR?_READI2CWORD?NED

?PR?_READI2CWORD?NED                            -----    -----      -----    -----      0006H    0002H
  +--> ?PR?I2CSTART?NED
  +--> ?PR?_I2CWRITEDATA?NED
  +--> ?PR?I2CREADDATAWITHACK?NED
  +--> ?PR?I2CREADDATA?NED
  +--> ?PR?I2CSTOP?NED

?PR?I2CREADDATAWITHACK?NED                      -----    -----      -----    -----      -----    -----
  +--> ?PR?I2CDELAY?NED

?PR?PRESS_CHECK?MAIN                            -----    -----      -----    -----      0006H    0007H
  +--> ?PR?MAIN
  +--> ?PR?_ADC_READ?NED

?PR?GET_CAMERA_ANG?NED                          -----    -----      -----    -----      -----    -----
  +--> ?PR?_WRITEBYTE?NED

?PR?GET_CAMERA_RANG?NED                         -----    -----      -----    -----      -----    -----
  +--> ?PR?_WRITEBYTE?NED

?PR?GET_DVR_TEMP?NED                            -----    -----      -----    -----      -----    -----
  +--> ?PR?_WRITEBYTE?NED

?PR?GET_CAMERA_VER?NED                          -----    -----      -----    -----      -----    -----
  +--> ?PR?_WRITEBYTE?NED

?PR?SC16_DATACHECK?NED                          -----    -----      -----    -----      0006H    0003H
  +--> ?PR?_SC16_SENDDATASELECT?NED

?PR?_SC16_SENDDATASELECT?NED                    -----    -----      -----    -----      0009H    0009H
  +--> ?PR?NED
  +--> ?PR?_READI2C?NED
BL51 BANKED LINKER/LOCATER V6.22                                                      11/30/2015  19:14:20  PAGE 17


  +--> ?PR?_READBYTE?NED
  +--> ?PR?_RS_TX?UART
  +--> ?CO?NED
  +--> ?PR?PRINTF?PRINTF
  +--> ?PR?_SC16_COMCHECK?NED

?PR?_READBYTE?NED                               -----    -----      -----    -----      0012H    0001H
  +--> ?PR?_READI2C?NED

?PR?PRINTF?PRINTF                               0023H.0  0001H.1    002FH    0005H      0012H    0028H
  +--> ?PR?PUTCHAR?PUTCHAR

?PR?_SC16_COMCHECK?NED                          -----    -----      -----    -----      0012H    0002H
  +--> ?PR?NED

?PR?_SET_CAMERA_SPEED?NED                       -----    -----      -----    -----      -----    -----
  +--> ?PR?_WRITEBYTE?NED

*** NEW ROOT ***************************************************

?PR?RS_INTERRUPT?UART                           -----    -----      -----    -----      -----    -----
  +--> ?PR?UART



SYMBOL TABLE OF MODULE:  .\OBJ\NED_5MCMOS_v0_a_0_XXXX_20151130 (?C_STARTUP)

  VALUE           TYPE          NAME
  ----------------------------------

  -------         MODULE        ?C_STARTUP
  C:8833H         SEGMENT       ?C_C51STARTUP
  I:0062H         SEGMENT       ?STACK
  C:0000H         PUBLIC        ?C_STARTUP
  D:00E0H         SYMBOL        ACC
  D:00F0H         SYMBOL        B
  D:0083H         SYMBOL        DPH
  D:0082H         SYMBOL        DPL
  N:0000H         SYMBOL        IBPSTACK
  N:0100H         SYMBOL        IBPSTACKTOP
  N:0080H         SYMBOL        IDATALEN
  C:8836H         SYMBOL        IDATALOOP
  N:0000H         SYMBOL        PBPSTACK
  N:0100H         SYMBOL        PBPSTACKTOP
  N:0000H         SYMBOL        PDATALEN
  N:0000H         SYMBOL        PDATASTART
  N:0000H         SYMBOL        PPAGE
  N:0000H         SYMBOL        PPAGEENABLE
  D:00A0H         SYMBOL        PPAGE_SFR
  D:0081H         SYMBOL        SP
  C:8833H         SYMBOL        STARTUP1
  N:0000H         SYMBOL        XBPSTACK
  N:0000H         SYMBOL        XBPSTACKTOP
  N:0000H         SYMBOL        XDATALEN
  N:0000H         SYMBOL        XDATASTART
  C:0000H         LINE#         126
  C:8833H         LINE#         133
BL51 BANKED LINKER/LOCATER V6.22                                                      11/30/2015  19:14:20  PAGE 18


  C:8835H         LINE#         134
  C:8836H         LINE#         135
  C:8837H         LINE#         136
  C:8839H         LINE#         185
  C:883CH         LINE#         196
  -------         ENDMOD        ?C_STARTUP

  -------         MODULE        UART
  C:0000H         SYMBOL        _ICE_DUMMY_
  D:0080H         PUBLIC        P0
  D:0090H         PUBLIC        P1
  D:00A0H         PUBLIC        P2
  D:00C0H         PUBLIC        XICON
  D:00B0H         PUBLIC        P3
  D:00E8H         PUBLIC        P4
  C:A433H         PUBLIC        InitialUART
  D:00A8H         PUBLIC        IE
  X:028DH         PUBLIC        RS_RECVBUF
  B:00A8H.4       PUBLIC        ES
  D:00B8H         PUBLIC        IP
  B:0098H.0       PUBLIC        RI
  B:0098H.1       PUBLIC        TI
  B:00B8H.4       PUBLIC        PS
  D:00D8H         PUBLIC        CCON
  D:0099H         PUBLIC        SBUF
  D:00C0H         PUBLIC        WDTC
  D:0098H         PUBLIC        SCON
  D:0088H         PUBLIC        TCON
  C:A571H         PUBLIC        RS_RxReady
  D:008DH         PUBLIC        TH1
  D:008BH         PUBLIC        TL1
  X:02F1H         PUBLIC        RsRxRp
  B:0088H.6       PUBLIC        TR1
  X:02F2H         PUBLIC        RsRxWp
  D:00F8H         PUBLIC        IPA
  D:00C8H         PUBLIC        T2CON
  C:A3E9H         PUBLIC        RS_rx
  C:0003H         PUBLIC        _RS_tx
  C:9F5AH         PUBLIC        RS_interrupt
  D:00D0H         PUBLIC        PSW
  C:A63AH         SYMBOL        Com000E
  C:A63AH         SYMBOL        L?0015
  -------         PROC          COM000E
  -------         ENDPROC       COM000E
  -------         PROC          INITIALUART
  C:A433H         LINE#         75
  C:A433H         LINE#         76
  C:A433H         LINE#         79
  C:A435H         LINE#         80
  C:A437H         LINE#         84
  C:A43AH         LINE#         99
  C:A43DH         LINE#         103
  C:A440H         LINE#         104
  C:A442H         LINE#         106
  C:A446H         LINE#         107
  C:A448H         LINE#         108
  -------         ENDPROC       INITIALUART
BL51 BANKED LINKER/LOCATER V6.22                                                      11/30/2015  19:14:20  PAGE 19


  -------         PROC          RS_RXREADY
  C:A571H         LINE#         114
  C:A571H         LINE#         115
  C:A571H         LINE#         116
  C:A57EH         LINE#         117
  C:A580H         LINE#         118
  -------         ENDPROC       RS_RXREADY
  -------         PROC          RS_RX
  -------         DO            
  D:0007H         SYMBOL        ret
  -------         ENDDO         
  C:A3E9H         LINE#         124
  C:A3E9H         LINE#         125
  C:A3E9H         LINE#         131
  C:A3F1H         LINE#         132
  C:A3F7H         LINE#         133
  C:A3FDH         LINE#         134
  C:A3FFH         LINE#         138
  C:A401H         LINE#         140
  C:A401H         LINE#         141
  -------         ENDPROC       RS_RX
  -------         PROC          _RS_TX
  D:0007H         SYMBOL        tx_buf
  C:0003H         LINE#         147
  C:0003H         LINE#         148
  C:0003H         LINE#         166
  C:0003H         LINE#         167
  C:0003H         LINE#         169
  C:0006H         LINE#         178
  C:0008H         LINE#         179
  C:000AH         LINE#         180
  C:000AH         LINE#         181
  C:000AH         LINE#         182
  C:000AH         LINE#         185
  -------         ENDPROC       _RS_TX
  -------         PROC          RS_INTERRUPT
  C:9F5AH         LINE#         193
  C:9F62H         LINE#         196
  C:9F65H         LINE#         197
  C:9F67H         LINE#         206
  C:9F70H         LINE#         210
  C:9F76H         LINE#         211
  C:9F7EH         LINE#         218
  C:9F7EH         LINE#         221
  -------         ENDPROC       RS_INTERRUPT
  -------         ENDMOD        UART

  -------         MODULE        BUSCTRL
  C:0000H         SYMBOL        _ICE_DUMMY_
  D:0080H         PUBLIC        P0
  D:0090H         PUBLIC        P1
  D:00A0H         PUBLIC        P2
  D:00C0H         PUBLIC        XICON
  D:00B0H         PUBLIC        P3
  D:00E8H         PUBLIC        P4
  B:00A8H.7       PUBLIC        EA
  D:00A8H         PUBLIC        IE
BL51 BANKED LINKER/LOCATER V6.22                                                      11/30/2015  19:14:20  PAGE 20


  C:9297H         PUBLIC        _PCT_WriteSTable
  D:00B8H         PUBLIC        IP
  B:00A0H.3       PUBLIC        HALE
  B:00A0H.2       PUBLIC        HRDB
  D:00D8H         PUBLIC        CCON
  D:00C0H         PUBLIC        WDTC
  B:00A0H.1       PUBLIC        HWRB
  D:0098H         PUBLIC        SCON
  D:0088H         PUBLIC        TCON
  C:894BH         PUBLIC        _PCT_WriteAsicTable
  C:A6D2H         PUBLIC        PTC_SwitchToI2CMode
  B:00B0H.6       PUBLIC        HCSB0
  B:00B0H.7       PUBLIC        HCSB1
  D:00F8H         PUBLIC        IPA
  C:88BFH         PUBLIC        _PCT_ReadAsicByte
  D:00C8H         PUBLIC        T2CON
  C:8E29H         PUBLIC        _PCT_WriteAsicByte
  D:00D0H         PUBLIC        PSW
  C:9B27H         SYMBOL        Com0038
  C:9B27H         SYMBOL        L?0057
  C:9B2AH         SYMBOL        L?0058
  C:9B2CH         SYMBOL        L?0059
  C:9B34H         SYMBOL        L?0060
  C:9B34H         SYMBOL        L?0061
  C:9B3CH         SYMBOL        L?0062
  C:9B3CH         SYMBOL        L?0063
  C:9B43H         SYMBOL        L?0064
  C:9B4FH         SYMBOL        L?0065
  C:9B59H         SYMBOL        L?0066
  -------         PROC          COM0038
  -------         ENDPROC       COM0038
  -------         PROC          _PCT_WRITEASICBYTE
  D:0007H         SYMBOL        _dvc
  X:01F3H         SYMBOL        _pg
  X:01F4H         SYMBOL        _addr
  X:01F5H         SYMBOL        _wdat
  C:8E29H         LINE#         63
  C:8E2CH         LINE#         64
  C:8E2CH         LINE#         65
  C:8E2CH         LINE#         67
  C:8E2FH         LINE#         70
  C:8E32H         LINE#         75
  C:8E3FH         LINE#         76
  C:8E49H         LINE#         77
  C:8E51H         LINE#         78
  C:8E54H         LINE#         79
  C:8E54H         LINE#         82
  C:8E67H         LINE#         84
  C:8E69H         LINE#         85
  C:8E6FH         LINE#         86
  C:8E71H         LINE#         89
  C:8E84H         LINE#         92
  C:8E86H         LINE#         96
  C:8E89H         LINE#         101
  C:8E89H         LINE#         102
  C:8E89H         LINE#         103
  C:8E89H         LINE#         104
BL51 BANKED LINKER/LOCATER V6.22                                                      11/30/2015  19:14:20  PAGE 21


  C:8E8CH         LINE#         105
  -------         ENDPROC       _PCT_WRITEASICBYTE
  -------         PROC          _PCT_WRITEASICTABLE
  D:0007H         SYMBOL        _dvc
  X:01D8H         SYMBOL        _pg
  X:01D9H         SYMBOL        _addr
  X:01DAH         SYMBOL        _tbl_ptr
  X:01DDH         SYMBOL        _tbl_cnt
  C:894BH         LINE#         111
  C:894EH         LINE#         112
  C:894EH         LINE#         113
  C:894EH         LINE#         115
  C:8951H         LINE#         119
  C:8954H         LINE#         124
  C:8961H         LINE#         125
  C:896BH         LINE#         126
  C:8973H         LINE#         128
  C:8973H         LINE#         129
  C:897CH         LINE#         130
  C:897CH         LINE#         133
  C:898FH         LINE#         136
  C:8991H         LINE#         138
  C:89A6H         LINE#         139
  C:89A8H         LINE#         142
  C:89BBH         LINE#         145
  C:89BDH         LINE#         146
  C:89C5H         LINE#         150
  C:89C8H         LINE#         155
  C:89C8H         LINE#         156
  C:89C8H         LINE#         157
  C:89C8H         LINE#         158
  C:89CBH         LINE#         159
  -------         ENDPROC       _PCT_WRITEASICTABLE
  -------         PROC          _PCT_READASICBYTE
  X:01F2H         SYMBOL        _dvc
  X:01F3H         SYMBOL        _pg
  X:01F4H         SYMBOL        _addr
  -------         DO            
  X:01F5H         SYMBOL        _rdat_
  -------         ENDDO         
  C:88BFH         LINE#         165
  C:88CAH         LINE#         166
  C:88CAH         LINE#         169
  C:88CCH         LINE#         173
  C:88CFH         LINE#         178
  C:88D4H         LINE#         179
  C:88DFH         LINE#         180
  C:88E9H         LINE#         181
  C:88F1H         LINE#         183
  C:88F4H         LINE#         184
  C:88F4H         LINE#         186
  C:8907H         LINE#         189
  C:8909H         LINE#         190
  C:890CH         LINE#         192
  C:891FH         LINE#         196
  C:8921H         LINE#         197
  C:8927H         LINE#         201
BL51 BANKED LINKER/LOCATER V6.22                                                      11/30/2015  19:14:20  PAGE 22


  C:893AH         LINE#         204
  C:893CH         LINE#         208
  C:893FH         LINE#         213
  C:8941H         LINE#         214
  C:8943H         LINE#         215
  C:8945H         LINE#         216
  C:894AH         LINE#         217
  -------         ENDPROC       _PCT_READASICBYTE
  -------         PROC          _PCT_WRITESTABLE
  D:0007H         SYMBOL        _dvc
  X:01E4H         SYMBOL        _tbl_ptr
  C:9297H         LINE#         224
  C:92A2H         LINE#         225
  C:92A2H         LINE#         229
  C:92A2H         LINE#         230
  C:92B0H         LINE#         231
  C:92CAH         LINE#         232
  C:92CAH         LINE#         233
  C:92DCH         LINE#         234
  C:92DCH         LINE#         235
  C:92E6H         LINE#         236
  C:92E8H         LINE#         237
  -------         ENDPROC       _PCT_WRITESTABLE
  -------         PROC          PTC_SWITCHTOI2CMODE
  C:A6D2H         LINE#         243
  C:A6D2H         LINE#         244
  C:A6D2H         LINE#         254
  -------         ENDPROC       PTC_SWITCHTOI2CMODE
  -------         ENDMOD        BUSCTRL

  -------         MODULE        COMMANDSHELL
  C:0000H         SYMBOL        _ICE_DUMMY_
  D:0080H         PUBLIC        P0
  D:0090H         PUBLIC        P1
  D:00A0H         PUBLIC        P2
  D:00C0H         PUBLIC        XICON
  D:00B0H         PUBLIC        P3
  D:00E8H         PUBLIC        P4
  C:A449H         PUBLIC        _MoniHSCommSJmode
  C:9B9FH         PUBLIC        MoniVideoAutoDetect
  C:7B17H         PUBLIC        _PCT_RunCommShell
  C:6F9FH         PUBLIC        _MoniAudioGain
  D:00A8H         PUBLIC        IE
  C:9C84H         PUBLIC        _MoniReadOneBuffer
  D:00B8H         PUBLIC        IP
  C:A53BH         PUBLIC        _MoniYVideoMix
  X:0357H         PUBLIC        sysdat
  C:A48AH         PUBLIC        _MoniAudioLive
  D:00D8H         PUBLIC        CCON
  C:A6D3H         PUBLIC        PCT_SendACK
  C:9DFFH         PUBLIC        _MoniWriteOneBuffer
  C:A5A1H         PUBLIC        MoniAudioMute
  C:A502H         PUBLIC        MoniHSCommVersion
  C:77EDH         PUBLIC        _MoniSetVideoFormat
  C:958EH         PUBLIC        _MoniReadAsicByte
  C:8BABH         PUBLIC        _PCT_GetFirstStr
  C:8CF0H         PUBLIC        PCT_CheckSystem
BL51 BANKED LINKER/LOCATER V6.22                                                      11/30/2015  19:14:20  PAGE 23


  D:00C0H         PUBLIC        WDTC
  D:0098H         PUBLIC        SCON
  D:0088H         PUBLIC        TCON
  C:9339H         PUBLIC        _MoniWriteAsicByte
  C:6E51H         PUBLIC        _MoniHSComm
  X:0368H         PUBLIC        msg
  C:9AADH         PUBLIC        _PCT_StrToCommCode
  C:9546H         PUBLIC        _PCT_CheckVMixType
  C:0026H         PUBLIC        MoniHSCommDisScroll
  D:00F8H         PUBLIC        IPA
  C:8FB8H         PUBLIC        _MoniShowSODStr
  C:58EAH         PUBLIC        _MoniVideoMixAttr
  C:961DH         PUBLIC        PCT_AudioActionForHS
  D:00C8H         PUBLIC        T2CON
  C:91ECH         PUBLIC        _MoniVideoMixWin
  C:95D6H         PUBLIC        _MoniReadPageBuffer
  X:0370H         PUBLIC        Original_selwintype
  C:93D2H         PUBLIC        MoniRegisterDump
  D:00D0H         PUBLIC        PSW
  C:6743H         PUBLIC        _MoniAudioMixing
  C:56CBH         SYMBOL        Com00B2
  C:56CBH         SYMBOL        L?0179
  C:56CCH         SYMBOL        L?0180
  C:5702H         SYMBOL        L?0181
  C:5709H         SYMBOL        L?0182
  C:570AH         SYMBOL        L?0183
  C:5740H         SYMBOL        L?0184
  C:5747H         SYMBOL        L?0185
  C:5748H         SYMBOL        L?0186
  C:5768H         SYMBOL        L?0187
  C:576FH         SYMBOL        L?0188
  C:5770H         SYMBOL        L?0189
  C:5774H         SYMBOL        L?0190
  C:577DH         SYMBOL        L?0191
  C:577DH         SYMBOL        L?0192
  C:5789H         SYMBOL        L?0193
  C:5790H         SYMBOL        L?0194
  C:57A0H         SYMBOL        L?0195
  C:57A7H         SYMBOL        L?0196
  C:57B7H         SYMBOL        L?0197
  C:57BEH         SYMBOL        L?0198
  C:57CEH         SYMBOL        L?0199
  C:57D5H         SYMBOL        L?0200
  C:57E1H         SYMBOL        L?0201
  C:57E8H         SYMBOL        L?0202
  C:57F4H         SYMBOL        L?0203
  C:57FBH         SYMBOL        L?0204
  C:5800H         SYMBOL        L?0205
  C:5807H         SYMBOL        L?0206
  C:580CH         SYMBOL        L?0207
  C:5813H         SYMBOL        L?0208
  C:5813H         SYMBOL        L?0209
  C:581BH         SYMBOL        L?0210
  C:581BH         SYMBOL        L?0211
  C:5823H         SYMBOL        L?0212
  C:582BH         SYMBOL        L?0213
  C:5837H         SYMBOL        L?0214
BL51 BANKED LINKER/LOCATER V6.22                                                      11/30/2015  19:14:20  PAGE 24


  C:5838H         SYMBOL        L?0215
  C:583FH         SYMBOL        L?0216
  C:5846H         SYMBOL        L?0219
  C:584DH         SYMBOL        L?0222
  C:5854H         SYMBOL        L?0224
  C:585BH         SYMBOL        L?0228
  C:5862H         SYMBOL        L?0229
  C:5863H         SYMBOL        L?0230
  C:5870H         SYMBOL        L?0232
  C:5880H         SYMBOL        L?0233
  C:5887H         SYMBOL        L?0235
  C:588EH         SYMBOL        L?0237
  C:5895H         SYMBOL        L?0242
  C:5895H         SYMBOL        L?0243
  C:5896H         SYMBOL        L?0244
  C:589EH         SYMBOL        L?0245
  C:589EH         SYMBOL        L?0246
  C:58A8H         SYMBOL        L?0247
  C:58B3H         SYMBOL        L?0249
  C:58BAH         SYMBOL        L?0250
  C:58BAH         SYMBOL        L?0251
  C:58C1H         SYMBOL        L?0252
  C:58C1H         SYMBOL        L?0253
  C:58CAH         SYMBOL        L?0255
  C:58D6H         SYMBOL        L?0258
  C:58D6H         SYMBOL        L?0259
  C:58DCH         SYMBOL        L?0260
  C:58E3H         SYMBOL        L?0261
  C:58E3H         SYMBOL        L?0262
  -------         PROC          COM00B2
  -------         ENDPROC       COM00B2
  -------         PROC          _PCT_GETFIRSTSTR
  X:01DDH         SYMBOL        tagStr
  X:01E0H         SYMBOL        sourceStr
  C:8BABH         LINE#         88
  C:8BB1H         LINE#         89
  C:8BB1H         LINE#         90
  C:8BBCH         LINE#         91
  C:8BD3H         LINE#         92
  C:8BEBH         LINE#         93
  C:8BEDH         LINE#         94
  C:8BEDH         LINE#         95
  C:8BFAH         LINE#         96
  C:8BFEH         LINE#         97
  C:8C07H         LINE#         98
  C:8C0AH         LINE#         99
  C:8C0DH         LINE#         100
  C:8C10H         LINE#         101
  C:8C19H         LINE#         102
  -------         ENDPROC       _PCT_GETFIRSTSTR
  -------         PROC          _PCT_STRTOCOMMCODE
  X:01DDH         SYMBOL        Str
  -------         DO            
  D:002FH         SYMBOL        ret
  -------         ENDDO         
  C:9AADH         LINE#         112
  C:9AB3H         LINE#         113
BL51 BANKED LINKER/LOCATER V6.22                                                      11/30/2015  19:14:20  PAGE 25


  C:9AB3H         LINE#         114
  C:9AB8H         LINE#         116
  C:9AE5H         LINE#         117
  C:9AE9H         LINE#         118
  -------         ENDPROC       _PCT_STRTOCOMMCODE
  -------         PROC          PCT_SENDACK
  C:A6D3H         LINE#         124
  C:A6D3H         LINE#         125
  C:A6D3H         LINE#         131
  -------         ENDPROC       PCT_SENDACK
  -------         PROC          _PCT_CHECKVMIXTYPE
  D:0007H         SYMBOL        _typ
  -------         DO            
  D:0032H         SYMBOL        tmplktp
  -------         ENDDO         
  C:9546H         LINE#         143
  C:9546H         LINE#         144
  C:9546H         LINE#         145
  C:9549H         LINE#         147
  C:954FH         LINE#         148
  C:9556H         LINE#         149
  C:955CH         LINE#         150
  C:9568H         LINE#         152
  C:9576H         LINE#         153
  C:957CH         LINE#         155
  C:957CH         LINE#         156
  C:9582H         LINE#         157
  C:9588H         LINE#         158
  C:958DH         LINE#         159
  -------         ENDPROC       _PCT_CHECKVMIXTYPE
  -------         PROC          _MONIREADPAGEBUFFER
  D:0001H         SYMBOL        szParam
  -------         DO            
  D:0046H         SYMBOL        page
  D:0047H         SYMBOL        start
  D:0048H         SYMBOL        end
  -------         ENDDO         
  C:95D6H         LINE#         170
  C:95D6H         LINE#         171
  C:95D6H         LINE#         174
  C:95FBH         LINE#         176
  C:95FBH         LINE#         177
  C:9615H         LINE#         178
  C:9617H         LINE#         179
  C:961CH         LINE#         180
  -------         ENDPROC       _MONIREADPAGEBUFFER
  -------         PROC          _MONIREADONEBUFFER
  D:0001H         SYMBOL        szParam
  -------         DO            
  D:004FH         SYMBOL        page
  D:0050H         SYMBOL        addr
  -------         ENDDO         
  C:9C84H         LINE#         186
  C:9C84H         LINE#         187
  C:9C84H         LINE#         190
  C:9CA1H         LINE#         192
  -------         ENDPROC       _MONIREADONEBUFFER
BL51 BANKED LINKER/LOCATER V6.22                                                      11/30/2015  19:14:20  PAGE 26


  -------         PROC          _MONIWRITEONEBUFFER
  D:0001H         SYMBOL        szParam
  -------         DO            
  D:0049H         SYMBOL        page
  D:004AH         SYMBOL        addr
  D:004BH         SYMBOL        dat
  -------         ENDDO         
  C:9DFFH         LINE#         199
  C:9DFFH         LINE#         200
  C:9DFFH         LINE#         203
  C:9E24H         LINE#         204
  -------         ENDPROC       _MONIWRITEONEBUFFER
  -------         PROC          _MONIWRITEASICBYTE
  D:0001H         SYMBOL        szParam
  -------         DO            
  D:002FH         SYMBOL        _dev
  D:0030H         SYMBOL        _pg
  D:0031H         SYMBOL        _addr
  D:0032H         SYMBOL        _wdat
  -------         ENDDO         
  C:9339H         LINE#         211
  C:9339H         LINE#         212
  C:9339H         LINE#         213
  C:933CH         LINE#         214
  C:933EH         LINE#         215
  C:9340H         LINE#         216
  C:9342H         LINE#         218
  C:9377H         LINE#         219
  -------         ENDPROC       _MONIWRITEASICBYTE
  -------         PROC          _MONIREADASICBYTE
  D:0001H         SYMBOL        szParam
  -------         DO            
  D:001CH         SYMBOL        _dev
  D:001DH         SYMBOL        _pg
  D:001EH         SYMBOL        _addr
  D:001FH         SYMBOL        _rdat
  -------         ENDDO         
  C:958EH         LINE#         226
  C:958EH         LINE#         227
  C:958EH         LINE#         228
  C:9591H         LINE#         229
  C:9593H         LINE#         230
  C:9595H         LINE#         231
  C:9597H         LINE#         233
  C:95BCH         LINE#         234
  C:95C7H         LINE#         235
  -------         ENDPROC       _MONIREADASICBYTE
  C:686CH         SYMBOL        L?0217
  C:6882H         SYMBOL        L?0225
  C:6898H         SYMBOL        L?0227
  -------         PROC          _MONIAUDIOMIXING
  X:038BH         SYMBOL        szParam
  -------         DO            
  D:0008H         SYMBOL        selch0
  D:0009H         SYMBOL        selch1
  D:000AH         SYMBOL        selch2
  D:000BH         SYMBOL        selch3
BL51 BANKED LINKER/LOCATER V6.22                                                      11/30/2015  19:14:20  PAGE 27


  D:000CH         SYMBOL        selch4
  D:000DH         SYMBOL        valch0
  D:000EH         SYMBOL        valch1
  D:000FH         SYMBOL        valch2
  D:0010H         SYMBOL        valch3
  D:0011H         SYMBOL        valch4
  X:038EH         SYMBOL        getStr
  C:56C6H         SYMBOL        chaddr
  -------         ENDDO         
  C:6743H         LINE#         243
  C:6746H         LINE#         244
  C:6746H         LINE#         255
  C:6759H         LINE#         257
  C:6761H         LINE#         263
  C:6788H         LINE#         264
  C:6788H         LINE#         265
  C:6799H         LINE#         266
  C:67A2H         LINE#         267
  C:67A8H         LINE#         268
  C:67ABH         LINE#         270
  C:67ABH         LINE#         271
  C:67C9H         LINE#         273
  C:67C9H         LINE#         274
  C:67CCH         LINE#         275
  C:67CFH         LINE#         276
  C:67D2H         LINE#         278
  C:67D2H         LINE#         279
  C:67E6H         LINE#         281
  C:67E6H         LINE#         282
  C:67E9H         LINE#         283
  C:67EDH         LINE#         284
  C:67F0H         LINE#         285
  C:67F3H         LINE#         287
  C:67F3H         LINE#         288
  C:680AH         LINE#         290
  C:680AH         LINE#         291
  C:680AH         LINE#         292
  C:680AH         LINE#         293
  C:680DH         LINE#         295
  C:6815H         LINE#         296
  C:6818H         LINE#         298
  C:6818H         LINE#         299
  C:6840H         LINE#         301
  C:6840H         LINE#         302
  C:6840H         LINE#         303
  C:6840H         LINE#         304
  C:6848H         LINE#         305
  C:6851H         LINE#         307
  C:686BH         LINE#         308
  C:686BH         LINE#         310
  C:686BH         LINE#         311
  C:686BH         LINE#         312
  C:686BH         LINE#         313
  -------         ENDPROC       _MONIAUDIOMIXING
  -------         PROC          MONIAUDIOMUTE
  C:A5A1H         LINE#         320
  C:A5A1H         LINE#         321
BL51 BANKED LINKER/LOCATER V6.22                                                      11/30/2015  19:14:20  PAGE 28


  C:A5A1H         LINE#         322
  C:A5A9H         LINE#         327
  -------         ENDPROC       MONIAUDIOMUTE
  C:70AEH         SYMBOL        L?0221
  C:70C8H         SYMBOL        L?0248
  C:70D9H         SYMBOL        L?0263
  -------         PROC          _MONIAUDIOGAIN
  X:0391H         SYMBOL        szParam
  -------         DO            
  D:0012H         SYMBOL        selch0
  D:0013H         SYMBOL        selch1
  D:0014H         SYMBOL        selch2
  D:0015H         SYMBOL        selch3
  D:0016H         SYMBOL        selch4
  D:0017H         SYMBOL        ch0val
  D:0018H         SYMBOL        ch1val
  D:0019H         SYMBOL        ch2val
  D:001AH         SYMBOL        ch3val
  D:001BH         SYMBOL        ch4val
  X:0394H         SYMBOL        getStr
  -------         ENDDO         
  C:6F9FH         LINE#         335
  C:6FA2H         LINE#         336
  C:6FA2H         LINE#         341
  C:6FB5H         LINE#         343
  C:6FDCH         LINE#         344
  C:6FDCH         LINE#         345
  C:6FF2H         LINE#         346
  C:6FF6H         LINE#         347
  C:6FF9H         LINE#         349
  C:6FF9H         LINE#         350
  C:701CH         LINE#         352
  C:701CH         LINE#         353
  C:701FH         LINE#         354
  C:7022H         LINE#         356
  C:7022H         LINE#         357
  C:703AH         LINE#         359
  C:703AH         LINE#         360
  C:703AH         LINE#         361
  C:703DH         LINE#         362
  C:7040H         LINE#         364
  C:7040H         LINE#         365
  C:705BH         LINE#         367
  C:705BH         LINE#         368
  C:705BH         LINE#         369
  C:705EH         LINE#         370
  C:7061H         LINE#         371
  C:7064H         LINE#         373
  C:7064H         LINE#         374
  C:7090H         LINE#         376
  C:7090H         LINE#         377
  C:7098H         LINE#         378
  C:709CH         LINE#         379
  C:70A4H         LINE#         380
  C:70ADH         LINE#         381
  C:70ADH         LINE#         383
  C:70ADH         LINE#         384
BL51 BANKED LINKER/LOCATER V6.22                                                      11/30/2015  19:14:20  PAGE 29


  C:70ADH         LINE#         385
  C:70ADH         LINE#         386
  -------         ENDPROC       _MONIAUDIOGAIN
  -------         PROC          _MONIAUDIOLIVE
  D:0001H         SYMBOL        szParam
  -------         DO            
  D:005DH         SYMBOL        chan
  -------         ENDDO         
  C:A48AH         LINE#         393
  C:A48AH         LINE#         394
  C:A48AH         LINE#         397
  C:A497H         LINE#         399
  -------         ENDPROC       _MONIAUDIOLIVE
  -------         PROC          MONIREGISTERDUMP
  -------         DO            
  D:0051H         SYMBOL        addr
  D:0052H         SYMBOL        page
  -------         ENDDO         
  C:93D2H         LINE#         406
  C:93D2H         LINE#         407
  C:93D2H         LINE#         411
  C:93D5H         LINE#         412
  C:93E4H         LINE#         413
  C:93E7H         LINE#         414
  C:93E7H         LINE#         415
  C:93FEH         LINE#         416
  C:9400H         LINE#         417
  C:940FH         LINE#         418
  C:9413H         LINE#         419
  C:941CH         LINE#         420
  -------         ENDPROC       MONIREGISTERDUMP
  -------         PROC          _MONIVIDEOMIXWIN
  D:0001H         SYMBOL        szParam
  -------         DO            
  D:0053H         SYMBOL        chose
  D:0054H         SYMBOL        wintp
  -------         ENDDO         
  C:91ECH         LINE#         426
  C:91ECH         LINE#         427
  C:91ECH         LINE#         430
  C:922EH         LINE#         432
  C:923BH         LINE#         433
  -------         ENDPROC       _MONIVIDEOMIXWIN
  C:5ABFH         SYMBOL        L?0220
  C:5AC6H         SYMBOL        L?0223
  C:5ACDH         SYMBOL        L?0226
  C:5AD4H         SYMBOL        L?0234
  C:5ADBH         SYMBOL        L?0236
  C:5AE2H         SYMBOL        L?0239
  C:5AF3H         SYMBOL        L?0241
  C:5AFAH         SYMBOL        L?0254
  -------         PROC          _MONIVIDEOMIXATTR
  X:0397H         SYMBOL        szParam
  -------         DO            
  D:0025H         SYMBOL        chose
  D:0027H         SYMBOL        attrsel
  D:0028H         SYMBOL        setval
BL51 BANKED LINKER/LOCATER V6.22                                                      11/30/2015  19:14:20  PAGE 30


  D:0029H         SYMBOL        winNm
  D:002DH         SYMBOL        wincnt
  D:002EH         SYMBOL        division
  X:039AH         SYMBOL        getStr
  -------         ENDDO         
  C:58EAH         LINE#         443
  C:58F0H         LINE#         444
  C:58F0H         LINE#         447
  C:58F3H         LINE#         451
  C:5909H         LINE#         452
  C:5914H         LINE#         454
  C:591AH         LINE#         455
  C:5927H         LINE#         457
  C:5935H         LINE#         458
  C:5938H         LINE#         459
  C:5938H         LINE#         460
  C:5949H         LINE#         461
  C:594CH         LINE#         462
  C:594CH         LINE#         463
  C:595DH         LINE#         464
  C:5960H         LINE#         465
  C:5960H         LINE#         466
  C:5970H         LINE#         467
  C:5973H         LINE#         468
  C:5973H         LINE#         469
  C:5983H         LINE#         470
  C:5986H         LINE#         471
  C:5986H         LINE#         472
  C:5996H         LINE#         473
  C:5999H         LINE#         474
  C:5999H         LINE#         475
  C:59A9H         LINE#         476
  C:59ACH         LINE#         477
  C:59ACH         LINE#         478
  C:59BCH         LINE#         479
  C:59BFH         LINE#         480
[...]
  C:8F4CH         LINE#         2578
  -------         ENDPROC       _SETLINE
  -------         PROC          _GPIOSETPORTMODE
  D:0007H         SYMBOL        addr
  D:0005H         SYMBOL        port_io
  C:A674H         LINE#         2626
  C:A674H         LINE#         2627
  C:A674H         LINE#         2629
  -------         ENDPROC       _GPIOSETPORTMODE
  -------         PROC          _GPIOSETPORTSTATE
  D:0007H         SYMBOL        addr
  D:0005H         SYMBOL        port_state
  C:A67DH         LINE#         2634
  C:A67DH         LINE#         2635
BL51 BANKED LINKER/LOCATER V6.22                                                      11/30/2015  19:14:20  PAGE 119


  C:A67DH         LINE#         2636
  -------         ENDPROC       _GPIOSETPORTSTATE
  -------         PROC          _GPIOGETPORTSTATE
  D:0007H         SYMBOL        addr
  C:A6BAH         LINE#         2639
  C:A6BAH         LINE#         2640
  C:A6BAH         LINE#         2645
  C:A6BFH         LINE#         2647
  -------         ENDPROC       _GPIOGETPORTSTATE
  -------         PROC          _FIFOAVAILABLEDATA
  D:0007H         SYMBOL        addr
  C:A6C0H         LINE#         2649
  C:A6C0H         LINE#         2650
  C:A6C0H         LINE#         2655
  C:A6C5H         LINE#         2656
  -------         ENDPROC       _FIFOAVAILABLEDATA
  -------         PROC          _FIFOAVAILABLESPACE
  D:0007H         SYMBOL        addr
  C:A6C6H         LINE#         2658
  C:A6C6H         LINE#         2659
  C:A6C6H         LINE#         2665
  C:A6CBH         LINE#         2667
  -------         ENDPROC       _FIFOAVAILABLESPACE
  -------         PROC          _ENABLETRANSMIT
  D:0003H         SYMBOL        addr
  D:0002H         SYMBOL        OnOff
  -------         DO            
  D:0006H         SYMBOL        temp_efcr
  -------         ENDDO         
  C:A2F5H         LINE#         2669
  C:A2F9H         LINE#         2670
  C:A2F9H         LINE#         2672
  C:A300H         LINE#         2673
  C:A303H         LINE#         2674
  C:A307H         LINE#         2675
  C:A309H         LINE#         2676
  C:A30DH         LINE#         2677
  C:A30DH         LINE#         2678
  -------         ENDPROC       _ENABLETRANSMIT
  -------         PROC          _FLUSH
  D:0003H         SYMBOL        addr
  -------         DO            
  D:0007H         SYMBOL        tmp_lsr
  -------         ENDDO         
  C:A5ECH         LINE#         2684
  C:A5EEH         LINE#         2685
  C:A5EEH         LINE#         2688
  C:A5EEH         LINE#         2693
  C:A5F5H         LINE#         2695
  C:A5F9H         LINE#         2698
  -------         ENDPROC       _FLUSH
  C:A18AH         SYMBOL        L?0500
  -------         PROC          _PING
  D:0002H         SYMBOL        addr
  C:A16BH         LINE#         2701
  C:A16DH         LINE#         2702
  C:A16DH         LINE#         2704
BL51 BANKED LINKER/LOCATER V6.22                                                      11/30/2015  19:14:20  PAGE 120


  C:A16FH         LINE#         2706
  C:A176H         LINE#         2710
  C:A179H         LINE#         2711
  C:A179H         LINE#         2713
  C:A17DH         LINE#         2715
  C:A184H         LINE#         2719
  C:A187H         LINE#         2720
  C:A187H         LINE#         2726
  C:A189H         LINE#         2728
  -------         ENDPROC       _PING
  -------         PROC          _WRITEBYTE
  D:0007H         SYMBOL        addr
  D:0005H         SYMBOL        val
  C:A686H         LINE#         2733
  C:A686H         LINE#         2734
  C:A686H         LINE#         2756
  -------         ENDPROC       _WRITEBYTE
  -------         PROC          _READBYTE
  D:0007H         SYMBOL        addr
  -------         DO            
  X:0012H         SYMBOL        val
  -------         ENDDO         
  C:A621H         LINE#         2762
  C:A621H         LINE#         2763
  C:A621H         LINE#         2766
  C:A62BH         LINE#         2767
  C:A62DH         LINE#         2793
  -------         ENDPROC       _READBYTE
  -------         PROC          _TW2835_GET
  X:03A9H         SYMBOL        page
  X:03AAH         SYMBOL        start
  X:03ABH         SYMBOL        count
  -------         DO            
  X:03ACH         SYMBOL        x
  X:03ADH         SYMBOL        loop
  X:03AEH         SYMBOL        step
  D:0006H         SYMBOL        val
  -------         ENDDO         
  C:84A0H         LINE#         2795
  C:84ABH         LINE#         2796
  C:84ABH         LINE#         2797
  C:84B2H         LINE#         2798
  C:84B3H         LINE#         2801
  C:84B4H         LINE#         2802
  C:84B4H         LINE#         2827
  C:84B5H         LINE#         2828
  C:84B5H         LINE#         2829
  C:84B9H         LINE#         2830
  C:84B9H         LINE#         2832
  C:84EEH         LINE#         2833
  C:8507H         LINE#         2834
  C:850EH         LINE#         2835
  C:8511H         LINE#         2836
  C:851DH         LINE#         2837
  C:852CH         LINE#         2838
  -------         ENDPROC       _TW2835_GET
  -------         PROC          _PEEK
BL51 BANKED LINKER/LOCATER V6.22                                                      11/30/2015  19:14:20  PAGE 121


  X:03E7H         SYMBOL        addr
  C:A645H         LINE#         2867
  C:A64AH         LINE#         2868
  C:A64AH         LINE#         2877
  C:A64EH         LINE#         2879
  -------         ENDPROC       _PEEK
  -------         PROC          _SET_INT
  X:03E8H         SYMBOL        addr
  C:A41BH         LINE#         2882
  C:A420H         LINE#         2883
  C:A420H         LINE#         2886
  C:A422H         LINE#         2887
  C:A424H         LINE#         2888
  C:A426H         LINE#         2890
  C:A428H         LINE#         2891
  C:A42AH         LINE#         2892
  C:A42CH         LINE#         2894
  C:A42EH         LINE#         2895
  C:A430H         LINE#         2896
  C:A432H         LINE#         2897
  -------         ENDPROC       _SET_INT
  -------         PROC          MCTRL_SET
  C:A68FH         LINE#         2900
  C:A68FH         LINE#         2901
  C:A68FH         LINE#         2904
  C:A691H         LINE#         2905
  C:A693H         LINE#         2906
  C:A695H         LINE#         2907
  C:A697H         LINE#         2908
  -------         ENDPROC       MCTRL_SET
  -------         ENDMOD        NED

  -------         MODULE        ?C?COPY
  C:2668H         PUBLIC        ?C?COPY
  -------         ENDMOD        ?C?COPY

  -------         MODULE        ?C?CLDPTR
  C:268EH         PUBLIC        ?C?CLDPTR
  -------         ENDMOD        ?C?CLDPTR

  -------         MODULE        ?C?CLDOPTR
  C:26A7H         PUBLIC        ?C?CLDOPTR
  -------         ENDMOD        ?C?CLDOPTR

  -------         MODULE        ?C?CSTPTR
  C:26D4H         PUBLIC        ?C?CSTPTR
  -------         ENDMOD        ?C?CSTPTR

  -------         MODULE        ?C?IMUL
  C:26E6H         PUBLIC        ?C?IMUL
  -------         ENDMOD        ?C?IMUL

  -------         MODULE        ?C?UIDIV
  C:26F8H         PUBLIC        ?C?UIDIV
  -------         ENDMOD        ?C?UIDIV

  -------         MODULE        ?C?IILDX
BL51 BANKED LINKER/LOCATER V6.22                                                      11/30/2015  19:14:20  PAGE 122


  C:274DH         PUBLIC        ?C?IILDX
  -------         ENDMOD        ?C?IILDX

  -------         MODULE        ?C?ILDIX
  C:2763H         PUBLIC        ?C?ILDIX
  -------         ENDMOD        ?C?ILDIX

  -------         MODULE        ?C?ILDPTR
  C:2779H         PUBLIC        ?C?ILDPTR
  -------         ENDMOD        ?C?ILDPTR

  -------         MODULE        ?C?IILDOPTR
  C:27A4H         PUBLIC        ?C?IILDOPTR
  -------         ENDMOD        ?C?IILDOPTR

  -------         MODULE        ?C?LMUL
  C:27F1H         PUBLIC        ?C?LMUL
  -------         ENDMOD        ?C?LMUL

  -------         MODULE        ?C?ULDIV
  C:287CH         PUBLIC        ?C?ULDIV
  -------         ENDMOD        ?C?ULDIV

  -------         MODULE        ?C?SLDIV
  C:9924H         PUBLIC        ?C?SLDIV
  -------         ENDMOD        ?C?SLDIV

  -------         MODULE        ?C?ULCMP
  C:290EH         PUBLIC        ?C?ULCMP
  -------         ENDMOD        ?C?ULCMP

  -------         MODULE        ?C?ULSHR
  C:291FH         PUBLIC        ?C?ULSHR
  -------         ENDMOD        ?C?ULSHR

  -------         MODULE        ?C?LSTXDATA
  C:2932H         PUBLIC        ?C?LSTXDATA
  -------         ENDMOD        ?C?LSTXDATA

  -------         MODULE        ?C?LSTKXDATA
  C:293EH         PUBLIC        ?C?LSTKXDATA
  -------         ENDMOD        ?C?LSTKXDATA

  -------         MODULE        ?C?PLDPTR
  C:296FH         PUBLIC        ?C?PLDPTR
  -------         ENDMOD        ?C?PLDPTR

  -------         MODULE        ?C?PSTPTR
  C:298FH         PUBLIC        ?C?PSTPTR
  -------         ENDMOD        ?C?PSTPTR

  -------         MODULE        ?C?CCASE
  C:29DEH         PUBLIC        ?C?CCASE
  -------         ENDMOD        ?C?CCASE

  -------         MODULE        ?C?ICASE
  C:2A04H         PUBLIC        ?C?ICASE
BL51 BANKED LINKER/LOCATER V6.22                                                      11/30/2015  19:14:20  PAGE 123


  -------         ENDMOD        ?C?ICASE

  -------         MODULE        PRINTF
  X:0012H         PUBLIC        ?_PRINTF517?BYTE
  X:0012H         PUBLIC        ?_PRINTF?BYTE
  X:0012H         PUBLIC        ?_SPRINTF517?BYTE
  X:0012H         PUBLIC        ?_SPRINTF?BYTE
  C:4819H         PUBLIC        _PRINTF
  C:4819H         PUBLIC        _PRINTF517
  C:4813H         PUBLIC        _SPRINTF
  C:4813H         PUBLIC        _SPRINTF517
  -------         ENDMOD        PRINTF

  -------         MODULE        PUTS
  C:A1C0H         PUBLIC        _PUTS
  -------         ENDMOD        PUTS

  -------         MODULE        SCANF
  X:01DDH         PUBLIC        ?_SCANF517?BYTE
  X:01DDH         PUBLIC        ?_SCANF?BYTE
  X:01DDH         PUBLIC        ?_SSCANF517?BYTE
  X:01DDH         PUBLIC        ?_SSCANF?BYTE
  C:4BA0H         PUBLIC        _SCANF
  C:4BA0H         PUBLIC        _SCANF517
  C:4B9CH         PUBLIC        _SSCANF
  C:4B9CH         PUBLIC        _SSCANF517
  -------         ENDMOD        SCANF

  -------         MODULE        ?C?STRCMP
  C:2BAFH         PUBLIC        ?C?STRCMP
  -------         ENDMOD        ?C?STRCMP

  -------         MODULE        STRLEN
  C:A475H         PUBLIC        _STRLEN
  -------         ENDMOD        STRLEN

  -------         MODULE        ATOI
  C:7DC7H         PUBLIC        _atoi
  -------         ENDMOD        ATOI

  -------         MODULE        ?C?ISTPTR
  C:2BCCH         PUBLIC        ?C?ISTPTR
  -------         ENDMOD        ?C?ISTPTR

  -------         MODULE        ?C?LNEG
  C:2BEBH         PUBLIC        ?C?LNEG
  -------         ENDMOD        ?C?LNEG

  -------         MODULE        ?C?LSTPTR
  C:2BF9H         PUBLIC        ?C?LSTPTR
  -------         ENDMOD        ?C?LSTPTR

  -------         MODULE        ?C?PLDIDATA
  C:2C13H         PUBLIC        ?C?PLDIDATA
  -------         ENDMOD        ?C?PLDIDATA

  -------         MODULE        ?C?PSTIDATA
BL51 BANKED LINKER/LOCATER V6.22                                                      11/30/2015  19:14:20  PAGE 124


  C:2C1CH         PUBLIC        ?C?PSTIDATA
  -------         ENDMOD        ?C?PSTIDATA

  -------         MODULE        ?C?PLDXDATA
  C:2C25H         PUBLIC        ?C?PLDXDATA
  -------         ENDMOD        ?C?PLDXDATA

  -------         MODULE        ?C?PLDIXDATA
  C:2C2EH         PUBLIC        ?C?PLDIXDATA
  -------         ENDMOD        ?C?PLDIXDATA

  -------         MODULE        ?C?PILDXDATA
  C:2C45H         PUBLIC        ?C?PILDXDATA
  -------         ENDMOD        ?C?PILDXDATA

  -------         MODULE        ?C?PSTXDATA
  C:2C5CH         PUBLIC        ?C?PSTXDATA
  -------         ENDMOD        ?C?PSTXDATA

  -------         MODULE        ?C?PLDPDATA
  C:2C65H         PUBLIC        ?C?PLDPDATA
  -------         ENDMOD        ?C?PLDPDATA

  -------         MODULE        ?C?PSTPDATA
  C:2C6EH         PUBLIC        ?C?PSTPDATA
  -------         ENDMOD        ?C?PSTPDATA

  -------         MODULE        ?C?PLDCODE
  C:2C77H         PUBLIC        ?C?PLDCODE
  -------         ENDMOD        ?C?PLDCODE

  -------         MODULE        PUTCHAR
  C:A212H         PUBLIC        _PUTCHAR
  -------         ENDMOD        PUTCHAR

  -------         MODULE        GETCHAR
  B:0024H.4       PUBLIC        ?C?CHARLOADED
  X:03E9H         PUBLIC        ?_UNGETCHAR?BYTE
  C:A4DAH         PUBLIC        GETCHAR
  -------         ENDMOD        GETCHAR

  -------         MODULE        UNGETC
  C:A6A0H         PUBLIC        _UNGETCHAR
  -------         ENDMOD        UNGETC

  -------         MODULE        ISDIGIT
  C:A5DDH         PUBLIC        _isdigit
  -------         ENDMOD        ISDIGIT

  -------         MODULE        ISSPACE
  C:A4EEH         PUBLIC        _isspace
  -------         ENDMOD        ISSPACE

  -------         MODULE        ?C?LSTIDATA
  C:2C83H         PUBLIC        ?C?LSTIDATA
  -------         ENDMOD        ?C?LSTIDATA

BL51 BANKED LINKER/LOCATER V6.22                                                      11/30/2015  19:14:20  PAGE 125


  -------         MODULE        ?C?LSTPDATA
  C:2C8FH         PUBLIC        ?C?LSTPDATA
  -------         ENDMOD        ?C?LSTPDATA

  -------         MODULE        _GETKEY
  C:A64FH         PUBLIC        _GETKEY
  -------         ENDMOD        _GETKEY

*** WARNING L16: UNCALLED SEGMENT, IGNORED FOR OVERLAY PROCESS
    SEGMENT: ?PR?_MONIREADPAGEBUFFER?COMMANDSHELL

*** WARNING L16: UNCALLED SEGMENT, IGNORED FOR OVERLAY PROCESS
    SEGMENT: ?PR?_MONIREADONEBUFFER?COMMANDSHELL

*** WARNING L16: UNCALLED SEGMENT, IGNORED FOR OVERLAY PROCESS
    SEGMENT: ?PR?_MONIWRITEONEBUFFER?COMMANDSHELL

*** WARNING L16: UNCALLED SEGMENT, IGNORED FOR OVERLAY PROCESS
    SEGMENT: ?PR?_MONIREADASICBYTE?COMMANDSHELL

*** WARNING L16: UNCALLED SEGMENT, IGNORED FOR OVERLAY PROCESS
    SEGMENT: ?PR?_MONIAUDIOMIXING?COMMANDSHELL

*** WARNING L16: UNCALLED SEGMENT, IGNORED FOR OVERLAY PROCESS
    SEGMENT: ?PR?MONIAUDIOMUTE?COMMANDSHELL

*** WARNING L16: UNCALLED SEGMENT, IGNORED FOR OVERLAY PROCESS
    SEGMENT: ?PR?_MONIAUDIOGAIN?COMMANDSHELL

*** WARNING L16: UNCALLED SEGMENT, IGNORED FOR OVERLAY PROCESS
    SEGMENT: ?PR?_MONIAUDIOLIVE?COMMANDSHELL

*** WARNING L16: UNCALLED SEGMENT, IGNORED FOR OVERLAY PROCESS
    SEGMENT: ?PR?MONIREGISTERDUMP?COMMANDSHELL

*** WARNING L16: UNCALLED SEGMENT, IGNORED FOR OVERLAY PROCESS
    SEGMENT: ?PR?_MONIVIDEOMIXWIN?COMMANDSHELL

*** WARNING L16: UNCALLED SEGMENT, IGNORED FOR OVERLAY PROCESS
    SEGMENT: ?PR?_MONIVIDEOMIXATTR?COMMANDSHELL

*** WARNING L16: UNCALLED SEGMENT, IGNORED FOR OVERLAY PROCESS
    SEGMENT: ?PR?MONIVIDEOAUTODETECT?COMMANDSHELL

*** WARNING L16: UNCALLED SEGMENT, IGNORED FOR OVERLAY PROCESS
    SEGMENT: ?PR?_MONISETVIDEOFORMAT?COMMANDSHELL

*** WARNING L16: UNCALLED SEGMENT, IGNORED FOR OVERLAY PROCESS
    SEGMENT: ?PR?_MONISHOWSODSTR?COMMANDSHELL

*** WARNING L16: UNCALLED SEGMENT, IGNORED FOR OVERLAY PROCESS
    SEGMENT: ?PR?PCT_AUDIOACTIONFORHS?COMMANDSHELL

*** WARNING L16: UNCALLED SEGMENT, IGNORED FOR OVERLAY PROCESS
    SEGMENT: ?PR?MONIHSCOMMDISSCROLL?COMMANDSHELL

*** WARNING L16: UNCALLED SEGMENT, IGNORED FOR OVERLAY PROCESS
BL51 BANKED LINKER/LOCATER V6.22                                                      11/30/2015  19:14:20  PAGE 126


    SEGMENT: ?PR?MONIHSCOMMVERSION?COMMANDSHELL

*** WARNING L16: UNCALLED SEGMENT, IGNORED FOR OVERLAY PROCESS
    SEGMENT: ?PR?NEWLINE?MAIN

*** WARNING L16: UNCALLED SEGMENT, IGNORED FOR OVERLAY PROCESS
    SEGMENT: ?PR?_PUTSP?MAIN

*** WARNING L16: UNCALLED SEGMENT, IGNORED FOR OVERLAY PROCESS
    SEGMENT: ?PR?_CHKSTARTCOMMSHELL?MAIN

*** WARNING L16: UNCALLED SEGMENT, IGNORED FOR OVERLAY PROCESS
    SEGMENT: ?PR?_PCT_SHOWSPEAKICON?OSDACTION_

*** WARNING L16: UNCALLED SEGMENT, IGNORED FOR OVERLAY PROCESS
    SEGMENT: ?PR?PCT_SHOWVLOSS?OSDACTION_

*** WARNING L16: UNCALLED SEGMENT, IGNORED FOR OVERLAY PROCESS
    SEGMENT: ?PR?PCT_AUDIOREGLIST?TW28XX_AUDIO

*** WARNING L16: UNCALLED SEGMENT, IGNORED FOR OVERLAY PROCESS
    SEGMENT: ?PR?PCT_VIDEOLASTMODIFY?TW28XX_VIDEO

*** WARNING L16: UNCALLED SEGMENT, IGNORED FOR OVERLAY PROCESS
    SEGMENT: ?PR?_PCT_WINATTRCLEAR?TW28XX_VIDEO

*** WARNING L16: UNCALLED SEGMENT, IGNORED FOR OVERLAY PROCESS
    SEGMENT: ?PR?I2C_100KHZ?NED

*** WARNING L16: UNCALLED SEGMENT, IGNORED FOR OVERLAY PROCESS
    SEGMENT: ?PR?I2CSTART2?NED

*** WARNING L16: UNCALLED SEGMENT, IGNORED FOR OVERLAY PROCESS
    SEGMENT: ?PR?I2CSTOP2?NED

*** WARNING L16: UNCALLED SEGMENT, IGNORED FOR OVERLAY PROCESS
    SEGMENT: ?PR?_I2CWRITEDATA2?NED

*** WARNING L16: UNCALLED SEGMENT, IGNORED FOR OVERLAY PROCESS
    SEGMENT: ?PR?I2CREADDATA2?NED

*** WARNING L16: UNCALLED SEGMENT, IGNORED FOR OVERLAY PROCESS
    SEGMENT: ?PR?I2CREADDATAWITHACK2?NED

*** WARNING L16: UNCALLED SEGMENT, IGNORED FOR OVERLAY PROCESS
    SEGMENT: ?PR?_READI2C2?NED

*** WARNING L16: UNCALLED SEGMENT, IGNORED FOR OVERLAY PROCESS
    SEGMENT: ?PR?I2C_ACK?NED

*** WARNING L16: UNCALLED SEGMENT, IGNORED FOR OVERLAY PROCESS
    SEGMENT: ?PR?I2C_ACK2?NED

*** WARNING L16: UNCALLED SEGMENT, IGNORED FOR OVERLAY PROCESS
    SEGMENT: ?PR?_SET_CHANNEL?NED

*** WARNING L16: UNCALLED SEGMENT, IGNORED FOR OVERLAY PROCESS
BL51 BANKED LINKER/LOCATER V6.22                                                      11/30/2015  19:14:20  PAGE 127


    SEGMENT: ?PR?SEND_CAMERA_VER?NED

*** WARNING L16: UNCALLED SEGMENT, IGNORED FOR OVERLAY PROCESS
    SEGMENT: ?PR?_GET_CAMERA_IRD?NED

*** WARNING L16: UNCALLED SEGMENT, IGNORED FOR OVERLAY PROCESS
    SEGMENT: ?PR?GET_DVR_VER?NED

*** WARNING L16: UNCALLED SEGMENT, IGNORED FOR OVERLAY PROCESS
    SEGMENT: ?PR?SENT_DVR_VER?NED

*** WARNING L16: UNCALLED SEGMENT, IGNORED FOR OVERLAY PROCESS
    SEGMENT: ?PR?GET_DVR_YEAR?NED

*** WARNING L16: UNCALLED SEGMENT, IGNORED FOR OVERLAY PROCESS
    SEGMENT: ?PR?SENT_DVR_YEAR?NED

*** WARNING L16: UNCALLED SEGMENT, IGNORED FOR OVERLAY PROCESS
    SEGMENT: ?PR?GET_DVR_MD?NED

*** WARNING L16: UNCALLED SEGMENT, IGNORED FOR OVERLAY PROCESS
    SEGMENT: ?PR?SENT_DVR_MDR?NED

*** WARNING L16: UNCALLED SEGMENT, IGNORED FOR OVERLAY PROCESS
    SEGMENT: ?PR?GET_DVR_HS?NED

*** WARNING L16: UNCALLED SEGMENT, IGNORED FOR OVERLAY PROCESS
    SEGMENT: ?PR?SENT_DVR_HS?NED

*** WARNING L16: UNCALLED SEGMENT, IGNORED FOR OVERLAY PROCESS
    SEGMENT: ?PR?_COMMAND_CHECK?NED

*** WARNING L16: UNCALLED SEGMENT, IGNORED FOR OVERLAY PROCESS
    SEGMENT: ?PR?_CHECK_STARTUP?NED

*** WARNING L16: UNCALLED SEGMENT, IGNORED FOR OVERLAY PROCESS
    SEGMENT: ?PR?_GET_DATA?NED

*** WARNING L16: UNCALLED SEGMENT, IGNORED FOR OVERLAY PROCESS
    SEGMENT: ?PR?_PARITY?NED

*** WARNING L16: UNCALLED SEGMENT, IGNORED FOR OVERLAY PROCESS
    SEGMENT: ?PR?ADT75_INIT?NED

*** WARNING L16: UNCALLED SEGMENT, IGNORED FOR OVERLAY PROCESS
    SEGMENT: ?PR?_FIFOAVAILABLEDATA?NED

*** WARNING L16: UNCALLED SEGMENT, IGNORED FOR OVERLAY PROCESS
    SEGMENT: ?PR?_FIFOAVAILABLESPACE?NED

*** WARNING L16: UNCALLED SEGMENT, IGNORED FOR OVERLAY PROCESS
    SEGMENT: ?PR?_ENABLETRANSMIT?NED

*** WARNING L16: UNCALLED SEGMENT, IGNORED FOR OVERLAY PROCESS
    SEGMENT: ?PR?_FLUSH?NED

*** WARNING L16: UNCALLED SEGMENT, IGNORED FOR OVERLAY PROCESS
BL51 BANKED LINKER/LOCATER V6.22                                                      11/30/2015  19:14:20  PAGE 128


    SEGMENT: ?PR?_PING?NED

*** WARNING L16: UNCALLED SEGMENT, IGNORED FOR OVERLAY PROCESS
    SEGMENT: ?PR?_TW2835_GET?NED

*** WARNING L16: UNCALLED SEGMENT, IGNORED FOR OVERLAY PROCESS
    SEGMENT: ?PR?_PEEK?NED

*** WARNING L16: UNCALLED SEGMENT, IGNORED FOR OVERLAY PROCESS
    SEGMENT: ?PR?_SET_INT?NED

Program Size: data=98.5 xdata=1002 code=42711
LINK/LOCATE RUN COMPLETE.  58 WARNING(S),  0 ERROR(S)
