BL51 BANKED LINKER/LOCATER V6.22                                                        11/30/2015  09:53:45  PAGE 1


BL51 BANKED LINKER/LOCATER V6.22, INVOKED BY:
C:\KEIL\C51\BIN\BL51.EXE .\OBJ\STARTUP.obj, .\OBJ\UART.obj, .\OBJ\BusCtrl.obj, .\OBJ\CommandShell.obj, .\OBJ\Main.obj, .
>> \OBJ\OSD_Graph.obj, .\OBJ\OSDAction .obj, .\OBJ\OSDCtrl.obj, .\OBJ\Timer.obj, .\OBJ\TW28xx_Audio.obj, .\OBJ\TW28xx_Vi
>> deo.obj, .\OBJ\TW2835_Init.obj, .\OBJ\NED.obj TO .\OBJ\NED_5MCMOS_v0_a_0_XXXX_20151124 PRINT (.\OBJ\NED_5MCMOS_v0_a_0
>> _XXXX_20151124.m51) RAMSIZE (256) CODE (0X0000-0XFFFF)


MEMORY MODEL: LARGE


INPUT MODULES INCLUDED:
  .\OBJ\STARTUP.obj (?C_STARTUP)
  .\OBJ\UART.obj (UART)
  .\OBJ\BusCtrl.obj (BUSCTRL)
  .\OBJ\CommandShell.obj (COMMANDSHELL)
  .\OBJ\Main.obj (MAIN)
  .\OBJ\OSD_Graph.obj (OSD_GRAPH)
  .\OBJ\OSDAction .obj (OSDACTION_)
  .\OBJ\OSDCtrl.obj (OSDCTRL)
  .\OBJ\Timer.obj (TIMER)
  .\OBJ\TW28xx_Audio.obj (TW28XX_AUDIO)
  .\OBJ\TW28xx_Video.obj (TW28XX_VIDEO)
  .\OBJ\TW2835_Init.obj (TW2835_INIT)
  .\OBJ\NED.obj (NED)
  C:\KEIL\C51\LIB\C51L.LIB (?C_INIT)
  C:\KEIL\C51\LIB\C51L.LIB (?C?COPY)
  C:\KEIL\C51\LIB\C51L.LIB (?C?CLDPTR)
  C:\KEIL\C51\LIB\C51L.LIB (?C?CLDOPTR)
  C:\KEIL\C51\LIB\C51L.LIB (?C?CSTPTR)
  C:\KEIL\C51\LIB\C51L.LIB (?C?IMUL)
  C:\KEIL\C51\LIB\C51L.LIB (?C?UIDIV)
  C:\KEIL\C51\LIB\C51L.LIB (?C?IILDX)
  C:\KEIL\C51\LIB\C51L.LIB (?C?ILDIX)
  C:\KEIL\C51\LIB\C51L.LIB (?C?ILDPTR)
  C:\KEIL\C51\LIB\C51L.LIB (?C?IILDOPTR)
  C:\KEIL\C51\LIB\C51L.LIB (?C?LMUL)
  C:\KEIL\C51\LIB\C51L.LIB (?C?ULDIV)
  C:\KEIL\C51\LIB\C51L.LIB (?C?SLDIV)
  C:\KEIL\C51\LIB\C51L.LIB (?C?ULCMP)
  C:\KEIL\C51\LIB\C51L.LIB (?C?ULSHR)
  C:\KEIL\C51\LIB\C51L.LIB (?C?LSTXDATA)
  C:\KEIL\C51\LIB\C51L.LIB (?C?LSTKXDATA)
  C:\KEIL\C51\LIB\C51L.LIB (?C?PLDPTR)
  C:\KEIL\C51\LIB\C51L.LIB (?C?PSTPTR)
  C:\KEIL\C51\LIB\C51L.LIB (?C?CCASE)
  C:\KEIL\C51\LIB\C51L.LIB (?C?ICASE)
  C:\KEIL\C51\LIB\C51L.LIB (PRINTF)
  C:\KEIL\C51\LIB\C51L.LIB (PUTS)
  C:\KEIL\C51\LIB\C51L.LIB (SCANF)
  C:\KEIL\C51\LIB\C51L.LIB (?C?STRCMP)
  C:\KEIL\C51\LIB\C51L.LIB (STRLEN)
  C:\KEIL\C51\LIB\C51L.LIB (ATOI)
  C:\KEIL\C51\LIB\C51L.LIB (?C?ISTPTR)
  C:\KEIL\C51\LIB\C51L.LIB (?C?LNEG)
  C:\KEIL\C51\LIB\C51L.LIB (?C?LSTPTR)
  C:\KEIL\C51\LIB\C51L.LIB (?C?PLDIDATA)
  C:\KEIL\C51\LIB\C51L.LIB (?C?PSTIDATA)
  C:\KEIL\C51\LIB\C51L.LIB (?C?PLDXDATA)
BL51 BANKED LINKER/LOCATER V6.22                                                      11/30/2015  09:53:45  PAGE 2


  C:\KEIL\C51\LIB\C51L.LIB (?C?PLDIXDATA)
  C:\KEIL\C51\LIB\C51L.LIB (?C?PILDXDATA)
  C:\KEIL\C51\LIB\C51L.LIB (?C?PSTXDATA)
  C:\KEIL\C51\LIB\C51L.LIB (?C?PLDPDATA)
  C:\KEIL\C51\LIB\C51L.LIB (?C?PSTPDATA)
  C:\KEIL\C51\LIB\C51L.LIB (?C?PLDCODE)
  C:\KEIL\C51\LIB\C51L.LIB (PUTCHAR)
  C:\KEIL\C51\LIB\C51L.LIB (GETCHAR)
  C:\KEIL\C51\LIB\C51L.LIB (UNGETC)
  C:\KEIL\C51\LIB\C51L.LIB (ISDIGIT)
  C:\KEIL\C51\LIB\C51L.LIB (ISSPACE)
  C:\KEIL\C51\LIB\C51L.LIB (?C?LSTIDATA)
  C:\KEIL\C51\LIB\C51L.LIB (?C?LSTPDATA)
  C:\KEIL\C51\LIB\C51L.LIB (_GETKEY)


LINK MAP OF MODULE:  .\OBJ\NED_5MCMOS_v0_a_0_XXXX_20151124 (?C_STARTUP)


            TYPE    BASE      LENGTH    RELOCATION   SEGMENT NAME
            -----------------------------------------------------

            * * * * * * *   D A T A   M E M O R Y   * * * * * * *
            REG     0000H     0008H     ABSOLUTE     "REG BANK 0"
            DATA    0008H     000AH     UNIT         ?DT?_MONIAUDIOMIXING?COMMANDSHELL
            DATA    0012H     000AH     UNIT         ?DT?_MONIAUDIOGAIN?COMMANDSHELL
            DATA    001CH     0004H     UNIT         ?DT?_MONIREADASICBYTE?COMMANDSHELL
            DATA    0020H     0001H     BIT_ADDR     ?BA?MAIN
            DATA    0021H     0001H     BIT_ADDR     ?BA?OSDACTION_
            DATA    0022H     0001H     BIT_ADDR     ?BA?OSDCTRL
            BIT     0023H.0   0001H.1   UNIT         _BIT_GROUP_
            BIT     0024H.1   0000H.2   UNIT         ?BI?MAIN
            BIT     0024H.3   0000H.1   UNIT         ?BI?_ATOI?ATOI
            BIT     0024H.4   0000H.1   UNIT         ?BI?GETCHAR
                    0024H.5   0000H.3                *** GAP ***
            DATA    0025H     000AH     UNIT         ?DT?_MONIVIDEOMIXATTR?COMMANDSHELL
            DATA    002FH     0009H     UNIT         _DATA_GROUP_
            DATA    0038H     0008H     UNIT         ?DT?_MONISETVIDEOFORMAT?COMMANDSHELL
            DATA    0040H     0006H     UNIT         ?DT?TIMER
            DATA    0046H     0003H     UNIT         ?DT?_MONIREADPAGEBUFFER?COMMANDSHELL
            DATA    0049H     0003H     UNIT         ?DT?_MONIWRITEONEBUFFER?COMMANDSHELL
            DATA    004CH     0003H     UNIT         ?DT?_PCT_WRITEOSDFNTX?OSDCTRL
            DATA    004FH     0002H     UNIT         ?DT?_MONIREADONEBUFFER?COMMANDSHELL
            DATA    0051H     0002H     UNIT         ?DT?MONIREGISTERDUMP?COMMANDSHELL
            DATA    0053H     0002H     UNIT         ?DT?_MONIVIDEOMIXWIN?COMMANDSHELL
            DATA    0055H     0002H     UNIT         ?DT?_MONISHOWSODSTR?COMMANDSHELL
            DATA    0057H     0002H     UNIT         ?DT?PCT_AUDIOACTIONFORHS?COMMANDSHELL
            DATA    0059H     0002H     UNIT         ?DT?OSDCTRL
            DATA    005BH     0002H     UNIT         ?DT?_PCT_WRITEOSDFNTY?OSDCTRL
            DATA    005DH     0001H     UNIT         ?DT?_MONIAUDIOLIVE?COMMANDSHELL
            DATA    005EH     0001H     UNIT         ?DT?_PUTSP?MAIN
            DATA    005FH     0001H     UNIT         ?DT?PCT_SHOWVLOSS?OSDACTION_
            DATA    0060H     0001H     UNIT         ?DT?_PCT_AUDIOMIXMUTE?TW28XX_AUDIO
            DATA    0061H     0001H     UNIT         ?DT?PCT_VIDEOLASTMODIFY?TW28XX_VIDEO
            IDATA   0062H     0001H     UNIT         ?STACK

            * * * * * * *  X D A T A   M E M O R Y  * * * * * * *
BL51 BANKED LINKER/LOCATER V6.22                                                      11/30/2015  09:53:45  PAGE 3


            XDATA   0000H     020BH     UNIT         _XDATA_GROUP_
            XDATA   020BH     0081H     UNIT         ?XD?NED
            XDATA   028CH     0066H     UNIT         ?XD?UART
            XDATA   02F2H     0045H     UNIT         ?XD?MAIN
            XDATA   0337H     001FH     UNIT         ?XD?_PCT_WRITEOSDFNTY?OSDCTRL
            XDATA   0356H     001AH     UNIT         ?XD?COMMANDSHELL
            XDATA   0370H     0013H     UNIT         ?XD?_PCT_WRITEOSDFNTX?OSDCTRL
            XDATA   0383H     0007H     UNIT         ?XD?_PCT_SHOWOSDSTRING?OSDCTRL
            XDATA   038AH     0006H     UNIT         ?XD?_MONIAUDIOMIXING?COMMANDSHELL
            XDATA   0390H     0006H     UNIT         ?XD?_MONIAUDIOGAIN?COMMANDSHELL
            XDATA   0396H     0006H     UNIT         ?XD?_MONIVIDEOMIXATTR?COMMANDSHELL
            XDATA   039CH     0006H     UNIT         ?XD?_MONISETVIDEOFORMAT?COMMANDSHELL
            XDATA   03A2H     0006H     UNIT         ?XD?_MONISHOWSODSTR?COMMANDSHELL
            XDATA   03A8H     0006H     UNIT         ?XD?_TW2835_GET?NED
            XDATA   03AEH     0005H     UNIT         ?XD?_ATOI?ATOI
            XDATA   03B3H     0004H     UNIT         ?XD?_PCT_WRITEOSDDATABUFFERX?OSDCTRL
            XDATA   03B7H     0004H     UNIT         ?XD?_PCT_WRITEOSDDATABUFFERY?OSDCTRL
            XDATA   03BBH     0004H     UNIT         ?XD?_PCT_AUDIOMIXCTRL?TW28XX_AUDIO
            XDATA   03BFH     0004H     UNIT         ?XD?_CHECK_STARTUP?NED
            XDATA   03C3H     0003H     UNIT         ?XD?_PUTSP?MAIN
            XDATA   03C6H     0003H     UNIT         ?XD?_CHKSTARTCOMMSHELL?MAIN
            XDATA   03C9H     0003H     UNIT         ?XD?_PCT_SHOWSPEAKICON?OSDACTION_
            XDATA   03CCH     0003H     UNIT         ?XD?_PCT_AUDIOGAINCTRL?TW28XX_AUDIO
            XDATA   03CFH     0003H     UNIT         ?XD?_PCT_WINATTRCLEAR?TW28XX_VIDEO
            XDATA   03D2H     0003H     UNIT         ?XD?ADT75_INIT?NED
            XDATA   03D5H     0002H     UNIT         ?XD?_PCT_AUDIOMIXMUTE?TW28XX_AUDIO
            XDATA   03D7H     0002H     UNIT         ?XD?_PCT_SETVIDEOFORMAT?TW28XX_VIDEO
            XDATA   03D9H     0002H     UNIT         ?XD?_GET_CAMERA_IRD?NED
            XDATA   03DBH     0001H     UNIT         ?XD?OSD_GRAPH
            XDATA   03DCH     0001H     UNIT         ?XD?OSDACTION_
            XDATA   03DDH     0001H     UNIT         ?XD?_PCT_AUDIOSELLIVE?TW28XX_AUDIO
            XDATA   03DEH     0001H     UNIT         ?XD?_PCT_WINPOPUPCTRL?TW28XX_VIDEO
            XDATA   03DFH     0001H     UNIT         ?XD?_READI2C2?NED
            XDATA   03E0H     0001H     UNIT         ?XD?_WRITEI2CWORD?NED
            XDATA   03E1H     0001H     UNIT         ?XD?_SET_CHANNEL?NED
            XDATA   03E2H     0001H     UNIT         ?XD?SEND_CAMERA_VER?NED
            XDATA   03E3H     0001H     UNIT         ?XD?SENT_DVR_VER?NED
            XDATA   03E4H     0001H     UNIT         ?XD?SENT_DVR_YEAR?NED
            XDATA   03E5H     0001H     UNIT         ?XD?_COMMAND_CHECK?NED
            XDATA   03E6H     0001H     UNIT         ?XD?_GET_DATA?NED
            XDATA   03E7H     0001H     UNIT         ?XD?_ENABLETRANSMIT?NED
            XDATA   03E8H     0001H     UNIT         ?XD?_PEEK?NED
            XDATA   03E9H     0001H     UNIT         ?XD?_SET_INT?NED
            XDATA   03EAH     0001H     UNIT         ?XD?GETCHAR

            * * * * * * *   C O D E   M E M O R Y   * * * * * * *
            CODE    0000H     0003H     ABSOLUTE     
            CODE    0003H     0008H     UNIT         ?PR?_RS_TX?UART
            CODE    000BH     0003H     ABSOLUTE     
            CODE    000EH     0015H     UNIT         ?PR?_READI2C2?NED
            CODE    0023H     0003H     ABSOLUTE     
            CODE    0026H     0005H     UNIT         ?PR?MONIHSCOMMDISSCROLL?COMMANDSHELL
            CODE    002BH     0003H     ABSOLUTE     
            CODE    002EH     16CAH     UNIT         ?CO?OSD_GRAPH
            CODE    16F8H     0EA0H     UNIT         ?CO?OSDCTRL
            CODE    2598H     0703H     UNIT         ?C?LIB_CODE
            CODE    2C9BH     0584H     UNIT         ?PR?PCT_SHOWVLOSS?OSDACTION_
BL51 BANKED LINKER/LOCATER V6.22                                                      11/30/2015  09:53:45  PAGE 4


            CODE    321FH     04DEH     UNIT         ?PR?_PCT_SHOWMIRRORICON?OSDACTION_
            CODE    36FDH     04AAH     UNIT         ?PR?_PCT_SHOWSPEAKICON?OSDACTION_
            CODE    3BA7H     0459H     UNIT         ?CO?TW28XX_VIDEO
            CODE    4000H     0400H     UNIT         ?CO?TW2835_INIT
            CODE    4400H     03AEH     UNIT         ?PR?_PCT_OSD_ACTIONPTHX?OSDACTION_
            CODE    47AEH     0365H     UNIT         ?PR?PRINTF?PRINTF
            CODE    4B13H     0322H     UNIT         ?PR?SCANF?SCANF
            CODE    4E35H     0320H     UNIT         ?PR?_MONITOR_SET?MAIN
            CODE    5155H     02F8H     UNIT         ?PR?_PCT_SETVIDEOHDELAY?TW28XX_VIDEO
            CODE    544DH     027EH     UNIT         ?CO?COMMANDSHELL
            CODE    56CBH     021FH     UNIT         ?PR?COMMANDSHELL
            CODE    58EAH     0217H     UNIT         ?PR?_MONIVIDEOMIXATTR?COMMANDSHELL
            CODE    5B01H     01F7H     UNIT         ?PR?_SC16_SENDDATASELECT?NED
            CODE    5CF8H     01DAH     UNIT         ?CO?MAIN
            CODE    5ED2H     01D9H     UNIT         ?PR?PCT_AUDIOREGLIST?TW28XX_AUDIO
            CODE    60ABH     01D7H     UNIT         ?PR?_SC16_BCC_CHECK?NED
            CODE    6282H     01A3H     UNIT         ?PR?_PCT_SETXVIDEOMIXING?TW28XX_VIDEO
            CODE    6425H     01A2H     UNIT         ?PR?_PCT_OSD16X16GRAPHX?OSD_GRAPH
            CODE    65C7H     017CH     UNIT         ?PR?_PCT_WRITEOSDDATABUFFERX?OSDCTRL
            CODE    6743H     0178H     UNIT         ?PR?_MONIAUDIOMIXING?COMMANDSHELL
            CODE    68BBH     0170H     UNIT         ?PR?NED
            CODE    6A2BH     016AH     UNIT         ?PR?OSDCTRL
            CODE    6B95H     0166H     UNIT         ?PR?_PCT_SHOWINDICATEICON?OSDACTION_
            CODE    6CFBH     0163H     UNIT         ?PR?MAIN?MAIN
            CODE    6E5EH     015FH     UNIT         ?C_INITSEG
            CODE    6FBDH     014EH     UNIT         ?PR?_MONIHSCOMM?COMMANDSHELL
            CODE    710BH     0144H     UNIT         ?PR?_MONIAUDIOGAIN?COMMANDSHELL
            CODE    724FH     0141H     UNIT         ?PR?_PCT_RECOMPENSEYHDELAY?TW28XX_VIDEO
            CODE    7390H     013AH     UNIT         ?PR?PCT_INITOSDCOLOR?OSDCTRL
            CODE    74CAH     0124H     UNIT         ?PR?_PCT_WRITEOSDFNTX?OSDCTRL
            CODE    75EEH     0124H     UNIT         ?PR?_PCT_WRITEOSDDATABUFFERY?OSDCTRL
            CODE    7712H     011EH     UNIT         ?PR?PRESS_CHECK?MAIN
            CODE    7830H     011DH     UNIT         ?PR?_MONISETVIDEOFORMAT?COMMANDSHELL
            CODE    794DH     011BH     UNIT         ?PR?TW28XX_VIDEO
            CODE    7A68H     00F2H     UNIT         ?PR?_PCT_WRITEOSDFNTY?OSDCTRL
            CODE    7B5AH     00EFH     UNIT         ?PR?_PCT_RUNCOMMSHELL?COMMANDSHELL
            CODE    7C49H     00DDH     UNIT         ?PR?TIMER2_INTERRUPT?TIMER
            CODE    7D26H     00DBH     UNIT         ?PR?_ATOI?ATOI
            CODE    7E01H     00D9H     UNIT         ?PR?COMMANDSHELL?MAIN
            CODE    7EDAH     00CFH     UNIT         ?PR?MAIN
            CODE    7FA9H     00CEH     UNIT         ?PR?_SET_PWM_OUTPUT?MAIN
            CODE    8077H     00BAH     UNIT         ?PR?_SETBAUDRATE?NED
            CODE    8131H     00B8H     UNIT         ?PR?OSDACTION_
            CODE    81E9H     00B6H     UNIT         ?PR?_PCT_CLEARWORDSPATHX?OSDCTRL
            CODE    829FH     00ADH     UNIT         ?PR?_SC16_COMCHECK?NED
            CODE    834CH     00AAH     UNIT         ?PR?_PCT_FULLCOLORONOSD?OSDCTRL
            CODE    83F6H     00A3H     UNIT         ?PR?_TW2835_GET?NED
            CODE    8499H     0099H     UNIT         ?PR?_PCT_SETCHANELSCALE?TW28XX_VIDEO
            CODE    8532H     0099H     UNIT         ?PR?CAMERA_MOVE?NED
            CODE    85CBH     0098H     UNIT         ?PR?_CHECK_STARTUP?NED
            CODE    8663H     0096H     UNIT         ?PR?CHECK_OTHER_COM?NED
            CODE    86F9H     008EH     UNIT         ?PR?PCT_VIDEOLASTMODIFY?TW28XX_VIDEO
            CODE    8787H     008CH     UNIT         ?C_C51STARTUP
            CODE    8813H     008CH     UNIT         ?PR?_PCT_READASICBYTE?BUSCTRL
            CODE    889FH     0081H     UNIT         ?PR?_PCT_WRITEASICTABLE?BUSCTRL
            CODE    8920H     0080H     UNIT         ?PR?SC16_INIT?NED
            CODE    89A0H     007BH     UNIT         ?PR?_SET_CHANNEL?NED
BL51 BANKED LINKER/LOCATER V6.22                                                      11/30/2015  09:53:45  PAGE 5


            CODE    8A1BH     0079H     UNIT         ?PR?_I2CWRITEDATA?NED
            CODE    8A94H     0073H     UNIT         ?PR?_BOUND_SET?NED
            CODE    8B07H     0071H     UNIT         ?PR?_PCT_AUDIOMIXCTRL?TW28XX_AUDIO
            CODE    8B78H     0070H     UNIT         ?PR?_PCT_GETFIRSTSTR?COMMANDSHELL
            CODE    8BE8H     006BH     UNIT         ?PR?_PCT_AUDIOGAINCTRL?TW28XX_AUDIO
            CODE    8C53H     006AH     UNIT         ?PR?_I2CWRITEDATA2?NED
            CODE    8CBDH     0069H     UNIT         ?PR?PCT_CHECKSYSTEM?COMMANDSHELL
            CODE    8D26H     0069H     UNIT         ?PR?_GET_DATA?NED
            CODE    8D8FH     0067H     UNIT         ?PR?PCT_TW2835_INITIAL?TW2835_INIT
            CODE    8DF6H     0067H     UNIT         ?PR?_SETLINE?NED
            CODE    8E5DH     0064H     UNIT         ?PR?_PCT_WRITEASICBYTE?BUSCTRL
            CODE    8EC1H     0064H     UNIT         ?PR?_PCT_CHANGESYSTEMTYPE?TW2835_INIT
            CODE    8F25H     0063H     UNIT         ?PR?GPIO_CHECK?NED
            CODE    8F88H     0061H     UNIT         ?PR?_MONISHOWSODSTR?COMMANDSHELL
            CODE    8FE9H     0061H     UNIT         ?PR?CAMERA_VERSION_CHECK?MAIN
            CODE    904AH     0061H     UNIT         ?PR?_PCT_SHOWGRAPHSTRING?OSD_GRAPH
            CODE    90ABH     005EH     UNIT         ?PR?_PCT_SHOWOSDSTRING?OSDCTRL
            CODE    9109H     005AH     UNIT         ?PR?TEMP_CHECK?MAIN
            CODE    9163H     0059H     UNIT         ?PR?_PCT_SETOSDCOLOR?OSDCTRL
            CODE    91BCH     0056H     UNIT         ?PR?_MONIVIDEOMIXWIN?COMMANDSHELL
            CODE    9212H     0055H     UNIT         ?PR?VERSION_CHECK?MAIN
            CODE    9267H     0052H     UNIT         ?PR?_PCT_WRITESTABLE?BUSCTRL
            CODE    92B9H     0050H     UNIT         ?PR?_WAIT_MS?MAIN
            CODE    9309H     004DH     UNIT         ?PR?_MONIWRITEASICBYTE?COMMANDSHELL
            CODE    9356H     004CH     UNIT         ?PR?PCT_INITIALOSD?OSDACTION_
            CODE    93A2H     004BH     UNIT         ?PR?MONIREGISTERDUMP?COMMANDSHELL
            CODE    93EDH     004BH     UNIT         ?PR?_PCT_DETECTVIDEOFORMAT?TW28XX_VIDEO
            CODE    9438H     004AH     UNIT         ?PR?INITIALMPU?MAIN
            CODE    9482H     004AH     UNIT         ?PR?I2C_ACK2?NED
            CODE    94CCH     004AH     UNIT         ?PR?_SET_CAMERA_SPEED?NED
            CODE    9516H     0048H     UNIT         ?PR?_PCT_CHECKVMIXTYPE?COMMANDSHELL
            CODE    955EH     0048H     UNIT         ?PR?_MONIREADASICBYTE?COMMANDSHELL
            CODE    95A6H     0047H     UNIT         ?PR?_MONIREADPAGEBUFFER?COMMANDSHELL
            CODE    95EDH     0047H     UNIT         ?PR?PCT_AUDIOACTIONFORHS?COMMANDSHELL
            CODE    9634H     0047H     UNIT         ?PR?PCT_GETVIDEOSIGNALSTATUS?OSDACTION_
            CODE    967BH     0047H     UNIT         ?PR?SEND_CAMERA_VER?NED
            CODE    96C2H     0047H     UNIT         ?PR?SENT_CAMERA_ANG?NED
            CODE    9709H     0047H     UNIT         ?PR?SENT_CAMERA_RANG?NED
            CODE    9750H     0047H     UNIT         ?PR?SENT_DVR_VER?NED
            CODE    9797H     0046H     UNIT         ?PR?SEND_CAMERA_PRESS?NED
            CODE    97DDH     0046H     UNIT         ?PR?SENT_DVR_YEAR?NED
            CODE    9823H     0045H     UNIT         ?PR?PCT_SHOWMODEICON?OSDACTION_
            CODE    9868H     0045H     UNIT         ?PR?_GET_CAMERA_IRD?NED
            CODE    98ADH     0044H     UNIT         ?C?LDIV
            CODE    98F1H     0043H     UNIT         ?PR?PCT_INITIALTW2835?TW2835_INIT
            CODE    9934H     0041H     UNIT         ?PR?_SC16_DATA_RESET?NED
            CODE    9975H     0040H     UNIT         ?CO?TW28XX_AUDIO
            CODE    99B5H     0040H     UNIT         ?PR?_PCT_WINATTRCLEAR?TW28XX_VIDEO
            CODE    99F5H     003DH     UNIT         ?PR?_PCT_STRTOCOMMCODE?COMMANDSHELL
            CODE    9A32H     003DH     UNIT         ?CO?NED
            CODE    9A6FH     003CH     UNIT         ?PR?BUSCTRL
            CODE    9AABH     003CH     UNIT         ?PR?_PCT_WINATTRCTRLY?TW28XX_VIDEO
            CODE    9AE7H     003AH     UNIT         ?PR?MONIVIDEOAUTODETECT?COMMANDSHELL
            CODE    9B21H     003AH     UNIT         ?PR?SENT_DVR_TEMP?NED
            CODE    9B5BH     0039H     UNIT         ?PR?SEND_CAMERA_TEMP?NED
            CODE    9B94H     0038H     UNIT         ?PR?OSD_GRAPH
            CODE    9BCCH     0037H     UNIT         ?PR?_MONIREADONEBUFFER?COMMANDSHELL
BL51 BANKED LINKER/LOCATER V6.22                                                      11/30/2015  09:53:45  PAGE 6


            CODE    9C03H     0037H     UNIT         ?PR?TW28XX_AUDIO
            CODE    9C3AH     0037H     UNIT         ?PR?_READI2CWORD?NED
            CODE    9C71H     0036H     UNIT         ?PR?_PCT_ENSHOWOSDPAGE?OSDCTRL
            CODE    9CA7H     0036H     UNIT         ?PR?_PCT_AUDIOMIXMUTE?TW28XX_AUDIO
            CODE    9CDDH     0035H     UNIT         ?PR?_PUTSP?MAIN
            CODE    9D12H     0035H     UNIT         ?PR?_PCT_WINATTRCTRL?TW28XX_VIDEO
            CODE    9D47H     0034H     UNIT         ?PR?_MONIWRITEONEBUFFER?COMMANDSHELL
            CODE    9D7BH     0034H     UNIT         ?PR?_PCT_DISSHOWOSDPAGE?OSDCTRL
            CODE    9DAFH     0032H     UNIT         ?PR?REPEAT_PWM_COM?NED
            CODE    9DE1H     0032H     UNIT         ?PR?SC16_DATACHECK?NED
            CODE    9E13H     0030H     UNIT         ?PR?_PCT_AUDIOSELLIVE?TW28XX_AUDIO
            CODE    9E43H     002EH     UNIT         ?PR?_PCT_SETVIDEOFORMAT?TW28XX_VIDEO
            CODE    9E71H     002EH     UNIT         ?PR?I2CREADDATAWITHACK2?NED
            CODE    9E9FH     002DH     UNIT         ?PR?RS_INTERRUPT?UART
            CODE    9ECCH     002DH     UNIT         ?PR?_PWM_SET?MAIN
            CODE    9EF9H     002CH     UNIT         ?PR?_CHKSTARTCOMMSHELL?MAIN
            CODE    9F25H     002CH     UNIT         ?PR?GET_CAMERA_VER?NED
            CODE    9F51H     002CH     UNIT         ?PR?GET_CAMERA_ANG?NED
            CODE    9F7DH     002CH     UNIT         ?PR?GET_CAMERA_RANG?NED
            CODE    9FA9H     002CH     UNIT         ?PR?GET_DVR_TEMP?NED
            CODE    9FD5H     002CH     UNIT         ?PR?GET_DVR_VER?NED
            CODE    A001H     002CH     UNIT         ?PR?GET_DVR_YEAR?NED
            CODE    A02DH     002CH     UNIT         ?PR?GET_DVR_MD?NED
            CODE    A059H     002CH     UNIT         ?PR?GET_DVR_HS?NED
            CODE    A085H     002BH     UNIT         ?PR?I2CREADDATAWITHACK?NED
            CODE    A0B0H     002AH     UNIT         ?PR?_BCC_CAL?NED
            CODE    A0DAH     002AH     UNIT         ?PR?_PUTS?PUTS
            CODE    A104H     0029H     UNIT         ?PR?ADT75_INIT?NED
            CODE    A12DH     0028H     UNIT         ?PR?I2CREADDATA2?NED
            CODE    A155H     0027H     UNIT         ?PR?PUTCHAR?PUTCHAR
            CODE    A17CH     0026H     UNIT         ?PR?RESETCOMMSELL?MAIN
            CODE    A1A2H     0026H     UNIT         ?PR?PCT_OSDACTIONFORHS?OSDACTION_
            CODE    A1C8H     0026H     UNIT         ?PR?_PCT_WINPOPUPCTRL?TW28XX_VIDEO
            CODE    A1EEH     0025H     UNIT         ?PR?I2CREADDATA?NED
            CODE    A213H     0021H     UNIT         ?PR?_SC16_SENDDATA?NED
            CODE    A234H     0020H     UNIT         ?CO?OSDACTION_
            CODE    A254H     0020H     UNIT         ?PR?_ADC_READ?NED
            CODE    A274H     001FH     UNIT         ?PR?_PCT_SETOSDDRAWPAGE?OSDCTRL
            CODE    A293H     001FH     UNIT         ?PR?_PING?NED
            CODE    A2B2H     001EH     UNIT         ?PR?_ENABLETRANSMIT?NED
            CODE    A2D0H     001DH     UNIT         ?PR?INITIALTIMER2?TIMER
            CODE    A2EDH     001DH     UNIT         ?PR?_WRITEI2CWORD?NED
            CODE    A30AH     001CH     UNIT         ?PR?_READI2C?NED
            CODE    A326H     001AH     UNIT         ?PR?_PCT_CLEAROSDPAGEX?OSDCTRL
            CODE    A340H     0019H     UNIT         ?PR?RS_RX?UART
            CODE    A359H     0019H     UNIT         ?PR?TW2835_INIT
            CODE    A372H     0018H     UNIT         ?PR?_WRITEI2C?NED
            CODE    A38AH     0018H     UNIT         ?PR?_SET_INT?NED
            CODE    A3A2H     0016H     UNIT         ?PR?INITIALUART?UART
            CODE    A3B8H     0016H     UNIT         ?PR?_MONIHSCOMMSJMODE?COMMANDSHELL
            CODE    A3CEH     0016H     UNIT         ?PR?_PARITY?NED
            CODE    A3E4H     0015H     UNIT         ?PR?_STRLEN?STRLEN
            CODE    A3F9H     0014H     UNIT         ?PR?_MONIAUDIOLIVE?COMMANDSHELL
            CODE    A40DH     0014H     UNIT         ?PR?_PCT_SETYVIDEOMIXING?TW28XX_VIDEO
            CODE    A421H     0014H     UNIT         ?PR?I2C_100KHZ?NED
            CODE    A435H     0014H     UNIT         ?PR?GETCHAR?GETCHAR
            CODE    A449H     0014H     UNIT         ?PR?_ISSPACE?ISSPACE
BL51 BANKED LINKER/LOCATER V6.22                                                      11/30/2015  09:53:45  PAGE 7


            CODE    A45DH     0013H     UNIT         ?PR?MONIHSCOMMVERSION?COMMANDSHELL
            CODE    A470H     0013H     UNIT         ?PR?PCT_TW2835RESETN?TW2835_INIT
            CODE    A483H     0012H     UNIT         ?PR?_MONIYVIDEOMIX?COMMANDSHELL
            CODE    A495H     0012H     UNIT         ?PR?I2CSTART?NED
            CODE    A4A7H     0012H     UNIT         ?PR?I2CSTART2?NED
            CODE    A4B9H     0010H     UNIT         ?PR?RS_RXREADY?UART
            CODE    A4C9H     0010H     UNIT         ?PR?_POWER_ONOFF?NED
            CODE    A4D9H     000FH     UNIT         ?PR?MONIAUDIOMUTE?COMMANDSHELL
            CODE    A4E8H     000FH     UNIT         ?PR?PWM_INIT?MAIN
            CODE    A4F7H     000FH     UNIT         ?PR?I2CDELAY?NED
            CODE    A506H     000FH     UNIT         ?PR?I2CDELAY2?NED
            CODE    A515H     000FH     UNIT         ?PR?_SENT_CAMERA_IRD?NED
            CODE    A524H     000FH     UNIT         ?PR?_RESETDEVICE?NED
            CODE    A533H     000FH     UNIT         ?PR?_ISDIGIT?ISDIGIT
            CODE    A542H     000DH     UNIT         ?PR?TIMER0_INTERRUPT?TIMER
            CODE    A54FH     000DH     UNIT         ?PR?I2CSTOP?NED
            CODE    A55CH     000DH     UNIT         ?PR?I2CSTOP2?NED
            CODE    A569H     000DH     UNIT         ?PR?_READBYTE?NED
            CODE    A576H     000CH     UNIT         ?PR?INITIALCOMMSHELL?MAIN
            CODE    A582H     000BH     UNIT         ?PR?UART
            CODE    A58DH     000BH     UNIT         ?PR?_WRITEI2C2?NED
            CODE    A598H     000BH     UNIT         ?PR?_FLUSH?NED
            CODE    A5A3H     000AH     UNIT         ?PR?_PEEK?NED
            CODE    A5ADH     000AH     UNIT         ?PR?_GETKEY?_GETKEY
            CODE    A5B7H     0009H     UNIT         ?PR?NEWLINE?MAIN
            CODE    A5C0H     0009H     UNIT         ?PR?_PCT_FLASHOSDCTRL?MAIN
            CODE    A5C9H     0009H     UNIT         ?PR?INITIALTIMER0?TIMER
            CODE    A5D2H     0009H     UNIT         ?PR?I2C_ACK?NED
            CODE    A5DBH     0009H     UNIT         ?PR?_GPIOSETPORTMODE?NED
            CODE    A5E4H     0009H     UNIT         ?PR?_GPIOSETPORTSTATE?NED
            CODE    A5EDH     0009H     UNIT         ?PR?_WRITEBYTE?NED
            CODE    A5F6H     0009H     UNIT         ?PR?MCTRL_SET?NED
            CODE    A5FFH     0008H     UNIT         ?PR?PCT_ENFALSHVLOSS?OSDACTION_
            CODE    A607H     0008H     UNIT         ?PR?GETCHAR?UNGETCHAR
            CODE    A60FH     0006H     UNIT         ?PR?PCT_CLEARGRAPHATTR?OSD_GRAPH
            CODE    A615H     0006H     UNIT         ?PR?_PCT_PRESETGRAPHATTR?OSD_GRAPH
            CODE    A61BH     0006H     UNIT         ?PR?_COMMAND_CHECK?NED
            CODE    A621H     0006H     UNIT         ?PR?_GPIOGETPORTSTATE?NED
            CODE    A627H     0006H     UNIT         ?PR?_FIFOAVAILABLEDATA?NED
            CODE    A62DH     0006H     UNIT         ?PR?_FIFOAVAILABLESPACE?NED
            CODE    A633H     0003H     UNIT         ?PR?_PCT_PRESETFOREGROUNDCOLOR?OSDCTRL
            CODE    A636H     0003H     UNIT         ?PR?_PCT_PRESETBACKGROUNDCOLOR?OSDCTRL
            CODE    A639H     0001H     UNIT         ?PR?PTC_SWITCHTOI2CMODE?BUSCTRL
            CODE    A63AH     0001H     UNIT         ?PR?PCT_SENDACK?COMMANDSHELL
            CODE    A63BH     0001H     UNIT         ?PR?SENT_DVR_MDR?NED
            CODE    A63CH     0001H     UNIT         ?PR?SENT_DVR_HS?NED



OVERLAY MAP OF MODULE:   .\OBJ\NED_5MCMOS_v0_a_0_XXXX_20151124 (?C_STARTUP)


SEGMENT                                            BIT_GROUP          DATA_GROUP          XDATA_GROUP
  +--> CALLED SEGMENT                           START    LENGTH     START    LENGTH     START    LENGTH
-------------------------------------------------------------------------------------------------------
?C_C51STARTUP                                   -----    -----      -----    -----      -----    -----
  +--> ?PR?MAIN?MAIN
BL51 BANKED LINKER/LOCATER V6.22                                                      11/30/2015  09:53:45  PAGE 8


  +--> ?C_INITSEG

?PR?MAIN?MAIN                                   -----    -----      -----    -----      0000H    0006H
  +--> ?PR?MAIN
  +--> ?PR?INITIALMPU?MAIN
  +--> ?PR?PWM_INIT?MAIN
  +--> ?PR?INITIALCOMMSHELL?MAIN
  +--> ?PR?RESETCOMMSELL?MAIN
  +--> ?PR?_POWER_ONOFF?NED
  +--> ?PR?SC16_INIT?NED
  +--> ?PR?_MONITOR_SET?MAIN
  +--> ?PR?_GPIOGETPORTSTATE?NED
  +--> ?PR?COMMANDSHELL?MAIN
  +--> ?PR?_PCT_RUNCOMMSHELL?COMMANDSHELL
  +--> ?PR?PCT_CHECKSYSTEM?COMMANDSHELL
  +--> ?PR?RS_RXREADY?UART
  +--> ?PR?PCT_GETVIDEOSIGNALSTATUS?OSDACTION_
  +--> ?PR?GPIO_CHECK?NED
  +--> ?PR?CAMERA_MOVE?NED
  +--> ?PR?_SC16_DATA_RESET?NED
  +--> ?PR?SC16_DATACHECK?NED
  +--> ?PR?_SET_CAMERA_SPEED?NED

?PR?INITIALMPU?MAIN                             -----    -----      -----    -----      -----    -----
  +--> ?PR?INITIALUART?UART
  +--> ?PR?INITIALTIMER0?TIMER
  +--> ?PR?INITIALTIMER2?TIMER

?PR?RESETCOMMSELL?MAIN                          -----    -----      -----    -----      -----    -----
  +--> ?PR?MAIN

?PR?_POWER_ONOFF?NED                            -----    -----      -----    -----      -----    -----
  +--> ?PR?_WAIT_MS?MAIN

?PR?_WAIT_MS?MAIN                               -----    -----      -----    -----      01D5H    0004H

?PR?SC16_INIT?NED                               -----    -----      -----    -----      0006H    0001H
  +--> ?PR?_WAIT_MS?MAIN
  +--> ?PR?NED
  +--> ?PR?_RESETDEVICE?NED
  +--> ?PR?_SETBAUDRATE?NED
  +--> ?PR?_SETLINE?NED
  +--> ?PR?_WRITEI2C?NED
  +--> ?PR?_GPIOSETPORTMODE?NED
  +--> ?PR?_GPIOSETPORTSTATE?NED

?PR?NED                                         -----    -----      -----    -----      -----    -----
  +--> ?PR?I2CDELAY?NED
  +--> ?PR?I2CDELAY2?NED
  +--> ?PR?I2CSTART?NED
  +--> ?PR?_I2CWRITEDATA?NED
  +--> ?PR?_WRITEI2C?NED
  +--> ?PR?_READI2C?NED

?PR?I2CSTART?NED                                -----    -----      -----    -----      -----    -----
  +--> ?PR?I2CDELAY?NED

BL51 BANKED LINKER/LOCATER V6.22                                                      11/30/2015  09:53:45  PAGE 9


?PR?_I2CWRITEDATA?NED                           -----    -----      -----    -----      -----    -----
  +--> ?PR?I2CSTART?NED
  +--> ?PR?I2CDELAY?NED

?PR?_WRITEI2C?NED                               -----    -----      -----    -----      -----    -----
  +--> ?PR?I2CSTOP?NED

?PR?I2CSTOP?NED                                 -----    -----      -----    -----      -----    -----
  +--> ?PR?I2CDELAY?NED

?PR?_READI2C?NED                                -----    -----      -----    -----      -----    -----
  +--> ?PR?_I2CWRITEDATA?NED
  +--> ?PR?I2CREADDATA?NED
  +--> ?PR?I2CSTOP?NED

?PR?I2CREADDATA?NED                             -----    -----      -----    -----      -----    -----
  +--> ?PR?I2CDELAY?NED

?PR?_RESETDEVICE?NED                            -----    -----      -----    -----      -----    -----
  +--> ?PR?NED
  +--> ?PR?_WRITEI2C?NED

?PR?_SETBAUDRATE?NED                            -----    -----      -----    -----      0007H    000AH
  +--> ?PR?_READI2C?NED
  +--> ?PR?_WRITEI2C?NED

?PR?_SETLINE?NED                                -----    -----      -----    -----      0007H    0004H
  +--> ?PR?NED
  +--> ?PR?_WRITEI2C?NED

?PR?_GPIOSETPORTMODE?NED                        -----    -----      -----    -----      -----    -----
  +--> ?PR?_WRITEI2C?NED

?PR?_GPIOSETPORTSTATE?NED                       -----    -----      -----    -----      -----    -----
  +--> ?PR?_WRITEI2C?NED

?PR?_MONITOR_SET?MAIN                           -----    -----      -----    -----      0006H    01CFH
  +--> ?CO?MAIN
  +--> ?PR?MAIN
  +--> ?PR?PCT_INITIALTW2835?TW2835_INIT
  +--> ?PR?_PCT_RUNCOMMSHELL?COMMANDSHELL
  +--> ?PR?_PCT_WRITEASICBYTE?BUSCTRL
  +--> ?PR?_BOUND_SET?NED

?PR?PCT_INITIALTW2835?TW2835_INIT               -----    -----      -----    -----      -----    -----
  +--> ?PR?PCT_TW2835RESETN?TW2835_INIT
  +--> ?PR?_PCT_READASICBYTE?BUSCTRL
  +--> ?PR?_PCT_DETECTVIDEOFORMAT?TW28XX_VIDEO
  +--> ?PR?_WAIT_MS?MAIN
  +--> ?PR?PCT_TW2835_INITIAL?TW2835_INIT
  +--> ?PR?PCT_INITIALOSD?OSDACTION_

?PR?_PCT_READASICBYTE?BUSCTRL                   -----    -----      -----    -----      01F2H    0004H
  +--> ?PR?MCTRL_SET?NED
  +--> ?PR?BUSCTRL

?PR?_PCT_DETECTVIDEOFORMAT?TW28XX_VIDEO         -----    -----      -----    -----      01D5H    0002H
BL51 BANKED LINKER/LOCATER V6.22                                                      11/30/2015  09:53:45  PAGE 10


  +--> ?PR?_PCT_READASICBYTE?BUSCTRL

?PR?PCT_TW2835_INITIAL?TW2835_INIT              -----    -----      -----    -----      01D5H    0002H
  +--> ?PR?TW2835_INIT
  +--> ?CO?TW2835_INIT
  +--> ?PR?_PCT_WRITEASICTABLE?BUSCTRL

?PR?TW2835_INIT                                 -----    -----      -----    -----      -----    -----
  +--> ?CO?TW2835_INIT

?PR?_PCT_WRITEASICTABLE?BUSCTRL                 -----    -----      -----    -----      01D7H    0007H
  +--> ?PR?BUSCTRL
  +--> ?PR?MCTRL_SET?NED

?PR?PCT_INITIALOSD?OSDACTION_                   -----    -----      002FH    0001H      -----    -----
  +--> ?PR?PCT_INITOSDCOLOR?OSDCTRL
  +--> ?PR?PCT_CLEARGRAPHATTR?OSD_GRAPH
  +--> ?PR?_PCT_PRESETFOREGROUNDCOLOR?OSDCTRL
  +--> ?PR?_PCT_PRESETBACKGROUNDCOLOR?OSDCTRL
  +--> ?PR?_PCT_ENSHOWOSDPAGE?OSDCTRL
  +--> ?PR?_PCT_SETOSDDRAWPAGE?OSDCTRL
  +--> ?PR?_PCT_FULLCOLORONOSD?OSDCTRL

?PR?PCT_INITOSDCOLOR?OSDCTRL                    -----    -----      -----    -----      -----    -----
  +--> ?PR?_PCT_WRITEASICBYTE?BUSCTRL
  +--> ?PR?OSDCTRL
  +--> ?PR?_PCT_SETOSDCOLOR?OSDCTRL

?PR?_PCT_WRITEASICBYTE?BUSCTRL                  -----    -----      -----    -----      01F2H    0004H
  +--> ?PR?BUSCTRL
  +--> ?PR?MCTRL_SET?NED

?PR?OSDCTRL                                     -----    -----      -----    -----      -----    -----
  +--> ?CO?OSDCTRL

?PR?_PCT_SETOSDCOLOR?OSDCTRL                    -----    -----      -----    -----      01D5H    0005H
  +--> ?PR?_PCT_WRITEASICBYTE?BUSCTRL

?PR?_PCT_ENSHOWOSDPAGE?OSDCTRL                  -----    -----      -----    -----      01DDH    0001H
  +--> ?PR?OSDCTRL
  +--> ?PR?_PCT_WRITEASICBYTE?BUSCTRL
  +--> ?PR?_PCT_READASICBYTE?BUSCTRL

?PR?_PCT_SETOSDDRAWPAGE?OSDCTRL                 -----    -----      -----    -----      01DDH    0001H
  +--> ?PR?OSDCTRL
  +--> ?PR?_PCT_READASICBYTE?BUSCTRL
  +--> ?PR?_PCT_WRITEASICBYTE?BUSCTRL

?PR?_PCT_FULLCOLORONOSD?OSDCTRL                 -----    -----      -----    -----      01DDH    0006H
  +--> ?PR?OSDCTRL
  +--> ?PR?_PCT_WRITEASICBYTE?BUSCTRL
  +--> ?PR?_PCT_READASICBYTE?BUSCTRL

?PR?_PCT_RUNCOMMSHELL?COMMANDSHELL              -----    -----      -----    -----      01D5H    0008H
  +--> ?PR?COMMANDSHELL
  +--> ?PR?_PCT_GETFIRSTSTR?COMMANDSHELL
  +--> ?PR?_PCT_STRTOCOMMCODE?COMMANDSHELL
BL51 BANKED LINKER/LOCATER V6.22                                                      11/30/2015  09:53:45  PAGE 11


  +--> ?CO?COMMANDSHELL
  +--> ?PR?_MONIWRITEASICBYTE?COMMANDSHELL
  +--> ?PR?_MONIYVIDEOMIX?COMMANDSHELL
  +--> ?PR?_MONIHSCOMM?COMMANDSHELL
  +--> ?PR?PCT_OSDACTIONFORHS?OSDACTION_
  +--> ?PR?_PCT_FLASHOSDCTRL?MAIN
  +--> ?PR?_MONIHSCOMMSJMODE?COMMANDSHELL
  +--> ?PR?REPEAT_PWM_COM?NED
  +--> ?PR?_PWM_SET?MAIN

?PR?COMMANDSHELL                                -----    -----      -----    -----      -----    -----
  +--> ?CO?COMMANDSHELL
  +--> ?PR?PCT_SENDACK?COMMANDSHELL

?PR?_PCT_GETFIRSTSTR?COMMANDSHELL               -----    -----      -----    -----      01DDH    0006H
  +--> ?PR?COMMANDSHELL

?PR?_PCT_STRTOCOMMCODE?COMMANDSHELL             -----    -----      002FH    0002H      01DDH    0003H
  +--> ?PR?COMMANDSHELL

?PR?_MONIWRITEASICBYTE?COMMANDSHELL             -----    -----      002FH    0004H      -----    -----
  +--> ?PR?COMMANDSHELL
  +--> ?CO?COMMANDSHELL
  +--> ?PR?SCANF?SCANF
  +--> ?PR?_PCT_WRITEASICBYTE?BUSCTRL

?PR?SCANF?SCANF                                 0023H.0  0000H.6    0033H    0005H      01DDH    002EH
  +--> ?PR?GETCHAR?UNGETCHAR
  +--> ?PR?_ISSPACE?ISSPACE
  +--> ?PR?GETCHAR?GETCHAR

?PR?GETCHAR?GETCHAR                             -----    -----      -----    -----      -----    -----
  +--> ?PR?_GETKEY?_GETKEY
  +--> ?PR?PUTCHAR?PUTCHAR

?PR?_MONIYVIDEOMIX?COMMANDSHELL                 -----    -----      002FH    0001H      -----    -----
  +--> ?PR?COMMANDSHELL
  +--> ?PR?SCANF?SCANF
  +--> ?PR?_PCT_SETYVIDEOMIXING?TW28XX_VIDEO

?PR?_PCT_SETYVIDEOMIXING?TW28XX_VIDEO           -----    -----      -----    -----      -----    -----
  +--> ?CO?TW28XX_VIDEO
  +--> ?PR?_PCT_WRITESTABLE?BUSCTRL

?PR?_PCT_WRITESTABLE?BUSCTRL                    -----    -----      -----    -----      01E4H    0003H
  +--> ?PR?BUSCTRL
  +--> ?PR?_PCT_READASICBYTE?BUSCTRL
  +--> ?PR?_PCT_WRITEASICBYTE?BUSCTRL

?PR?_MONIHSCOMM?COMMANDSHELL                    -----    -----      002FH    0003H      -----    -----
  +--> ?PR?COMMANDSHELL
  +--> ?CO?COMMANDSHELL
  +--> ?PR?SCANF?SCANF
  +--> ?PR?_PCT_WINATTRCTRLY?TW28XX_VIDEO
  +--> ?PR?_PCT_RECOMPENSEYHDELAY?TW28XX_VIDEO
  +--> ?PR?_PCT_SETVIDEOHDELAY?TW28XX_VIDEO
  +--> ?PR?_PCT_SETXVIDEOMIXING?TW28XX_VIDEO
BL51 BANKED LINKER/LOCATER V6.22                                                      11/30/2015  09:53:45  PAGE 12


  +--> ?PR?_PCT_WINATTRCTRL?TW28XX_VIDEO
  +--> ?PR?_PCT_FLASHOSDCTRL?MAIN
  +--> ?PR?_PCT_CHECKVMIXTYPE?COMMANDSHELL
  +--> ?PR?_PCT_DISSHOWOSDPAGE?OSDCTRL
  +--> ?PR?_PCT_CLEAROSDPAGEX?OSDCTRL
  +--> ?PR?PCT_SHOWMODEICON?OSDACTION_
  +--> ?PR?_PCT_OSD_ACTIONPTHX?OSDACTION_

?PR?_PCT_WINATTRCTRLY?TW28XX_VIDEO              -----    -----      -----    -----      01DDH    0003H
  +--> ?PR?TW28XX_VIDEO
  +--> ?PR?_PCT_READASICBYTE?BUSCTRL
  +--> ?PR?_PCT_WRITEASICBYTE?BUSCTRL

?PR?TW28XX_VIDEO                                -----    -----      -----    -----      -----    -----
  +--> ?CO?TW28XX_VIDEO

?PR?_PCT_RECOMPENSEYHDELAY?TW28XX_VIDEO         -----    -----      -----    -----      01DDH    0003H
  +--> ?PR?TW28XX_VIDEO
  +--> ?PR?_PCT_READASICBYTE?BUSCTRL
  +--> ?CO?TW28XX_VIDEO
  +--> ?PR?_PCT_WRITEASICBYTE?BUSCTRL

?PR?_PCT_SETVIDEOHDELAY?TW28XX_VIDEO            -----    -----      -----    -----      01DDH    0008H
  +--> ?PR?TW28XX_VIDEO
  +--> ?PR?_PCT_READASICBYTE?BUSCTRL
  +--> ?PR?_PCT_WRITEASICBYTE?BUSCTRL
  +--> ?CO?TW28XX_VIDEO

?PR?_PCT_SETXVIDEOMIXING?TW28XX_VIDEO           -----    -----      -----    -----      01DDH    0007H
  +--> ?PR?TW28XX_VIDEO
  +--> ?PR?_PCT_WRITEASICBYTE?BUSCTRL
  +--> ?CO?TW28XX_VIDEO
  +--> ?PR?_PCT_SETCHANELSCALE?TW28XX_VIDEO
  +--> ?PR?_PCT_WRITESTABLE?BUSCTRL

?PR?_PCT_SETCHANELSCALE?TW28XX_VIDEO            -----    -----      -----    -----      01E4H    0008H
  +--> ?PR?TW28XX_VIDEO
  +--> ?CO?TW28XX_VIDEO
  +--> ?PR?_PCT_WRITEASICBYTE?BUSCTRL

?PR?_PCT_WINATTRCTRL?TW28XX_VIDEO               -----    -----      -----    -----      01DDH    0003H
  +--> ?PR?TW28XX_VIDEO
  +--> ?PR?_PCT_READASICBYTE?BUSCTRL
  +--> ?PR?_PCT_WRITEASICBYTE?BUSCTRL

?PR?_PCT_CHECKVMIXTYPE?COMMANDSHELL             -----    -----      0032H    0001H      -----    -----
  +--> ?PR?COMMANDSHELL

?PR?_PCT_DISSHOWOSDPAGE?OSDCTRL                 -----    -----      -----    -----      01DDH    0003H
  +--> ?PR?OSDCTRL
  +--> ?PR?_PCT_READASICBYTE?BUSCTRL
  +--> ?PR?_PCT_WRITEASICBYTE?BUSCTRL

?PR?_PCT_CLEAROSDPAGEX?OSDCTRL                  -----    -----      -----    -----      -----    -----
  +--> ?PR?_PCT_SETOSDDRAWPAGE?OSDCTRL
  +--> ?PR?_PCT_PRESETBACKGROUNDCOLOR?OSDCTRL
  +--> ?PR?_PCT_FULLCOLORONOSD?OSDCTRL
BL51 BANKED LINKER/LOCATER V6.22                                                      11/30/2015  09:53:45  PAGE 13



?PR?PCT_SHOWMODEICON?OSDACTION_                 -----    -----      -----    -----      -----    -----
  +--> ?PR?_PCT_SETOSDDRAWPAGE?OSDCTRL
  +--> ?PR?OSDACTION_
  +--> ?CO?OSDACTION_
  +--> ?PR?_PCT_SHOWGRAPHSTRING?OSD_GRAPH
  +--> ?PR?_PCT_PRESETBACKGROUNDCOLOR?OSDCTRL
  +--> ?PR?_PCT_PRESETFOREGROUNDCOLOR?OSDCTRL

?PR?OSDACTION_                                  -----    -----      -----    -----      -----    -----
  +--> ?CO?OSDACTION_

?PR?_PCT_SHOWGRAPHSTRING?OSD_GRAPH              -----    -----      -----    -----      01E0H    0007H
  +--> ?PR?OSD_GRAPH
  +--> ?PR?_STRLEN?STRLEN
  +--> ?PR?_PCT_OSD16X16GRAPHX?OSD_GRAPH
  +--> ?PR?PTC_SWITCHTOI2CMODE?BUSCTRL

?PR?_PCT_OSD16X16GRAPHX?OSD_GRAPH               -----    -----      -----    -----      01E7H    000BH
  +--> ?CO?OSD_GRAPH
  +--> ?PR?OSD_GRAPH
  +--> ?PR?_PCT_WRITEASICBYTE?BUSCTRL
  +--> ?PR?_PCT_READASICBYTE?BUSCTRL

?PR?_PCT_OSD_ACTIONPTHX?OSDACTION_              -----    -----      -----    -----      01DDH    0003H
  +--> ?PR?OSDACTION_
  +--> ?PR?_PCT_PRESETFOREGROUNDCOLOR?OSDCTRL
  +--> ?PR?_PCT_PRESETBACKGROUNDCOLOR?OSDCTRL
  +--> ?PR?_PCT_SHOWGRAPHSTRING?OSD_GRAPH

?PR?PCT_OSDACTIONFORHS?OSDACTION_               -----    -----      -----    -----      -----    -----
  +--> ?PR?_PCT_SETOSDDRAWPAGE?OSDCTRL
  +--> ?PR?_PCT_SHOWMIRRORICON?OSDACTION_
  +--> ?PR?_PCT_SHOWINDICATEICON?OSDACTION_
  +--> ?PR?PCT_ENFALSHVLOSS?OSDACTION_
  +--> ?PR?_PCT_ENSHOWOSDPAGE?OSDCTRL

?PR?_PCT_SHOWMIRRORICON?OSDACTION_              -----    -----      -----    -----      01DDH    0003H
  +--> ?PR?OSDACTION_
  +--> ?PR?_PCT_PRESETFOREGROUNDCOLOR?OSDCTRL
  +--> ?PR?_PCT_CLEARWORDSPATHX?OSDCTRL
  +--> ?PR?_PCT_SHOWGRAPHSTRING?OSD_GRAPH
  +--> ?CO?OSDACTION_

?PR?_PCT_CLEARWORDSPATHX?OSDCTRL                -----    -----      -----    -----      01E0H    0007H
  +--> ?PR?OSDCTRL
  +--> ?PR?_PCT_WRITEASICBYTE?BUSCTRL
  +--> ?PR?_PCT_READASICBYTE?BUSCTRL

?PR?_PCT_SHOWINDICATEICON?OSDACTION_            -----    -----      002FH    0001H      01DDH    0003H
  +--> ?PR?OSDACTION_
  +--> ?PR?_PCT_PRESETFOREGROUNDCOLOR?OSDCTRL
  +--> ?PR?_PCT_SHOWGRAPHSTRING?OSD_GRAPH
  +--> ?PR?_PCT_CLEARWORDSPATHX?OSDCTRL
  +--> ?CO?OSDACTION_

?PR?_MONIHSCOMMSJMODE?COMMANDSHELL              -----    -----      -----    -----      -----    -----
BL51 BANKED LINKER/LOCATER V6.22                                                      11/30/2015  09:53:45  PAGE 14


  +--> ?PR?COMMANDSHELL
  +--> ?CO?COMMANDSHELL
  +--> ?PR?SCANF?SCANF

?PR?REPEAT_PWM_COM?NED                          -----    -----      -----    -----      -----    -----
  +--> ?PR?_WRITEBYTE?NED

?PR?_WRITEBYTE?NED                              -----    -----      -----    -----      -----    -----
  +--> ?PR?_WRITEI2C?NED

?PR?_PWM_SET?MAIN                               -----    -----      -----    -----      -----    -----
  +--> ?PR?MAIN
  +--> ?PR?_SET_PWM_OUTPUT?MAIN

?PR?_SET_PWM_OUTPUT?MAIN                        -----    -----      -----    -----      01DDH    0008H
  +--> ?CO?MAIN
  +--> ?PR?MAIN

?PR?_BOUND_SET?NED                              -----    -----      -----    -----      01D5H    0004H
  +--> ?CO?NED
  +--> ?PR?NED
  +--> ?PR?_PCT_WRITEASICBYTE?BUSCTRL

?PR?_GPIOGETPORTSTATE?NED                       -----    -----      -----    -----      -----    -----
  +--> ?PR?_READI2C?NED

?PR?COMMANDSHELL?MAIN                           -----    -----      002FH    0001H      -----    -----
  +--> ?PR?RS_RXREADY?UART
  +--> ?PR?RS_RX?UART
  +--> ?PR?MAIN
  +--> ?PR?_SC16_BCC_CHECK?NED
  +--> ?PR?RESETCOMMSELL?MAIN

?PR?RS_RX?UART                                  -----    -----      -----    -----      -----    -----
  +--> ?PR?UART

?PR?_SC16_BCC_CHECK?NED                         -----    -----      -----    -----      0006H    0006H
  +--> ?PR?NED
  +--> ?PR?_RS_TX?UART
  +--> ?PR?_WRITEBYTE?NED
  +--> ?PR?SEND_CAMERA_TEMP?NED
  +--> ?PR?SEND_CAMERA_PRESS?NED
  +--> ?PR?SENT_CAMERA_ANG?NED
  +--> ?PR?SENT_CAMERA_RANG?NED
  +--> ?PR?_SENT_CAMERA_IRD?NED
  +--> ?PR?SENT_DVR_TEMP?NED
  +--> ?PR?VERSION_CHECK?MAIN
  +--> ?PR?CAMERA_VERSION_CHECK?MAIN
  +--> ?PR?CHECK_OTHER_COM?NED
  +--> ?PR?_SC16_SENDDATA?NED

?PR?SEND_CAMERA_TEMP?NED                        -----    -----      -----    -----      000CH    0001H
  +--> ?PR?NED
  +--> ?PR?_BCC_CAL?NED
  +--> ?PR?_RS_TX?UART

?PR?_BCC_CAL?NED                                -----    -----      -----    -----      000DH    0002H
BL51 BANKED LINKER/LOCATER V6.22                                                      11/30/2015  09:53:45  PAGE 15



?PR?SEND_CAMERA_PRESS?NED                       -----    -----      -----    -----      000CH    0001H
  +--> ?PR?NED
  +--> ?PR?_BCC_CAL?NED
  +--> ?PR?_RS_TX?UART

?PR?SENT_CAMERA_ANG?NED                         -----    -----      -----    -----      000CH    0001H
  +--> ?PR?NED
  +--> ?PR?_BCC_CAL?NED
  +--> ?PR?_RS_TX?UART

?PR?SENT_CAMERA_RANG?NED                        -----    -----      -----    -----      000CH    0001H
  +--> ?PR?NED
  +--> ?PR?_BCC_CAL?NED
  +--> ?PR?_RS_TX?UART

?PR?_SENT_CAMERA_IRD?NED                        -----    -----      -----    -----      000CH    0003H
  +--> ?PR?_RS_TX?UART

?PR?SENT_DVR_TEMP?NED                           -----    -----      -----    -----      000CH    0001H
  +--> ?PR?NED
  +--> ?PR?_BCC_CAL?NED
  +--> ?PR?_RS_TX?UART

?PR?VERSION_CHECK?MAIN                          -----    -----      -----    -----      000CH    0001H
  +--> ?PR?MAIN
  +--> ?PR?_RS_TX?UART

?PR?CAMERA_VERSION_CHECK?MAIN                   -----    -----      -----    -----      000CH    0001H
  +--> ?PR?MAIN
  +--> ?PR?_RS_TX?UART

?PR?CHECK_OTHER_COM?NED                         -----    -----      -----    -----      -----    -----
  +--> ?PR?_RS_TX?UART

?PR?_SC16_SENDDATA?NED                          -----    -----      -----    -----      000CH    0002H
  +--> ?PR?_WRITEBYTE?NED

?PR?PCT_CHECKSYSTEM?COMMANDSHELL                -----    -----      -----    -----      -----    -----
  +--> ?PR?_PCT_DETECTVIDEOFORMAT?TW28XX_VIDEO
  +--> ?PR?_PCT_ENSHOWOSDPAGE?OSDCTRL
  +--> ?PR?_PCT_CHANGESYSTEMTYPE?TW2835_INIT
  +--> ?PR?_PCT_RECOMPENSEYHDELAY?TW28XX_VIDEO
  +--> ?PR?COMMANDSHELL
  +--> ?PR?_PCT_SETVIDEOHDELAY?TW28XX_VIDEO
  +--> ?PR?_PCT_SETXVIDEOMIXING?TW28XX_VIDEO
  +--> ?PR?_PCT_CLEAROSDPAGEX?OSDCTRL
  +--> ?PR?PCT_SHOWMODEICON?OSDACTION_
  +--> ?PR?_PCT_OSD_ACTIONPTHX?OSDACTION_
  +--> ?PR?PCT_OSDACTIONFORHS?OSDACTION_

?PR?_PCT_CHANGESYSTEMTYPE?TW2835_INIT           -----    -----      -----    -----      0006H    0002H
  +--> ?PR?TW2835_INIT
  +--> ?CO?TW2835_INIT
  +--> ?PR?_PCT_WRITEASICTABLE?BUSCTRL

?PR?PCT_GETVIDEOSIGNALSTATUS?OSDACTION_         -----    -----      -----    -----      -----    -----
BL51 BANKED LINKER/LOCATER V6.22                                                      11/30/2015  09:53:45  PAGE 16


  +--> ?PR?_PCT_READASICBYTE?BUSCTRL
  +--> ?PR?_PCT_WRITEASICBYTE?BUSCTRL
  +--> ?PR?_PCT_PRESETFOREGROUNDCOLOR?OSDCTRL
  +--> ?PR?_PCT_PRESETGRAPHATTR?OSD_GRAPH
  +--> ?PR?PCT_CLEARGRAPHATTR?OSD_GRAPH

?PR?GPIO_CHECK?NED                              -----    -----      -----    -----      0006H    0002H
  +--> ?PR?_GPIOGETPORTSTATE?NED

?PR?CAMERA_MOVE?NED                             -----    -----      -----    -----      0006H    000DH
  +--> ?CO?NED
  +--> ?PR?NED
  +--> ?PR?_WRITEBYTE?NED

?PR?_SC16_DATA_RESET?NED                        -----    -----      -----    -----      -----    -----
  +--> ?PR?TEMP_CHECK?MAIN
  +--> ?PR?PRESS_CHECK?MAIN
  +--> ?PR?GET_CAMERA_ANG?NED
  +--> ?PR?GET_CAMERA_RANG?NED
  +--> ?PR?GET_DVR_TEMP?NED
  +--> ?PR?GET_CAMERA_VER?NED

?PR?TEMP_CHECK?MAIN                             -----    -----      -----    -----      -----    -----
  +--> ?PR?_READI2CWORD?NED

?PR?_READI2CWORD?NED                            -----    -----      -----    -----      0006H    0002H
  +--> ?PR?_I2CWRITEDATA?NED
  +--> ?PR?I2CREADDATAWITHACK?NED
  +--> ?PR?I2CREADDATA?NED
  +--> ?PR?I2CSTOP?NED

?PR?I2CREADDATAWITHACK?NED                      -----    -----      -----    -----      -----    -----
  +--> ?PR?NED
  +--> ?PR?I2CDELAY?NED

?PR?PRESS_CHECK?MAIN                            -----    -----      -----    -----      0006H    0007H
  +--> ?PR?MAIN
  +--> ?PR?_ADC_READ?NED

?PR?GET_CAMERA_ANG?NED                          -----    -----      -----    -----      -----    -----
  +--> ?PR?_WRITEBYTE?NED

?PR?GET_CAMERA_RANG?NED                         -----    -----      -----    -----      -----    -----
  +--> ?PR?_WRITEBYTE?NED

?PR?GET_DVR_TEMP?NED                            -----    -----      -----    -----      -----    -----
  +--> ?PR?_WRITEBYTE?NED

?PR?GET_CAMERA_VER?NED                          -----    -----      -----    -----      -----    -----
  +--> ?PR?_WRITEBYTE?NED

?PR?SC16_DATACHECK?NED                          -----    -----      -----    -----      0006H    0003H
  +--> ?PR?_SC16_SENDDATASELECT?NED

?PR?_SC16_SENDDATASELECT?NED                    -----    -----      -----    -----      0009H    0009H
  +--> ?PR?NED
  +--> ?PR?_READI2C?NED
BL51 BANKED LINKER/LOCATER V6.22                                                      11/30/2015  09:53:45  PAGE 17


  +--> ?PR?_READBYTE?NED
  +--> ?PR?_RS_TX?UART
  +--> ?CO?NED
  +--> ?PR?PRINTF?PRINTF
  +--> ?PR?_SC16_COMCHECK?NED

?PR?_READBYTE?NED                               -----    -----      -----    -----      0012H    0001H
  +--> ?PR?_READI2C?NED

?PR?PRINTF?PRINTF                               0023H.0  0001H.1    002FH    0005H      0012H    0028H
  +--> ?PR?PUTCHAR?PUTCHAR

?PR?_SC16_COMCHECK?NED                          -----    -----      -----    -----      0012H    0002H
  +--> ?PR?NED

?PR?_SET_CAMERA_SPEED?NED                       -----    -----      -----    -----      -----    -----
  +--> ?PR?_WRITEBYTE?NED

*** NEW ROOT ***************************************************

?PR?RS_INTERRUPT?UART                           -----    -----      -----    -----      -----    -----
  +--> ?PR?UART



SYMBOL TABLE OF MODULE:  .\OBJ\NED_5MCMOS_v0_a_0_XXXX_20151124 (?C_STARTUP)

  VALUE           TYPE          NAME
  ----------------------------------

  -------         MODULE        ?C_STARTUP
  C:8787H         SEGMENT       ?C_C51STARTUP
  I:0062H         SEGMENT       ?STACK
  C:0000H         PUBLIC        ?C_STARTUP
  D:00E0H         SYMBOL        ACC
  D:00F0H         SYMBOL        B
  D:0083H         SYMBOL        DPH
  D:0082H         SYMBOL        DPL
  N:0000H         SYMBOL        IBPSTACK
  N:0100H         SYMBOL        IBPSTACKTOP
  N:0080H         SYMBOL        IDATALEN
  C:878AH         SYMBOL        IDATALOOP
  N:0000H         SYMBOL        PBPSTACK
  N:0100H         SYMBOL        PBPSTACKTOP
  N:0000H         SYMBOL        PDATALEN
  N:0000H         SYMBOL        PDATASTART
  N:0000H         SYMBOL        PPAGE
  N:0000H         SYMBOL        PPAGEENABLE
  D:00A0H         SYMBOL        PPAGE_SFR
  D:0081H         SYMBOL        SP
  C:8787H         SYMBOL        STARTUP1
  N:0000H         SYMBOL        XBPSTACK
  N:0000H         SYMBOL        XBPSTACKTOP
  N:0000H         SYMBOL        XDATALEN
  N:0000H         SYMBOL        XDATASTART
  C:0000H         LINE#         126
  C:8787H         LINE#         133
BL51 BANKED LINKER/LOCATER V6.22                                                      11/30/2015  09:53:45  PAGE 18


  C:8789H         LINE#         134
  C:878AH         LINE#         135
  C:878BH         LINE#         136
  C:878DH         LINE#         185
  C:8790H         LINE#         196
  -------         ENDMOD        ?C_STARTUP

  -------         MODULE        UART
  C:0000H         SYMBOL        _ICE_DUMMY_
  D:0080H         PUBLIC        P0
  D:0090H         PUBLIC        P1
  D:00A0H         PUBLIC        P2
  D:00C0H         PUBLIC        XICON
  D:00B0H         PUBLIC        P3
  D:00E8H         PUBLIC        P4
  C:A3A2H         PUBLIC        InitialUART
  D:00A8H         PUBLIC        IE
  X:028CH         PUBLIC        RS_RECVBUF
  B:00A8H.4       PUBLIC        ES
  D:00B8H         PUBLIC        IP
  B:0098H.0       PUBLIC        RI
  B:0098H.1       PUBLIC        TI
  B:00B8H.4       PUBLIC        PS
  D:00D8H         PUBLIC        CCON
  D:0099H         PUBLIC        SBUF
  D:00C0H         PUBLIC        WDTC
  D:0098H         PUBLIC        SCON
  D:0088H         PUBLIC        TCON
  C:A4B9H         PUBLIC        RS_RxReady
  D:008DH         PUBLIC        TH1
  D:008BH         PUBLIC        TL1
  X:02F0H         PUBLIC        RsRxRp
  B:0088H.6       PUBLIC        TR1
  X:02F1H         PUBLIC        RsRxWp
  D:00F8H         PUBLIC        IPA
  D:00C8H         PUBLIC        T2CON
  C:A340H         PUBLIC        RS_rx
  C:0003H         PUBLIC        _RS_tx
  C:9E9FH         PUBLIC        RS_interrupt
  D:00D0H         PUBLIC        PSW
  C:A582H         SYMBOL        Com000E
  C:A582H         SYMBOL        L?0015
  -------         PROC          COM000E
  -------         ENDPROC       COM000E
  -------         PROC          INITIALUART
  C:A3A2H         LINE#         75
  C:A3A2H         LINE#         76
  C:A3A2H         LINE#         79
  C:A3A4H         LINE#         80
  C:A3A6H         LINE#         84
  C:A3A9H         LINE#         99
  C:A3ACH         LINE#         103
  C:A3AFH         LINE#         104
  C:A3B1H         LINE#         106
  C:A3B5H         LINE#         107
  C:A3B7H         LINE#         108
  -------         ENDPROC       INITIALUART
BL51 BANKED LINKER/LOCATER V6.22                                                      11/30/2015  09:53:45  PAGE 19


  -------         PROC          RS_RXREADY
  C:A4B9H         LINE#         114
  C:A4B9H         LINE#         115
  C:A4B9H         LINE#         116
  C:A4C6H         LINE#         117
  C:A4C8H         LINE#         118
  -------         ENDPROC       RS_RXREADY
  -------         PROC          RS_RX
  -------         DO            
  D:0007H         SYMBOL        ret
  -------         ENDDO         
  C:A340H         LINE#         124
  C:A340H         LINE#         125
  C:A340H         LINE#         131
  C:A348H         LINE#         132
  C:A34EH         LINE#         133
  C:A354H         LINE#         134
  C:A356H         LINE#         138
  C:A358H         LINE#         140
  C:A358H         LINE#         141
  -------         ENDPROC       RS_RX
  -------         PROC          _RS_TX
  D:0007H         SYMBOL        tx_buf
  C:0003H         LINE#         147
  C:0003H         LINE#         148
  C:0003H         LINE#         166
  C:0003H         LINE#         167
  C:0003H         LINE#         169
  C:0006H         LINE#         178
  C:0008H         LINE#         179
  C:000AH         LINE#         180
  C:000AH         LINE#         181
  C:000AH         LINE#         182
  C:000AH         LINE#         185
  -------         ENDPROC       _RS_TX
  -------         PROC          RS_INTERRUPT
  C:9E9FH         LINE#         193
  C:9EA7H         LINE#         196
  C:9EAAH         LINE#         197
  C:9EACH         LINE#         206
  C:9EB5H         LINE#         210
  C:9EBBH         LINE#         211
  C:9EC3H         LINE#         218
  C:9EC3H         LINE#         221
  -------         ENDPROC       RS_INTERRUPT
  -------         ENDMOD        UART

  -------         MODULE        BUSCTRL
  C:0000H         SYMBOL        _ICE_DUMMY_
  D:0080H         PUBLIC        P0
  D:0090H         PUBLIC        P1
  D:00A0H         PUBLIC        P2
  D:00C0H         PUBLIC        XICON
  D:00B0H         PUBLIC        P3
  D:00E8H         PUBLIC        P4
  B:00A8H.7       PUBLIC        EA
  D:00A8H         PUBLIC        IE
BL51 BANKED LINKER/LOCATER V6.22                                                      11/30/2015  09:53:45  PAGE 20


  C:9267H         PUBLIC        _PCT_WriteSTable
  D:00B8H         PUBLIC        IP
  B:00A0H.3       PUBLIC        HALE
  B:00A0H.2       PUBLIC        HRDB
  D:00D8H         PUBLIC        CCON
  D:00C0H         PUBLIC        WDTC
  B:00A0H.1       PUBLIC        HWRB
  D:0098H         PUBLIC        SCON
  D:0088H         PUBLIC        TCON
  C:889FH         PUBLIC        _PCT_WriteAsicTable
  C:A639H         PUBLIC        PTC_SwitchToI2CMode
  B:00B0H.6       PUBLIC        HCSB0
  B:00B0H.7       PUBLIC        HCSB1
  D:00F8H         PUBLIC        IPA
  C:8813H         PUBLIC        _PCT_ReadAsicByte
  D:00C8H         PUBLIC        T2CON
  C:8E5DH         PUBLIC        _PCT_WriteAsicByte
  D:00D0H         PUBLIC        PSW
  C:9A6FH         SYMBOL        Com0038
  C:9A6FH         SYMBOL        L?0057
  C:9A72H         SYMBOL        L?0058
  C:9A74H         SYMBOL        L?0059
  C:9A7CH         SYMBOL        L?0060
  C:9A7CH         SYMBOL        L?0061
  C:9A84H         SYMBOL        L?0062
  C:9A84H         SYMBOL        L?0063
  C:9A8BH         SYMBOL        L?0064
  C:9A97H         SYMBOL        L?0065
  C:9AA1H         SYMBOL        L?0066
  -------         PROC          COM0038
  -------         ENDPROC       COM0038
  -------         PROC          _PCT_WRITEASICBYTE
  D:0007H         SYMBOL        _dvc
  X:01F3H         SYMBOL        _pg
  X:01F4H         SYMBOL        _addr
  X:01F5H         SYMBOL        _wdat
  C:8E5DH         LINE#         63
  C:8E60H         LINE#         64
  C:8E60H         LINE#         65
  C:8E60H         LINE#         67
  C:8E63H         LINE#         70
  C:8E66H         LINE#         75
  C:8E73H         LINE#         76
  C:8E7DH         LINE#         77
  C:8E85H         LINE#         78
  C:8E88H         LINE#         79
  C:8E88H         LINE#         82
  C:8E9BH         LINE#         84
  C:8E9DH         LINE#         85
  C:8EA3H         LINE#         86
  C:8EA5H         LINE#         89
  C:8EB8H         LINE#         92
  C:8EBAH         LINE#         96
  C:8EBDH         LINE#         101
  C:8EBDH         LINE#         102
  C:8EBDH         LINE#         103
  C:8EBDH         LINE#         104
BL51 BANKED LINKER/LOCATER V6.22                                                      11/30/2015  09:53:45  PAGE 21


  C:8EC0H         LINE#         105
  -------         ENDPROC       _PCT_WRITEASICBYTE
  -------         PROC          _PCT_WRITEASICTABLE
  D:0007H         SYMBOL        _dvc
  X:01D8H         SYMBOL        _pg
  X:01D9H         SYMBOL        _addr
  X:01DAH         SYMBOL        _tbl_ptr
  X:01DDH         SYMBOL        _tbl_cnt
  C:889FH         LINE#         111
  C:88A2H         LINE#         112
  C:88A2H         LINE#         113
  C:88A2H         LINE#         115
  C:88A5H         LINE#         119
  C:88A8H         LINE#         124
  C:88B5H         LINE#         125
  C:88BFH         LINE#         126
  C:88C7H         LINE#         128
  C:88C7H         LINE#         129
  C:88D0H         LINE#         130
  C:88D0H         LINE#         133
  C:88E3H         LINE#         136
  C:88E5H         LINE#         138
  C:88FAH         LINE#         139
  C:88FCH         LINE#         142
  C:890FH         LINE#         145
  C:8911H         LINE#         146
  C:8919H         LINE#         150
  C:891CH         LINE#         155
  C:891CH         LINE#         156
  C:891CH         LINE#         157
  C:891CH         LINE#         158
  C:891FH         LINE#         159
  -------         ENDPROC       _PCT_WRITEASICTABLE
  -------         PROC          _PCT_READASICBYTE
  X:01F2H         SYMBOL        _dvc
  X:01F3H         SYMBOL        _pg
  X:01F4H         SYMBOL        _addr
  -------         DO            
  X:01F5H         SYMBOL        _rdat_
  -------         ENDDO         
  C:8813H         LINE#         165
  C:881EH         LINE#         166
  C:881EH         LINE#         169
  C:8820H         LINE#         173
  C:8823H         LINE#         178
  C:8828H         LINE#         179
  C:8833H         LINE#         180
  C:883DH         LINE#         181
  C:8845H         LINE#         183
  C:8848H         LINE#         184
  C:8848H         LINE#         186
  C:885BH         LINE#         189
  C:885DH         LINE#         190
  C:8860H         LINE#         192
  C:8873H         LINE#         196
  C:8875H         LINE#         197
  C:887BH         LINE#         201
BL51 BANKED LINKER/LOCATER V6.22                                                      11/30/2015  09:53:45  PAGE 22


  C:888EH         LINE#         204
  C:8890H         LINE#         208
  C:8893H         LINE#         213
  C:8895H         LINE#         214
  C:8897H         LINE#         215
  C:8899H         LINE#         216
  C:889EH         LINE#         217
  -------         ENDPROC       _PCT_READASICBYTE
  -------         PROC          _PCT_WRITESTABLE
  D:0007H         SYMBOL        _dvc
  X:01E4H         SYMBOL        _tbl_ptr
  C:9267H         LINE#         224
  C:9272H         LINE#         225
  C:9272H         LINE#         229
  C:9272H         LINE#         230
  C:9280H         LINE#         231
  C:929AH         LINE#         232
  C:929AH         LINE#         233
  C:92ACH         LINE#         234
  C:92ACH         LINE#         235
  C:92B6H         LINE#         236
  C:92B8H         LINE#         237
  -------         ENDPROC       _PCT_WRITESTABLE
  -------         PROC          PTC_SWITCHTOI2CMODE
  C:A639H         LINE#         243
  C:A639H         LINE#         244
  C:A639H         LINE#         254
  -------         ENDPROC       PTC_SWITCHTOI2CMODE
  -------         ENDMOD        BUSCTRL

  -------         MODULE        COMMANDSHELL
  C:0000H         SYMBOL        _ICE_DUMMY_
  D:0080H         PUBLIC        P0
  D:0090H         PUBLIC        P1
  D:00A0H         PUBLIC        P2
  D:00C0H         PUBLIC        XICON
  D:00B0H         PUBLIC        P3
  D:00E8H         PUBLIC        P4
  C:A3B8H         PUBLIC        _MoniHSCommSJmode
  C:9AE7H         PUBLIC        MoniVideoAutoDetect
  C:7B5AH         PUBLIC        _PCT_RunCommShell
  C:710BH         PUBLIC        _MoniAudioGain
  D:00A8H         PUBLIC        IE
  C:9BCCH         PUBLIC        _MoniReadOneBuffer
  D:00B8H         PUBLIC        IP
  C:A483H         PUBLIC        _MoniYVideoMix
  X:0356H         PUBLIC        sysdat
  C:A3F9H         PUBLIC        _MoniAudioLive
  D:00D8H         PUBLIC        CCON
  C:A63AH         PUBLIC        PCT_SendACK
  C:9D47H         PUBLIC        _MoniWriteOneBuffer
  C:A4D9H         PUBLIC        MoniAudioMute
  C:A45DH         PUBLIC        MoniHSCommVersion
  C:7830H         PUBLIC        _MoniSetVideoFormat
  C:955EH         PUBLIC        _MoniReadAsicByte
  C:8B78H         PUBLIC        _PCT_GetFirstStr
  C:8CBDH         PUBLIC        PCT_CheckSystem
BL51 BANKED LINKER/LOCATER V6.22                                                      11/30/2015  09:53:45  PAGE 23


  D:00C0H         PUBLIC        WDTC
  D:0098H         PUBLIC        SCON
  D:0088H         PUBLIC        TCON
  C:9309H         PUBLIC        _MoniWriteAsicByte
  C:6FBDH         PUBLIC        _MoniHSComm
  X:0367H         PUBLIC        msg
  C:99F5H         PUBLIC        _PCT_StrToCommCode
  C:9516H         PUBLIC        _PCT_CheckVMixType
  C:0026H         PUBLIC        MoniHSCommDisScroll
  D:00F8H         PUBLIC        IPA
  C:8F88H         PUBLIC        _MoniShowSODStr
  C:58EAH         PUBLIC        _MoniVideoMixAttr
  C:95EDH         PUBLIC        PCT_AudioActionForHS
  D:00C8H         PUBLIC        T2CON
  C:91BCH         PUBLIC        _MoniVideoMixWin
  C:95A6H         PUBLIC        _MoniReadPageBuffer
  X:036FH         PUBLIC        Original_selwintype
  C:93A2H         PUBLIC        MoniRegisterDump
  D:00D0H         PUBLIC        PSW
  C:6743H         PUBLIC        _MoniAudioMixing
  C:56CBH         SYMBOL        Com00B2
  C:56CBH         SYMBOL        L?0179
  C:56CCH         SYMBOL        L?0180
  C:5702H         SYMBOL        L?0181
  C:5709H         SYMBOL        L?0182
  C:570AH         SYMBOL        L?0183
  C:5740H         SYMBOL        L?0184
  C:5747H         SYMBOL        L?0185
  C:5748H         SYMBOL        L?0186
  C:5768H         SYMBOL        L?0187
  C:576FH         SYMBOL        L?0188
  C:5770H         SYMBOL        L?0189
  C:5774H         SYMBOL        L?0190
  C:577DH         SYMBOL        L?0191
  C:577DH         SYMBOL        L?0192
  C:5789H         SYMBOL        L?0193
  C:5790H         SYMBOL        L?0194
  C:57A0H         SYMBOL        L?0195
  C:57A7H         SYMBOL        L?0196
  C:57B7H         SYMBOL        L?0197
  C:57BEH         SYMBOL        L?0198
  C:57CEH         SYMBOL        L?0199
  C:57D5H         SYMBOL        L?0200
  C:57E1H         SYMBOL        L?0201
  C:57E8H         SYMBOL        L?0202
  C:57F4H         SYMBOL        L?0203
  C:57FBH         SYMBOL        L?0204
  C:5800H         SYMBOL        L?0205
  C:5807H         SYMBOL        L?0206
  C:580CH         SYMBOL        L?0207
  C:5813H         SYMBOL        L?0208
  C:5813H         SYMBOL        L?0209
  C:581BH         SYMBOL        L?0210
  C:581BH         SYMBOL        L?0211
  C:5823H         SYMBOL        L?0212
  C:582BH         SYMBOL        L?0213
  C:5837H         SYMBOL        L?0214
BL51 BANKED LINKER/LOCATER V6.22                                                      11/30/2015  09:53:45  PAGE 24


  C:5838H         SYMBOL        L?0215
  C:583FH         SYMBOL        L?0216
  C:5846H         SYMBOL        L?0219
  C:584DH         SYMBOL        L?0222
  C:5854H         SYMBOL        L?0224
  C:585BH         SYMBOL        L?0228
  C:5862H         SYMBOL        L?0229
  C:5863H         SYMBOL        L?0230
  C:5870H         SYMBOL        L?0232
  C:5880H         SYMBOL        L?0233
  C:5887H         SYMBOL        L?0235
  C:588EH         SYMBOL        L?0237
  C:5895H         SYMBOL        L?0242
  C:5895H         SYMBOL        L?0243
  C:5896H         SYMBOL        L?0244
  C:589EH         SYMBOL        L?0245
  C:589EH         SYMBOL        L?0246
  C:58A8H         SYMBOL        L?0247
  C:58B3H         SYMBOL        L?0249
  C:58BAH         SYMBOL        L?0250
  C:58BAH         SYMBOL        L?0251
  C:58C1H         SYMBOL        L?0252
  C:58C1H         SYMBOL        L?0253
  C:58CAH         SYMBOL        L?0255
  C:58D6H         SYMBOL        L?0258
  C:58D6H         SYMBOL        L?0259
  C:58DCH         SYMBOL        L?0260
  C:58E3H         SYMBOL        L?0261
  C:58E3H         SYMBOL        L?0262
  -------         PROC          COM00B2
  -------         ENDPROC       COM00B2
  -------         PROC          _PCT_GETFIRSTSTR
  X:01DDH         SYMBOL        tagStr
  X:01E0H         SYMBOL        sourceStr
  C:8B78H         LINE#         88
  C:8B7EH         LINE#         89
  C:8B7EH         LINE#         90
  C:8B89H         LINE#         91
  C:8BA0H         LINE#         92
  C:8BB8H         LINE#         93
  C:8BBAH         LINE#         94
  C:8BBAH         LINE#         95
  C:8BC7H         LINE#         96
  C:8BCBH         LINE#         97
  C:8BD4H         LINE#         98
  C:8BD7H         LINE#         99
  C:8BDAH         LINE#         100
  C:8BDDH         LINE#         101
  C:8BE6H         LINE#         102
  -------         ENDPROC       _PCT_GETFIRSTSTR
  -------         PROC          _PCT_STRTOCOMMCODE
  X:01DDH         SYMBOL        Str
  -------         DO            
  D:002FH         SYMBOL        ret
  -------         ENDDO         
  C:99F5H         LINE#         112
  C:99FBH         LINE#         113
BL51 BANKED LINKER/LOCATER V6.22                                                      11/30/2015  09:53:45  PAGE 25


  C:99FBH         LINE#         114
  C:9A00H         LINE#         116
  C:9A2DH         LINE#         117
  C:9A31H         LINE#         118
  -------         ENDPROC       _PCT_STRTOCOMMCODE
  -------         PROC          PCT_SENDACK
  C:A63AH         LINE#         124
  C:A63AH         LINE#         125
  C:A63AH         LINE#         131
  -------         ENDPROC       PCT_SENDACK
  -------         PROC          _PCT_CHECKVMIXTYPE
  D:0007H         SYMBOL        _typ
  -------         DO            
  D:0032H         SYMBOL        tmplktp
  -------         ENDDO         
  C:9516H         LINE#         143
  C:9516H         LINE#         144
  C:9516H         LINE#         145
  C:9519H         LINE#         147
  C:951FH         LINE#         148
  C:9526H         LINE#         149
  C:952CH         LINE#         150
  C:9538H         LINE#         152
  C:9546H         LINE#         153
  C:954CH         LINE#         155
  C:954CH         LINE#         156
  C:9552H         LINE#         157
  C:9558H         LINE#         158
  C:955DH         LINE#         159
  -------         ENDPROC       _PCT_CHECKVMIXTYPE
  -------         PROC          _MONIREADPAGEBUFFER
  D:0001H         SYMBOL        szParam
  -------         DO            
  D:0046H         SYMBOL        page
  D:0047H         SYMBOL        start
  D:0048H         SYMBOL        end
  -------         ENDDO         
  C:95A6H         LINE#         170
  C:95A6H         LINE#         171
  C:95A6H         LINE#         174
  C:95CBH         LINE#         176
  C:95CBH         LINE#         177
  C:95E5H         LINE#         178
  C:95E7H         LINE#         179
  C:95ECH         LINE#         180
  -------         ENDPROC       _MONIREADPAGEBUFFER
  -------         PROC          _MONIREADONEBUFFER
  D:0001H         SYMBOL        szParam
  -------         DO            
  D:004FH         SYMBOL        page
  D:0050H         SYMBOL        addr
  -------         ENDDO         
  C:9BCCH         LINE#         186
  C:9BCCH         LINE#         187
  C:9BCCH         LINE#         190
  C:9BE9H         LINE#         192
  -------         ENDPROC       _MONIREADONEBUFFER
BL51 BANKED LINKER/LOCATER V6.22                                                      11/30/2015  09:53:45  PAGE 26


  -------         PROC          _MONIWRITEONEBUFFER
  D:0001H         SYMBOL        szParam
  -------         DO            
  D:0049H         SYMBOL        page
  D:004AH         SYMBOL        addr
  D:004BH         SYMBOL        dat
  -------         ENDDO         
  C:9D47H         LINE#         199
  C:9D47H         LINE#         200
  C:9D47H         LINE#         203
  C:9D6CH         LINE#         204
  -------         ENDPROC       _MONIWRITEONEBUFFER
  -------         PROC          _MONIWRITEASICBYTE
  D:0001H         SYMBOL        szParam
  -------         DO            
  D:002FH         SYMBOL        _dev
  D:0030H         SYMBOL        _pg
  D:0031H         SYMBOL        _addr
  D:0032H         SYMBOL        _wdat
  -------         ENDDO         
  C:9309H         LINE#         211
  C:9309H         LINE#         212
  C:9309H         LINE#         213
  C:930CH         LINE#         214
  C:930EH         LINE#         215
  C:9310H         LINE#         216
  C:9312H         LINE#         218
  C:9347H         LINE#         219
  -------         ENDPROC       _MONIWRITEASICBYTE
  -------         PROC          _MONIREADASICBYTE
  D:0001H         SYMBOL        szParam
  -------         DO            
  D:001CH         SYMBOL        _dev
  D:001DH         SYMBOL        _pg
  D:001EH         SYMBOL        _addr
  D:001FH         SYMBOL        _rdat
  -------         ENDDO         
  C:955EH         LINE#         226
  C:955EH         LINE#         227
  C:955EH         LINE#         228
  C:9561H         LINE#         229
  C:9563H         LINE#         230
  C:9565H         LINE#         231
  C:9567H         LINE#         233
  C:958CH         LINE#         234
  C:9597H         LINE#         235
  -------         ENDPROC       _MONIREADASICBYTE
  C:686CH         SYMBOL        L?0217
  C:6882H         SYMBOL        L?0225
  C:6898H         SYMBOL        L?0227
  -------         PROC          _MONIAUDIOMIXING
  X:038AH         SYMBOL        szParam
  -------         DO            
  D:0008H         SYMBOL        selch0
  D:0009H         SYMBOL        selch1
  D:000AH         SYMBOL        selch2
  D:000BH         SYMBOL        selch3
BL51 BANKED LINKER/LOCATER V6.22                                                      11/30/2015  09:53:45  PAGE 27


  D:000CH         SYMBOL        selch4
  D:000DH         SYMBOL        valch0
  D:000EH         SYMBOL        valch1
  D:000FH         SYMBOL        valch2
  D:0010H         SYMBOL        valch3
  D:0011H         SYMBOL        valch4
  X:038DH         SYMBOL        getStr
  C:56C6H         SYMBOL        chaddr
  -------         ENDDO         
  C:6743H         LINE#         243
  C:6746H         LINE#         244
  C:6746H         LINE#         255
  C:6759H         LINE#         257
  C:6761H         LINE#         263
  C:6788H         LINE#         264
  C:6788H         LINE#         265
  C:6799H         LINE#         266
  C:67A2H         LINE#         267
  C:67A8H         LINE#         268
  C:67ABH         LINE#         270
  C:67ABH         LINE#         271
  C:67C9H         LINE#         273
  C:67C9H         LINE#         274
  C:67CCH         LINE#         275
  C:67CFH         LINE#         276
  C:67D2H         LINE#         278
  C:67D2H         LINE#         279
  C:67E6H         LINE#         281
  C:67E6H         LINE#         282
  C:67E9H         LINE#         283
  C:67EDH         LINE#         284
  C:67F0H         LINE#         285
  C:67F3H         LINE#         287
  C:67F3H         LINE#         288
  C:680AH         LINE#         290
  C:680AH         LINE#         291
  C:680AH         LINE#         292
  C:680AH         LINE#         293
  C:680DH         LINE#         295
  C:6815H         LINE#         296
  C:6818H         LINE#         298
  C:6818H         LINE#         299
  C:6840H         LINE#         301
  C:6840H         LINE#         302
  C:6840H         LINE#         303
  C:6840H         LINE#         304
  C:6848H         LINE#         305
  C:6851H         LINE#         307
  C:686BH         LINE#         308
  C:686BH         LINE#         310
  C:686BH         LINE#         311
  C:686BH         LINE#         312
  C:686BH         LINE#         313
  -------         ENDPROC       _MONIAUDIOMIXING
  -------         PROC          MONIAUDIOMUTE
  C:A4D9H         LINE#         320
  C:A4D9H         LINE#         321
BL51 BANKED LINKER/LOCATER V6.22                                                      11/30/2015  09:53:45  PAGE 28


  C:A4D9H         LINE#         322
  C:A4E1H         LINE#         327
  -------         ENDPROC       MONIAUDIOMUTE
  C:721AH         SYMBOL        L?0221
  C:7234H         SYMBOL        L?0248
  C:7245H         SYMBOL        L?0263
  -------         PROC          _MONIAUDIOGAIN
  X:0390H         SYMBOL        szParam
  -------         DO            
  D:0012H         SYMBOL        selch0
  D:0013H         SYMBOL        selch1
  D:0014H         SYMBOL        selch2
  D:0015H         SYMBOL        selch3
  D:0016H         SYMBOL        selch4
  D:0017H         SYMBOL        ch0val
  D:0018H         SYMBOL        ch1val
  D:0019H         SYMBOL        ch2val
  D:001AH         SYMBOL        ch3val
  D:001BH         SYMBOL        ch4val
  X:0393H         SYMBOL        getStr
  -------         ENDDO         
  C:710BH         LINE#         335
  C:710EH         LINE#         336
  C:710EH         LINE#         341
  C:7121H         LINE#         343
  C:7148H         LINE#         344
  C:7148H         LINE#         345
  C:715EH         LINE#         346
  C:7162H         LINE#         347
  C:7165H         LINE#         349
  C:7165H         LINE#         350
  C:7188H         LINE#         352
  C:7188H         LINE#         353
  C:718BH         LINE#         354
  C:718EH         LINE#         356
  C:718EH         LINE#         357
  C:71A6H         LINE#         359
  C:71A6H         LINE#         360
  C:71A6H         LINE#         361
  C:71A9H         LINE#         362
  C:71ACH         LINE#         364
  C:71ACH         LINE#         365
  C:71C7H         LINE#         367
  C:71C7H         LINE#         368
  C:71C7H         LINE#         369
  C:71CAH         LINE#         370
  C:71CDH         LINE#         371
  C:71D0H         LINE#         373
  C:71D0H         LINE#         374
  C:71FCH         LINE#         376
  C:71FCH         LINE#         377
  C:7204H         LINE#         378
  C:7208H         LINE#         379
  C:7210H         LINE#         380
  C:7219H         LINE#         381
  C:7219H         LINE#         383
  C:7219H         LINE#         384
BL51 BANKED LINKER/LOCATER V6.22                                                      11/30/2015  09:53:45  PAGE 29


  C:7219H         LINE#         385
  C:7219H         LINE#         386
  -------         ENDPROC       _MONIAUDIOGAIN
  -------         PROC          _MONIAUDIOLIVE
  D:0001H         SYMBOL        szParam
  -------         DO            
  D:005DH         SYMBOL        chan
  -------         ENDDO         
  C:A3F9H         LINE#         393
  C:A3F9H         LINE#         394
  C:A3F9H         LINE#         397
  C:A406H         LINE#         399
  -------         ENDPROC       _MONIAUDIOLIVE
  -------         PROC          MONIREGISTERDUMP
  -------         DO            
  D:0051H         SYMBOL        addr
  D:0052H         SYMBOL        page
  -------         ENDDO         
  C:93A2H         LINE#         406
  C:93A2H         LINE#         407
  C:93A2H         LINE#         411
  C:93A5H         LINE#         412
  C:93B4H         LINE#         413
  C:93B7H         LINE#         414
  C:93B7H         LINE#         415
  C:93CEH         LINE#         416
  C:93D0H         LINE#         417
  C:93DFH         LINE#         418
  C:93E3H         LINE#         419
  C:93ECH         LINE#         420
  -------         ENDPROC       MONIREGISTERDUMP
  -------         PROC          _MONIVIDEOMIXWIN
  D:0001H         SYMBOL        szParam
  -------         DO            
  D:0053H         SYMBOL        chose
  D:0054H         SYMBOL        wintp
  -------         ENDDO         
  C:91BCH         LINE#         426
  C:91BCH         LINE#         427
  C:91BCH         LINE#         430
  C:91FEH         LINE#         432
  C:920BH         LINE#         433
  -------         ENDPROC       _MONIVIDEOMIXWIN
  C:5ABFH         SYMBOL        L?0220
  C:5AC6H         SYMBOL        L?0223
  C:5ACDH         SYMBOL        L?0226
  C:5AD4H         SYMBOL        L?0234
  C:5ADBH         SYMBOL        L?0236
  C:5AE2H         SYMBOL        L?0239
  C:5AF3H         SYMBOL        L?0241
  C:5AFAH         SYMBOL        L?0254
  -------         PROC          _MONIVIDEOMIXATTR
  X:0396H         SYMBOL        szParam
  -------         DO            
  D:0025H         SYMBOL        chose
  D:0027H         SYMBOL        attrsel
  D:0028H         SYMBOL        setval
BL51 BANKED LINKER/LOCATER V6.22                                                      11/30/2015  09:53:45  PAGE 30


  D:0029H         SYMBOL        winNm
  D:002DH         SYMBOL        wincnt
  D:002EH         SYMBOL        division
  X:0399H         SYMBOL        getStr
  -------         ENDDO         
  C:58EAH         LINE#         443
  C:58F0H         LINE#         444
  C:58F0H         LINE#         447
  C:58F3H         LINE#         451
  C:5909H         LINE#         452
  C:5914H         LINE#         454
  C:591AH         LINE#         455
  C:5927H         LINE#         457
  C:5935H         LINE#         458
  C:5938H         LINE#         459
  C:5938H         LINE#         460
  C:5949H         LINE#         461
  C:594CH         LINE#         462
  C:594CH         LINE#         463
  C:595DH         LINE#         464
  C:5960H         LINE#         465
  C:5960H         LINE#         466
  C:5970H         LINE#         467
  C:5973H         LINE#         468
  C:5973H         LINE#         469
  C:5983H         LINE#         470
  C:5986H         LINE#         471
  C:5986H         LINE#         472
  C:5996H         LINE#         473
  C:5999H         LINE#         474
  C:5999H         LINE#         475
  C:59A9H         LINE#         476
  C:59ACH         LINE#         477
  C:59ACH         LINE#         478
  C:59BCH         LINE#         479
[...]
  C:8E54H         LINE#         2521
  C:8E54H         LINE#         2522
  C:8E54H         LINE#         2523
  C:8E54H         LINE#         2524
  C:8E54H         LINE#         2526
  -------         ENDPROC       _SETLINE
  -------         PROC          _GPIOSETPORTMODE
  D:0007H         SYMBOL        addr
  D:0005H         SYMBOL        port_io
  C:A5DBH         LINE#         2574
  C:A5DBH         LINE#         2575
  C:A5DBH         LINE#         2577
  -------         ENDPROC       _GPIOSETPORTMODE
  -------         PROC          _GPIOSETPORTSTATE
  D:0007H         SYMBOL        addr
  D:0005H         SYMBOL        port_state
  C:A5E4H         LINE#         2582
  C:A5E4H         LINE#         2583
  C:A5E4H         LINE#         2584
  -------         ENDPROC       _GPIOSETPORTSTATE
  -------         PROC          _GPIOGETPORTSTATE
  D:0007H         SYMBOL        addr
  C:A621H         LINE#         2587
  C:A621H         LINE#         2588
  C:A621H         LINE#         2593
  C:A626H         LINE#         2595
  -------         ENDPROC       _GPIOGETPORTSTATE
  -------         PROC          _FIFOAVAILABLEDATA
  D:0007H         SYMBOL        addr
  C:A627H         LINE#         2597
  C:A627H         LINE#         2598
  C:A627H         LINE#         2603
  C:A62CH         LINE#         2604
  -------         ENDPROC       _FIFOAVAILABLEDATA
  -------         PROC          _FIFOAVAILABLESPACE
  D:0007H         SYMBOL        addr
BL51 BANKED LINKER/LOCATER V6.22                                                      11/30/2015  09:53:45  PAGE 119


  C:A62DH         LINE#         2606
  C:A62DH         LINE#         2607
  C:A62DH         LINE#         2613
  C:A632H         LINE#         2615
  -------         ENDPROC       _FIFOAVAILABLESPACE
  -------         PROC          _ENABLETRANSMIT
  D:0001H         SYMBOL        addr
  X:03E7H         SYMBOL        OnOff
  -------         DO            
  D:0006H         SYMBOL        temp_efcr
  -------         ENDDO         
  C:A2B2H         LINE#         2617
  C:A2B7H         LINE#         2618
  C:A2B7H         LINE#         2620
  C:A2BAH         LINE#         2621
  C:A2BDH         LINE#         2622
  C:A2C1H         LINE#         2623
  C:A2C3H         LINE#         2624
  C:A2C7H         LINE#         2625
  C:A2C7H         LINE#         2626
  -------         ENDPROC       _ENABLETRANSMIT
  -------         PROC          _FLUSH
  D:0001H         SYMBOL        addr
  -------         DO            
  D:0007H         SYMBOL        tmp_lsr
  -------         ENDDO         
  C:A598H         LINE#         2632
  C:A59AH         LINE#         2633
  C:A59AH         LINE#         2636
  C:A59AH         LINE#         2641
  C:A59CH         LINE#         2643
  C:A5A2H         LINE#         2646
  -------         ENDPROC       _FLUSH
  -------         PROC          _PING
  D:0001H         SYMBOL        addr
  C:A293H         LINE#         2649
  C:A295H         LINE#         2650
  C:A295H         LINE#         2652
  C:A297H         LINE#         2654
  C:A29EH         LINE#         2658
  C:A2A1H         LINE#         2659
  C:A2A1H         LINE#         2661
  C:A2A5H         LINE#         2663
  C:A2ACH         LINE#         2667
  C:A2AFH         LINE#         2668
  C:A2AFH         LINE#         2674
  C:A2B1H         LINE#         2676
  -------         ENDPROC       _PING
  -------         PROC          _WRITEBYTE
  D:0007H         SYMBOL        addr
  D:0005H         SYMBOL        val
  C:A5EDH         LINE#         2681
  C:A5EDH         LINE#         2682
  C:A5EDH         LINE#         2704
  -------         ENDPROC       _WRITEBYTE
  -------         PROC          _READBYTE
  D:0007H         SYMBOL        addr
BL51 BANKED LINKER/LOCATER V6.22                                                      11/30/2015  09:53:45  PAGE 120


  -------         DO            
  X:0012H         SYMBOL        val
  -------         ENDDO         
  C:A569H         LINE#         2710
  C:A569H         LINE#         2711
  C:A569H         LINE#         2714
  C:A573H         LINE#         2715
  C:A575H         LINE#         2741
  -------         ENDPROC       _READBYTE
  -------         PROC          _TW2835_GET
  X:03A8H         SYMBOL        page
  X:03A9H         SYMBOL        start
  X:03AAH         SYMBOL        count
  -------         DO            
  X:03ABH         SYMBOL        x
  X:03ACH         SYMBOL        loop
  X:03ADH         SYMBOL        step
  D:0006H         SYMBOL        val
  -------         ENDDO         
  C:83F6H         LINE#         2743
  C:8401H         LINE#         2744
  C:8401H         LINE#         2745
  C:8408H         LINE#         2746
  C:8409H         LINE#         2749
  C:840AH         LINE#         2750
  C:840AH         LINE#         2775
  C:840BH         LINE#         2776
  C:840BH         LINE#         2777
  C:840FH         LINE#         2778
  C:840FH         LINE#         2780
  C:8444H         LINE#         2781
  C:845DH         LINE#         2782
  C:8464H         LINE#         2783
  C:8467H         LINE#         2784
  C:8473H         LINE#         2785
  C:8482H         LINE#         2786
  -------         ENDPROC       _TW2835_GET
  -------         PROC          _PEEK
  X:03E8H         SYMBOL        addr
  C:A5A3H         LINE#         2815
  C:A5A8H         LINE#         2816
  C:A5A8H         LINE#         2825
  C:A5ACH         LINE#         2827
  -------         ENDPROC       _PEEK
  -------         PROC          _SET_INT
  X:03E9H         SYMBOL        addr
  C:A38AH         LINE#         2830
  C:A38FH         LINE#         2831
  C:A38FH         LINE#         2834
  C:A391H         LINE#         2835
  C:A393H         LINE#         2836
  C:A395H         LINE#         2838
  C:A397H         LINE#         2839
  C:A399H         LINE#         2840
  C:A39BH         LINE#         2842
  C:A39DH         LINE#         2843
  C:A39FH         LINE#         2844
BL51 BANKED LINKER/LOCATER V6.22                                                      11/30/2015  09:53:45  PAGE 121


  C:A3A1H         LINE#         2845
  -------         ENDPROC       _SET_INT
  -------         PROC          MCTRL_SET
  C:A5F6H         LINE#         2848
  C:A5F6H         LINE#         2849
  C:A5F6H         LINE#         2852
  C:A5F8H         LINE#         2853
  C:A5FAH         LINE#         2854
  C:A5FCH         LINE#         2855
  C:A5FEH         LINE#         2856
  -------         ENDPROC       MCTRL_SET
  -------         ENDMOD        NED

  -------         MODULE        ?C?COPY
  C:2668H         PUBLIC        ?C?COPY
  -------         ENDMOD        ?C?COPY

  -------         MODULE        ?C?CLDPTR
  C:268EH         PUBLIC        ?C?CLDPTR
  -------         ENDMOD        ?C?CLDPTR

  -------         MODULE        ?C?CLDOPTR
  C:26A7H         PUBLIC        ?C?CLDOPTR
  -------         ENDMOD        ?C?CLDOPTR

  -------         MODULE        ?C?CSTPTR
  C:26D4H         PUBLIC        ?C?CSTPTR
  -------         ENDMOD        ?C?CSTPTR

  -------         MODULE        ?C?IMUL
  C:26E6H         PUBLIC        ?C?IMUL
  -------         ENDMOD        ?C?IMUL

  -------         MODULE        ?C?UIDIV
  C:26F8H         PUBLIC        ?C?UIDIV
  -------         ENDMOD        ?C?UIDIV

  -------         MODULE        ?C?IILDX
  C:274DH         PUBLIC        ?C?IILDX
  -------         ENDMOD        ?C?IILDX

  -------         MODULE        ?C?ILDIX
  C:2763H         PUBLIC        ?C?ILDIX
  -------         ENDMOD        ?C?ILDIX

  -------         MODULE        ?C?ILDPTR
  C:2779H         PUBLIC        ?C?ILDPTR
  -------         ENDMOD        ?C?ILDPTR

  -------         MODULE        ?C?IILDOPTR
  C:27A4H         PUBLIC        ?C?IILDOPTR
  -------         ENDMOD        ?C?IILDOPTR

  -------         MODULE        ?C?LMUL
  C:27F1H         PUBLIC        ?C?LMUL
  -------         ENDMOD        ?C?LMUL

BL51 BANKED LINKER/LOCATER V6.22                                                      11/30/2015  09:53:45  PAGE 122


  -------         MODULE        ?C?ULDIV
  C:287CH         PUBLIC        ?C?ULDIV
  -------         ENDMOD        ?C?ULDIV

  -------         MODULE        ?C?SLDIV
  C:98ADH         PUBLIC        ?C?SLDIV
  -------         ENDMOD        ?C?SLDIV

  -------         MODULE        ?C?ULCMP
  C:290EH         PUBLIC        ?C?ULCMP
  -------         ENDMOD        ?C?ULCMP

  -------         MODULE        ?C?ULSHR
  C:291FH         PUBLIC        ?C?ULSHR
  -------         ENDMOD        ?C?ULSHR

  -------         MODULE        ?C?LSTXDATA
  C:2932H         PUBLIC        ?C?LSTXDATA
  -------         ENDMOD        ?C?LSTXDATA

  -------         MODULE        ?C?LSTKXDATA
  C:293EH         PUBLIC        ?C?LSTKXDATA
  -------         ENDMOD        ?C?LSTKXDATA

  -------         MODULE        ?C?PLDPTR
  C:296FH         PUBLIC        ?C?PLDPTR
  -------         ENDMOD        ?C?PLDPTR

  -------         MODULE        ?C?PSTPTR
  C:298FH         PUBLIC        ?C?PSTPTR
  -------         ENDMOD        ?C?PSTPTR

  -------         MODULE        ?C?CCASE
  C:29DEH         PUBLIC        ?C?CCASE
  -------         ENDMOD        ?C?CCASE

  -------         MODULE        ?C?ICASE
  C:2A04H         PUBLIC        ?C?ICASE
  -------         ENDMOD        ?C?ICASE

  -------         MODULE        PRINTF
  X:0012H         PUBLIC        ?_PRINTF517?BYTE
  X:0012H         PUBLIC        ?_PRINTF?BYTE
  X:0012H         PUBLIC        ?_SPRINTF517?BYTE
  X:0012H         PUBLIC        ?_SPRINTF?BYTE
  C:4819H         PUBLIC        _PRINTF
  C:4819H         PUBLIC        _PRINTF517
  C:4813H         PUBLIC        _SPRINTF
  C:4813H         PUBLIC        _SPRINTF517
  -------         ENDMOD        PRINTF

  -------         MODULE        PUTS
  C:A0DAH         PUBLIC        _PUTS
  -------         ENDMOD        PUTS

  -------         MODULE        SCANF
  X:01DDH         PUBLIC        ?_SCANF517?BYTE
BL51 BANKED LINKER/LOCATER V6.22                                                      11/30/2015  09:53:45  PAGE 123


  X:01DDH         PUBLIC        ?_SCANF?BYTE
  X:01DDH         PUBLIC        ?_SSCANF517?BYTE
  X:01DDH         PUBLIC        ?_SSCANF?BYTE
  C:4BA0H         PUBLIC        _SCANF
  C:4BA0H         PUBLIC        _SCANF517
  C:4B9CH         PUBLIC        _SSCANF
  C:4B9CH         PUBLIC        _SSCANF517
  -------         ENDMOD        SCANF

  -------         MODULE        ?C?STRCMP
  C:2BAFH         PUBLIC        ?C?STRCMP
  -------         ENDMOD        ?C?STRCMP

  -------         MODULE        STRLEN
  C:A3E4H         PUBLIC        _STRLEN
  -------         ENDMOD        STRLEN

  -------         MODULE        ATOI
  C:7D26H         PUBLIC        _atoi
  -------         ENDMOD        ATOI

  -------         MODULE        ?C?ISTPTR
  C:2BCCH         PUBLIC        ?C?ISTPTR
  -------         ENDMOD        ?C?ISTPTR

  -------         MODULE        ?C?LNEG
  C:2BEBH         PUBLIC        ?C?LNEG
  -------         ENDMOD        ?C?LNEG

  -------         MODULE        ?C?LSTPTR
  C:2BF9H         PUBLIC        ?C?LSTPTR
  -------         ENDMOD        ?C?LSTPTR

  -------         MODULE        ?C?PLDIDATA
  C:2C13H         PUBLIC        ?C?PLDIDATA
  -------         ENDMOD        ?C?PLDIDATA

  -------         MODULE        ?C?PSTIDATA
  C:2C1CH         PUBLIC        ?C?PSTIDATA
  -------         ENDMOD        ?C?PSTIDATA

  -------         MODULE        ?C?PLDXDATA
  C:2C25H         PUBLIC        ?C?PLDXDATA
  -------         ENDMOD        ?C?PLDXDATA

  -------         MODULE        ?C?PLDIXDATA
  C:2C2EH         PUBLIC        ?C?PLDIXDATA
  -------         ENDMOD        ?C?PLDIXDATA

  -------         MODULE        ?C?PILDXDATA
  C:2C45H         PUBLIC        ?C?PILDXDATA
  -------         ENDMOD        ?C?PILDXDATA

  -------         MODULE        ?C?PSTXDATA
  C:2C5CH         PUBLIC        ?C?PSTXDATA
  -------         ENDMOD        ?C?PSTXDATA

BL51 BANKED LINKER/LOCATER V6.22                                                      11/30/2015  09:53:45  PAGE 124


  -------         MODULE        ?C?PLDPDATA
  C:2C65H         PUBLIC        ?C?PLDPDATA
  -------         ENDMOD        ?C?PLDPDATA

  -------         MODULE        ?C?PSTPDATA
  C:2C6EH         PUBLIC        ?C?PSTPDATA
  -------         ENDMOD        ?C?PSTPDATA

  -------         MODULE        ?C?PLDCODE
  C:2C77H         PUBLIC        ?C?PLDCODE
  -------         ENDMOD        ?C?PLDCODE

  -------         MODULE        PUTCHAR
  C:A155H         PUBLIC        _PUTCHAR
  -------         ENDMOD        PUTCHAR

  -------         MODULE        GETCHAR
  B:0024H.4       PUBLIC        ?C?CHARLOADED
  X:03EAH         PUBLIC        ?_UNGETCHAR?BYTE
  C:A435H         PUBLIC        GETCHAR
  -------         ENDMOD        GETCHAR

  -------         MODULE        UNGETC
  C:A607H         PUBLIC        _UNGETCHAR
  -------         ENDMOD        UNGETC

  -------         MODULE        ISDIGIT
  C:A533H         PUBLIC        _isdigit
  -------         ENDMOD        ISDIGIT

  -------         MODULE        ISSPACE
  C:A449H         PUBLIC        _isspace
  -------         ENDMOD        ISSPACE

  -------         MODULE        ?C?LSTIDATA
  C:2C83H         PUBLIC        ?C?LSTIDATA
  -------         ENDMOD        ?C?LSTIDATA

  -------         MODULE        ?C?LSTPDATA
  C:2C8FH         PUBLIC        ?C?LSTPDATA
  -------         ENDMOD        ?C?LSTPDATA

  -------         MODULE        _GETKEY
  C:A5ADH         PUBLIC        _GETKEY
  -------         ENDMOD        _GETKEY

*** WARNING L16: UNCALLED SEGMENT, IGNORED FOR OVERLAY PROCESS
    SEGMENT: ?PR?_MONIREADPAGEBUFFER?COMMANDSHELL

*** WARNING L16: UNCALLED SEGMENT, IGNORED FOR OVERLAY PROCESS
    SEGMENT: ?PR?_MONIREADONEBUFFER?COMMANDSHELL

*** WARNING L16: UNCALLED SEGMENT, IGNORED FOR OVERLAY PROCESS
    SEGMENT: ?PR?_MONIWRITEONEBUFFER?COMMANDSHELL

*** WARNING L16: UNCALLED SEGMENT, IGNORED FOR OVERLAY PROCESS
    SEGMENT: ?PR?_MONIREADASICBYTE?COMMANDSHELL
BL51 BANKED LINKER/LOCATER V6.22                                                      11/30/2015  09:53:45  PAGE 125



*** WARNING L16: UNCALLED SEGMENT, IGNORED FOR OVERLAY PROCESS
    SEGMENT: ?PR?_MONIAUDIOMIXING?COMMANDSHELL

*** WARNING L16: UNCALLED SEGMENT, IGNORED FOR OVERLAY PROCESS
    SEGMENT: ?PR?MONIAUDIOMUTE?COMMANDSHELL

*** WARNING L16: UNCALLED SEGMENT, IGNORED FOR OVERLAY PROCESS
    SEGMENT: ?PR?_MONIAUDIOGAIN?COMMANDSHELL

*** WARNING L16: UNCALLED SEGMENT, IGNORED FOR OVERLAY PROCESS
    SEGMENT: ?PR?_MONIAUDIOLIVE?COMMANDSHELL

*** WARNING L16: UNCALLED SEGMENT, IGNORED FOR OVERLAY PROCESS
    SEGMENT: ?PR?MONIREGISTERDUMP?COMMANDSHELL

*** WARNING L16: UNCALLED SEGMENT, IGNORED FOR OVERLAY PROCESS
    SEGMENT: ?PR?_MONIVIDEOMIXWIN?COMMANDSHELL

*** WARNING L16: UNCALLED SEGMENT, IGNORED FOR OVERLAY PROCESS
    SEGMENT: ?PR?_MONIVIDEOMIXATTR?COMMANDSHELL

*** WARNING L16: UNCALLED SEGMENT, IGNORED FOR OVERLAY PROCESS
    SEGMENT: ?PR?MONIVIDEOAUTODETECT?COMMANDSHELL

*** WARNING L16: UNCALLED SEGMENT, IGNORED FOR OVERLAY PROCESS
    SEGMENT: ?PR?_MONISETVIDEOFORMAT?COMMANDSHELL

*** WARNING L16: UNCALLED SEGMENT, IGNORED FOR OVERLAY PROCESS
    SEGMENT: ?PR?_MONISHOWSODSTR?COMMANDSHELL

*** WARNING L16: UNCALLED SEGMENT, IGNORED FOR OVERLAY PROCESS
    SEGMENT: ?PR?PCT_AUDIOACTIONFORHS?COMMANDSHELL

*** WARNING L16: UNCALLED SEGMENT, IGNORED FOR OVERLAY PROCESS
    SEGMENT: ?PR?MONIHSCOMMDISSCROLL?COMMANDSHELL

*** WARNING L16: UNCALLED SEGMENT, IGNORED FOR OVERLAY PROCESS
    SEGMENT: ?PR?MONIHSCOMMVERSION?COMMANDSHELL

*** WARNING L16: UNCALLED SEGMENT, IGNORED FOR OVERLAY PROCESS
    SEGMENT: ?PR?NEWLINE?MAIN

*** WARNING L16: UNCALLED SEGMENT, IGNORED FOR OVERLAY PROCESS
    SEGMENT: ?PR?_PUTSP?MAIN

*** WARNING L16: UNCALLED SEGMENT, IGNORED FOR OVERLAY PROCESS
    SEGMENT: ?PR?_CHKSTARTCOMMSHELL?MAIN

*** WARNING L16: UNCALLED SEGMENT, IGNORED FOR OVERLAY PROCESS
    SEGMENT: ?PR?_PCT_SHOWSPEAKICON?OSDACTION_

*** WARNING L16: UNCALLED SEGMENT, IGNORED FOR OVERLAY PROCESS
    SEGMENT: ?PR?PCT_SHOWVLOSS?OSDACTION_

*** WARNING L16: UNCALLED SEGMENT, IGNORED FOR OVERLAY PROCESS
    SEGMENT: ?PR?PCT_AUDIOREGLIST?TW28XX_AUDIO
BL51 BANKED LINKER/LOCATER V6.22                                                      11/30/2015  09:53:45  PAGE 126



*** WARNING L16: UNCALLED SEGMENT, IGNORED FOR OVERLAY PROCESS
    SEGMENT: ?PR?PCT_VIDEOLASTMODIFY?TW28XX_VIDEO

*** WARNING L16: UNCALLED SEGMENT, IGNORED FOR OVERLAY PROCESS
    SEGMENT: ?PR?_PCT_WINATTRCLEAR?TW28XX_VIDEO

*** WARNING L16: UNCALLED SEGMENT, IGNORED FOR OVERLAY PROCESS
    SEGMENT: ?PR?I2C_100KHZ?NED

*** WARNING L16: UNCALLED SEGMENT, IGNORED FOR OVERLAY PROCESS
    SEGMENT: ?PR?I2CSTART2?NED

*** WARNING L16: UNCALLED SEGMENT, IGNORED FOR OVERLAY PROCESS
    SEGMENT: ?PR?I2CSTOP2?NED

*** WARNING L16: UNCALLED SEGMENT, IGNORED FOR OVERLAY PROCESS
    SEGMENT: ?PR?_I2CWRITEDATA2?NED

*** WARNING L16: UNCALLED SEGMENT, IGNORED FOR OVERLAY PROCESS
    SEGMENT: ?PR?I2CREADDATA2?NED

*** WARNING L16: UNCALLED SEGMENT, IGNORED FOR OVERLAY PROCESS
    SEGMENT: ?PR?I2CREADDATAWITHACK2?NED

*** WARNING L16: UNCALLED SEGMENT, IGNORED FOR OVERLAY PROCESS
    SEGMENT: ?PR?_READI2C2?NED

*** WARNING L16: UNCALLED SEGMENT, IGNORED FOR OVERLAY PROCESS
    SEGMENT: ?PR?I2C_ACK?NED

*** WARNING L16: UNCALLED SEGMENT, IGNORED FOR OVERLAY PROCESS
    SEGMENT: ?PR?I2C_ACK2?NED

*** WARNING L16: UNCALLED SEGMENT, IGNORED FOR OVERLAY PROCESS
    SEGMENT: ?PR?_SET_CHANNEL?NED

*** WARNING L16: UNCALLED SEGMENT, IGNORED FOR OVERLAY PROCESS
    SEGMENT: ?PR?SEND_CAMERA_VER?NED

*** WARNING L16: UNCALLED SEGMENT, IGNORED FOR OVERLAY PROCESS
    SEGMENT: ?PR?_GET_CAMERA_IRD?NED

*** WARNING L16: UNCALLED SEGMENT, IGNORED FOR OVERLAY PROCESS
    SEGMENT: ?PR?GET_DVR_VER?NED

*** WARNING L16: UNCALLED SEGMENT, IGNORED FOR OVERLAY PROCESS
    SEGMENT: ?PR?SENT_DVR_VER?NED

*** WARNING L16: UNCALLED SEGMENT, IGNORED FOR OVERLAY PROCESS
    SEGMENT: ?PR?GET_DVR_YEAR?NED

*** WARNING L16: UNCALLED SEGMENT, IGNORED FOR OVERLAY PROCESS
    SEGMENT: ?PR?SENT_DVR_YEAR?NED

*** WARNING L16: UNCALLED SEGMENT, IGNORED FOR OVERLAY PROCESS
    SEGMENT: ?PR?GET_DVR_MD?NED
BL51 BANKED LINKER/LOCATER V6.22                                                      11/30/2015  09:53:45  PAGE 127



*** WARNING L16: UNCALLED SEGMENT, IGNORED FOR OVERLAY PROCESS
    SEGMENT: ?PR?SENT_DVR_MDR?NED

*** WARNING L16: UNCALLED SEGMENT, IGNORED FOR OVERLAY PROCESS
    SEGMENT: ?PR?GET_DVR_HS?NED

*** WARNING L16: UNCALLED SEGMENT, IGNORED FOR OVERLAY PROCESS
    SEGMENT: ?PR?SENT_DVR_HS?NED

*** WARNING L16: UNCALLED SEGMENT, IGNORED FOR OVERLAY PROCESS
    SEGMENT: ?PR?_COMMAND_CHECK?NED

*** WARNING L16: UNCALLED SEGMENT, IGNORED FOR OVERLAY PROCESS
    SEGMENT: ?PR?_CHECK_STARTUP?NED

*** WARNING L16: UNCALLED SEGMENT, IGNORED FOR OVERLAY PROCESS
    SEGMENT: ?PR?_GET_DATA?NED

*** WARNING L16: UNCALLED SEGMENT, IGNORED FOR OVERLAY PROCESS
    SEGMENT: ?PR?_PARITY?NED

*** WARNING L16: UNCALLED SEGMENT, IGNORED FOR OVERLAY PROCESS
    SEGMENT: ?PR?ADT75_INIT?NED

*** WARNING L16: UNCALLED SEGMENT, IGNORED FOR OVERLAY PROCESS
    SEGMENT: ?PR?_FIFOAVAILABLEDATA?NED

*** WARNING L16: UNCALLED SEGMENT, IGNORED FOR OVERLAY PROCESS
    SEGMENT: ?PR?_FIFOAVAILABLESPACE?NED

*** WARNING L16: UNCALLED SEGMENT, IGNORED FOR OVERLAY PROCESS
    SEGMENT: ?PR?_ENABLETRANSMIT?NED

*** WARNING L16: UNCALLED SEGMENT, IGNORED FOR OVERLAY PROCESS
    SEGMENT: ?PR?_FLUSH?NED

*** WARNING L16: UNCALLED SEGMENT, IGNORED FOR OVERLAY PROCESS
    SEGMENT: ?PR?_PING?NED

*** WARNING L16: UNCALLED SEGMENT, IGNORED FOR OVERLAY PROCESS
    SEGMENT: ?PR?_TW2835_GET?NED

*** WARNING L16: UNCALLED SEGMENT, IGNORED FOR OVERLAY PROCESS
    SEGMENT: ?PR?_PEEK?NED

*** WARNING L16: UNCALLED SEGMENT, IGNORED FOR OVERLAY PROCESS
    SEGMENT: ?PR?_SET_INT?NED

Program Size: data=98.5 xdata=1003 code=42557
LINK/LOCATE RUN COMPLETE.  58 WARNING(S),  0 ERROR(S)
