BL51 BANKED LINKER/LOCATER V6.22                                                        12/04/2018  11:32:30  PAGE 1


BL51 BANKED LINKER/LOCATER V6.22, INVOKED BY:
C:\KEIL\C51\BIN\BL51.EXE .\OBJ\STARTUP.obj, .\OBJ\UART.obj, .\OBJ\BusCtrl.obj, .\OBJ\CommandShell.obj, .\OBJ\Main.obj, .
>> \OBJ\OSD_Graph.obj, .\OBJ\OSDAction .obj, .\OBJ\OSDCtrl.obj, .\OBJ\Timer.obj, .\OBJ\TW28xx_Audio.obj, .\OBJ\TW28xx_Vi
>> deo.obj, .\OBJ\TW2835_Init.obj, .\OBJ\NED.obj TO .\OBJ\NED_5MCMOS_v0_a_8_XXXX_20180921 PRINT (.\OBJ\NED_5MCMOS_v0_a_8
>> _XXXX_20180921.m51) RAMSIZE (256)


MEMORY MODEL: LARGE WITH FLOATING POINT ARITHMETIC


INPUT MODULES INCLUDED:
  .\OBJ\STARTUP.obj (?C_STARTUP)
  .\OBJ\UART.obj (UART)
  .\OBJ\BusCtrl.obj (BUSCTRL)
  .\OBJ\CommandShell.obj (COMMANDSHELL)
  .\OBJ\Main.obj (MAIN)
  .\OBJ\OSD_Graph.obj (OSD_GRAPH)
  .\OBJ\OSDAction .obj (OSDACTION_)
  .\OBJ\OSDCtrl.obj (OSDCTRL)
  .\OBJ\Timer.obj (TIMER)
  .\OBJ\TW28xx_Audio.obj (TW28XX_AUDIO)
  .\OBJ\TW28xx_Video.obj (TW28XX_VIDEO)
  .\OBJ\TW2835_Init.obj (TW2835_INIT)
  .\OBJ\NED.obj (NED)
  C:\KEIL\C51\LIB\C51FPL.LIB (?C?FPADD)
  C:\KEIL\C51\LIB\C51FPL.LIB (?C?FPMUL)
  C:\KEIL\C51\LIB\C51FPL.LIB (?C?FPDIV)
  C:\KEIL\C51\LIB\C51FPL.LIB (?C?FCAST)
  C:\KEIL\C51\LIB\C51FPL.LIB (?C?CASTF)
  C:\KEIL\C51\LIB\C51FPL.LIB (SCANF)
  C:\KEIL\C51\LIB\C51FPL.LIB (?C?FPGETOPN)
  C:\KEIL\C51\LIB\C51FPL.LIB (?C?ATOF)
  C:\KEIL\C51\LIB\C51FPL.LIB (?C?FPNEG)
  C:\KEIL\C51\LIB\C51FPL.LIB (?C?FTNPWR)
  C:\KEIL\C51\LIB\C51L.LIB (?C_INIT)
  C:\KEIL\C51\LIB\C51L.LIB (?C?COPY)
  C:\KEIL\C51\LIB\C51L.LIB (?C?CLDPTR)
  C:\KEIL\C51\LIB\C51L.LIB (?C?CLDOPTR)
  C:\KEIL\C51\LIB\C51L.LIB (?C?CSTPTR)
  C:\KEIL\C51\LIB\C51L.LIB (?C?IMUL)
  C:\KEIL\C51\LIB\C51L.LIB (?C?UIDIV)
  C:\KEIL\C51\LIB\C51L.LIB (?C?IILDX)
  C:\KEIL\C51\LIB\C51L.LIB (?C?ILDIX)
  C:\KEIL\C51\LIB\C51L.LIB (?C?ILDPTR)
  C:\KEIL\C51\LIB\C51L.LIB (?C?IILDOPTR)
  C:\KEIL\C51\LIB\C51L.LIB (?C?ISTPTR)
  C:\KEIL\C51\LIB\C51L.LIB (?C?LMUL)
  C:\KEIL\C51\LIB\C51L.LIB (?C?ULDIV)
  C:\KEIL\C51\LIB\C51L.LIB (?C?SLDIV)
  C:\KEIL\C51\LIB\C51L.LIB (?C?LNEG)
  C:\KEIL\C51\LIB\C51L.LIB (?C?ULCMP)
  C:\KEIL\C51\LIB\C51L.LIB (?C?ULSHR)
  C:\KEIL\C51\LIB\C51L.LIB (?C?LSTPTR)
  C:\KEIL\C51\LIB\C51L.LIB (?C?LSTXDATA)
  C:\KEIL\C51\LIB\C51L.LIB (?C?LSTKXDATA)
  C:\KEIL\C51\LIB\C51L.LIB (?C?PLDXDATA)
  C:\KEIL\C51\LIB\C51L.LIB (?C?PLDIXDATA)
  C:\KEIL\C51\LIB\C51L.LIB (?C?PILDXDATA)
BL51 BANKED LINKER/LOCATER V6.22                                                      12/04/2018  11:32:30  PAGE 2


  C:\KEIL\C51\LIB\C51L.LIB (?C?PSTXDATA)
  C:\KEIL\C51\LIB\C51L.LIB (?C?PLDPTR)
  C:\KEIL\C51\LIB\C51L.LIB (?C?PSTPTR)
  C:\KEIL\C51\LIB\C51L.LIB (?C?CCASE)
  C:\KEIL\C51\LIB\C51L.LIB (GETCHAR)
  C:\KEIL\C51\LIB\C51L.LIB (UNGETC)
  C:\KEIL\C51\LIB\C51L.LIB (ISSPACE)
  C:\KEIL\C51\LIB\C51L.LIB (STRLEN)
  C:\KEIL\C51\LIB\C51L.LIB (?C?LSTIDATA)
  C:\KEIL\C51\LIB\C51L.LIB (?C?LSTPDATA)
  C:\KEIL\C51\LIB\C51L.LIB (?C?PLDIDATA)
  C:\KEIL\C51\LIB\C51L.LIB (?C?PSTIDATA)
  C:\KEIL\C51\LIB\C51L.LIB (?C?PLDPDATA)
  C:\KEIL\C51\LIB\C51L.LIB (?C?PSTPDATA)
  C:\KEIL\C51\LIB\C51L.LIB (?C?PLDCODE)
  C:\KEIL\C51\LIB\C51L.LIB (PUTCHAR)
  C:\KEIL\C51\LIB\C51L.LIB (_GETKEY)


LINK MAP OF MODULE:  .\OBJ\NED_5MCMOS_v0_a_8_XXXX_20180921 (?C_STARTUP)


            TYPE    BASE      LENGTH    RELOCATION   SEGMENT NAME
            -----------------------------------------------------

            * * * * * * *   D A T A   M E M O R Y   * * * * * * *
            REG     0000H     0008H     ABSOLUTE     "REG BANK 0"
            DATA    0008H     000FH     UNIT         _DATA_GROUP_
            DATA    0017H     0002H     UNIT         ?DT?OSDCTRL
                    0019H     0007H                  *** GAP ***
            DATA    0020H     0001H     BIT_ADDR     ?BA?MAIN
            DATA    0021H     0001H     BIT_ADDR     ?BA?OSDACTION_
            DATA    0022H     0001H     BIT_ADDR     ?BA?OSDCTRL
            BIT     0023H.0   0001H.3   UNIT         _BIT_GROUP_
            BIT     0024H.3   0000H.2   UNIT         ?BI?MAIN
            BIT     0024H.5   0000H.1   UNIT         ?BI?GETCHAR
                    0024H.6   0000H.2                *** GAP ***
            DATA    0025H     000CH     UNIT         ?DT?TIMER
            IDATA   0031H     0001H     UNIT         ?STACK

            * * * * * * *  X D A T A   M E M O R Y  * * * * * * *
            XDATA   0000H     020BH     UNIT         _XDATA_GROUP_
            XDATA   020BH     0082H     UNIT         ?XD?NED
            XDATA   028DH     0066H     UNIT         ?XD?UART
            XDATA   02F3H     0045H     UNIT         ?XD?MAIN
            XDATA   0338H     001DH     UNIT         ?XD?COMMANDSHELL
            XDATA   0355H     0001H     UNIT         ?XD?OSD_GRAPH
            XDATA   0356H     0001H     UNIT         ?XD?OSDACTION_
            XDATA   0357H     0001H     UNIT         ?XD?GETCHAR

            * * * * * * *   C O D E   M E M O R Y   * * * * * * *
            CODE    0000H     0003H     ABSOLUTE     
            CODE    0003H     0008H     UNIT         ?PR?_RS_TX?UART
            CODE    000BH     0003H     ABSOLUTE     
            CODE    000EH     0015H     UNIT         ?PR?_RESETDEVICE?NED
            CODE    0023H     0003H     ABSOLUTE     
            CODE    0026H     0003H     UNIT         ?PR?_PCT_PRESETFOREGROUNDCOLOR?OSDCTRL
BL51 BANKED LINKER/LOCATER V6.22                                                      12/04/2018  11:32:30  PAGE 3


            CODE    0029H     0001H     UNIT         ?PR?PTC_SWITCHTOI2CMODE?BUSCTRL
            CODE    002AH     0001H     UNIT         ?PR?PCT_SENDACK?COMMANDSHELL
            CODE    002BH     0003H     ABSOLUTE     
            CODE    002EH     16CAH     UNIT         ?CO?OSD_GRAPH
            CODE    16F8H     0EA0H     UNIT         ?CO?OSDCTRL
            CODE    2598H     0919H     UNIT         ?C?LIB_CODE
            CODE    2EB1H     0485H     UNIT         ?PR?_PCT_SHOWMIRRORICON?OSDACTION_
            CODE    3336H     0459H     UNIT         ?CO?TW28XX_VIDEO
            CODE    378FH     0400H     UNIT         ?CO?TW2835_INIT
            CODE    3B8FH     036EH     UNIT         ?PR?_PCT_OSD_ACTIONPTHX?OSDACTION_
            CODE    3EFDH     035AH     UNIT         ?PR?SCANF?SCANF
            CODE    4257H     033DH     UNIT         ?PR?_MONITOR_SET?MAIN
            CODE    4594H     02F8H     UNIT         ?PR?_PCT_SETVIDEOHDELAY?TW28XX_VIDEO
            CODE    488CH     01EDH     UNIT         ?PR?_SC16_SENDDATASELECT?NED
            CODE    4A79H     01E4H     UNIT         ?PR?_SC16_BCC_CHECK?NED
            CODE    4C5DH     01D3H     UNIT         ?CO?MAIN
            CODE    4E30H     01A3H     UNIT         ?PR?_PCT_SETXVIDEOMIXING?TW28XX_VIDEO
            CODE    4FD3H     01A2H     UNIT         ?PR?_PCT_OSD16X16GRAPHX?OSD_GRAPH
            CODE    5175H     018BH     UNIT         ?PR?MAIN?MAIN
            CODE    5300H     0163H     UNIT         ?C_INITSEG
            CODE    5463H     0160H     UNIT         ?PR?_PCT_SHOWINDICATEICON?OSDACTION_
            CODE    55C3H     0156H     UNIT         ?PR?_MONIHSCOMM?COMMANDSHELL
            CODE    5719H     0141H     UNIT         ?PR?_PCT_RECOMPENSEYHDELAY?TW28XX_VIDEO
            CODE    585AH     013AH     UNIT         ?PR?PCT_INITOSDCOLOR?OSDCTRL
            CODE    5994H     0108H     UNIT         ?PR?TW28XX_VIDEO
            CODE    5A9CH     00FBH     UNIT         ?PR?CAMERA_MOVE?NED
            CODE    5B97H     00F6H     UNIT         ?PR?_PCT_RUNCOMMSHELL?COMMANDSHELL
            CODE    5C8DH     00ECH     UNIT         ?PR?PRESS_CHECK?MAIN
            CODE    5D79H     00E6H     UNIT         ?PR??C?ATOF??C?ATOF
            CODE    5E5FH     00DDH     UNIT         ?PR?TIMER2_INTERRUPT?TIMER
            CODE    5F3CH     00DAH     UNIT         ?PR?_PCT_CLEARWORDSPATHX?OSDCTRL
            CODE    6016H     00D7H     UNIT         ?PR?COMMANDSHELL?MAIN
            CODE    60EDH     00D1H     UNIT         ?PR?_PCT_FULLCOLORONOSD?OSDCTRL
            CODE    61BEH     00CFH     UNIT         ?PR?NED
            CODE    628DH     00CEH     UNIT         ?PR?_SET_PWM_OUTPUT?MAIN
            CODE    635BH     00C3H     UNIT         ?PR?MAIN
            CODE    641EH     00C1H     UNIT         ?PR?CHECK_OTHER_COM?NED
            CODE    64DFH     00B8H     UNIT         ?PR?_SETBAUDRATE?NED
            CODE    6597H     00B0H     UNIT         ?PR?_SC16_COMCHECK?NED
            CODE    6647H     0099H     UNIT         ?PR?_PCT_SETCHANELSCALE?TW28XX_VIDEO
            CODE    66E0H     008CH     UNIT         ?C_C51STARTUP
            CODE    676CH     008CH     UNIT         ?PR?_PCT_READASICBYTE?BUSCTRL
            CODE    67F8H     0086H     UNIT         ?PR?COMMANDSHELL
            CODE    687EH     0081H     UNIT         ?PR?_PCT_WRITEASICTABLE?BUSCTRL
            CODE    68FFH     0080H     UNIT         ?PR?SC16_INIT?NED
            CODE    697FH     0079H     UNIT         ?PR?_I2CWRITEDATA?NED
            CODE    69F8H     0073H     UNIT         ?PR?_BOUND_SET?NED
            CODE    6A6BH     006DH     UNIT         ?PR?OSDACTION_
            CODE    6AD8H     0069H     UNIT         ?PR?PCT_CHECKSYSTEM?COMMANDSHELL
            CODE    6B41H     0067H     UNIT         ?PR?OSDCTRL
            CODE    6BA8H     0067H     UNIT         ?PR?PCT_TW2835_INITIAL?TW2835_INIT
            CODE    6C0FH     0064H     UNIT         ?PR?_PCT_WRITEASICBYTE?BUSCTRL
            CODE    6C73H     0064H     UNIT         ?PR?_PCT_CHANGESYSTEMTYPE?TW2835_INIT
            CODE    6CD7H     0064H     UNIT         ?PR?_SETLINE?NED
            CODE    6D3BH     0063H     UNIT         ?PR?GPIO_CHECK?NED
            CODE    6D9EH     0061H     UNIT         ?CO?COMMANDSHELL
            CODE    6DFFH     0061H     UNIT         ?PR?CAMERA_VERSION_CHECK?MAIN
BL51 BANKED LINKER/LOCATER V6.22                                                      12/04/2018  11:32:30  PAGE 4


            CODE    6E60H     0061H     UNIT         ?PR?_PCT_SHOWGRAPHSTRING?OSD_GRAPH
            CODE    6EC1H     005EH     UNIT         ?PR?_PCT_GETFIRSTSTR?COMMANDSHELL
            CODE    6F1FH     005AH     UNIT         ?PR?TEMP_CHECK?MAIN
            CODE    6F79H     0059H     UNIT         ?PR?_PCT_SETOSDCOLOR?OSDCTRL
            CODE    6FD2H     0055H     UNIT         ?PR?VERSION_CHECK?MAIN
            CODE    7027H     0052H     UNIT         ?PR?_PCT_WRITESTABLE?BUSCTRL
            CODE    7079H     0050H     UNIT         ?PR?_WAIT_MS?MAIN
            CODE    70C9H     004DH     UNIT         ?PR?_MONIWRITEASICBYTE?COMMANDSHELL
            CODE    7116H     004CH     UNIT         ?PR?PCT_INITIALOSD?OSDACTION_
            CODE    7162H     004BH     UNIT         ?PR?_PCT_DETECTVIDEOFORMAT?TW28XX_VIDEO
            CODE    71ADH     004BH     UNIT         ?PR?SENT_CAMERA_ANG?NED
            CODE    71F8H     004BH     UNIT         ?PR?SENT_CAMERA_RANG?NED
            CODE    7243H     004AH     UNIT         ?PR?INITIALMPU?MAIN
            CODE    728DH     004AH     UNIT         ?PR?SEND_CAMERA_PRESS?NED
            CODE    72D7H     004AH     UNIT         ?PR?_SET_CAMERA_SPEED?NED
            CODE    7321H     0048H     UNIT         ?PR?_PCT_CHECKVMIXTYPE?COMMANDSHELL
            CODE    7369H     0048H     UNIT         ?PR?_SET_VIDEO?NED
            CODE    73B1H     0047H     UNIT         ?PR?PCT_GETVIDEOSIGNALSTATUS?OSDACTION_
            CODE    73F8H     0046H     UNIT         ?PR?PCT_SHOWMODEICON?OSDACTION_
            CODE    743EH     0044H     UNIT         ?C?LDIV
            CODE    7482H     0043H     UNIT         ?PR?PCT_INITIALTW2835?TW2835_INIT
            CODE    74C5H     0040H     UNIT         ?PR?_PCT_WINATTRCTRLY?TW28XX_VIDEO
            CODE    7505H     0040H     UNIT         ?PR?_READI2CWORD?NED
            CODE    7545H     003FH     UNIT         ?PR?SENT_DVR_TEMP?NED
            CODE    7584H     003DH     UNIT         ?PR?_PCT_STRTOCOMMCODE?COMMANDSHELL
            CODE    75C1H     003CH     UNIT         ?PR?BUSCTRL
            CODE    75FDH     003BH     UNIT         ?PR?_SC16_DATA_RESET?NED
            CODE    7638H     003AH     UNIT         ?PR?_PCT_WINATTRCTRL?TW28XX_VIDEO
            CODE    7672H     0038H     UNIT         ?PR?OSD_GRAPH
            CODE    76AAH     0036H     UNIT         ?PR?_PCT_ENSHOWOSDPAGE?OSDCTRL
            CODE    76E0H     0036H     UNIT         ?PR?SEND_CAMERA_TEMP?NED
            CODE    7716H     0034H     UNIT         ?PR?_PCT_DISSHOWOSDPAGE?OSDCTRL
            CODE    774AH     0032H     UNIT         ?PR?REPEAT_PWM_COM?NED
            CODE    777CH     0032H     UNIT         ?PR?SC16_DATACHECK?NED
            CODE    77AEH     002DH     UNIT         ?PR?RS_INTERRUPT?UART
            CODE    77DBH     002DH     UNIT         ?PR?_PWM_SET?MAIN
            CODE    7808H     002CH     UNIT         ?PR?GET_CAMERA_VER?NED
            CODE    7834H     002CH     UNIT         ?PR?GET_CAMERA_ANG?NED
            CODE    7860H     002CH     UNIT         ?PR?GET_CAMERA_RANG?NED
            CODE    788CH     002CH     UNIT         ?PR?GET_DVR_TEMP?NED
            CODE    78B8H     002AH     UNIT         ?PR?_BCC_CAL?NED
            CODE    78E2H     0029H     UNIT         ?PR?I2CREADDATAWITHACK?NED
            CODE    790BH     0027H     UNIT         ?PR?PUTCHAR?PUTCHAR
            CODE    7932H     0026H     UNIT         ?PR?RESETCOMMSELL?MAIN
            CODE    7958H     0026H     UNIT         ?PR?PCT_OSDACTIONFORHS?OSDACTION_
            CODE    797EH     0023H     UNIT         ?PR?I2CREADDATA?NED
            CODE    79A1H     0021H     UNIT         ?PR?_SC16_SENDDATA?NED
            CODE    79C2H     0020H     UNIT         ?CO?OSDACTION_
            CODE    79E2H     0020H     UNIT         ?PR?_ADC_READ?NED
            CODE    7A02H     001FH     UNIT         ?PR?_PCT_SETOSDDRAWPAGE?OSDCTRL
            CODE    7A21H     001DH     UNIT         ?PR?INITIALTIMER2?TIMER
            CODE    7A3EH     001AH     UNIT         ?PR?_MONIYVIDEOMIX?COMMANDSHELL
            CODE    7A58H     001AH     UNIT         ?PR?_PCT_CLEAROSDPAGEX?OSDCTRL
            CODE    7A72H     0019H     UNIT         ?PR?RS_RX?UART
            CODE    7A8BH     0019H     UNIT         ?PR?TW2835_INIT
            CODE    7AA4H     0016H     UNIT         ?PR?INITIALUART?UART
            CODE    7ABAH     0016H     UNIT         ?PR?_MONIHSCOMMSJMODE?COMMANDSHELL
BL51 BANKED LINKER/LOCATER V6.22                                                      12/04/2018  11:32:30  PAGE 5


            CODE    7AD0H     0015H     UNIT         ?PR?_STRLEN?STRLEN
            CODE    7AE5H     0014H     UNIT         ?PR?_PCT_SETYVIDEOMIXING?TW28XX_VIDEO
            CODE    7AF9H     0014H     UNIT         ?PR?GETCHAR?GETCHAR
            CODE    7B0DH     0014H     UNIT         ?PR?_ISSPACE?ISSPACE
            CODE    7B21H     0013H     UNIT         ?PR?PCT_TW2835RESETN?TW2835_INIT
            CODE    7B34H     0012H     UNIT         ?PR?I2CSTART?NED
            CODE    7B46H     0012H     UNIT         ?PR?_WRITEI2C?NED
            CODE    7B58H     0010H     UNIT         ?PR?RS_RXREADY?UART
            CODE    7B68H     0010H     UNIT         ?PR?_POWER_ONOFF?NED
            CODE    7B78H     000FH     UNIT         ?PR?PWM_INIT?MAIN
            CODE    7B87H     000FH     UNIT         ?PR?_READI2C?NED
            CODE    7B96H     000FH     UNIT         ?PR?_SENT_CAMERA_IRD?NED
            CODE    7BA5H     000FH     UNIT         ?CO?NED
            CODE    7BB4H     000DH     UNIT         ?PR?TIMER0_INTERRUPT?TIMER
            CODE    7BC1H     000DH     UNIT         ?PR?I2CSTOP?NED
            CODE    7BCEH     000CH     UNIT         ?PR?INITIALCOMMSHELL?MAIN
            CODE    7BDAH     000BH     UNIT         ?PR?UART
            CODE    7BE5H     000AH     UNIT         ?PR?_GETKEY?_GETKEY
            CODE    7BEFH     0009H     UNIT         ?PR?_PCT_FLASHOSDCTRL?MAIN
            CODE    7BF8H     0009H     UNIT         ?PR?INITIALTIMER0?TIMER
            CODE    7C01H     0009H     UNIT         ?PR?_GPIOSETPORTMODE?NED
            CODE    7C0AH     0009H     UNIT         ?PR?_GPIOSETPORTSTATE?NED
            CODE    7C13H     0009H     UNIT         ?PR?_WRITEBYTE?NED
            CODE    7C1CH     0009H     UNIT         ?PR?MCTRL_SET?NED
            CODE    7C25H     0008H     UNIT         ?PR?PCT_ENFALSHVLOSS?OSDACTION_
            CODE    7C2DH     0008H     UNIT         ?PR?GETCHAR?UNGETCHAR
            CODE    7C35H     0006H     UNIT         ?PR?PCT_CLEARGRAPHATTR?OSD_GRAPH
            CODE    7C3BH     0006H     UNIT         ?PR?_PCT_PRESETGRAPHATTR?OSD_GRAPH
            CODE    7C41H     0006H     UNIT         ?PR?_GPIOGETPORTSTATE?NED
            CODE    7C47H     0006H     UNIT         ?PR?_READBYTE?NED
            CODE    7C4DH     0003H     UNIT         ?PR?_PCT_PRESETBACKGROUNDCOLOR?OSDCTRL
            CODE    7C50H     0001H     UNIT         ?PR?I2CDELAY?NED



OVERLAY MAP OF MODULE:   .\OBJ\NED_5MCMOS_v0_a_8_XXXX_20180921 (?C_STARTUP)


SEGMENT                                            BIT_GROUP          DATA_GROUP          XDATA_GROUP
  +--> CALLED SEGMENT                           START    LENGTH     START    LENGTH     START    LENGTH
-------------------------------------------------------------------------------------------------------
?C_C51STARTUP                                   -----    -----      -----    -----      -----    -----
  +--> ?PR?MAIN?MAIN
  +--> ?C_INITSEG

?PR?MAIN?MAIN                                   -----    -----      -----    -----      0000H    0006H
  +--> ?PR?MAIN
  +--> ?PR?INITIALMPU?MAIN
  +--> ?PR?PWM_INIT?MAIN
  +--> ?PR?INITIALCOMMSHELL?MAIN
  +--> ?PR?RESETCOMMSELL?MAIN
  +--> ?PR?_POWER_ONOFF?NED
  +--> ?PR?SC16_INIT?NED
  +--> ?PR?_MONITOR_SET?MAIN
  +--> ?PR?GPIO_CHECK?NED
  +--> ?PR?_GPIOGETPORTSTATE?NED
  +--> ?PR?COMMANDSHELL?MAIN
BL51 BANKED LINKER/LOCATER V6.22                                                      12/04/2018  11:32:30  PAGE 6


  +--> ?PR?_PCT_RUNCOMMSHELL?COMMANDSHELL
  +--> ?PR?PCT_CHECKSYSTEM?COMMANDSHELL
  +--> ?PR?RS_RXREADY?UART
  +--> ?PR?PCT_GETVIDEOSIGNALSTATUS?OSDACTION_
  +--> ?PR?CAMERA_MOVE?NED
  +--> ?PR?_SC16_DATA_RESET?NED
  +--> ?PR?SC16_DATACHECK?NED
  +--> ?PR?_SET_CAMERA_SPEED?NED

?PR?INITIALMPU?MAIN                             -----    -----      -----    -----      -----    -----
  +--> ?PR?INITIALUART?UART
  +--> ?PR?INITIALTIMER0?TIMER
  +--> ?PR?INITIALTIMER2?TIMER

?PR?RESETCOMMSELL?MAIN                          -----    -----      -----    -----      -----    -----
  +--> ?PR?MAIN

?PR?_POWER_ONOFF?NED                            -----    -----      -----    -----      -----    -----
  +--> ?PR?_WAIT_MS?MAIN

?PR?_WAIT_MS?MAIN                               -----    -----      -----    -----      01D5H    0004H

?PR?SC16_INIT?NED                               -----    -----      -----    -----      0006H    0001H
  +--> ?PR?_WAIT_MS?MAIN
  +--> ?PR?NED
  +--> ?PR?_RESETDEVICE?NED
  +--> ?PR?_SETBAUDRATE?NED
  +--> ?PR?_SETLINE?NED
  +--> ?PR?_WRITEI2C?NED
  +--> ?PR?_GPIOSETPORTMODE?NED
  +--> ?PR?_GPIOSETPORTSTATE?NED

?PR?NED                                         -----    -----      -----    -----      -----    -----
  +--> ?PR?I2CDELAY?NED
  +--> ?PR?I2CSTART?NED
  +--> ?PR?_I2CWRITEDATA?NED

?PR?I2CSTART?NED                                -----    -----      -----    -----      -----    -----
  +--> ?PR?I2CDELAY?NED

?PR?_I2CWRITEDATA?NED                           -----    -----      -----    -----      -----    -----
  +--> ?PR?I2CSTART?NED
  +--> ?PR?I2CDELAY?NED

?PR?_RESETDEVICE?NED                            -----    -----      -----    -----      -----    -----
  +--> ?PR?_READI2C?NED
  +--> ?PR?_WRITEI2C?NED

?PR?_READI2C?NED                                -----    -----      -----    -----      -----    -----
  +--> ?PR?_I2CWRITEDATA?NED
  +--> ?PR?NED
  +--> ?PR?I2CREADDATA?NED
  +--> ?PR?I2CSTOP?NED

?PR?I2CREADDATA?NED                             -----    -----      -----    -----      -----    -----
  +--> ?PR?NED
  +--> ?PR?I2CDELAY?NED
BL51 BANKED LINKER/LOCATER V6.22                                                      12/04/2018  11:32:30  PAGE 7



?PR?I2CSTOP?NED                                 -----    -----      -----    -----      -----    -----
  +--> ?PR?I2CDELAY?NED

?PR?_WRITEI2C?NED                               -----    -----      -----    -----      -----    -----
  +--> ?PR?_I2CWRITEDATA?NED
  +--> ?PR?I2CSTOP?NED

?PR?_SETBAUDRATE?NED                            -----    -----      -----    -----      0007H    000AH
  +--> ?PR?_READI2C?NED
  +--> ?PR?_WRITEI2C?NED

?PR?_SETLINE?NED                                -----    -----      -----    -----      0007H    0004H
  +--> ?PR?_READI2C?NED
  +--> ?PR?_WRITEI2C?NED

?PR?_GPIOSETPORTMODE?NED                        -----    -----      -----    -----      -----    -----
  +--> ?PR?_WRITEI2C?NED

?PR?_GPIOSETPORTSTATE?NED                       -----    -----      -----    -----      -----    -----
  +--> ?PR?_WRITEI2C?NED

?PR?_MONITOR_SET?MAIN                           -----    -----      -----    -----      0006H    01CFH
  +--> ?CO?MAIN
  +--> ?PR?MAIN
  +--> ?PR?PCT_INITIALTW2835?TW2835_INIT
  +--> ?PR?_PCT_WRITEASICBYTE?BUSCTRL
  +--> ?PR?_PCT_RUNCOMMSHELL?COMMANDSHELL
  +--> ?PR?_BOUND_SET?NED

?PR?PCT_INITIALTW2835?TW2835_INIT               -----    -----      -----    -----      -----    -----
  +--> ?PR?PCT_TW2835RESETN?TW2835_INIT
  +--> ?PR?_PCT_READASICBYTE?BUSCTRL
  +--> ?PR?_PCT_DETECTVIDEOFORMAT?TW28XX_VIDEO
  +--> ?PR?_WAIT_MS?MAIN
  +--> ?PR?PCT_TW2835_INITIAL?TW2835_INIT
  +--> ?PR?PCT_INITIALOSD?OSDACTION_

?PR?_PCT_READASICBYTE?BUSCTRL                   -----    -----      -----    -----      01F2H    0004H
  +--> ?PR?MCTRL_SET?NED
  +--> ?PR?BUSCTRL

?PR?_PCT_DETECTVIDEOFORMAT?TW28XX_VIDEO         -----    -----      -----    -----      01D5H    0002H
  +--> ?PR?_PCT_READASICBYTE?BUSCTRL

?PR?PCT_TW2835_INITIAL?TW2835_INIT              -----    -----      -----    -----      01D5H    0002H
  +--> ?PR?TW2835_INIT
  +--> ?CO?TW2835_INIT
  +--> ?PR?_PCT_WRITEASICTABLE?BUSCTRL

?PR?TW2835_INIT                                 -----    -----      -----    -----      -----    -----
  +--> ?CO?TW2835_INIT

?PR?_PCT_WRITEASICTABLE?BUSCTRL                 -----    -----      -----    -----      01D7H    0007H
  +--> ?PR?BUSCTRL
  +--> ?PR?MCTRL_SET?NED

BL51 BANKED LINKER/LOCATER V6.22                                                      12/04/2018  11:32:30  PAGE 8


?PR?PCT_INITIALOSD?OSDACTION_                   -----    -----      0008H    0001H      -----    -----
  +--> ?PR?PCT_INITOSDCOLOR?OSDCTRL
  +--> ?PR?PCT_CLEARGRAPHATTR?OSD_GRAPH
  +--> ?PR?_PCT_PRESETFOREGROUNDCOLOR?OSDCTRL
  +--> ?PR?_PCT_PRESETBACKGROUNDCOLOR?OSDCTRL
  +--> ?PR?_PCT_ENSHOWOSDPAGE?OSDCTRL
  +--> ?PR?_PCT_SETOSDDRAWPAGE?OSDCTRL
  +--> ?PR?_PCT_FULLCOLORONOSD?OSDCTRL

?PR?PCT_INITOSDCOLOR?OSDCTRL                    -----    -----      -----    -----      -----    -----
  +--> ?PR?_PCT_WRITEASICBYTE?BUSCTRL
  +--> ?PR?OSDCTRL
  +--> ?PR?_PCT_SETOSDCOLOR?OSDCTRL

?PR?_PCT_WRITEASICBYTE?BUSCTRL                  -----    -----      -----    -----      01F2H    0004H
  +--> ?PR?BUSCTRL
  +--> ?PR?MCTRL_SET?NED

?PR?_PCT_SETOSDCOLOR?OSDCTRL                    -----    -----      -----    -----      01D5H    0005H
  +--> ?PR?_PCT_WRITEASICBYTE?BUSCTRL

?PR?_PCT_ENSHOWOSDPAGE?OSDCTRL                  -----    -----      -----    -----      01DDH    0001H
  +--> ?PR?OSDCTRL
  +--> ?PR?_PCT_WRITEASICBYTE?BUSCTRL
  +--> ?PR?_PCT_READASICBYTE?BUSCTRL

?PR?_PCT_SETOSDDRAWPAGE?OSDCTRL                 -----    -----      -----    -----      01DDH    0001H
  +--> ?PR?OSDCTRL
  +--> ?PR?_PCT_READASICBYTE?BUSCTRL
  +--> ?PR?_PCT_WRITEASICBYTE?BUSCTRL

?PR?_PCT_FULLCOLORONOSD?OSDCTRL                 -----    -----      -----    -----      01DDH    0006H
  +--> ?PR?OSDCTRL
  +--> ?PR?_PCT_WRITEASICBYTE?BUSCTRL
  +--> ?PR?_PCT_READASICBYTE?BUSCTRL

?PR?_PCT_RUNCOMMSHELL?COMMANDSHELL              -----    -----      -----    -----      01D5H    0008H
  +--> ?PR?COMMANDSHELL
  +--> ?PR?_PCT_GETFIRSTSTR?COMMANDSHELL
  +--> ?PR?_PCT_STRTOCOMMCODE?COMMANDSHELL
  +--> ?CO?COMMANDSHELL
  +--> ?PR?_MONIWRITEASICBYTE?COMMANDSHELL
  +--> ?PR?_MONIYVIDEOMIX?COMMANDSHELL
  +--> ?PR?_MONIHSCOMM?COMMANDSHELL
  +--> ?PR?PCT_OSDACTIONFORHS?OSDACTION_
  +--> ?PR?_PCT_FLASHOSDCTRL?MAIN
  +--> ?PR?_MONIHSCOMMSJMODE?COMMANDSHELL
  +--> ?PR?REPEAT_PWM_COM?NED
  +--> ?PR?_PWM_SET?MAIN

?PR?COMMANDSHELL                                -----    -----      -----    -----      -----    -----
  +--> ?PR?PCT_SENDACK?COMMANDSHELL

?PR?_PCT_GETFIRSTSTR?COMMANDSHELL               -----    -----      -----    -----      01DDH    0006H
  +--> ?PR?COMMANDSHELL

?PR?_PCT_STRTOCOMMCODE?COMMANDSHELL             -----    -----      0008H    0002H      01DDH    0003H
BL51 BANKED LINKER/LOCATER V6.22                                                      12/04/2018  11:32:30  PAGE 9


  +--> ?PR?COMMANDSHELL

?PR?_MONIWRITEASICBYTE?COMMANDSHELL             -----    -----      0008H    0004H      -----    -----
  +--> ?PR?COMMANDSHELL
  +--> ?CO?COMMANDSHELL
  +--> ?PR?SCANF?SCANF
  +--> ?PR?_PCT_WRITEASICBYTE?BUSCTRL

?PR?SCANF?SCANF                                 0023H.0  0000H.6    000CH    0009H      01DDH    002EH
  +--> ?PR?GETCHAR?UNGETCHAR
  +--> ?PR?_ISSPACE?ISSPACE
  +--> ?PR?GETCHAR?GETCHAR
  +--> ?PR??C?ATOF??C?ATOF

?PR?GETCHAR?GETCHAR                             -----    -----      -----    -----      -----    -----
  +--> ?PR?_GETKEY?_GETKEY
  +--> ?PR?PUTCHAR?PUTCHAR

?PR??C?ATOF??C?ATOF                             0023H.6  0000H.5    0015H    0002H      -----    -----

?PR?_MONIYVIDEOMIX?COMMANDSHELL                 -----    -----      0008H    0001H      -----    -----
  +--> ?PR?COMMANDSHELL
  +--> ?CO?COMMANDSHELL
  +--> ?PR?SCANF?SCANF
  +--> ?PR?_PCT_SETYVIDEOMIXING?TW28XX_VIDEO

?PR?_PCT_SETYVIDEOMIXING?TW28XX_VIDEO           -----    -----      -----    -----      -----    -----
  +--> ?CO?TW28XX_VIDEO
  +--> ?PR?_PCT_WRITESTABLE?BUSCTRL

?PR?_PCT_WRITESTABLE?BUSCTRL                    -----    -----      -----    -----      01E4H    0003H
  +--> ?PR?BUSCTRL
  +--> ?PR?_PCT_READASICBYTE?BUSCTRL
  +--> ?PR?_PCT_WRITEASICBYTE?BUSCTRL

?PR?_MONIHSCOMM?COMMANDSHELL                    -----    -----      0008H    0003H      -----    -----
  +--> ?PR?COMMANDSHELL
  +--> ?CO?COMMANDSHELL
  +--> ?PR?SCANF?SCANF
  +--> ?PR?_PCT_WINATTRCTRLY?TW28XX_VIDEO
  +--> ?PR?_PCT_RECOMPENSEYHDELAY?TW28XX_VIDEO
  +--> ?PR?_PCT_SETVIDEOHDELAY?TW28XX_VIDEO
  +--> ?PR?_PCT_SETXVIDEOMIXING?TW28XX_VIDEO
  +--> ?PR?_PCT_WINATTRCTRL?TW28XX_VIDEO
  +--> ?PR?_PCT_FLASHOSDCTRL?MAIN
  +--> ?PR?_PCT_CHECKVMIXTYPE?COMMANDSHELL
  +--> ?PR?_PCT_DISSHOWOSDPAGE?OSDCTRL
  +--> ?PR?_PCT_CLEAROSDPAGEX?OSDCTRL
  +--> ?PR?PCT_SHOWMODEICON?OSDACTION_
  +--> ?PR?_PCT_OSD_ACTIONPTHX?OSDACTION_

?PR?_PCT_WINATTRCTRLY?TW28XX_VIDEO              -----    -----      -----    -----      01DDH    0003H
  +--> ?PR?TW28XX_VIDEO
  +--> ?PR?_PCT_READASICBYTE?BUSCTRL
  +--> ?PR?_PCT_WRITEASICBYTE?BUSCTRL

?PR?TW28XX_VIDEO                                -----    -----      -----    -----      -----    -----
BL51 BANKED LINKER/LOCATER V6.22                                                      12/04/2018  11:32:30  PAGE 10


  +--> ?CO?TW28XX_VIDEO

?PR?_PCT_RECOMPENSEYHDELAY?TW28XX_VIDEO         -----    -----      -----    -----      01DDH    0003H
  +--> ?PR?TW28XX_VIDEO
  +--> ?PR?_PCT_READASICBYTE?BUSCTRL
  +--> ?CO?TW28XX_VIDEO
  +--> ?PR?_PCT_WRITEASICBYTE?BUSCTRL

?PR?_PCT_SETVIDEOHDELAY?TW28XX_VIDEO            -----    -----      -----    -----      01DDH    0008H
  +--> ?PR?TW28XX_VIDEO
  +--> ?PR?_PCT_READASICBYTE?BUSCTRL
  +--> ?PR?_PCT_WRITEASICBYTE?BUSCTRL
  +--> ?CO?TW28XX_VIDEO

?PR?_PCT_SETXVIDEOMIXING?TW28XX_VIDEO           -----    -----      -----    -----      01DDH    0007H
  +--> ?PR?TW28XX_VIDEO
  +--> ?PR?_PCT_WRITEASICBYTE?BUSCTRL
  +--> ?CO?TW28XX_VIDEO
  +--> ?PR?_PCT_SETCHANELSCALE?TW28XX_VIDEO
  +--> ?PR?_PCT_WRITESTABLE?BUSCTRL

?PR?_PCT_SETCHANELSCALE?TW28XX_VIDEO            -----    -----      -----    -----      01E4H    0008H
  +--> ?PR?TW28XX_VIDEO
  +--> ?CO?TW28XX_VIDEO
  +--> ?PR?_PCT_WRITEASICBYTE?BUSCTRL

?PR?_PCT_WINATTRCTRL?TW28XX_VIDEO               -----    -----      -----    -----      01DDH    0003H
  +--> ?PR?TW28XX_VIDEO
  +--> ?PR?_PCT_READASICBYTE?BUSCTRL
  +--> ?PR?_PCT_WRITEASICBYTE?BUSCTRL

?PR?_PCT_CHECKVMIXTYPE?COMMANDSHELL             -----    -----      000BH    0001H      -----    -----
  +--> ?PR?COMMANDSHELL

?PR?_PCT_DISSHOWOSDPAGE?OSDCTRL                 -----    -----      -----    -----      01DDH    0003H
  +--> ?PR?OSDCTRL
  +--> ?PR?_PCT_READASICBYTE?BUSCTRL
  +--> ?PR?_PCT_WRITEASICBYTE?BUSCTRL

?PR?_PCT_CLEAROSDPAGEX?OSDCTRL                  -----    -----      -----    -----      -----    -----
  +--> ?PR?_PCT_SETOSDDRAWPAGE?OSDCTRL
  +--> ?PR?_PCT_PRESETBACKGROUNDCOLOR?OSDCTRL
  +--> ?PR?_PCT_FULLCOLORONOSD?OSDCTRL

?PR?PCT_SHOWMODEICON?OSDACTION_                 -----    -----      -----    -----      -----    -----
  +--> ?PR?_PCT_SETOSDDRAWPAGE?OSDCTRL
  +--> ?CO?OSDACTION_
  +--> ?PR?_PCT_SHOWGRAPHSTRING?OSD_GRAPH
  +--> ?PR?_PCT_PRESETBACKGROUNDCOLOR?OSDCTRL
  +--> ?PR?_PCT_PRESETFOREGROUNDCOLOR?OSDCTRL

?PR?_PCT_SHOWGRAPHSTRING?OSD_GRAPH              -----    -----      -----    -----      01E0H    0007H
  +--> ?PR?OSD_GRAPH
  +--> ?PR?_STRLEN?STRLEN
  +--> ?PR?_PCT_OSD16X16GRAPHX?OSD_GRAPH
  +--> ?PR?PTC_SWITCHTOI2CMODE?BUSCTRL

BL51 BANKED LINKER/LOCATER V6.22                                                      12/04/2018  11:32:30  PAGE 11


?PR?_PCT_OSD16X16GRAPHX?OSD_GRAPH               -----    -----      -----    -----      01E7H    000BH
  +--> ?CO?OSD_GRAPH
  +--> ?PR?OSD_GRAPH
  +--> ?PR?_PCT_WRITEASICBYTE?BUSCTRL
  +--> ?PR?_PCT_READASICBYTE?BUSCTRL

?PR?_PCT_OSD_ACTIONPTHX?OSDACTION_              -----    -----      -----    -----      01DDH    0003H
  +--> ?PR?OSDACTION_
  +--> ?PR?_PCT_PRESETFOREGROUNDCOLOR?OSDCTRL
  +--> ?PR?_PCT_PRESETBACKGROUNDCOLOR?OSDCTRL
  +--> ?PR?_PCT_SHOWGRAPHSTRING?OSD_GRAPH

?PR?OSDACTION_                                  -----    -----      -----    -----      -----    -----
  +--> ?CO?OSDACTION_

?PR?PCT_OSDACTIONFORHS?OSDACTION_               -----    -----      -----    -----      -----    -----
  +--> ?PR?_PCT_SETOSDDRAWPAGE?OSDCTRL
  +--> ?PR?_PCT_SHOWMIRRORICON?OSDACTION_
  +--> ?PR?_PCT_SHOWINDICATEICON?OSDACTION_
  +--> ?PR?PCT_ENFALSHVLOSS?OSDACTION_
  +--> ?PR?_PCT_ENSHOWOSDPAGE?OSDCTRL

?PR?_PCT_SHOWMIRRORICON?OSDACTION_              -----    -----      -----    -----      01DDH    0003H
  +--> ?PR?OSDACTION_
  +--> ?PR?_PCT_PRESETFOREGROUNDCOLOR?OSDCTRL
  +--> ?PR?_PCT_CLEARWORDSPATHX?OSDCTRL
  +--> ?PR?_PCT_SHOWGRAPHSTRING?OSD_GRAPH

?PR?_PCT_CLEARWORDSPATHX?OSDCTRL                -----    -----      -----    -----      01E0H    0007H
  +--> ?PR?OSDCTRL
  +--> ?PR?_PCT_WRITEASICBYTE?BUSCTRL
  +--> ?PR?_PCT_READASICBYTE?BUSCTRL

?PR?_PCT_SHOWINDICATEICON?OSDACTION_            -----    -----      0008H    0001H      01DDH    0003H
  +--> ?PR?OSDACTION_
  +--> ?PR?_PCT_PRESETFOREGROUNDCOLOR?OSDCTRL
  +--> ?PR?_PCT_CLEARWORDSPATHX?OSDCTRL
  +--> ?CO?OSDACTION_
  +--> ?PR?_PCT_SHOWGRAPHSTRING?OSD_GRAPH

?PR?_MONIHSCOMMSJMODE?COMMANDSHELL              -----    -----      -----    -----      -----    -----
  +--> ?PR?COMMANDSHELL
  +--> ?CO?COMMANDSHELL
  +--> ?PR?SCANF?SCANF

?PR?REPEAT_PWM_COM?NED                          -----    -----      -----    -----      -----    -----
  +--> ?PR?_WRITEBYTE?NED

?PR?_WRITEBYTE?NED                              -----    -----      -----    -----      -----    -----
  +--> ?PR?_WRITEI2C?NED

?PR?_PWM_SET?MAIN                               -----    -----      -----    -----      -----    -----
  +--> ?PR?MAIN
  +--> ?PR?_SET_PWM_OUTPUT?MAIN

?PR?_SET_PWM_OUTPUT?MAIN                        -----    -----      -----    -----      01DDH    0008H
  +--> ?CO?MAIN
BL51 BANKED LINKER/LOCATER V6.22                                                      12/04/2018  11:32:30  PAGE 12


  +--> ?PR?MAIN

?PR?_BOUND_SET?NED                              -----    -----      -----    -----      01D5H    0004H
  +--> ?CO?NED
  +--> ?PR?NED
  +--> ?PR?_PCT_WRITEASICBYTE?BUSCTRL

?PR?GPIO_CHECK?NED                              -----    -----      -----    -----      0006H    0002H
  +--> ?PR?_GPIOGETPORTSTATE?NED

?PR?_GPIOGETPORTSTATE?NED                       -----    -----      -----    -----      -----    -----
  +--> ?PR?_READI2C?NED

?PR?COMMANDSHELL?MAIN                           -----    -----      0008H    0001H      -----    -----
  +--> ?PR?RS_RXREADY?UART
  +--> ?PR?RS_RX?UART
  +--> ?PR?MAIN
  +--> ?PR?_SC16_BCC_CHECK?NED
  +--> ?PR?RESETCOMMSELL?MAIN

?PR?RS_RX?UART                                  -----    -----      -----    -----      -----    -----
  +--> ?PR?UART

?PR?_SC16_BCC_CHECK?NED                         -----    -----      -----    -----      0006H    0006H
  +--> ?PR?NED
  +--> ?PR?_RS_TX?UART
  +--> ?PR?_WRITEBYTE?NED
  +--> ?PR?SEND_CAMERA_TEMP?NED
  +--> ?PR?SEND_CAMERA_PRESS?NED
  +--> ?PR?SENT_CAMERA_ANG?NED
  +--> ?PR?SENT_CAMERA_RANG?NED
  +--> ?PR?_SENT_CAMERA_IRD?NED
  +--> ?PR?SENT_DVR_TEMP?NED
  +--> ?PR?VERSION_CHECK?MAIN
  +--> ?PR?CAMERA_VERSION_CHECK?MAIN
  +--> ?PR?CHECK_OTHER_COM?NED
  +--> ?PR?_SC16_SENDDATA?NED

?PR?SEND_CAMERA_TEMP?NED                        -----    -----      -----    -----      000CH    0001H
  +--> ?PR?NED
  +--> ?PR?_BCC_CAL?NED
  +--> ?PR?_RS_TX?UART

?PR?_BCC_CAL?NED                                -----    -----      -----    -----      000DH    0002H

?PR?SEND_CAMERA_PRESS?NED                       -----    -----      -----    -----      000CH    0001H
  +--> ?PR?NED
  +--> ?PR?_BCC_CAL?NED
  +--> ?PR?_RS_TX?UART

?PR?SENT_CAMERA_ANG?NED                         -----    -----      -----    -----      000CH    0001H
  +--> ?PR?NED
  +--> ?PR?_BCC_CAL?NED
  +--> ?PR?_RS_TX?UART

?PR?SENT_CAMERA_RANG?NED                        -----    -----      -----    -----      000CH    0001H
  +--> ?PR?NED
BL51 BANKED LINKER/LOCATER V6.22                                                      12/04/2018  11:32:30  PAGE 13


  +--> ?PR?_BCC_CAL?NED
  +--> ?PR?_RS_TX?UART

?PR?_SENT_CAMERA_IRD?NED                        -----    -----      -----    -----      000CH    0003H
  +--> ?PR?_RS_TX?UART

?PR?SENT_DVR_TEMP?NED                           -----    -----      -----    -----      000CH    0001H
  +--> ?PR?NED
  +--> ?PR?_BCC_CAL?NED
  +--> ?PR?_RS_TX?UART

?PR?VERSION_CHECK?MAIN                          -----    -----      -----    -----      000CH    0001H
  +--> ?PR?MAIN
  +--> ?PR?_RS_TX?UART

?PR?CAMERA_VERSION_CHECK?MAIN                   -----    -----      -----    -----      000CH    0001H
  +--> ?PR?MAIN
  +--> ?PR?_RS_TX?UART

?PR?CHECK_OTHER_COM?NED                         -----    -----      -----    -----      -----    -----
  +--> ?PR?_RS_TX?UART
  +--> ?PR?_SET_VIDEO?NED

?PR?_SET_VIDEO?NED                              -----    -----      -----    -----      000CH    0001H
  +--> ?PR?NED
  +--> ?PR?_PCT_WRITEASICBYTE?BUSCTRL

?PR?_SC16_SENDDATA?NED                          -----    -----      -----    -----      000CH    0002H
  +--> ?PR?_WRITEBYTE?NED

?PR?PCT_CHECKSYSTEM?COMMANDSHELL                -----    -----      -----    -----      -----    -----
  +--> ?PR?_PCT_DETECTVIDEOFORMAT?TW28XX_VIDEO
  +--> ?PR?_PCT_ENSHOWOSDPAGE?OSDCTRL
  +--> ?PR?_PCT_CHANGESYSTEMTYPE?TW2835_INIT
  +--> ?PR?_PCT_RECOMPENSEYHDELAY?TW28XX_VIDEO
  +--> ?PR?COMMANDSHELL
  +--> ?PR?_PCT_SETVIDEOHDELAY?TW28XX_VIDEO
  +--> ?PR?_PCT_SETXVIDEOMIXING?TW28XX_VIDEO
  +--> ?PR?_PCT_CLEAROSDPAGEX?OSDCTRL
  +--> ?PR?PCT_SHOWMODEICON?OSDACTION_
  +--> ?PR?_PCT_OSD_ACTIONPTHX?OSDACTION_
  +--> ?PR?PCT_OSDACTIONFORHS?OSDACTION_

?PR?_PCT_CHANGESYSTEMTYPE?TW2835_INIT           -----    -----      -----    -----      0006H    0002H
  +--> ?PR?TW2835_INIT
  +--> ?CO?TW2835_INIT
  +--> ?PR?_PCT_WRITEASICTABLE?BUSCTRL

?PR?PCT_GETVIDEOSIGNALSTATUS?OSDACTION_         -----    -----      -----    -----      -----    -----
  +--> ?PR?_PCT_READASICBYTE?BUSCTRL
  +--> ?PR?_PCT_WRITEASICBYTE?BUSCTRL
  +--> ?PR?_PCT_PRESETFOREGROUNDCOLOR?OSDCTRL
  +--> ?PR?_PCT_PRESETGRAPHATTR?OSD_GRAPH
  +--> ?PR?PCT_CLEARGRAPHATTR?OSD_GRAPH

?PR?CAMERA_MOVE?NED                             -----    -----      -----    -----      0006H    000CH
  +--> ?CO?NED
BL51 BANKED LINKER/LOCATER V6.22                                                      12/04/2018  11:32:30  PAGE 14


  +--> ?PR?NED
  +--> ?PR?_WRITEBYTE?NED

?PR?_SC16_DATA_RESET?NED                        -----    -----      -----    -----      -----    -----
  +--> ?PR?TEMP_CHECK?MAIN
  +--> ?PR?PRESS_CHECK?MAIN
  +--> ?PR?GET_CAMERA_ANG?NED
  +--> ?PR?GET_CAMERA_RANG?NED
  +--> ?PR?GET_DVR_TEMP?NED
  +--> ?PR?GET_CAMERA_VER?NED

?PR?TEMP_CHECK?MAIN                             -----    -----      -----    -----      -----    -----
  +--> ?PR?_READI2CWORD?NED

?PR?_READI2CWORD?NED                            -----    -----      -----    -----      0006H    0002H
  +--> ?PR?I2CSTART?NED
  +--> ?PR?_I2CWRITEDATA?NED
  +--> ?PR?NED
  +--> ?PR?I2CREADDATAWITHACK?NED
  +--> ?PR?I2CREADDATA?NED
  +--> ?PR?I2CSTOP?NED

?PR?I2CREADDATAWITHACK?NED                      -----    -----      -----    -----      -----    -----
  +--> ?PR?NED
  +--> ?PR?I2CDELAY?NED

?PR?PRESS_CHECK?MAIN                            -----    -----      -----    -----      0006H    0007H
  +--> ?PR?MAIN
  +--> ?PR?_ADC_READ?NED

?PR?GET_CAMERA_ANG?NED                          -----    -----      -----    -----      -----    -----
  +--> ?PR?_WRITEBYTE?NED

?PR?GET_CAMERA_RANG?NED                         -----    -----      -----    -----      -----    -----
  +--> ?PR?_WRITEBYTE?NED

?PR?GET_DVR_TEMP?NED                            -----    -----      -----    -----      -----    -----
  +--> ?PR?_WRITEBYTE?NED

?PR?GET_CAMERA_VER?NED                          -----    -----      -----    -----      -----    -----
  +--> ?PR?_WRITEBYTE?NED

?PR?SC16_DATACHECK?NED                          -----    -----      -----    -----      0006H    0003H
  +--> ?PR?_SC16_SENDDATASELECT?NED

?PR?_SC16_SENDDATASELECT?NED                    -----    -----      -----    -----      0009H    0009H
  +--> ?PR?NED
  +--> ?PR?_READI2C?NED
  +--> ?PR?_READBYTE?NED
  +--> ?PR?_RS_TX?UART
  +--> ?PR?_SC16_COMCHECK?NED

?PR?_READBYTE?NED                               -----    -----      -----    -----      -----    -----
  +--> ?PR?_READI2C?NED

?PR?_SC16_COMCHECK?NED                          -----    -----      -----    -----      0012H    0002H
  +--> ?PR?NED
BL51 BANKED LINKER/LOCATER V6.22                                                      12/04/2018  11:32:30  PAGE 15



?PR?_SET_CAMERA_SPEED?NED                       -----    -----      -----    -----      -----    -----
  +--> ?PR?_WRITEBYTE?NED

*** NEW ROOT ***************************************************

?PR?RS_INTERRUPT?UART                           -----    -----      -----    -----      -----    -----
  +--> ?PR?UART



SYMBOL TABLE OF MODULE:  .\OBJ\NED_5MCMOS_v0_a_8_XXXX_20180921 (?C_STARTUP)

  VALUE           TYPE          NAME
  ----------------------------------

  -------         MODULE        ?C_STARTUP
  C:66E0H         SEGMENT       ?C_C51STARTUP
  I:0031H         SEGMENT       ?STACK
  C:0000H         PUBLIC        ?C_STARTUP
  D:00E0H         SYMBOL        ACC
  D:00F0H         SYMBOL        B
  D:0083H         SYMBOL        DPH
  D:0082H         SYMBOL        DPL
  N:0000H         SYMBOL        IBPSTACK
  N:0100H         SYMBOL        IBPSTACKTOP
  N:0080H         SYMBOL        IDATALEN
  C:66E3H         SYMBOL        IDATALOOP
  N:0000H         SYMBOL        PBPSTACK
  N:0100H         SYMBOL        PBPSTACKTOP
  N:0000H         SYMBOL        PDATALEN
  N:0000H         SYMBOL        PDATASTART
  N:0000H         SYMBOL        PPAGE
  N:0000H         SYMBOL        PPAGEENABLE
  D:00A0H         SYMBOL        PPAGE_SFR
  D:0081H         SYMBOL        SP
  C:66E0H         SYMBOL        STARTUP1
  N:0000H         SYMBOL        XBPSTACK
  N:0000H         SYMBOL        XBPSTACKTOP
  N:0000H         SYMBOL        XDATALEN
  N:0000H         SYMBOL        XDATASTART
  C:0000H         LINE#         126
  C:66E0H         LINE#         133
  C:66E2H         LINE#         134
  C:66E3H         LINE#         135
  C:66E4H         LINE#         136
  C:66E6H         LINE#         185
  C:66E9H         LINE#         196
  -------         ENDMOD        ?C_STARTUP

  -------         MODULE        UART
  C:0000H         SYMBOL        _ICE_DUMMY_
  D:0080H         PUBLIC        P0
  D:0090H         PUBLIC        P1
  D:00A0H         PUBLIC        P2
  D:00C0H         PUBLIC        XICON
  D:00B0H         PUBLIC        P3
BL51 BANKED LINKER/LOCATER V6.22                                                      12/04/2018  11:32:30  PAGE 16


  D:00E8H         PUBLIC        P4
  C:7AA4H         PUBLIC        InitialUART
  D:00A8H         PUBLIC        IE
  X:028DH         PUBLIC        RS_RECVBUF
  B:00A8H.4       PUBLIC        ES
  D:00B8H         PUBLIC        IP
  B:0098H.0       PUBLIC        RI
  B:0098H.1       PUBLIC        TI
  B:00B8H.4       PUBLIC        PS
  D:00D8H         PUBLIC        CCON
  D:0099H         PUBLIC        SBUF
  D:00C0H         PUBLIC        WDTC
  D:0098H         PUBLIC        SCON
  D:0088H         PUBLIC        TCON
  C:7B58H         PUBLIC        RS_RxReady
  D:008DH         PUBLIC        TH1
  D:008BH         PUBLIC        TL1
  X:02F1H         PUBLIC        RsRxRp
  B:0088H.6       PUBLIC        TR1
  X:02F2H         PUBLIC        RsRxWp
  D:00F8H         PUBLIC        IPA
  D:00C8H         PUBLIC        T2CON
  C:7A72H         PUBLIC        RS_rx
  C:0003H         PUBLIC        _RS_tx
  C:77AEH         PUBLIC        RS_interrupt
  D:00D0H         PUBLIC        PSW
  C:7BDAH         SYMBOL        Com000E
  C:7BDAH         SYMBOL        L?0015
  -------         PROC          COM000E
  -------         ENDPROC       COM000E
  -------         PROC          INITIALUART
  C:7AA4H         LINE#         75
  C:7AA4H         LINE#         76
  C:7AA4H         LINE#         79
  C:7AA6H         LINE#         80
  C:7AA8H         LINE#         84
  C:7AABH         LINE#         99
  C:7AAEH         LINE#         103
  C:7AB1H         LINE#         104
  C:7AB3H         LINE#         106
  C:7AB7H         LINE#         107
  C:7AB9H         LINE#         108
  -------         ENDPROC       INITIALUART
  -------         PROC          RS_RXREADY
  C:7B58H         LINE#         114
  C:7B58H         LINE#         115
  C:7B58H         LINE#         116
  C:7B65H         LINE#         117
  C:7B67H         LINE#         118
  -------         ENDPROC       RS_RXREADY
  -------         PROC          RS_RX
  -------         DO            
  D:0007H         SYMBOL        ret
  -------         ENDDO         
  C:7A72H         LINE#         124
  C:7A72H         LINE#         125
  C:7A72H         LINE#         131
BL51 BANKED LINKER/LOCATER V6.22                                                      12/04/2018  11:32:30  PAGE 17


  C:7A7AH         LINE#         132
  C:7A80H         LINE#         133
  C:7A86H         LINE#         134
  C:7A88H         LINE#         138
  C:7A8AH         LINE#         140
  C:7A8AH         LINE#         141
  -------         ENDPROC       RS_RX
  -------         PROC          _RS_TX
  D:0007H         SYMBOL        tx_buf
  C:0003H         LINE#         147
  C:0003H         LINE#         148
  C:0003H         LINE#         166
  C:0003H         LINE#         167
  C:0003H         LINE#         169
  C:0006H         LINE#         178
  C:0008H         LINE#         179
  C:000AH         LINE#         180
  C:000AH         LINE#         181
  C:000AH         LINE#         182
  C:000AH         LINE#         185
  -------         ENDPROC       _RS_TX
  -------         PROC          RS_INTERRUPT
  C:77AEH         LINE#         193
  C:77B6H         LINE#         196
  C:77B9H         LINE#         197
  C:77BBH         LINE#         206
  C:77C4H         LINE#         210
  C:77CAH         LINE#         211
  C:77D2H         LINE#         218
  C:77D2H         LINE#         221
  -------         ENDPROC       RS_INTERRUPT
  -------         ENDMOD        UART

  -------         MODULE        BUSCTRL
  C:0000H         SYMBOL        _ICE_DUMMY_
  D:0080H         PUBLIC        P0
  D:0090H         PUBLIC        P1
  D:00A0H         PUBLIC        P2
  D:00C0H         PUBLIC        XICON
  D:00B0H         PUBLIC        P3
  D:00E8H         PUBLIC        P4
  B:00A8H.7       PUBLIC        EA
  D:00A8H         PUBLIC        IE
  C:7027H         PUBLIC        _PCT_WriteSTable
  D:00B8H         PUBLIC        IP
  B:00A0H.3       PUBLIC        HALE
  B:00A0H.2       PUBLIC        HRDB
  D:00D8H         PUBLIC        CCON
  D:00C0H         PUBLIC        WDTC
  B:00A0H.1       PUBLIC        HWRB
  D:0098H         PUBLIC        SCON
  D:0088H         PUBLIC        TCON
  C:687EH         PUBLIC        _PCT_WriteAsicTable
  C:0029H         PUBLIC        PTC_SwitchToI2CMode
  B:00B0H.6       PUBLIC        HCSB0
  B:00B0H.7       PUBLIC        HCSB1
  D:00F8H         PUBLIC        IPA
BL51 BANKED LINKER/LOCATER V6.22                                                      12/04/2018  11:32:30  PAGE 18


  C:676CH         PUBLIC        _PCT_ReadAsicByte
  D:00C8H         PUBLIC        T2CON
  C:6C0FH         PUBLIC        _PCT_WriteAsicByte
  D:00D0H         PUBLIC        PSW
  C:75C1H         SYMBOL        Com0038
  C:75C1H         SYMBOL        L?0057
  C:75C4H         SYMBOL        L?0058
  C:75C6H         SYMBOL        L?0059
  C:75CEH         SYMBOL        L?0060
  C:75CEH         SYMBOL        L?0061
  C:75D6H         SYMBOL        L?0062
  C:75D6H         SYMBOL        L?0063
  C:75DDH         SYMBOL        L?0064
  C:75E9H         SYMBOL        L?0065
  C:75F3H         SYMBOL        L?0066
  -------         PROC          COM0038
  -------         ENDPROC       COM0038
  -------         PROC          _PCT_WRITEASICBYTE
  D:0007H         SYMBOL        _dvc
  X:01F3H         SYMBOL        _pg
  X:01F4H         SYMBOL        _addr
  X:01F5H         SYMBOL        _wdat
  C:6C0FH         LINE#         63
  C:6C12H         LINE#         64
  C:6C12H         LINE#         65
  C:6C12H         LINE#         67
  C:6C15H         LINE#         70
  C:6C18H         LINE#         75
  C:6C25H         LINE#         76
  C:6C2FH         LINE#         77
  C:6C37H         LINE#         78
  C:6C3AH         LINE#         79
  C:6C3AH         LINE#         82
  C:6C4DH         LINE#         84
  C:6C4FH         LINE#         85
  C:6C55H         LINE#         86
  C:6C57H         LINE#         89
  C:6C6AH         LINE#         92
  C:6C6CH         LINE#         96
  C:6C6FH         LINE#         101
  C:6C6FH         LINE#         102
  C:6C6FH         LINE#         103
  C:6C6FH         LINE#         104
  C:6C72H         LINE#         105
  -------         ENDPROC       _PCT_WRITEASICBYTE
  -------         PROC          _PCT_WRITEASICTABLE
  D:0007H         SYMBOL        _dvc
  X:01D8H         SYMBOL        _pg
  X:01D9H         SYMBOL        _addr
  X:01DAH         SYMBOL        _tbl_ptr
  X:01DDH         SYMBOL        _tbl_cnt
  C:687EH         LINE#         111
  C:6881H         LINE#         112
  C:6881H         LINE#         113
  C:6881H         LINE#         115
  C:6884H         LINE#         119
  C:6887H         LINE#         124
BL51 BANKED LINKER/LOCATER V6.22                                                      12/04/2018  11:32:30  PAGE 19


  C:6894H         LINE#         125
  C:689EH         LINE#         126
  C:68A6H         LINE#         128
  C:68A6H         LINE#         129
  C:68AFH         LINE#         130
  C:68AFH         LINE#         133
  C:68C2H         LINE#         136
  C:68C4H         LINE#         138
  C:68D9H         LINE#         139
  C:68DBH         LINE#         142
  C:68EEH         LINE#         145
  C:68F0H         LINE#         146
  C:68F8H         LINE#         150
  C:68FBH         LINE#         155
  C:68FBH         LINE#         156
  C:68FBH         LINE#         157
  C:68FBH         LINE#         158
  C:68FEH         LINE#         159
  -------         ENDPROC       _PCT_WRITEASICTABLE
  -------         PROC          _PCT_READASICBYTE
  X:01F2H         SYMBOL        _dvc
  X:01F3H         SYMBOL        _pg
  X:01F4H         SYMBOL        _addr
  -------         DO            
  X:01F5H         SYMBOL        _rdat_
  -------         ENDDO         
  C:676CH         LINE#         165
  C:6777H         LINE#         166
  C:6777H         LINE#         169
  C:6779H         LINE#         173
  C:677CH         LINE#         178
  C:6781H         LINE#         179
  C:678CH         LINE#         180
  C:6796H         LINE#         181
  C:679EH         LINE#         183
  C:67A1H         LINE#         184
  C:67A1H         LINE#         186
  C:67B4H         LINE#         189
  C:67B6H         LINE#         190
  C:67B9H         LINE#         192
  C:67CCH         LINE#         196
  C:67CEH         LINE#         197
  C:67D4H         LINE#         201
  C:67E7H         LINE#         204
  C:67E9H         LINE#         208
  C:67ECH         LINE#         213
  C:67EEH         LINE#         214
  C:67F0H         LINE#         215
  C:67F2H         LINE#         216
  C:67F7H         LINE#         217
  -------         ENDPROC       _PCT_READASICBYTE
  -------         PROC          _PCT_WRITESTABLE
  D:0007H         SYMBOL        _dvc
  X:01E4H         SYMBOL        _tbl_ptr
  C:7027H         LINE#         224
  C:7032H         LINE#         225
  C:7032H         LINE#         229
BL51 BANKED LINKER/LOCATER V6.22                                                      12/04/2018  11:32:30  PAGE 20


  C:7032H         LINE#         230
  C:7040H         LINE#         231
  C:705AH         LINE#         232
  C:705AH         LINE#         233
  C:706CH         LINE#         234
  C:706CH         LINE#         235
  C:7076H         LINE#         236
  C:7078H         LINE#         237
  -------         ENDPROC       _PCT_WRITESTABLE
  -------         PROC          PTC_SWITCHTOI2CMODE
  C:0029H         LINE#         243
  C:0029H         LINE#         244
  C:0029H         LINE#         254
  -------         ENDPROC       PTC_SWITCHTOI2CMODE
  -------         ENDMOD        BUSCTRL

  -------         MODULE        COMMANDSHELL
  C:0000H         SYMBOL        _ICE_DUMMY_
  D:0080H         PUBLIC        P0
  D:0090H         PUBLIC        P1
  D:00A0H         PUBLIC        P2
  D:00C0H         PUBLIC        XICON
  D:00B0H         PUBLIC        P3
  D:00E8H         PUBLIC        P4
  C:7ABAH         PUBLIC        _MoniHSCommSJmode
  C:5B97H         PUBLIC        _PCT_RunCommShell
  D:00A8H         PUBLIC        IE
  D:00B8H         PUBLIC        IP
  C:7A3EH         PUBLIC        _MoniYVideoMix
  X:0338H         PUBLIC        sysdat
  D:00D8H         PUBLIC        CCON
  C:002AH         PUBLIC        PCT_SendACK
  C:6EC1H         PUBLIC        _PCT_GetFirstStr
  C:6AD8H         PUBLIC        PCT_CheckSystem
  D:00C0H         PUBLIC        WDTC
  D:0098H         PUBLIC        SCON
  D:0088H         PUBLIC        TCON
  C:70C9H         PUBLIC        _MoniWriteAsicByte
  C:55C3H         PUBLIC        _MoniHSComm
  X:0349H         PUBLIC        msg
  C:7584H         PUBLIC        _PCT_StrToCommCode
  C:7321H         PUBLIC        _PCT_CheckVMixType
  D:00F8H         PUBLIC        IPA
  D:00C8H         PUBLIC        T2CON
  X:0354H         PUBLIC        Original_selwintype
  D:00D0H         PUBLIC        PSW
  C:67F8H         SYMBOL        Com002F
  C:67F8H         SYMBOL        L?0048
  C:67F8H         SYMBOL        L?0049
  C:67FBH         SYMBOL        L?0050
  C:6804H         SYMBOL        L?0051
  C:6805H         SYMBOL        L?0052
  C:680CH         SYMBOL        L?0053
  C:680DH         SYMBOL        L?0054
  C:681AH         SYMBOL        L?0056
  C:682AH         SYMBOL        L?0057
  C:6831H         SYMBOL        L?0058
BL51 BANKED LINKER/LOCATER V6.22                                                      12/04/2018  11:32:30  PAGE 21


  C:6838H         SYMBOL        L?0060
  C:6838H         SYMBOL        L?0061
  C:6842H         SYMBOL        L?0062
  C:6842H         SYMBOL        L?0063
  C:684AH         SYMBOL        L?0064
  C:6851H         SYMBOL        L?0065
  C:6851H         SYMBOL        L?0066
  C:6858H         SYMBOL        L?0067
  C:6858H         SYMBOL        L?0068
  C:6861H         SYMBOL        L?0069
  C:6861H         SYMBOL        L?0070
  C:686AH         SYMBOL        L?0072
  C:686AH         SYMBOL        L?0073
  C:6870H         SYMBOL        L?0074
  C:6877H         SYMBOL        L?0075
  C:6877H         SYMBOL        L?0076
  -------         PROC          COM002F
  -------         ENDPROC       COM002F
  -------         PROC          _PCT_GETFIRSTSTR
  X:01DDH         SYMBOL        tagStr
  X:01E0H         SYMBOL        sourceStr
  C:6EC1H         LINE#         88
  C:6EC7H         LINE#         89
  C:6EC7H         LINE#         90
  C:6ED2H         LINE#         91
  C:6EE3H         LINE#         92
  C:6EF8H         LINE#         93
  C:6EFAH         LINE#         94
  C:6EFAH         LINE#         95
  C:6F04H         LINE#         96
  C:6F08H         LINE#         97
  C:6F0EH         LINE#         98
  C:6F11H         LINE#         99
  C:6F14H         LINE#         100
  C:6F17H         LINE#         101
  C:6F1DH         LINE#         102
  -------         ENDPROC       _PCT_GETFIRSTSTR
  -------         PROC          _PCT_STRTOCOMMCODE
  X:01DDH         SYMBOL        Str
  -------         DO            
  D:0008H         SYMBOL        ret
  -------         ENDDO         
  C:7584H         LINE#         112
  C:758AH         LINE#         113
  C:758AH         LINE#         114
  C:758FH         LINE#         116
  C:75BCH         LINE#         117
  C:75C0H         LINE#         118
  -------         ENDPROC       _PCT_STRTOCOMMCODE
  -------         PROC          PCT_SENDACK
  C:002AH         LINE#         124
  C:002AH         LINE#         125
  C:002AH         LINE#         131
  -------         ENDPROC       PCT_SENDACK
  -------         PROC          _PCT_CHECKVMIXTYPE
  D:0007H         SYMBOL        _typ
  -------         DO            
BL51 BANKED LINKER/LOCATER V6.22                                                      12/04/2018  11:32:30  PAGE 22


  D:000BH         SYMBOL        tmplktp
  -------         ENDDO         
  C:7321H         LINE#         143
  C:7321H         LINE#         144
  C:7321H         LINE#         145
  C:7324H         LINE#         147
  C:732AH         LINE#         148
  C:7331H         LINE#         149
  C:7337H         LINE#         150
  C:7343H         LINE#         152
  C:7351H         LINE#         153
  C:7357H         LINE#         155
  C:7357H         LINE#         156
  C:735DH         LINE#         157
  C:7363H         LINE#         158
  C:7368H         LINE#         159
  -------         ENDPROC       _PCT_CHECKVMIXTYPE
  -------         PROC          _MONIWRITEASICBYTE
  D:0001H         SYMBOL        szParam
  -------         DO            
  D:0008H         SYMBOL        _dev
  D:0009H         SYMBOL        _pg
  D:000AH         SYMBOL        _addr
  D:000BH         SYMBOL        _wdat
  -------         ENDDO         
  C:70C9H         LINE#         212
  C:70C9H         LINE#         213
  C:70C9H         LINE#         214
  C:70CCH         LINE#         215
  C:70CEH         LINE#         216
  C:70D0H         LINE#         217
  C:70D2H         LINE#         219
  C:7107H         LINE#         220
  -------         ENDPROC       _MONIWRITEASICBYTE
  -------         PROC          _MONIYVIDEOMIX
  D:0001H         SYMBOL        szParam
  -------         DO            
  D:0008H         SYMBOL        chan
  -------         ENDDO         
  C:7A3EH         LINE#         531
  C:7A3EH         LINE#         532
  C:7A3EH         LINE#         535
  C:7A53H         LINE#         536
  -------         ENDPROC       _MONIYVIDEOMIX
  -------         PROC          _MONIHSCOMM
  D:0001H         SYMBOL        szParam
  -------         DO            
  D:0008H         SYMBOL        winid
  D:0009H         SYMBOL        chose
  D:000AH         SYMBOL        wintp
  -------         ENDDO         
  C:55C3H         LINE#         657
  C:55C3H         LINE#         661
  C:5635H         LINE#         664
  C:5651H         LINE#         668
  C:565BH         LINE#         669
  C:5665H         LINE#         670
BL51 BANKED LINKER/LOCATER V6.22                                                      12/04/2018  11:32:30  PAGE 23


  C:5670H         LINE#         671
  C:567BH         LINE#         673
  C:5686H         LINE#         674
  C:5691H         LINE#         675
  C:569CH         LINE#         676
  C:56A7H         LINE#         683
  C:56B0H         LINE#         684
  C:56B9H         LINE#         687
  C:56C4H         LINE#         690
  C:56C7H         LINE#         691
  C:56E3H         LINE#         696
  C:56E8H         LINE#         697
  C:56EDH         LINE#         698
  C:56F2H         LINE#         700
  C:56FAH         LINE#         701
  C:56FFH         LINE#         702
  C:5704H         LINE#         703
  C:5707H         LINE#         704
  C:5710H         LINE#         705
  C:5718H         LINE#         723
  -------         ENDPROC       _MONIHSCOMM
  -------         PROC          PCT_CHECKSYSTEM
  -------         DO            
  D:0007H         SYMBOL        TempSystem
  -------         ENDDO         
  C:6AD8H         LINE#         730
  C:6AD8H         LINE#         731
  C:6AD8H         LINE#         734
  C:6ADDH         LINE#         736
  C:6AE1H         LINE#         737
  C:6AE3H         LINE#         738
  C:6AEAH         LINE#         739
  C:6AECH         LINE#         740
  C:6AF1H         LINE#         743
  C:6B01H         LINE#         745
  C:6B06H         LINE#         749
  C:6B0EH         LINE#         750
  C:6B17H         LINE#         751
  C:6B20H         LINE#         753
  C:6B2BH         LINE#         757
  C:6B30H         LINE#         758
  C:6B33H         LINE#         759
  C:6B3CH         LINE#         760
  C:6B3FH         LINE#         763
  C:6B40H         LINE#         764
  -------         ENDPROC       PCT_CHECKSYSTEM
  -------         PROC          _MONIHSCOMMSJMODE
  D:0001H         SYMBOL        szParam
  C:7ABAH         LINE#         771
  C:7ABAH         LINE#         772
  C:7ABAH         LINE#         773
  -------         ENDPROC       _MONIHSCOMMSJMODE
  C:5C71H         SYMBOL        L?0055
  C:5C7BH         SYMBOL        L?0059
  C:5C84H         SYMBOL        L?0071
  -------         PROC          _PCT_RUNCOMMSHELL
  X:01D5H         SYMBOL        strptr
BL51 BANKED LINKER/LOCATER V6.22                                                      12/04/2018  11:32:30  PAGE 24


  -------         DO            
  X:01D8H         SYMBOL        commcode
  X:01DAH         SYMBOL        getStr
  -------         ENDDO         
  C:5B97H         LINE#         801
  C:5B9DH         LINE#         802
  C:5B9DH         LINE#         818
  C:5BB4H         LINE#         821
  C:5BC5H         LINE#         837
  C:5BD4H         LINE#         840
  C:5BDDH         LINE#         842
  C:5BE0H         LINE#         895
  C:5BEFH         LINE#         897
  C:5BEFH         LINE#         899
  C:5BF8H         LINE#         901
  C:5BFBH         LINE#         923
  C:5C0BH         LINE#         924
  C:5C0BH         LINE#         926
  C:5C14H         LINE#         929
  C:5C17H         LINE#         930
  C:5C1CH         LINE#         943
  C:5C2EH         LINE#         944
  C:5C2EH         LINE#         946
  C:5C37H         LINE#         947
  C:5C39H         LINE#         961
  C:5C49H         LINE#         962
  C:5C49H         LINE#         964
  C:5C51H         LINE#         969
  C:5C53H         LINE#         970
  C:5C63H         LINE#         971
  C:5C63H         LINE#         973
  C:5C66H         LINE#         974
  C:5C6EH         LINE#         981
  C:5C6EH         LINE#         1011
  C:5C6EH         LINE#         1012
  C:5C6EH         LINE#         1017
  C:5C70H         LINE#         1018
  -------         ENDPROC       _PCT_RUNCOMMSHELL
  -------         ENDMOD        COMMANDSHELL

  -------         MODULE        MAIN
  C:0000H         SYMBOL        _ICE_DUMMY_
  D:0094H         PUBLIC        P0M1
  D:0091H         PUBLIC        P1M0
  D:00F6H         PUBLIC        PCAPWM4
  D:0095H         PUBLIC        P2M0
  D:0092H         PUBLIC        P1M1
  D:00F7H         PUBLIC        PCAPWM5
  D:0080H         PUBLIC        P0
  D:00B1H         PUBLIC        P3M0
  D:0096H         PUBLIC        P2M1
  D:0090H         PUBLIC        P1
  X:02F4H         PUBLIC        CB_flag
  D:00B2H         PUBLIC        P3M1
  D:00B3H         PUBLIC        P4M0
  D:00A0H         PUBLIC        P2
  D:00B4H         PUBLIC        P4M1
BL51 BANKED LINKER/LOCATER V6.22                                                      12/04/2018  11:32:30  PAGE 25


  D:00C0H         PUBLIC        XICON
  D:00B0H         PUBLIC        P3
  D:00E8H         PUBLIC        P4
  X:02F5H         PUBLIC        Temp_timeout
  D:00E1H         PUBLIC        WDTCR
  B:00A8H.7       PUBLIC        EA
  X:02F6H         PUBLIC        RScommand
  D:00F9H         PUBLIC        CH
  C:7B78H         PUBLIC        PWM_init
  D:00A8H         PUBLIC        IE
  D:00E9H         PUBLIC        CL
  D:00FAH         PUBLIC        CCAP0H
  B:0090H.1       PUBLIC        P1_1
  D:00FBH         PUBLIC        CCAP1H
  B:0090H.2       PUBLIC        P1_2
  D:00FCH         PUBLIC        CCAP2H
  B:0090H.3       PUBLIC        P1_3
  D:00FDH         PUBLIC        CCAP3H
  B:00E8H.1       PUBLIC        P4_1
  B:0090H.4       PUBLIC        P1_4
  D:00FEH         PUBLIC        CCAP4H
  D:00EAH         PUBLIC        CCAP0L
  B:0090H.5       PUBLIC        P1_5
  D:00FFH         PUBLIC        CCAP5H
  D:00EBH         PUBLIC        CCAP1L
  D:00DAH         PUBLIC        CCAPM0
  B:0024H.3       PUBLIC        VlossFlag
  B:0090H.6       PUBLIC        P1_6
  D:00ECH         PUBLIC        CCAP2L
  D:00DBH         PUBLIC        CCAPM1
  B:0090H.7       PUBLIC        P1_7
  D:00EDH         PUBLIC        CCAP3L
  D:00DCH         PUBLIC        CCAPM2
  D:00EEH         PUBLIC        CCAP4L
  D:00DDH         PUBLIC        CCAPM3
  D:00B8H         PUBLIC        IP
  D:00EFH         PUBLIC        CCAP5L
  D:00DEH         PUBLIC        CCAPM4
  C:4257H         PUBLIC        _Monitor_set
  D:00DFH         PUBLIC        CCAPM5
  B:0098H.1       PUBLIC        TI
  C:77DBH         PUBLIC        _PWM_set
  X:0321H         PUBLIC        SC16_com_state
  D:00D9H         PUBLIC        CMOD
  D:00D8H         PUBLIC        CCON
  C:5175H         PUBLIC        main
  C:7932H         PUBLIC        ResetCommSell
  D:0020H         PUBLIC        commFlag
  X:0322H         PUBLIC        timerout1
  B:0024H.4       PUBLIC        data_chk_flag
  X:0324H         PUBLIC        timerout2
  D:0087H         PUBLIC        PCON
  X:0326H         PUBLIC        timerout3
  X:0328H         PUBLIC        timerout4
  X:032AH         PUBLIC        boot_flag
  D:00C0H         PUBLIC        WDTC
  D:0098H         PUBLIC        SCON
BL51 BANKED LINKER/LOCATER V6.22                                                      12/04/2018  11:32:30  PAGE 26


  D:0089H         PUBLIC        TMOD
  D:0088H         PUBLIC        TCON
  C:7BEFH         PUBLIC        _PCT_FlashOSDCtrl
  C:6016H         PUBLIC        CommandShell
  D:008EH         PUBLIC        AUXR
  X:032BH         PUBLIC        work_flag
  X:032CH         PUBLIC        Small_f
  C:7243H         PUBLIC        InitialMPU
  C:4C5DH         SYMBOL        _?ix1000
  B:0020H.0       PUBLIC        comm_chk_flag
  C:4D4CH         SYMBOL        _?ix1010
  C:4C63H         SYMBOL        _?ix1001
  C:4D72H         SYMBOL        _?ix1011
  C:4C71H         SYMBOL        _?ix1002
  C:4D98H         SYMBOL        _?ix1012
  C:4C7FH         SYMBOL        _?ix1003
  C:4DBEH         SYMBOL        _?ix1013
  C:4C87H         SYMBOL        _?ix1004
  C:4DE4H         SYMBOL        _?ix1014
  C:4C8EH         SYMBOL        _?ix1005
  C:4E0AH         SYMBOL        _?ix1015
  C:4CB4H         SYMBOL        _?ix1006
  C:4CDAH         SYMBOL        _?ix1007
  C:4D00H         SYMBOL        _?ix1008
  C:4D26H         SYMBOL        _?ix1009
  C:6FD2H         PUBLIC        Version_check
  X:032DH         PUBLIC        Main_f
  X:032EH         PUBLIC        ADC_Val
  X:0332H         PUBLIC        m_current
  C:7079H         PUBLIC        _Wait_ms
  C:7BCEH         PUBLIC        InitialCommShell
  D:00F8H         PUBLIC        IPA
  B:0020H.1       PUBLIC        osd_chk_flag
  X:0333H         PUBLIC        PIP_flag
  D:00C8H         PUBLIC        T2CON
  X:0334H         PUBLIC        CB_timeout
  C:5C8DH         PUBLIC        Press_check
  X:0335H         PUBLIC        _delay
  D:00A2H         PUBLIC        AUXR1
  X:0337H         PUBLIC        timer2_loop
  D:00A6H         PUBLIC        AUXR2
  C:628DH         PUBLIC        _Set_PWM_Output
  C:6DFFH         PUBLIC        Camera_Version_check
  C:6F1FH         PUBLIC        Temp_check
  D:00F2H         PUBLIC        PCAPWM0
  D:00D0H         PUBLIC        PSW
  D:00F3H         PUBLIC        PCAPWM1
  D:00F4H         PUBLIC        PCAPWM2
  D:0093H         PUBLIC        P0M0
  D:00F5H         PUBLIC        PCAPWM3
  C:635BH         SYMBOL        Com00AD
  C:635BH         SYMBOL        L?0174
  C:635FH         SYMBOL        L?0175
  C:6366H         SYMBOL        L?0177
  C:636BH         SYMBOL        L?0178
  C:636EH         SYMBOL        L?0179
  C:6376H         SYMBOL        L?0180
BL51 BANKED LINKER/LOCATER V6.22                                                      12/04/2018  11:32:30  PAGE 27


  C:6376H         SYMBOL        L?0181
  C:6382H         SYMBOL        L?0182
  C:6382H         SYMBOL        L?0183
  C:638BH         SYMBOL        L?0184
  C:6395H         SYMBOL        L?0185
  C:639BH         SYMBOL        L?0186
  C:639DH         SYMBOL        L?0187
  C:63A4H         SYMBOL        L?0188
  C:63ADH         SYMBOL        L?0189
  C:63B1H         SYMBOL        L?0190
  C:63B8H         SYMBOL        L?0191
  C:63B9H         SYMBOL        L?0192
  C:63C0H         SYMBOL        L?0193
  C:63C9H         SYMBOL        L?0194
  C:63C9H         SYMBOL        L?0195
  C:63D3H         SYMBOL        L?0197
  C:63E2H         SYMBOL        L?0198
  C:63E6H         SYMBOL        L?0199
  C:63ECH         SYMBOL        L?0200
  C:63F9H         SYMBOL        L?0201
  C:63F9H         SYMBOL        L?0202
  C:6401H         SYMBOL        L?0203
  C:640DH         SYMBOL        L?0204
  C:6417H         SYMBOL        L?0205
  C:6417H         SYMBOL        L?0206
  -------         PROC          COM00AD
  -------         ENDPROC       COM00AD
  -------         PROC          COMMANDSHELL
  -------         DO            
  D:0008H         SYMBOL        ch
  X:02F3H         SYMBOL        etx_flag
  -------         ENDDO         
  C:6016H         LINE#         138
  C:6016H         LINE#         139
  C:6016H         LINE#         144
  C:6021H         LINE#         145
  C:6021H         LINE#         147
  C:6024H         LINE#         148
  C:6029H         LINE#         156
  C:6034H         LINE#         157
  C:6034H         LINE#         158
  C:6039H         LINE#         160
  C:603FH         LINE#         165
  C:6045H         LINE#         166
  C:6046H         LINE#         168
  C:6069H         LINE#         169
  C:6069H         LINE#         170
  C:606FH         LINE#         171
  C:6072H         LINE#         172
  C:6075H         LINE#         173
  C:6076H         LINE#         174
  C:6081H         LINE#         175
  C:6081H         LINE#         177
  C:6087H         LINE#         178
  C:608AH         LINE#         179
  C:6090H         LINE#         180
  C:6095H         LINE#         185
BL51 BANKED LINKER/LOCATER V6.22                                                      12/04/2018  11:32:30  PAGE 28


  C:6096H         LINE#         186
  C:609EH         LINE#         187
  C:609EH         LINE#         189
  C:60A7H         LINE#         199
  C:60B3H         LINE#         200
  C:60B3H         LINE#         201
  C:60B9H         LINE#         203
  C:60C1H         LINE#         204
  C:60C4H         LINE#         206
  C:60CCH         LINE#         208
  C:60D2H         LINE#         209
  C:60D3H         LINE#         217
  C:60D3H         LINE#         218
  C:60D9H         LINE#         219
  C:60DCH         LINE#         220
  C:60E5H         LINE#         225
  C:60E5H         LINE#         266
  C:60E5H         LINE#         268
  C:60E5H         LINE#         269
  C:60ECH         LINE#         270
  C:60ECH         LINE#         274
  -------         ENDPROC       COMMANDSHELL
  -------         PROC          RESETCOMMSELL
  C:7932H         LINE#         306
  C:7932H         LINE#         307
  C:7932H         LINE#         310
  C:7937H         LINE#         311
  C:793BH         LINE#         312
  C:793FH         LINE#         313
  C:7942H         LINE#         314
  C:7942H         LINE#         315
  C:7942H         LINE#         316
  C:7945H         LINE#         317
  C:7945H         LINE#         318
  C:7945H         LINE#         319
  C:7949H         LINE#         320
  C:794BH         LINE#         321
  C:794DH         LINE#         323
  C:7951H         LINE#         324
  C:7953H         LINE#         325
  C:7957H         LINE#         326
  -------         ENDPROC       RESETCOMMSELL
  -------         PROC          _PCT_FLASHOSDCTRL
  D:0007H         SYMBOL        _on
  C:7BEFH         LINE#         332
  C:7BEFH         LINE#         333
  C:7BEFH         LINE#         334
  C:7BF5H         LINE#         335
  C:7BF7H         LINE#         336
  -------         ENDPROC       _PCT_FLASHOSDCTRL
  -------         PROC          INITIALCOMMSHELL
  C:7BCEH         LINE#         343
  C:7BCEH         LINE#         344
  C:7BCEH         LINE#         345
  C:7BD0H         LINE#         346
  C:7BD2H         LINE#         349
  C:7BD4H         LINE#         350
BL51 BANKED LINKER/LOCATER V6.22                                                      12/04/2018  11:32:30  PAGE 29


  C:7BD9H         LINE#         351
  -------         ENDPROC       INITIALCOMMSHELL
  -------         PROC          _WAIT_MS
  X:01D5H         SYMBOL        Tms
  -------         DO            
  X:01D7H         SYMBOL        count
  -------         ENDDO         
  C:7079H         LINE#         364
  C:7081H         LINE#         366
  C:7081H         LINE#         375
  C:708BH         LINE#         377
  C:708BH         LINE#         379
  C:70B8H         LINE#         381
  C:70C6H         LINE#         383
  C:70C8H         LINE#         384
  -------         ENDPROC       _WAIT_MS
  -------         PROC          MAIN
  -------         DO            
  X:0000H         SYMBOL        Counter
  X:0001H         SYMBOL        readtemp
  X:0003H         SYMBOL        OsdCount1
  X:0004H         SYMBOL        OsdCount2
  X:0005H         SYMBOL        Camera_speed
  -------         ENDDO         
  C:5175H         LINE#         392
  C:5175H         LINE#         393
  C:5175H         LINE#         394
  C:5178H         LINE#         395
  C:5178H         LINE#         396
  C:517EH         LINE#         397
  C:5182H         LINE#         398
  C:5185H         LINE#         412
  C:5188H         LINE#         413
  C:518BH         LINE#         466
  C:518EH         LINE#         467
  C:5191H         LINE#         479
  C:5196H         LINE#         480
  C:5199H         LINE#         482
  C:519EH         LINE#         484
  C:51A4H         LINE#         485
  C:51A9H         LINE#         486
  C:51AEH         LINE#         500
  C:51B1H         LINE#         503
  C:51B7H         LINE#         504
  C:51BDH         LINE#         505
  C:51C7H         LINE#         507
  C:51CDH         LINE#         508
  C:51D4H         LINE#         510
  C:51E4H         LINE#         512
  C:51E4H         LINE#         514
  C:51E7H         LINE#         515
  C:51F7H         LINE#         516
  C:5201H         LINE#         518
  C:5204H         LINE#         519
  C:5204H         LINE#         520
  C:5209H         LINE#         521
  C:520BH         LINE#         522
BL51 BANKED LINKER/LOCATER V6.22                                                      12/04/2018  11:32:30  PAGE 30


  C:520BH         LINE#         526
  C:521AH         LINE#         530
  C:5222H         LINE#         531
  C:5222H         LINE#         535
  C:5226H         LINE#         536
  C:522FH         LINE#         537
  C:522FH         LINE#         539
  C:523DH         LINE#         540
  C:523DH         LINE#         543
  C:5240H         LINE#         546
  C:524CH         LINE#         547
  C:524CH         LINE#         548
  C:524FH         LINE#         549
  C:524FH         LINE#         556
  C:5255H         LINE#         558
  C:5255H         LINE#         560
  C:526DH         LINE#         561
  C:526DH         LINE#         562
  C:5273H         LINE#         563
  C:5276H         LINE#         565
  C:5276H         LINE#         576
  C:528BH         LINE#         577
  C:528BH         LINE#         582
  C:52A4H         LINE#         583
  C:52AAH         LINE#         584
  C:52B0H         LINE#         585
  C:52B8H         LINE#         587
  C:52BAH         LINE#         589
  C:52BDH         LINE#         592
  C:52C9H         LINE#         593
  C:52C9H         LINE#         594
  C:52CFH         LINE#         595
  C:52D8H         LINE#         599
  C:52D8H         LINE#         606
  C:52EBH         LINE#         607
  C:52EBH         LINE#         608
  C:52F3H         LINE#         609
  C:52FAH         LINE#         610
  C:52FAH         LINE#         612
  C:52FDH         LINE#         633
  -------         ENDPROC       MAIN
  -------         PROC          INITIALMPU
  C:7243H         LINE#         649
  C:7243H         LINE#         651
  C:7246H         LINE#         652
  C:7248H         LINE#         656
  C:724AH         LINE#         659
  C:724DH         LINE#         661
  C:724FH         LINE#         662
  C:7252H         LINE#         667
  C:7254H         LINE#         675
  C:7257H         LINE#         676
  C:725AH         LINE#         677
  C:725DH         LINE#         682
  C:7260H         LINE#         683
  C:7262H         LINE#         684
  C:7264H         LINE#         685
BL51 BANKED LINKER/LOCATER V6.22                                                      12/04/2018  11:32:30  PAGE 31


  C:7266H         LINE#         686
  C:7267H         LINE#         742
  C:7269H         LINE#         743
  C:726BH         LINE#         745
  C:726EH         LINE#         746
  C:7271H         LINE#         748
  C:7273H         LINE#         749
  C:7275H         LINE#         751
  C:7277H         LINE#         752
  C:7279H         LINE#         754
  C:727BH         LINE#         755
  C:727EH         LINE#         756
  C:7280H         LINE#         759
  C:7282H         LINE#         760
  C:7284H         LINE#         761
  C:7286H         LINE#         762
  C:7288H         LINE#         763
  C:728AH         LINE#         764
  C:728CH         LINE#         768
  -------         ENDPROC       INITIALMPU
  -------         PROC          _SET_PWM_OUTPUT
  X:01DDH         SYMBOL        addr
  X:01DEH         SYMBOL        val
  -------         DO            
  X:01DFH         SYMBOL        num
  -------         ENDDO         
  C:628DH         LINE#         771
  C:6295H         LINE#         772
  C:6295H         LINE#         775
  C:62A2H         LINE#         791
  C:62BFH         LINE#         792
  C:62BFH         LINE#         793
  C:62BFH         LINE#         794
  C:62C2H         LINE#         795
  C:62CDH         LINE#         796
  C:62D0H         LINE#         798
  C:62D5H         LINE#         799
  C:62D8H         LINE#         800
  C:62D9H         LINE#         801
  C:62D9H         LINE#         802
  C:62DCH         LINE#         803
  C:62E7H         LINE#         804
  C:62EAH         LINE#         806
  C:62EFH         LINE#         807
  C:62F2H         LINE#         808
  C:62F3H         LINE#         809
  C:62F3H         LINE#         810
  C:62F6H         LINE#         811
  C:6301H         LINE#         812
  C:6304H         LINE#         814
  C:6309H         LINE#         815
  C:630CH         LINE#         816
  C:630DH         LINE#         817
  C:630DH         LINE#         818
  C:6310H         LINE#         819
  C:631BH         LINE#         820
  C:631EH         LINE#         822
BL51 BANKED LINKER/LOCATER V6.22                                                      12/04/2018  11:32:30  PAGE 32


  C:6323H         LINE#         823
  C:6326H         LINE#         824
  C:6327H         LINE#         825
  C:6327H         LINE#         826
  C:632AH         LINE#         827
  C:6335H         LINE#         828
  C:6338H         LINE#         830
  C:633DH         LINE#         831
  C:6340H         LINE#         832
  C:6341H         LINE#         833
  C:6341H         LINE#         834
  C:6344H         LINE#         835
  C:634FH         LINE#         836
  C:6352H         LINE#         838
  C:6357H         LINE#         839
  C:635AH         LINE#         840
  C:635AH         LINE#         841
  C:635AH         LINE#         842
  C:635AH         LINE#         843
  C:635AH         LINE#         846
  -------         ENDPROC       _SET_PWM_OUTPUT
  -------         PROC          PWM_INIT
  C:7B78H         LINE#         849
  C:7B78H         LINE#         850
  C:7B78H         LINE#         852
  C:7B7BH         LINE#         853
  C:7B7DH         LINE#         854
  C:7B80H         LINE#         857
  C:7B83H         LINE#         865
  C:7B86H         LINE#         902
  -------         ENDPROC       PWM_INIT
  C:456DH         SYMBOL        L?0176
  C:458AH         SYMBOL        L?0196
  -------         PROC          _MONITOR_SET
  X:0006H         SYMBOL        val
  -------         DO            
  X:0007H         SYMBOL        busw1
  X:0015H         SYMBOL        busw2
  X:0023H         SYMBOL        yvmix
  X:002BH         SYMBOL        mode
  X:0032H         SYMBOL        conf1
  X:0058H         SYMBOL        conf2
  X:007EH         SYMBOL        conf3
  X:00A4H         SYMBOL        conf4
  X:00CAH         SYMBOL        conf5
  X:00F0H         SYMBOL        conf6
  X:0116H         SYMBOL        conf7
  X:013CH         SYMBOL        conf8
  X:0162H         SYMBOL        conf9
  X:0188H         SYMBOL        conf10
  X:01AEH         SYMBOL        conf11
  X:01D4H         SYMBOL        Error
  D:0007H         SYMBOL        ch
  -------         ENDDO         
  C:4257H         LINE#         905
  C:425CH         LINE#         906
  C:425CH         LINE#         907
BL51 BANKED LINKER/LOCATER V6.22                                                      12/04/2018  11:32:30  PAGE 33


  C:4267H         LINE#         908
  C:4272H         LINE#         909
  C:4285H         LINE#         910
  C:4292H         LINE#         922
  C:429DH         LINE#         923
  C:42A8H         LINE#         924
  C:42B7H         LINE#         926
  C:42C6H         LINE#         927
  C:42D5H         LINE#         929
  C:42E4H         LINE#         930
[...]
  -------         ENDDO         
  C:78B8H         LINE#         2053
  C:78BDH         LINE#         2054
  C:78BDH         LINE#         2055
  C:78BFH         LINE#         2056
  C:78C1H         LINE#         2057
  C:78C2H         LINE#         2058
  C:78C8H         LINE#         2060
  C:78D2H         LINE#         2061
  C:78D2H         LINE#         2064
  C:78D7H         LINE#         2065
  C:78DEH         LINE#         2066
  C:78E1H         LINE#         2067
  C:78E1H         LINE#         2099
  -------         ENDPROC       _BCC_CAL
  C:4C55H         SYMBOL        L?0338
  -------         PROC          _SC16_BCC_CHECK
  D:0001H         SYMBOL        addr
  -------         DO            
  X:0006H         SYMBOL        loop
  X:0007H         SYMBOL        f_val
  X:0008H         SYMBOL        s_val
  X:0009H         SYMBOL        com
  -------         ENDDO         
  C:4A79H         LINE#         2126
  C:4A79H         LINE#         2127
  C:4A79H         LINE#         2129
  C:4A7EH         LINE#         2130
  C:4A80H         LINE#         2143
  C:4A83H         LINE#         2144
  C:4A83H         LINE#         2145
  C:4A89H         LINE#         2146
  C:4A89H         LINE#         2147
  C:4A89H         LINE#         2148
  C:4A8FH         LINE#         2149
  C:4A8FH         LINE#         2150
  C:4A8FH         LINE#         2151
  C:4A96H         LINE#         2152
  C:4A9BH         LINE#         2155
  C:4AA3H         LINE#         2156
  C:4AA3H         LINE#         2157
  C:4AA5H         LINE#         2158
BL51 BANKED LINKER/LOCATER V6.22                                                      12/04/2018  11:32:30  PAGE 81


  C:4AB0H         LINE#         2159
  C:4AB0H         LINE#         2160
  C:4AB4H         LINE#         2161
  C:4ABBH         LINE#         2162
  C:4ABBH         LINE#         2163
  C:4ABCH         LINE#         2164
  C:4AC6H         LINE#         2165
  C:4AC6H         LINE#         2166
  C:4AC9H         LINE#         2167
  C:4AC9H         LINE#         2168
  C:4ACCH         LINE#         2169
  C:4ACCH         LINE#         2170
  C:4AD4H         LINE#         2172
  C:4AD4H         LINE#         2174
  C:4AD4H         LINE#         2179
  C:4AE2H         LINE#         2180
  C:4AE2H         LINE#         2181
  C:4B02H         LINE#         2182
  C:4B02H         LINE#         2183
  C:4B07H         LINE#         2184
  C:4B0FH         LINE#         2185
  C:4B17H         LINE#         2186
  C:4B1CH         LINE#         2187
  C:4B24H         LINE#         2191
  C:4B2FH         LINE#         2192
  C:4B2FH         LINE#         2193
  C:4B36H         LINE#         2194
  C:4B3CH         LINE#         2195
  C:4B42H         LINE#         2196
  C:4B49H         LINE#         2197
  C:4B53H         LINE#         2198
  C:4B53H         LINE#         2201
  C:4B56H         LINE#         2202
  C:4B6BH         LINE#         2203
  C:4B6BH         LINE#         2204
  C:4B70H         LINE#         2205
  C:4B73H         LINE#         2207
  C:4B7FH         LINE#         2208
  C:4B7FH         LINE#         2209
  C:4B82H         LINE#         2213
  C:4B85H         LINE#         2214
  C:4B91H         LINE#         2215
  C:4B91H         LINE#         2216
  C:4B94H         LINE#         2220
  C:4B97H         LINE#         2221
  C:4BA3H         LINE#         2222
  C:4BA3H         LINE#         2223
  C:4BA6H         LINE#         2227
  C:4BA9H         LINE#         2228
  C:4BB5H         LINE#         2229
  C:4BB5H         LINE#         2230
  C:4BB8H         LINE#         2234
  C:4BBBH         LINE#         2236
  C:4BD0H         LINE#         2237
  C:4BD0H         LINE#         2238
  C:4BD5H         LINE#         2243
  C:4BD7H         LINE#         2245
BL51 BANKED LINKER/LOCATER V6.22                                                      12/04/2018  11:32:30  PAGE 82


  C:4BE3H         LINE#         2246
  C:4BE3H         LINE#         2247
  C:4BE6H         LINE#         2251
  C:4BE8H         LINE#         2252
  C:4BF4H         LINE#         2253
  C:4BF4H         LINE#         2254
  C:4BF7H         LINE#         2258
  C:4BF9H         LINE#         2259
  C:4C05H         LINE#         2260
  C:4C05H         LINE#         2261
  C:4C08H         LINE#         2265
  C:4C0AH         LINE#         2279
  C:4C0AH         LINE#         2285
  C:4C10H         LINE#         2286
  C:4C10H         LINE#         2288
  C:4C23H         LINE#         2289
  C:4C34H         LINE#         2291
  C:4C3AH         LINE#         2292
  C:4C40H         LINE#         2303
  C:4C42H         LINE#         2305
  C:4C42H         LINE#         2306
  C:4C47H         LINE#         2311
  C:4C47H         LINE#         2314
  C:4C4AH         LINE#         2315
  C:4C4AH         LINE#         2320
  C:4C4DH         LINE#         2322
  C:4C4DH         LINE#         2324
  C:4C4DH         LINE#         2325
  C:4C52H         LINE#         2329
  C:4C54H         LINE#         2330
  C:4C54H         LINE#         2334
  -------         ENDPROC       _SC16_BCC_CHECK
  -------         PROC          CHECK_OTHER_COM
  C:641EH         LINE#         2338
  C:641EH         LINE#         2339
  C:641EH         LINE#         2341
  C:6426H         LINE#         2342
  C:6426H         LINE#         2343
  C:6429H         LINE#         2344
  C:6429H         LINE#         2348
  C:6441H         LINE#         2350
  C:6445H         LINE#         2351
  C:6445H         LINE#         2352
  C:644DH         LINE#         2353
  C:644DH         LINE#         2354
  C:644FH         LINE#         2355
  C:6456H         LINE#         2356
  C:6456H         LINE#         2357
  C:645FH         LINE#         2358
  C:6464H         LINE#         2359
  C:6466H         LINE#         2361
  C:646BH         LINE#         2364
  C:646BH         LINE#         2365
  C:646DH         LINE#         2366
  C:646DH         LINE#         2368
  C:6483H         LINE#         2370
  C:6487H         LINE#         2371
BL51 BANKED LINKER/LOCATER V6.22                                                      12/04/2018  11:32:30  PAGE 83


  C:6487H         LINE#         2372
  C:648FH         LINE#         2373
  C:648FH         LINE#         2374
  C:6491H         LINE#         2375
  C:6498H         LINE#         2376
  C:6498H         LINE#         2377
  C:64A1H         LINE#         2378
  C:64A6H         LINE#         2379
  C:64A6H         LINE#         2382
  C:64A6H         LINE#         2383
  C:64A8H         LINE#         2384
  C:64A8H         LINE#         2386
  C:64BEH         LINE#         2387
  C:64BEH         LINE#         2388
  C:64C3H         LINE#         2389
  C:64D0H         LINE#         2390
  C:64D3H         LINE#         2391
  C:64D3H         LINE#         2395
  C:64D6H         LINE#         2397
  C:64D6H         LINE#         2398
  C:64D6H         LINE#         2399
  C:64D6H         LINE#         2400
  C:64D6H         LINE#         2403
  C:64D6H         LINE#         2405
  C:64D6H         LINE#         2410
  C:64D6H         LINE#         2413
  C:64D6H         LINE#         2415
  C:64D6H         LINE#         2417
  C:64D6H         LINE#         2419
  C:64D6H         LINE#         2425
  C:64D6H         LINE#         2428
  C:64D6H         LINE#         2430
  C:64D6H         LINE#         2434
  C:64D6H         LINE#         2436
  C:64DCH         LINE#         2440
  -------         ENDPROC       CHECK_OTHER_COM
  -------         PROC          _RESETDEVICE
  D:0003H         SYMBOL        addr
  -------         DO            
  D:0006H         SYMBOL        temp
  -------         ENDDO         
  C:000EH         LINE#         2534
  C:0010H         LINE#         2535
  C:0010H         LINE#         2537
  C:0017H         LINE#         2538
  C:001BH         LINE#         2539
  -------         ENDPROC       _RESETDEVICE
  -------         PROC          _SETBAUDRATE
  X:0007H         SYMBOL        addr
  X:0008H         SYMBOL        baudrate
  -------         DO            
  X:000CH         SYMBOL        divisor
  X:0010H         SYMBOL        prescaler
  D:0002H         SYMBOL        temp_lcr
  -------         ENDDO         
  C:64DFH         LINE#         2549
  C:64E4H         LINE#         2550
BL51 BANKED LINKER/LOCATER V6.22                                                      12/04/2018  11:32:30  PAGE 84


  C:64E4H         LINE#         2566
  C:64F0H         LINE#         2567
  C:64F3H         LINE#         2568
  C:64F5H         LINE#         2569
  C:64F8H         LINE#         2570
  C:64F8H         LINE#         2574
  C:6542H         LINE#         2586
  C:654EH         LINE#         2588
  C:6555H         LINE#         2590
  C:6558H         LINE#         2592
  C:655BH         LINE#         2594
  C:656DH         LINE#         2596
  C:658CH         LINE#         2603
  C:658FH         LINE#         2604
  C:6592H         LINE#         2606
  C:6596H         LINE#         2623
  -------         ENDPROC       _SETBAUDRATE
  -------         PROC          _SETLINE
  D:0002H         SYMBOL        addr
  X:0008H         SYMBOL        data_length
  D:0001H         SYMBOL        parity_select
  X:000AH         SYMBOL        stop_length
  -------         DO            
  D:0006H         SYMBOL        temp_lcr
  -------         ENDDO         
  C:6CD7H         LINE#         2625
  C:6CE0H         LINE#         2626
  C:6CE0H         LINE#         2628
  C:6CE7H         LINE#         2629
  C:6CEBH         LINE#         2634
  C:6CFBH         LINE#         2635
  C:6CFBH         LINE#         2636
  C:6CFBH         LINE#         2637
  C:6CFBH         LINE#         2638
  C:6CFFH         LINE#         2639
  C:6D01H         LINE#         2640
  C:6D01H         LINE#         2641
  C:6D05H         LINE#         2642
  C:6D07H         LINE#         2643
  C:6D07H         LINE#         2646
  C:6D07H         LINE#         2647
  C:6D0BH         LINE#         2648
  C:6D0BH         LINE#         2649
  C:6D0BH         LINE#         2651
  C:6D12H         LINE#         2652
  C:6D16H         LINE#         2653
  C:6D16H         LINE#         2655
  C:6D22H         LINE#         2656
  C:6D22H         LINE#         2657
  C:6D22H         LINE#         2658
  C:6D22H         LINE#         2659
  C:6D26H         LINE#         2660
  C:6D28H         LINE#         2661
  C:6D28H         LINE#         2662
  C:6D2CH         LINE#         2663
  C:6D2EH         LINE#         2664
  C:6D2EH         LINE#         2665
BL51 BANKED LINKER/LOCATER V6.22                                                      12/04/2018  11:32:30  PAGE 85


  C:6D32H         LINE#         2666
  C:6D32H         LINE#         2667
  C:6D32H         LINE#         2668
  C:6D32H         LINE#         2669
  C:6D32H         LINE#         2670
  C:6D32H         LINE#         2671
  C:6D32H         LINE#         2673
  -------         ENDPROC       _SETLINE
  -------         PROC          _GPIOSETPORTMODE
  D:0007H         SYMBOL        addr
  D:0005H         SYMBOL        port_io
  C:7C01H         LINE#         2721
  C:7C01H         LINE#         2722
  C:7C01H         LINE#         2724
  -------         ENDPROC       _GPIOSETPORTMODE
  -------         PROC          _GPIOSETPORTSTATE
  D:0007H         SYMBOL        addr
  D:0005H         SYMBOL        port_state
  C:7C0AH         LINE#         2729
  C:7C0AH         LINE#         2730
  C:7C0AH         LINE#         2731
  -------         ENDPROC       _GPIOSETPORTSTATE
  -------         PROC          _GPIOGETPORTSTATE
  D:0007H         SYMBOL        addr
  C:7C41H         LINE#         2734
  C:7C41H         LINE#         2735
  C:7C41H         LINE#         2740
  C:7C46H         LINE#         2742
  -------         ENDPROC       _GPIOGETPORTSTATE
  -------         PROC          _WRITEBYTE
  D:0007H         SYMBOL        addr
  D:0005H         SYMBOL        val
  C:7C13H         LINE#         2834
  C:7C13H         LINE#         2835
  C:7C13H         LINE#         2857
  -------         ENDPROC       _WRITEBYTE
  -------         PROC          _READBYTE
  D:0007H         SYMBOL        addr
  -------         DO            
  D:0007H         SYMBOL        val
  -------         ENDDO         
  C:7C47H         LINE#         2863
  C:7C47H         LINE#         2864
  C:7C47H         LINE#         2868
  C:7C4CH         LINE#         2869
  C:7C4CH         LINE#         2895
  -------         ENDPROC       _READBYTE
  -------         PROC          MCTRL_SET
  C:7C1CH         LINE#         3005
  C:7C1CH         LINE#         3006
  C:7C1CH         LINE#         3009
  C:7C1EH         LINE#         3010
  C:7C20H         LINE#         3011
  C:7C22H         LINE#         3012
  C:7C24H         LINE#         3013
  -------         ENDPROC       MCTRL_SET
  -------         ENDMOD        NED
BL51 BANKED LINKER/LOCATER V6.22                                                      12/04/2018  11:32:30  PAGE 86



  -------         MODULE        ?C?FPADD
  C:259FH         PUBLIC        ?C?FPADD
  C:259BH         PUBLIC        ?C?FPSUB
  -------         ENDMOD        ?C?FPADD

  -------         MODULE        ?C?FPMUL
  C:2690H         PUBLIC        ?C?FPMUL
  -------         ENDMOD        ?C?FPMUL

  -------         MODULE        ?C?FPDIV
  C:2799H         PUBLIC        ?C?FPDIV
  -------         ENDMOD        ?C?FPDIV

  -------         MODULE        ?C?FCAST
  C:2840H         PUBLIC        ?C?FCASTC
  C:283BH         PUBLIC        ?C?FCASTI
  C:2836H         PUBLIC        ?C?FCASTL
  -------         ENDMOD        ?C?FCAST

  -------         MODULE        ?C?CASTF
  C:2874H         PUBLIC        ?C?CASTF
  -------         ENDMOD        ?C?CASTF

  -------         MODULE        SCANF
  X:01DDH         PUBLIC        ?_SCANF?BYTE
  X:01DDH         PUBLIC        ?_SSCANF?BYTE
  C:3F8AH         PUBLIC        _SCANF
  C:3F86H         PUBLIC        _SSCANF
  -------         ENDMOD        SCANF

  -------         MODULE        ?C?FPNEG
  C:28F5H         PUBLIC        ?C?FPNEG
  -------         ENDMOD        ?C?FPNEG

  -------         MODULE        ?C?FTNPWR
  C:2936H         PUBLIC        ?C?FTNPWR
  -------         ENDMOD        ?C?FTNPWR

  -------         MODULE        ?C?COPY
  C:2A46H         PUBLIC        ?C?COPY
  -------         ENDMOD        ?C?COPY

  -------         MODULE        ?C?CLDPTR
  C:2A6CH         PUBLIC        ?C?CLDPTR
  -------         ENDMOD        ?C?CLDPTR

  -------         MODULE        ?C?CLDOPTR
  C:2A85H         PUBLIC        ?C?CLDOPTR
  -------         ENDMOD        ?C?CLDOPTR

  -------         MODULE        ?C?CSTPTR
  C:2AB2H         PUBLIC        ?C?CSTPTR
  -------         ENDMOD        ?C?CSTPTR

  -------         MODULE        ?C?IMUL
  C:2AC4H         PUBLIC        ?C?IMUL
BL51 BANKED LINKER/LOCATER V6.22                                                      12/04/2018  11:32:30  PAGE 87


  -------         ENDMOD        ?C?IMUL

  -------         MODULE        ?C?UIDIV
  C:2AD6H         PUBLIC        ?C?UIDIV
  -------         ENDMOD        ?C?UIDIV

  -------         MODULE        ?C?IILDX
  C:2B2BH         PUBLIC        ?C?IILDX
  -------         ENDMOD        ?C?IILDX

  -------         MODULE        ?C?ILDIX
  C:2B41H         PUBLIC        ?C?ILDIX
  -------         ENDMOD        ?C?ILDIX

  -------         MODULE        ?C?ILDPTR
  C:2B57H         PUBLIC        ?C?ILDPTR
  -------         ENDMOD        ?C?ILDPTR

  -------         MODULE        ?C?IILDOPTR
  C:2B82H         PUBLIC        ?C?IILDOPTR
  -------         ENDMOD        ?C?IILDOPTR

  -------         MODULE        ?C?ISTPTR
  C:2BCFH         PUBLIC        ?C?ISTPTR
  -------         ENDMOD        ?C?ISTPTR

  -------         MODULE        ?C?LMUL
  C:2BEEH         PUBLIC        ?C?LMUL
  -------         ENDMOD        ?C?LMUL

  -------         MODULE        ?C?ULDIV
  C:2C79H         PUBLIC        ?C?ULDIV
  -------         ENDMOD        ?C?ULDIV

  -------         MODULE        ?C?SLDIV
  C:743EH         PUBLIC        ?C?SLDIV
  -------         ENDMOD        ?C?SLDIV

  -------         MODULE        ?C?LNEG
  C:2D0BH         PUBLIC        ?C?LNEG
  -------         ENDMOD        ?C?LNEG

  -------         MODULE        ?C?ULCMP
  C:2D19H         PUBLIC        ?C?ULCMP
  -------         ENDMOD        ?C?ULCMP

  -------         MODULE        ?C?ULSHR
  C:2D2AH         PUBLIC        ?C?ULSHR
  -------         ENDMOD        ?C?ULSHR

  -------         MODULE        ?C?LSTPTR
  C:2D3DH         PUBLIC        ?C?LSTPTR
  -------         ENDMOD        ?C?LSTPTR

  -------         MODULE        ?C?LSTXDATA
  C:2D57H         PUBLIC        ?C?LSTXDATA
  -------         ENDMOD        ?C?LSTXDATA
BL51 BANKED LINKER/LOCATER V6.22                                                      12/04/2018  11:32:30  PAGE 88



  -------         MODULE        ?C?LSTKXDATA
  C:2D63H         PUBLIC        ?C?LSTKXDATA
  -------         ENDMOD        ?C?LSTKXDATA

  -------         MODULE        ?C?PLDXDATA
  C:2D94H         PUBLIC        ?C?PLDXDATA
  -------         ENDMOD        ?C?PLDXDATA

  -------         MODULE        ?C?PLDIXDATA
  C:2D9DH         PUBLIC        ?C?PLDIXDATA
  -------         ENDMOD        ?C?PLDIXDATA

  -------         MODULE        ?C?PILDXDATA
  C:2DB4H         PUBLIC        ?C?PILDXDATA
  -------         ENDMOD        ?C?PILDXDATA

  -------         MODULE        ?C?PSTXDATA
  C:2DCBH         PUBLIC        ?C?PSTXDATA
  -------         ENDMOD        ?C?PSTXDATA

  -------         MODULE        ?C?PLDPTR
  C:2DD4H         PUBLIC        ?C?PLDPTR
  -------         ENDMOD        ?C?PLDPTR

  -------         MODULE        ?C?PSTPTR
  C:2DF4H         PUBLIC        ?C?PSTPTR
  -------         ENDMOD        ?C?PSTPTR

  -------         MODULE        ?C?CCASE
  C:2E43H         PUBLIC        ?C?CCASE
  -------         ENDMOD        ?C?CCASE

  -------         MODULE        GETCHAR
  B:0024H.5       PUBLIC        ?C?CHARLOADED
  X:0357H         PUBLIC        ?_UNGETCHAR?BYTE
  C:7AF9H         PUBLIC        GETCHAR
  -------         ENDMOD        GETCHAR

  -------         MODULE        UNGETC
  C:7C2DH         PUBLIC        _UNGETCHAR
  -------         ENDMOD        UNGETC

  -------         MODULE        ISSPACE
  C:7B0DH         PUBLIC        _isspace
  -------         ENDMOD        ISSPACE

  -------         MODULE        STRLEN
  C:7AD0H         PUBLIC        _STRLEN
  -------         ENDMOD        STRLEN

  -------         MODULE        ?C?LSTIDATA
  C:2E69H         PUBLIC        ?C?LSTIDATA
  -------         ENDMOD        ?C?LSTIDATA

  -------         MODULE        ?C?LSTPDATA
  C:2E75H         PUBLIC        ?C?LSTPDATA
BL51 BANKED LINKER/LOCATER V6.22                                                      12/04/2018  11:32:30  PAGE 89


  -------         ENDMOD        ?C?LSTPDATA

  -------         MODULE        ?C?PLDIDATA
  C:2E81H         PUBLIC        ?C?PLDIDATA
  -------         ENDMOD        ?C?PLDIDATA

  -------         MODULE        ?C?PSTIDATA
  C:2E8AH         PUBLIC        ?C?PSTIDATA
  -------         ENDMOD        ?C?PSTIDATA

  -------         MODULE        ?C?PLDPDATA
  C:2E93H         PUBLIC        ?C?PLDPDATA
  -------         ENDMOD        ?C?PLDPDATA

  -------         MODULE        ?C?PSTPDATA
  C:2E9CH         PUBLIC        ?C?PSTPDATA
  -------         ENDMOD        ?C?PSTPDATA

  -------         MODULE        ?C?PLDCODE
  C:2EA5H         PUBLIC        ?C?PLDCODE
  -------         ENDMOD        ?C?PLDCODE

  -------         MODULE        PUTCHAR
  C:790BH         PUBLIC        _PUTCHAR
  -------         ENDMOD        PUTCHAR

  -------         MODULE        _GETKEY
  C:7BE5H         PUBLIC        _GETKEY
  -------         ENDMOD        _GETKEY

*** WARNING L16: UNCALLED SEGMENT, IGNORED FOR OVERLAY PROCESS
    SEGMENT: ?CO?OSDCTRL

Program Size: data=42.6 xdata=856 code=31825
LINK/LOCATE RUN COMPLETE.  1 WARNING(S),  0 ERROR(S)
