BL51 BANKED LINKER/LOCATER V6.22                                                        12/04/2018  12:27:04  PAGE 1


BL51 BANKED LINKER/LOCATER V6.22, INVOKED BY:
C:\KEIL\C51\BIN\BL51.EXE .\OBJ\STARTUP.obj, .\OBJ\UART.obj, .\OBJ\BusCtrl.obj, .\OBJ\CommandShell.obj, .\OBJ\Main.obj, .
>> \OBJ\OSD_Graph.obj, .\OBJ\OSDAction .obj, .\OBJ\OSDCtrl.obj, .\OBJ\Timer.obj, .\OBJ\TW28xx_Audio.obj, .\OBJ\TW28xx_Vi
>> deo.obj, .\OBJ\TW2835_Init.obj, .\OBJ\NED.obj TO .\OBJ\NED_5MCMOS_v0_a_9_XXXX_20181204 PRINT (.\OBJ\NED_5MCMOS_v0_a_9
>> _XXXX_20181204.m51) RAMSIZE (256)


MEMORY MODEL: LARGE WITH FLOATING POINT ARITHMETIC


INPUT MODULES INCLUDED:
  .\OBJ\STARTUP.obj (?C_STARTUP)
  .\OBJ\UART.obj (UART)
  .\OBJ\BusCtrl.obj (BUSCTRL)
  .\OBJ\CommandShell.obj (COMMANDSHELL)
  .\OBJ\Main.obj (MAIN)
  .\OBJ\OSD_Graph.obj (OSD_GRAPH)
  .\OBJ\OSDAction .obj (OSDACTION_)
  .\OBJ\OSDCtrl.obj (OSDCTRL)
  .\OBJ\Timer.obj (TIMER)
  .\OBJ\TW28xx_Audio.obj (TW28XX_AUDIO)
  .\OBJ\TW28xx_Video.obj (TW28XX_VIDEO)
  .\OBJ\TW2835_Init.obj (TW2835_INIT)
  .\OBJ\NED.obj (NED)
  C:\KEIL\C51\LIB\C51FPL.LIB (?C?FPADD)
  C:\KEIL\C51\LIB\C51FPL.LIB (?C?FPMUL)
  C:\KEIL\C51\LIB\C51FPL.LIB (?C?FPDIV)
  C:\KEIL\C51\LIB\C51FPL.LIB (?C?FCAST)
  C:\KEIL\C51\LIB\C51FPL.LIB (?C?CASTF)
  C:\KEIL\C51\LIB\C51FPL.LIB (SCANF)
  C:\KEIL\C51\LIB\C51FPL.LIB (?C?FPGETOPN)
  C:\KEIL\C51\LIB\C51FPL.LIB (?C?ATOF)
  C:\KEIL\C51\LIB\C51FPL.LIB (?C?FPNEG)
  C:\KEIL\C51\LIB\C51FPL.LIB (?C?FTNPWR)
  C:\KEIL\C51\LIB\C51L.LIB (?C_INIT)
  C:\KEIL\C51\LIB\C51L.LIB (?C?COPY)
  C:\KEIL\C51\LIB\C51L.LIB (?C?CLDPTR)
  C:\KEIL\C51\LIB\C51L.LIB (?C?CLDOPTR)
  C:\KEIL\C51\LIB\C51L.LIB (?C?CSTPTR)
  C:\KEIL\C51\LIB\C51L.LIB (?C?IMUL)
  C:\KEIL\C51\LIB\C51L.LIB (?C?UIDIV)
  C:\KEIL\C51\LIB\C51L.LIB (?C?IILDX)
  C:\KEIL\C51\LIB\C51L.LIB (?C?ILDIX)
  C:\KEIL\C51\LIB\C51L.LIB (?C?ILDPTR)
  C:\KEIL\C51\LIB\C51L.LIB (?C?IILDOPTR)
  C:\KEIL\C51\LIB\C51L.LIB (?C?ISTPTR)
  C:\KEIL\C51\LIB\C51L.LIB (?C?LMUL)
  C:\KEIL\C51\LIB\C51L.LIB (?C?ULDIV)
  C:\KEIL\C51\LIB\C51L.LIB (?C?SLDIV)
  C:\KEIL\C51\LIB\C51L.LIB (?C?LNEG)
  C:\KEIL\C51\LIB\C51L.LIB (?C?ULCMP)
  C:\KEIL\C51\LIB\C51L.LIB (?C?ULSHR)
  C:\KEIL\C51\LIB\C51L.LIB (?C?LSTPTR)
  C:\KEIL\C51\LIB\C51L.LIB (?C?LSTXDATA)
  C:\KEIL\C51\LIB\C51L.LIB (?C?LSTKXDATA)
  C:\KEIL\C51\LIB\C51L.LIB (?C?PLDXDATA)
  C:\KEIL\C51\LIB\C51L.LIB (?C?PLDIXDATA)
  C:\KEIL\C51\LIB\C51L.LIB (?C?PILDXDATA)
BL51 BANKED LINKER/LOCATER V6.22                                                      12/04/2018  12:27:04  PAGE 2


  C:\KEIL\C51\LIB\C51L.LIB (?C?PSTXDATA)
  C:\KEIL\C51\LIB\C51L.LIB (?C?PLDPTR)
  C:\KEIL\C51\LIB\C51L.LIB (?C?PSTPTR)
  C:\KEIL\C51\LIB\C51L.LIB (?C?CCASE)
  C:\KEIL\C51\LIB\C51L.LIB (GETCHAR)
  C:\KEIL\C51\LIB\C51L.LIB (UNGETC)
  C:\KEIL\C51\LIB\C51L.LIB (ISSPACE)
  C:\KEIL\C51\LIB\C51L.LIB (STRLEN)
  C:\KEIL\C51\LIB\C51L.LIB (ATOI)
  C:\KEIL\C51\LIB\C51L.LIB (?C?LSTIDATA)
  C:\KEIL\C51\LIB\C51L.LIB (?C?LSTPDATA)
  C:\KEIL\C51\LIB\C51L.LIB (?C?PLDIDATA)
  C:\KEIL\C51\LIB\C51L.LIB (?C?PSTIDATA)
  C:\KEIL\C51\LIB\C51L.LIB (?C?PLDPDATA)
  C:\KEIL\C51\LIB\C51L.LIB (?C?PSTPDATA)
  C:\KEIL\C51\LIB\C51L.LIB (?C?PLDCODE)
  C:\KEIL\C51\LIB\C51L.LIB (PUTCHAR)
  C:\KEIL\C51\LIB\C51L.LIB (_GETKEY)
  C:\KEIL\C51\LIB\C51L.LIB (ISDIGIT)


LINK MAP OF MODULE:  .\OBJ\NED_5MCMOS_v0_a_9_XXXX_20181204 (?C_STARTUP)


            TYPE    BASE      LENGTH    RELOCATION   SEGMENT NAME
            -----------------------------------------------------

            * * * * * * *   D A T A   M E M O R Y   * * * * * * *
            REG     0000H     0008H     ABSOLUTE     "REG BANK 0"
            DATA    0008H     000FH     UNIT         _DATA_GROUP_
            DATA    0017H     0002H     UNIT         ?DT?OSDCTRL
                    0019H     0007H                  *** GAP ***
            DATA    0020H     0001H     BIT_ADDR     ?BA?MAIN
            DATA    0021H     0001H     BIT_ADDR     ?BA?OSDACTION_
            DATA    0022H     0001H     BIT_ADDR     ?BA?OSDCTRL
            BIT     0023H.0   0001H.3   UNIT         _BIT_GROUP_
            BIT     0024H.3   0000H.2   UNIT         ?BI?MAIN
            BIT     0024H.5   0000H.1   UNIT         ?BI?GETCHAR
                    0024H.6   0000H.2                *** GAP ***
            DATA    0025H     000CH     UNIT         ?DT?TIMER
            IDATA   0031H     0001H     UNIT         ?STACK

            * * * * * * *  X D A T A   M E M O R Y  * * * * * * *
            XDATA   0000H     0211H     UNIT         _XDATA_GROUP_
            XDATA   0211H     0082H     UNIT         ?XD?NED
            XDATA   0293H     0066H     UNIT         ?XD?UART
            XDATA   02F9H     0045H     UNIT         ?XD?MAIN
            XDATA   033EH     001DH     UNIT         ?XD?COMMANDSHELL
            XDATA   035BH     0001H     UNIT         ?XD?OSD_GRAPH
            XDATA   035CH     0001H     UNIT         ?XD?OSDACTION_
            XDATA   035DH     0001H     UNIT         ?XD?GETCHAR

            * * * * * * *   C O D E   M E M O R Y   * * * * * * *
            CODE    0000H     0003H     ABSOLUTE     
            CODE    0003H     0008H     UNIT         ?PR?_RS_TX?UART
            CODE    000BH     0003H     ABSOLUTE     
            CODE    000EH     0015H     UNIT         ?PR?_RESETDEVICE?NED
BL51 BANKED LINKER/LOCATER V6.22                                                      12/04/2018  12:27:04  PAGE 3


            CODE    0023H     0003H     ABSOLUTE     
            CODE    0026H     0003H     UNIT         ?PR?_PCT_PRESETFOREGROUNDCOLOR?OSDCTRL
            CODE    0029H     0001H     UNIT         ?PR?PTC_SWITCHTOI2CMODE?BUSCTRL
            CODE    002AH     0001H     UNIT         ?PR?PCT_SENDACK?COMMANDSHELL
            CODE    002BH     0003H     ABSOLUTE     
            CODE    002EH     16CAH     UNIT         ?CO?OSD_GRAPH
            CODE    16F8H     0EA0H     UNIT         ?CO?OSDCTRL
            CODE    2598H     0919H     UNIT         ?C?LIB_CODE
            CODE    2EB1H     0485H     UNIT         ?PR?_PCT_SHOWMIRRORICON?OSDACTION_
            CODE    3336H     0459H     UNIT         ?CO?TW28XX_VIDEO
            CODE    378FH     0400H     UNIT         ?CO?TW2835_INIT
            CODE    3B8FH     036EH     UNIT         ?PR?_PCT_OSD_ACTIONPTHX?OSDACTION_
            CODE    3EFDH     035AH     UNIT         ?PR?SCANF?SCANF
            CODE    4257H     033DH     UNIT         ?PR?_MONITOR_SET?MAIN
            CODE    4594H     02F8H     UNIT         ?PR?_PCT_SETVIDEOHDELAY?TW28XX_VIDEO
            CODE    488CH     01EDH     UNIT         ?PR?_SC16_SENDDATASELECT?NED
            CODE    4A79H     01E4H     UNIT         ?PR?_SC16_BCC_CHECK?NED
            CODE    4C5DH     01D3H     UNIT         ?CO?MAIN
            CODE    4E30H     01A3H     UNIT         ?PR?_PCT_SETXVIDEOMIXING?TW28XX_VIDEO
            CODE    4FD3H     01A2H     UNIT         ?PR?_PCT_OSD16X16GRAPHX?OSD_GRAPH
            CODE    5175H     018BH     UNIT         ?PR?MAIN?MAIN
            CODE    5300H     017CH     UNIT         ?PR?_PCT_WRITEOSDDATABUFFERX?OSDCTRL
            CODE    547CH     016AH     UNIT         ?PR?OSDCTRL
            CODE    55E6H     0163H     UNIT         ?C_INITSEG
            CODE    5749H     0160H     UNIT         ?PR?_PCT_SHOWINDICATEICON?OSDACTION_
            CODE    58A9H     0156H     UNIT         ?PR?_MONIHSCOMM?COMMANDSHELL
            CODE    59FFH     0141H     UNIT         ?PR?_PCT_RECOMPENSEYHDELAY?TW28XX_VIDEO
            CODE    5B40H     013AH     UNIT         ?PR?PCT_INITOSDCOLOR?OSDCTRL
            CODE    5C7AH     0124H     UNIT         ?PR?_PCT_WRITEOSDFNTX?OSDCTRL
            CODE    5D9EH     0124H     UNIT         ?PR?_PCT_WRITEOSDDATABUFFERY?OSDCTRL
            CODE    5EC2H     0108H     UNIT         ?PR?TW28XX_VIDEO
            CODE    5FCAH     0107H     UNIT         ?PR?_PCT_RUNCOMMSHELL?COMMANDSHELL
            CODE    60D1H     00FBH     UNIT         ?PR?CAMERA_MOVE?NED
            CODE    61CCH     00F2H     UNIT         ?PR?_PCT_WRITEOSDFNTY?OSDCTRL
            CODE    62BEH     00ECH     UNIT         ?PR?PRESS_CHECK?MAIN
            CODE    63AAH     00E6H     UNIT         ?PR??C?ATOF??C?ATOF
            CODE    6490H     00DDH     UNIT         ?PR?TIMER2_INTERRUPT?TIMER
            CODE    656DH     00DBH     UNIT         ?PR?_ATOI?ATOI
            CODE    6648H     00D7H     UNIT         ?PR?COMMANDSHELL?MAIN
            CODE    671FH     00CFH     UNIT         ?PR?NED
            CODE    67EEH     00CEH     UNIT         ?PR?_SET_PWM_OUTPUT?MAIN
            CODE    68BCH     00C3H     UNIT         ?PR?MAIN
            CODE    697FH     00C1H     UNIT         ?PR?CHECK_OTHER_COM?NED
            CODE    6A40H     00B8H     UNIT         ?PR?_SETBAUDRATE?NED
            CODE    6AF8H     00B6H     UNIT         ?PR?_PCT_CLEARWORDSPATHX?OSDCTRL
            CODE    6BAEH     00B0H     UNIT         ?PR?_SC16_COMCHECK?NED
            CODE    6C5EH     00AAH     UNIT         ?PR?_PCT_FULLCOLORONOSD?OSDCTRL
            CODE    6D08H     0099H     UNIT         ?PR?_PCT_SETCHANELSCALE?TW28XX_VIDEO
            CODE    6DA1H     008CH     UNIT         ?C_C51STARTUP
            CODE    6E2DH     008CH     UNIT         ?PR?_PCT_READASICBYTE?BUSCTRL
            CODE    6EB9H     0082H     UNIT         ?PR?COMMANDSHELL
            CODE    6F3BH     0081H     UNIT         ?PR?_PCT_WRITEASICTABLE?BUSCTRL
            CODE    6FBCH     0080H     UNIT         ?PR?SC16_INIT?NED
            CODE    703CH     0079H     UNIT         ?PR?_I2CWRITEDATA?NED
            CODE    70B5H     0073H     UNIT         ?PR?_BOUND_SET?NED
            CODE    7128H     0072H     UNIT         ?CO?COMMANDSHELL
            CODE    719AH     0070H     UNIT         ?PR?_PCT_GETFIRSTSTR?COMMANDSHELL
BL51 BANKED LINKER/LOCATER V6.22                                                      12/04/2018  12:27:04  PAGE 4


            CODE    720AH     006DH     UNIT         ?PR?OSDACTION_
            CODE    7277H     0069H     UNIT         ?PR?PCT_CHECKSYSTEM?COMMANDSHELL
            CODE    72E0H     0067H     UNIT         ?PR?PCT_TW2835_INITIAL?TW2835_INIT
            CODE    7347H     0065H     UNIT         ?PR?_MONISHOWSODSTR?COMMANDSHELL
            CODE    73ACH     0064H     UNIT         ?PR?_PCT_WRITEASICBYTE?BUSCTRL
            CODE    7410H     0064H     UNIT         ?PR?_PCT_CHANGESYSTEMTYPE?TW2835_INIT
            CODE    7474H     0064H     UNIT         ?PR?_SETLINE?NED
            CODE    74D8H     0063H     UNIT         ?PR?GPIO_CHECK?NED
            CODE    753BH     0061H     UNIT         ?PR?CAMERA_VERSION_CHECK?MAIN
            CODE    759CH     0061H     UNIT         ?PR?_PCT_SHOWGRAPHSTRING?OSD_GRAPH
            CODE    75FDH     005EH     UNIT         ?PR?_PCT_SHOWOSDSTRING?OSDCTRL
            CODE    765BH     005AH     UNIT         ?PR?TEMP_CHECK?MAIN
            CODE    76B5H     0059H     UNIT         ?PR?_PCT_SETOSDCOLOR?OSDCTRL
            CODE    770EH     0055H     UNIT         ?PR?VERSION_CHECK?MAIN
            CODE    7763H     0052H     UNIT         ?PR?_PCT_WRITESTABLE?BUSCTRL
            CODE    77B5H     0050H     UNIT         ?PR?_WAIT_MS?MAIN
            CODE    7805H     004DH     UNIT         ?PR?_MONIWRITEASICBYTE?COMMANDSHELL
            CODE    7852H     004CH     UNIT         ?PR?PCT_INITIALOSD?OSDACTION_
            CODE    789EH     004BH     UNIT         ?PR?_PCT_DETECTVIDEOFORMAT?TW28XX_VIDEO
            CODE    78E9H     004BH     UNIT         ?PR?SENT_CAMERA_ANG?NED
            CODE    7934H     004BH     UNIT         ?PR?SENT_CAMERA_RANG?NED
            CODE    797FH     004AH     UNIT         ?PR?INITIALMPU?MAIN
            CODE    79C9H     004AH     UNIT         ?PR?SEND_CAMERA_PRESS?NED
            CODE    7A13H     004AH     UNIT         ?PR?_SET_CAMERA_SPEED?NED
            CODE    7A5DH     0048H     UNIT         ?PR?_PCT_CHECKVMIXTYPE?COMMANDSHELL
            CODE    7AA5H     0048H     UNIT         ?PR?_SET_VIDEO?NED
            CODE    7AEDH     0047H     UNIT         ?PR?PCT_GETVIDEOSIGNALSTATUS?OSDACTION_
            CODE    7B34H     0046H     UNIT         ?PR?PCT_SHOWMODEICON?OSDACTION_
            CODE    7B7AH     0044H     UNIT         ?C?LDIV
            CODE    7BBEH     0043H     UNIT         ?PR?PCT_INITIALTW2835?TW2835_INIT
            CODE    7C01H     0040H     UNIT         ?PR?_PCT_WINATTRCTRLY?TW28XX_VIDEO
            CODE    7C41H     0040H     UNIT         ?PR?_READI2CWORD?NED
            CODE    7C81H     003FH     UNIT         ?PR?SENT_DVR_TEMP?NED
            CODE    7CC0H     003DH     UNIT         ?PR?_PCT_STRTOCOMMCODE?COMMANDSHELL
            CODE    7CFDH     003CH     UNIT         ?PR?BUSCTRL
            CODE    7D39H     003BH     UNIT         ?PR?_SC16_DATA_RESET?NED
            CODE    7D74H     003AH     UNIT         ?PR?_PCT_WINATTRCTRL?TW28XX_VIDEO
            CODE    7DAEH     0038H     UNIT         ?PR?OSD_GRAPH
            CODE    7DE6H     0036H     UNIT         ?PR?_PCT_ENSHOWOSDPAGE?OSDCTRL
            CODE    7E1CH     0036H     UNIT         ?PR?SEND_CAMERA_TEMP?NED
            CODE    7E52H     0034H     UNIT         ?PR?_PCT_DISSHOWOSDPAGE?OSDCTRL
            CODE    7E86H     0032H     UNIT         ?PR?REPEAT_PWM_COM?NED
            CODE    7EB8H     0032H     UNIT         ?PR?SC16_DATACHECK?NED
            CODE    7EEAH     002DH     UNIT         ?PR?RS_INTERRUPT?UART
            CODE    7F17H     002DH     UNIT         ?PR?_PWM_SET?MAIN
            CODE    7F44H     002CH     UNIT         ?PR?GET_CAMERA_VER?NED
            CODE    7F70H     002CH     UNIT         ?PR?GET_CAMERA_ANG?NED
            CODE    7F9CH     002CH     UNIT         ?PR?GET_CAMERA_RANG?NED
            CODE    7FC8H     002CH     UNIT         ?PR?GET_DVR_TEMP?NED
            CODE    7FF4H     002AH     UNIT         ?PR?_BCC_CAL?NED
            CODE    801EH     0029H     UNIT         ?PR?I2CREADDATAWITHACK?NED
            CODE    8047H     0027H     UNIT         ?PR?PUTCHAR?PUTCHAR
            CODE    806EH     0026H     UNIT         ?PR?RESETCOMMSELL?MAIN
            CODE    8094H     0026H     UNIT         ?PR?PCT_OSDACTIONFORHS?OSDACTION_
            CODE    80BAH     0023H     UNIT         ?PR?I2CREADDATA?NED
            CODE    80DDH     0021H     UNIT         ?PR?_SC16_SENDDATA?NED
            CODE    80FEH     0020H     UNIT         ?CO?OSDACTION_
BL51 BANKED LINKER/LOCATER V6.22                                                      12/04/2018  12:27:04  PAGE 5


            CODE    811EH     0020H     UNIT         ?PR?_ADC_READ?NED
            CODE    813EH     001FH     UNIT         ?PR?_PCT_SETOSDDRAWPAGE?OSDCTRL
            CODE    815DH     001DH     UNIT         ?PR?INITIALTIMER2?TIMER
            CODE    817AH     001AH     UNIT         ?PR?_MONIYVIDEOMIX?COMMANDSHELL
            CODE    8194H     001AH     UNIT         ?PR?_PCT_CLEAROSDPAGEX?OSDCTRL
            CODE    81AEH     0019H     UNIT         ?PR?RS_RX?UART
            CODE    81C7H     0019H     UNIT         ?PR?TW2835_INIT
            CODE    81E0H     0016H     UNIT         ?PR?INITIALUART?UART
            CODE    81F6H     0016H     UNIT         ?PR?_MONIHSCOMMSJMODE?COMMANDSHELL
            CODE    820CH     0015H     UNIT         ?PR?_STRLEN?STRLEN
            CODE    8221H     0014H     UNIT         ?PR?_PCT_SETYVIDEOMIXING?TW28XX_VIDEO
            CODE    8235H     0014H     UNIT         ?PR?GETCHAR?GETCHAR
            CODE    8249H     0014H     UNIT         ?PR?_ISSPACE?ISSPACE
            CODE    825DH     0013H     UNIT         ?PR?PCT_TW2835RESETN?TW2835_INIT
            CODE    8270H     0012H     UNIT         ?PR?I2CSTART?NED
            CODE    8282H     0012H     UNIT         ?PR?_WRITEI2C?NED
            CODE    8294H     0010H     UNIT         ?PR?RS_RXREADY?UART
            CODE    82A4H     0010H     UNIT         ?PR?_POWER_ONOFF?NED
            CODE    82B4H     000FH     UNIT         ?PR?PWM_INIT?MAIN
            CODE    82C3H     000FH     UNIT         ?PR?_READI2C?NED
            CODE    82D2H     000FH     UNIT         ?PR?_SENT_CAMERA_IRD?NED
            CODE    82E1H     000FH     UNIT         ?CO?NED
            CODE    82F0H     000FH     UNIT         ?PR?_ISDIGIT?ISDIGIT
            CODE    82FFH     000DH     UNIT         ?PR?TIMER0_INTERRUPT?TIMER
            CODE    830CH     000DH     UNIT         ?PR?I2CSTOP?NED
            CODE    8319H     000CH     UNIT         ?PR?INITIALCOMMSHELL?MAIN
            CODE    8325H     000BH     UNIT         ?PR?UART
            CODE    8330H     000AH     UNIT         ?PR?_GETKEY?_GETKEY
            CODE    833AH     0009H     UNIT         ?PR?_PCT_FLASHOSDCTRL?MAIN
            CODE    8343H     0009H     UNIT         ?PR?INITIALTIMER0?TIMER
            CODE    834CH     0009H     UNIT         ?PR?_GPIOSETPORTMODE?NED
            CODE    8355H     0009H     UNIT         ?PR?_GPIOSETPORTSTATE?NED
            CODE    835EH     0009H     UNIT         ?PR?_WRITEBYTE?NED
            CODE    8367H     0009H     UNIT         ?PR?MCTRL_SET?NED
            CODE    8370H     0008H     UNIT         ?PR?PCT_ENFALSHVLOSS?OSDACTION_
            CODE    8378H     0008H     UNIT         ?PR?GETCHAR?UNGETCHAR
            CODE    8380H     0006H     UNIT         ?PR?PCT_CLEARGRAPHATTR?OSD_GRAPH
            CODE    8386H     0006H     UNIT         ?PR?_PCT_PRESETGRAPHATTR?OSD_GRAPH
            CODE    838CH     0006H     UNIT         ?PR?_GPIOGETPORTSTATE?NED
            CODE    8392H     0006H     UNIT         ?PR?_READBYTE?NED
            CODE    8398H     0003H     UNIT         ?PR?_PCT_PRESETBACKGROUNDCOLOR?OSDCTRL
            CODE    839BH     0001H     UNIT         ?PR?I2CDELAY?NED



OVERLAY MAP OF MODULE:   .\OBJ\NED_5MCMOS_v0_a_9_XXXX_20181204 (?C_STARTUP)


SEGMENT                                            BIT_GROUP          DATA_GROUP          XDATA_GROUP
  +--> CALLED SEGMENT                           START    LENGTH     START    LENGTH     START    LENGTH
-------------------------------------------------------------------------------------------------------
?C_C51STARTUP                                   -----    -----      -----    -----      -----    -----
  +--> ?PR?MAIN?MAIN
  +--> ?C_INITSEG

?PR?MAIN?MAIN                                   -----    -----      -----    -----      0000H    0006H
  +--> ?PR?MAIN
BL51 BANKED LINKER/LOCATER V6.22                                                      12/04/2018  12:27:04  PAGE 6


  +--> ?PR?INITIALMPU?MAIN
  +--> ?PR?PWM_INIT?MAIN
  +--> ?PR?INITIALCOMMSHELL?MAIN
  +--> ?PR?RESETCOMMSELL?MAIN
  +--> ?PR?_POWER_ONOFF?NED
  +--> ?PR?SC16_INIT?NED
  +--> ?PR?_MONITOR_SET?MAIN
  +--> ?PR?GPIO_CHECK?NED
  +--> ?PR?_GPIOGETPORTSTATE?NED
  +--> ?PR?COMMANDSHELL?MAIN
  +--> ?PR?_PCT_RUNCOMMSHELL?COMMANDSHELL
  +--> ?PR?PCT_CHECKSYSTEM?COMMANDSHELL
  +--> ?PR?RS_RXREADY?UART
  +--> ?PR?PCT_GETVIDEOSIGNALSTATUS?OSDACTION_
  +--> ?PR?CAMERA_MOVE?NED
  +--> ?PR?_SC16_DATA_RESET?NED
  +--> ?PR?SC16_DATACHECK?NED
  +--> ?PR?_SET_CAMERA_SPEED?NED

?PR?INITIALMPU?MAIN                             -----    -----      -----    -----      -----    -----
  +--> ?PR?INITIALUART?UART
  +--> ?PR?INITIALTIMER0?TIMER
  +--> ?PR?INITIALTIMER2?TIMER

?PR?RESETCOMMSELL?MAIN                          -----    -----      -----    -----      -----    -----
  +--> ?PR?MAIN

?PR?_POWER_ONOFF?NED                            -----    -----      -----    -----      -----    -----
  +--> ?PR?_WAIT_MS?MAIN

?PR?_WAIT_MS?MAIN                               -----    -----      -----    -----      01D5H    0004H

?PR?SC16_INIT?NED                               -----    -----      -----    -----      0006H    0001H
  +--> ?PR?_WAIT_MS?MAIN
  +--> ?PR?NED
  +--> ?PR?_RESETDEVICE?NED
  +--> ?PR?_SETBAUDRATE?NED
  +--> ?PR?_SETLINE?NED
  +--> ?PR?_WRITEI2C?NED
  +--> ?PR?_GPIOSETPORTMODE?NED
  +--> ?PR?_GPIOSETPORTSTATE?NED

?PR?NED                                         -----    -----      -----    -----      -----    -----
  +--> ?PR?I2CDELAY?NED
  +--> ?PR?I2CSTART?NED
  +--> ?PR?_I2CWRITEDATA?NED

?PR?I2CSTART?NED                                -----    -----      -----    -----      -----    -----
  +--> ?PR?I2CDELAY?NED

?PR?_I2CWRITEDATA?NED                           -----    -----      -----    -----      -----    -----
  +--> ?PR?I2CSTART?NED
  +--> ?PR?I2CDELAY?NED

?PR?_RESETDEVICE?NED                            -----    -----      -----    -----      -----    -----
  +--> ?PR?_READI2C?NED
  +--> ?PR?_WRITEI2C?NED
BL51 BANKED LINKER/LOCATER V6.22                                                      12/04/2018  12:27:04  PAGE 7



?PR?_READI2C?NED                                -----    -----      -----    -----      -----    -----
  +--> ?PR?_I2CWRITEDATA?NED
  +--> ?PR?NED
  +--> ?PR?I2CREADDATA?NED
  +--> ?PR?I2CSTOP?NED

?PR?I2CREADDATA?NED                             -----    -----      -----    -----      -----    -----
  +--> ?PR?NED
  +--> ?PR?I2CDELAY?NED

?PR?I2CSTOP?NED                                 -----    -----      -----    -----      -----    -----
  +--> ?PR?I2CDELAY?NED

?PR?_WRITEI2C?NED                               -----    -----      -----    -----      -----    -----
  +--> ?PR?_I2CWRITEDATA?NED
  +--> ?PR?I2CSTOP?NED

?PR?_SETBAUDRATE?NED                            -----    -----      -----    -----      0007H    000AH
  +--> ?PR?_READI2C?NED
  +--> ?PR?_WRITEI2C?NED

?PR?_SETLINE?NED                                -----    -----      -----    -----      0007H    0004H
  +--> ?PR?_READI2C?NED
  +--> ?PR?_WRITEI2C?NED

?PR?_GPIOSETPORTMODE?NED                        -----    -----      -----    -----      -----    -----
  +--> ?PR?_WRITEI2C?NED

?PR?_GPIOSETPORTSTATE?NED                       -----    -----      -----    -----      -----    -----
  +--> ?PR?_WRITEI2C?NED

?PR?_MONITOR_SET?MAIN                           -----    -----      -----    -----      0006H    01CFH
  +--> ?CO?MAIN
  +--> ?PR?MAIN
  +--> ?PR?PCT_INITIALTW2835?TW2835_INIT
  +--> ?PR?_PCT_WRITEASICBYTE?BUSCTRL
  +--> ?PR?_PCT_RUNCOMMSHELL?COMMANDSHELL
  +--> ?PR?_BOUND_SET?NED

?PR?PCT_INITIALTW2835?TW2835_INIT               -----    -----      -----    -----      -----    -----
  +--> ?PR?PCT_TW2835RESETN?TW2835_INIT
  +--> ?PR?_PCT_READASICBYTE?BUSCTRL
  +--> ?PR?_PCT_DETECTVIDEOFORMAT?TW28XX_VIDEO
  +--> ?PR?_WAIT_MS?MAIN
  +--> ?PR?PCT_TW2835_INITIAL?TW2835_INIT
  +--> ?PR?PCT_INITIALOSD?OSDACTION_

?PR?_PCT_READASICBYTE?BUSCTRL                   -----    -----      -----    -----      0209H    0004H
  +--> ?PR?MCTRL_SET?NED
  +--> ?PR?BUSCTRL

?PR?_PCT_DETECTVIDEOFORMAT?TW28XX_VIDEO         -----    -----      -----    -----      01D5H    0002H
  +--> ?PR?_PCT_READASICBYTE?BUSCTRL

?PR?PCT_TW2835_INITIAL?TW2835_INIT              -----    -----      -----    -----      01D5H    0002H
  +--> ?PR?TW2835_INIT
BL51 BANKED LINKER/LOCATER V6.22                                                      12/04/2018  12:27:04  PAGE 8


  +--> ?CO?TW2835_INIT
  +--> ?PR?_PCT_WRITEASICTABLE?BUSCTRL

?PR?TW2835_INIT                                 -----    -----      -----    -----      -----    -----
  +--> ?CO?TW2835_INIT

?PR?_PCT_WRITEASICTABLE?BUSCTRL                 -----    -----      -----    -----      01D7H    0007H
  +--> ?PR?BUSCTRL
  +--> ?PR?MCTRL_SET?NED

?PR?PCT_INITIALOSD?OSDACTION_                   -----    -----      0008H    0001H      -----    -----
  +--> ?PR?PCT_INITOSDCOLOR?OSDCTRL
  +--> ?PR?PCT_CLEARGRAPHATTR?OSD_GRAPH
  +--> ?PR?_PCT_PRESETFOREGROUNDCOLOR?OSDCTRL
  +--> ?PR?_PCT_PRESETBACKGROUNDCOLOR?OSDCTRL
  +--> ?PR?_PCT_ENSHOWOSDPAGE?OSDCTRL
  +--> ?PR?_PCT_SETOSDDRAWPAGE?OSDCTRL
  +--> ?PR?_PCT_FULLCOLORONOSD?OSDCTRL

?PR?PCT_INITOSDCOLOR?OSDCTRL                    -----    -----      -----    -----      -----    -----
  +--> ?PR?_PCT_WRITEASICBYTE?BUSCTRL
  +--> ?PR?OSDCTRL
  +--> ?PR?_PCT_SETOSDCOLOR?OSDCTRL

?PR?_PCT_WRITEASICBYTE?BUSCTRL                  -----    -----      -----    -----      020DH    0004H
  +--> ?PR?BUSCTRL
  +--> ?PR?MCTRL_SET?NED

?PR?OSDCTRL                                     -----    -----      -----    -----      -----    -----
  +--> ?CO?OSDCTRL

?PR?_PCT_SETOSDCOLOR?OSDCTRL                    -----    -----      -----    -----      01D5H    0005H
  +--> ?PR?_PCT_WRITEASICBYTE?BUSCTRL

?PR?_PCT_ENSHOWOSDPAGE?OSDCTRL                  -----    -----      -----    -----      01E3H    0001H
  +--> ?PR?OSDCTRL
  +--> ?PR?_PCT_WRITEASICBYTE?BUSCTRL
  +--> ?PR?_PCT_READASICBYTE?BUSCTRL

?PR?_PCT_SETOSDDRAWPAGE?OSDCTRL                 -----    -----      -----    -----      01E3H    0001H
  +--> ?PR?OSDCTRL
  +--> ?PR?_PCT_READASICBYTE?BUSCTRL
  +--> ?PR?_PCT_WRITEASICBYTE?BUSCTRL

?PR?_PCT_FULLCOLORONOSD?OSDCTRL                 -----    -----      -----    -----      01DDH    0006H
  +--> ?PR?OSDCTRL
  +--> ?PR?_PCT_WRITEASICBYTE?BUSCTRL
  +--> ?PR?_PCT_READASICBYTE?BUSCTRL

?PR?_PCT_RUNCOMMSHELL?COMMANDSHELL              -----    -----      -----    -----      01D5H    0008H
  +--> ?PR?COMMANDSHELL
  +--> ?PR?_PCT_GETFIRSTSTR?COMMANDSHELL
  +--> ?PR?_PCT_STRTOCOMMCODE?COMMANDSHELL
  +--> ?CO?COMMANDSHELL
  +--> ?PR?_MONIWRITEASICBYTE?COMMANDSHELL
  +--> ?PR?_MONIYVIDEOMIX?COMMANDSHELL
  +--> ?PR?_MONIHSCOMM?COMMANDSHELL
BL51 BANKED LINKER/LOCATER V6.22                                                      12/04/2018  12:27:04  PAGE 9


  +--> ?PR?PCT_OSDACTIONFORHS?OSDACTION_
  +--> ?PR?_PCT_FLASHOSDCTRL?MAIN
  +--> ?PR?_MONIHSCOMMSJMODE?COMMANDSHELL
  +--> ?PR?REPEAT_PWM_COM?NED
  +--> ?PR?_PWM_SET?MAIN
  +--> ?PR?_MONISHOWSODSTR?COMMANDSHELL

?PR?COMMANDSHELL                                -----    -----      -----    -----      -----    -----
  +--> ?PR?PCT_SENDACK?COMMANDSHELL

?PR?_PCT_GETFIRSTSTR?COMMANDSHELL               -----    -----      -----    -----      01E3H    0006H
  +--> ?PR?COMMANDSHELL

?PR?_PCT_STRTOCOMMCODE?COMMANDSHELL             -----    -----      0008H    0002H      01DDH    0003H
  +--> ?PR?COMMANDSHELL

?PR?_MONIWRITEASICBYTE?COMMANDSHELL             -----    -----      0008H    0004H      -----    -----
  +--> ?PR?COMMANDSHELL
  +--> ?CO?COMMANDSHELL
  +--> ?PR?SCANF?SCANF
  +--> ?PR?_PCT_WRITEASICBYTE?BUSCTRL

?PR?SCANF?SCANF                                 0023H.0  0000H.6    000CH    0009H      01DDH    002EH
  +--> ?PR?GETCHAR?UNGETCHAR
  +--> ?PR?_ISSPACE?ISSPACE
  +--> ?PR?GETCHAR?GETCHAR
  +--> ?PR??C?ATOF??C?ATOF

?PR?GETCHAR?GETCHAR                             -----    -----      -----    -----      -----    -----
  +--> ?PR?_GETKEY?_GETKEY
  +--> ?PR?PUTCHAR?PUTCHAR

?PR??C?ATOF??C?ATOF                             0023H.6  0000H.5    0015H    0002H      -----    -----

?PR?_MONIYVIDEOMIX?COMMANDSHELL                 -----    -----      0008H    0001H      -----    -----
  +--> ?PR?COMMANDSHELL
  +--> ?CO?COMMANDSHELL
  +--> ?PR?SCANF?SCANF
  +--> ?PR?_PCT_SETYVIDEOMIXING?TW28XX_VIDEO

?PR?_PCT_SETYVIDEOMIXING?TW28XX_VIDEO           -----    -----      -----    -----      -----    -----
  +--> ?CO?TW28XX_VIDEO
  +--> ?PR?_PCT_WRITESTABLE?BUSCTRL

?PR?_PCT_WRITESTABLE?BUSCTRL                    -----    -----      -----    -----      01E4H    0003H
  +--> ?PR?BUSCTRL
  +--> ?PR?_PCT_READASICBYTE?BUSCTRL
  +--> ?PR?_PCT_WRITEASICBYTE?BUSCTRL

?PR?_MONIHSCOMM?COMMANDSHELL                    -----    -----      0008H    0003H      -----    -----
  +--> ?PR?COMMANDSHELL
  +--> ?CO?COMMANDSHELL
  +--> ?PR?SCANF?SCANF
  +--> ?PR?_PCT_WINATTRCTRLY?TW28XX_VIDEO
  +--> ?PR?_PCT_RECOMPENSEYHDELAY?TW28XX_VIDEO
  +--> ?PR?_PCT_SETVIDEOHDELAY?TW28XX_VIDEO
  +--> ?PR?_PCT_SETXVIDEOMIXING?TW28XX_VIDEO
BL51 BANKED LINKER/LOCATER V6.22                                                      12/04/2018  12:27:04  PAGE 10


  +--> ?PR?_PCT_WINATTRCTRL?TW28XX_VIDEO
  +--> ?PR?_PCT_FLASHOSDCTRL?MAIN
  +--> ?PR?_PCT_CHECKVMIXTYPE?COMMANDSHELL
  +--> ?PR?_PCT_DISSHOWOSDPAGE?OSDCTRL
  +--> ?PR?_PCT_CLEAROSDPAGEX?OSDCTRL
  +--> ?PR?PCT_SHOWMODEICON?OSDACTION_
  +--> ?PR?_PCT_OSD_ACTIONPTHX?OSDACTION_

?PR?_PCT_WINATTRCTRLY?TW28XX_VIDEO              -----    -----      -----    -----      01DDH    0003H
  +--> ?PR?TW28XX_VIDEO
  +--> ?PR?_PCT_READASICBYTE?BUSCTRL
  +--> ?PR?_PCT_WRITEASICBYTE?BUSCTRL

?PR?TW28XX_VIDEO                                -----    -----      -----    -----      -----    -----
  +--> ?CO?TW28XX_VIDEO

?PR?_PCT_RECOMPENSEYHDELAY?TW28XX_VIDEO         -----    -----      -----    -----      01DDH    0003H
  +--> ?PR?TW28XX_VIDEO
  +--> ?PR?_PCT_READASICBYTE?BUSCTRL
  +--> ?CO?TW28XX_VIDEO
  +--> ?PR?_PCT_WRITEASICBYTE?BUSCTRL

?PR?_PCT_SETVIDEOHDELAY?TW28XX_VIDEO            -----    -----      -----    -----      01DDH    0008H
  +--> ?PR?TW28XX_VIDEO
  +--> ?PR?_PCT_READASICBYTE?BUSCTRL
  +--> ?PR?_PCT_WRITEASICBYTE?BUSCTRL
  +--> ?CO?TW28XX_VIDEO

?PR?_PCT_SETXVIDEOMIXING?TW28XX_VIDEO           -----    -----      -----    -----      01DDH    0007H
  +--> ?PR?TW28XX_VIDEO
  +--> ?PR?_PCT_WRITEASICBYTE?BUSCTRL
  +--> ?CO?TW28XX_VIDEO
  +--> ?PR?_PCT_SETCHANELSCALE?TW28XX_VIDEO
  +--> ?PR?_PCT_WRITESTABLE?BUSCTRL

?PR?_PCT_SETCHANELSCALE?TW28XX_VIDEO            -----    -----      -----    -----      01E4H    0008H
  +--> ?PR?TW28XX_VIDEO
  +--> ?CO?TW28XX_VIDEO
  +--> ?PR?_PCT_WRITEASICBYTE?BUSCTRL

?PR?_PCT_WINATTRCTRL?TW28XX_VIDEO               -----    -----      -----    -----      01DDH    0003H
  +--> ?PR?TW28XX_VIDEO
  +--> ?PR?_PCT_READASICBYTE?BUSCTRL
  +--> ?PR?_PCT_WRITEASICBYTE?BUSCTRL

?PR?_PCT_CHECKVMIXTYPE?COMMANDSHELL             -----    -----      000BH    0001H      -----    -----
  +--> ?PR?COMMANDSHELL

?PR?_PCT_DISSHOWOSDPAGE?OSDCTRL                 -----    -----      -----    -----      01DDH    0003H
  +--> ?PR?OSDCTRL
  +--> ?PR?_PCT_READASICBYTE?BUSCTRL
  +--> ?PR?_PCT_WRITEASICBYTE?BUSCTRL

?PR?_PCT_CLEAROSDPAGEX?OSDCTRL                  -----    -----      -----    -----      -----    -----
  +--> ?PR?_PCT_SETOSDDRAWPAGE?OSDCTRL
  +--> ?PR?_PCT_PRESETBACKGROUNDCOLOR?OSDCTRL
  +--> ?PR?_PCT_FULLCOLORONOSD?OSDCTRL
BL51 BANKED LINKER/LOCATER V6.22                                                      12/04/2018  12:27:04  PAGE 11



?PR?PCT_SHOWMODEICON?OSDACTION_                 -----    -----      -----    -----      -----    -----
  +--> ?PR?_PCT_SETOSDDRAWPAGE?OSDCTRL
  +--> ?CO?OSDACTION_
  +--> ?PR?_PCT_SHOWGRAPHSTRING?OSD_GRAPH
  +--> ?PR?_PCT_PRESETBACKGROUNDCOLOR?OSDCTRL
  +--> ?PR?_PCT_PRESETFOREGROUNDCOLOR?OSDCTRL

?PR?_PCT_SHOWGRAPHSTRING?OSD_GRAPH              -----    -----      -----    -----      01E0H    0007H
  +--> ?PR?OSD_GRAPH
  +--> ?PR?_STRLEN?STRLEN
  +--> ?PR?_PCT_OSD16X16GRAPHX?OSD_GRAPH
  +--> ?PR?PTC_SWITCHTOI2CMODE?BUSCTRL

?PR?_PCT_OSD16X16GRAPHX?OSD_GRAPH               -----    -----      -----    -----      01E7H    000BH
  +--> ?CO?OSD_GRAPH
  +--> ?PR?OSD_GRAPH
  +--> ?PR?_PCT_WRITEASICBYTE?BUSCTRL
  +--> ?PR?_PCT_READASICBYTE?BUSCTRL

?PR?_PCT_OSD_ACTIONPTHX?OSDACTION_              -----    -----      -----    -----      01DDH    0003H
  +--> ?PR?OSDACTION_
  +--> ?PR?_PCT_PRESETFOREGROUNDCOLOR?OSDCTRL
  +--> ?PR?_PCT_PRESETBACKGROUNDCOLOR?OSDCTRL
  +--> ?PR?_PCT_SHOWGRAPHSTRING?OSD_GRAPH

?PR?OSDACTION_                                  -----    -----      -----    -----      -----    -----
  +--> ?CO?OSDACTION_

?PR?PCT_OSDACTIONFORHS?OSDACTION_               -----    -----      -----    -----      -----    -----
  +--> ?PR?_PCT_SETOSDDRAWPAGE?OSDCTRL
  +--> ?PR?_PCT_SHOWMIRRORICON?OSDACTION_
  +--> ?PR?_PCT_SHOWINDICATEICON?OSDACTION_
  +--> ?PR?PCT_ENFALSHVLOSS?OSDACTION_
  +--> ?PR?_PCT_ENSHOWOSDPAGE?OSDCTRL

?PR?_PCT_SHOWMIRRORICON?OSDACTION_              -----    -----      -----    -----      01DDH    0003H
  +--> ?PR?OSDACTION_
  +--> ?PR?_PCT_PRESETFOREGROUNDCOLOR?OSDCTRL
  +--> ?PR?_PCT_CLEARWORDSPATHX?OSDCTRL
  +--> ?PR?_PCT_SHOWGRAPHSTRING?OSD_GRAPH

?PR?_PCT_CLEARWORDSPATHX?OSDCTRL                -----    -----      -----    -----      01E0H    0007H
  +--> ?PR?OSDCTRL
  +--> ?PR?_PCT_WRITEASICBYTE?BUSCTRL
  +--> ?PR?_PCT_READASICBYTE?BUSCTRL

?PR?_PCT_SHOWINDICATEICON?OSDACTION_            -----    -----      0008H    0001H      01DDH    0003H
  +--> ?PR?OSDACTION_
  +--> ?PR?_PCT_PRESETFOREGROUNDCOLOR?OSDCTRL
  +--> ?PR?_PCT_CLEARWORDSPATHX?OSDCTRL
  +--> ?CO?OSDACTION_
  +--> ?PR?_PCT_SHOWGRAPHSTRING?OSD_GRAPH

?PR?_MONIHSCOMMSJMODE?COMMANDSHELL              -----    -----      -----    -----      -----    -----
  +--> ?PR?COMMANDSHELL
  +--> ?CO?COMMANDSHELL
BL51 BANKED LINKER/LOCATER V6.22                                                      12/04/2018  12:27:04  PAGE 12


  +--> ?PR?SCANF?SCANF

?PR?REPEAT_PWM_COM?NED                          -----    -----      -----    -----      -----    -----
  +--> ?PR?_WRITEBYTE?NED

?PR?_WRITEBYTE?NED                              -----    -----      -----    -----      -----    -----
  +--> ?PR?_WRITEI2C?NED

?PR?_PWM_SET?MAIN                               -----    -----      -----    -----      -----    -----
  +--> ?PR?MAIN
  +--> ?PR?_SET_PWM_OUTPUT?MAIN

?PR?_SET_PWM_OUTPUT?MAIN                        -----    -----      -----    -----      01DDH    0008H
  +--> ?CO?MAIN
  +--> ?PR?MAIN

?PR?_MONISHOWSODSTR?COMMANDSHELL                -----    -----      0008H    0002H      01DDH    0006H
  +--> ?PR?COMMANDSHELL
  +--> ?PR?_ATOI?ATOI
  +--> ?PR?_PCT_PRESETFOREGROUNDCOLOR?OSDCTRL
  +--> ?PR?_PCT_PRESETBACKGROUNDCOLOR?OSDCTRL
  +--> ?PR?_PCT_SETOSDDRAWPAGE?OSDCTRL
  +--> ?PR?_PCT_SHOWOSDSTRING?OSDCTRL
  +--> ?PR?_PCT_ENSHOWOSDPAGE?OSDCTRL
  +--> ?PR?_PCT_GETFIRSTSTR?COMMANDSHELL

?PR?_ATOI?ATOI                                  0023H.0  0000H.1    -----    -----      01E3H    0005H
  +--> ?PR?_ISSPACE?ISSPACE
  +--> ?PR?_ISDIGIT?ISDIGIT

?PR?_PCT_SHOWOSDSTRING?OSDCTRL                  -----    -----      -----    -----      01E3H    0007H
  +--> ?PR?OSDCTRL
  +--> ?PR?_STRLEN?STRLEN
  +--> ?PR?_PCT_WRITEOSDFNTX?OSDCTRL
  +--> ?PR?_PCT_WRITEOSDFNTY?OSDCTRL
  +--> ?PR?PTC_SWITCHTOI2CMODE?BUSCTRL

?PR?_PCT_WRITEOSDFNTX?OSDCTRL                   -----    -----      000AH    0003H      01EAH    0013H
  +--> ?PR?OSDCTRL
  +--> ?PR?_PCT_WRITEOSDDATABUFFERX?OSDCTRL
  +--> ?PR?_PCT_WRITEASICBYTE?BUSCTRL
  +--> ?PR?_PCT_READASICBYTE?BUSCTRL

?PR?_PCT_WRITEOSDDATABUFFERX?OSDCTRL            -----    -----      -----    -----      01FDH    0004H
  +--> ?PR?OSDCTRL
  +--> ?PR?_PCT_WRITEASICBYTE?BUSCTRL

?PR?_PCT_WRITEOSDFNTY?OSDCTRL                   -----    -----      000AH    0002H      01EAH    001FH
  +--> ?PR?OSDCTRL
  +--> ?PR?_PCT_WRITEOSDDATABUFFERY?OSDCTRL
  +--> ?PR?_PCT_WRITEASICBYTE?BUSCTRL
  +--> ?PR?_PCT_READASICBYTE?BUSCTRL

?PR?_PCT_WRITEOSDDATABUFFERY?OSDCTRL            -----    -----      -----    -----      0209H    0004H
  +--> ?PR?OSDCTRL
  +--> ?PR?_PCT_WRITEASICBYTE?BUSCTRL

BL51 BANKED LINKER/LOCATER V6.22                                                      12/04/2018  12:27:04  PAGE 13


?PR?_BOUND_SET?NED                              -----    -----      -----    -----      01D5H    0004H
  +--> ?CO?NED
  +--> ?PR?NED
  +--> ?PR?_PCT_WRITEASICBYTE?BUSCTRL

?PR?GPIO_CHECK?NED                              -----    -----      -----    -----      0006H    0002H
  +--> ?PR?_GPIOGETPORTSTATE?NED

?PR?_GPIOGETPORTSTATE?NED                       -----    -----      -----    -----      -----    -----
  +--> ?PR?_READI2C?NED

?PR?COMMANDSHELL?MAIN                           -----    -----      0008H    0001H      -----    -----
  +--> ?PR?RS_RXREADY?UART
  +--> ?PR?RS_RX?UART
  +--> ?PR?MAIN
  +--> ?PR?_SC16_BCC_CHECK?NED
  +--> ?PR?RESETCOMMSELL?MAIN

?PR?RS_RX?UART                                  -----    -----      -----    -----      -----    -----
  +--> ?PR?UART

?PR?_SC16_BCC_CHECK?NED                         -----    -----      -----    -----      0006H    0006H
  +--> ?PR?NED
  +--> ?PR?_RS_TX?UART
  +--> ?PR?_WRITEBYTE?NED
  +--> ?PR?SEND_CAMERA_TEMP?NED
  +--> ?PR?SEND_CAMERA_PRESS?NED
  +--> ?PR?SENT_CAMERA_ANG?NED
  +--> ?PR?SENT_CAMERA_RANG?NED
  +--> ?PR?_SENT_CAMERA_IRD?NED
  +--> ?PR?SENT_DVR_TEMP?NED
  +--> ?PR?VERSION_CHECK?MAIN
  +--> ?PR?CAMERA_VERSION_CHECK?MAIN
  +--> ?PR?CHECK_OTHER_COM?NED
  +--> ?PR?_SC16_SENDDATA?NED

?PR?SEND_CAMERA_TEMP?NED                        -----    -----      -----    -----      000CH    0001H
  +--> ?PR?NED
  +--> ?PR?_BCC_CAL?NED
  +--> ?PR?_RS_TX?UART

?PR?_BCC_CAL?NED                                -----    -----      -----    -----      000DH    0002H

?PR?SEND_CAMERA_PRESS?NED                       -----    -----      -----    -----      000CH    0001H
  +--> ?PR?NED
  +--> ?PR?_BCC_CAL?NED
  +--> ?PR?_RS_TX?UART

?PR?SENT_CAMERA_ANG?NED                         -----    -----      -----    -----      000CH    0001H
  +--> ?PR?NED
  +--> ?PR?_BCC_CAL?NED
  +--> ?PR?_RS_TX?UART

?PR?SENT_CAMERA_RANG?NED                        -----    -----      -----    -----      000CH    0001H
  +--> ?PR?NED
  +--> ?PR?_BCC_CAL?NED
  +--> ?PR?_RS_TX?UART
BL51 BANKED LINKER/LOCATER V6.22                                                      12/04/2018  12:27:04  PAGE 14



?PR?_SENT_CAMERA_IRD?NED                        -----    -----      -----    -----      000CH    0003H
  +--> ?PR?_RS_TX?UART

?PR?SENT_DVR_TEMP?NED                           -----    -----      -----    -----      000CH    0001H
  +--> ?PR?NED
  +--> ?PR?_BCC_CAL?NED
  +--> ?PR?_RS_TX?UART

?PR?VERSION_CHECK?MAIN                          -----    -----      -----    -----      000CH    0001H
  +--> ?PR?MAIN
  +--> ?PR?_RS_TX?UART

?PR?CAMERA_VERSION_CHECK?MAIN                   -----    -----      -----    -----      000CH    0001H
  +--> ?PR?MAIN
  +--> ?PR?_RS_TX?UART

?PR?CHECK_OTHER_COM?NED                         -----    -----      -----    -----      -----    -----
  +--> ?PR?_RS_TX?UART
  +--> ?PR?_SET_VIDEO?NED

?PR?_SET_VIDEO?NED                              -----    -----      -----    -----      000CH    0001H
  +--> ?PR?NED
  +--> ?PR?_PCT_WRITEASICBYTE?BUSCTRL

?PR?_SC16_SENDDATA?NED                          -----    -----      -----    -----      000CH    0002H
  +--> ?PR?_WRITEBYTE?NED

?PR?PCT_CHECKSYSTEM?COMMANDSHELL                -----    -----      -----    -----      -----    -----
  +--> ?PR?_PCT_DETECTVIDEOFORMAT?TW28XX_VIDEO
  +--> ?PR?_PCT_ENSHOWOSDPAGE?OSDCTRL
  +--> ?PR?_PCT_CHANGESYSTEMTYPE?TW2835_INIT
  +--> ?PR?_PCT_RECOMPENSEYHDELAY?TW28XX_VIDEO
  +--> ?PR?COMMANDSHELL
  +--> ?PR?_PCT_SETVIDEOHDELAY?TW28XX_VIDEO
  +--> ?PR?_PCT_SETXVIDEOMIXING?TW28XX_VIDEO
  +--> ?PR?_PCT_CLEAROSDPAGEX?OSDCTRL
  +--> ?PR?PCT_SHOWMODEICON?OSDACTION_
  +--> ?PR?_PCT_OSD_ACTIONPTHX?OSDACTION_
  +--> ?PR?PCT_OSDACTIONFORHS?OSDACTION_

?PR?_PCT_CHANGESYSTEMTYPE?TW2835_INIT           -----    -----      -----    -----      0006H    0002H
  +--> ?PR?TW2835_INIT
  +--> ?CO?TW2835_INIT
  +--> ?PR?_PCT_WRITEASICTABLE?BUSCTRL

?PR?PCT_GETVIDEOSIGNALSTATUS?OSDACTION_         -----    -----      -----    -----      -----    -----
  +--> ?PR?_PCT_READASICBYTE?BUSCTRL
  +--> ?PR?_PCT_WRITEASICBYTE?BUSCTRL
  +--> ?PR?_PCT_PRESETFOREGROUNDCOLOR?OSDCTRL
  +--> ?PR?_PCT_PRESETGRAPHATTR?OSD_GRAPH
  +--> ?PR?PCT_CLEARGRAPHATTR?OSD_GRAPH

?PR?CAMERA_MOVE?NED                             -----    -----      -----    -----      0006H    000CH
  +--> ?CO?NED
  +--> ?PR?NED
  +--> ?PR?_WRITEBYTE?NED
BL51 BANKED LINKER/LOCATER V6.22                                                      12/04/2018  12:27:04  PAGE 15



?PR?_SC16_DATA_RESET?NED                        -----    -----      -----    -----      -----    -----
  +--> ?PR?TEMP_CHECK?MAIN
  +--> ?PR?PRESS_CHECK?MAIN
  +--> ?PR?GET_CAMERA_ANG?NED
  +--> ?PR?GET_CAMERA_RANG?NED
  +--> ?PR?GET_DVR_TEMP?NED
  +--> ?PR?GET_CAMERA_VER?NED

?PR?TEMP_CHECK?MAIN                             -----    -----      -----    -----      -----    -----
  +--> ?PR?_READI2CWORD?NED

?PR?_READI2CWORD?NED                            -----    -----      -----    -----      0006H    0002H
  +--> ?PR?I2CSTART?NED
  +--> ?PR?_I2CWRITEDATA?NED
  +--> ?PR?NED
  +--> ?PR?I2CREADDATAWITHACK?NED
  +--> ?PR?I2CREADDATA?NED
  +--> ?PR?I2CSTOP?NED

?PR?I2CREADDATAWITHACK?NED                      -----    -----      -----    -----      -----    -----
  +--> ?PR?NED
  +--> ?PR?I2CDELAY?NED

?PR?PRESS_CHECK?MAIN                            -----    -----      -----    -----      0006H    0007H
  +--> ?PR?MAIN
  +--> ?PR?_ADC_READ?NED

?PR?GET_CAMERA_ANG?NED                          -----    -----      -----    -----      -----    -----
  +--> ?PR?_WRITEBYTE?NED

?PR?GET_CAMERA_RANG?NED                         -----    -----      -----    -----      -----    -----
  +--> ?PR?_WRITEBYTE?NED

?PR?GET_DVR_TEMP?NED                            -----    -----      -----    -----      -----    -----
  +--> ?PR?_WRITEBYTE?NED

?PR?GET_CAMERA_VER?NED                          -----    -----      -----    -----      -----    -----
  +--> ?PR?_WRITEBYTE?NED

?PR?SC16_DATACHECK?NED                          -----    -----      -----    -----      0006H    0003H
  +--> ?PR?_SC16_SENDDATASELECT?NED

?PR?_SC16_SENDDATASELECT?NED                    -----    -----      -----    -----      0009H    0009H
  +--> ?PR?NED
  +--> ?PR?_READI2C?NED
  +--> ?PR?_READBYTE?NED
  +--> ?PR?_RS_TX?UART
  +--> ?PR?_SC16_COMCHECK?NED

?PR?_READBYTE?NED                               -----    -----      -----    -----      -----    -----
  +--> ?PR?_READI2C?NED

?PR?_SC16_COMCHECK?NED                          -----    -----      -----    -----      0012H    0002H
  +--> ?PR?NED

?PR?_SET_CAMERA_SPEED?NED                       -----    -----      -----    -----      -----    -----
BL51 BANKED LINKER/LOCATER V6.22                                                      12/04/2018  12:27:04  PAGE 16


  +--> ?PR?_WRITEBYTE?NED

*** NEW ROOT ***************************************************

?PR?RS_INTERRUPT?UART                           -----    -----      -----    -----      -----    -----
  +--> ?PR?UART



SYMBOL TABLE OF MODULE:  .\OBJ\NED_5MCMOS_v0_a_9_XXXX_20181204 (?C_STARTUP)

  VALUE           TYPE          NAME
  ----------------------------------

  -------         MODULE        ?C_STARTUP
  C:6DA1H         SEGMENT       ?C_C51STARTUP
  I:0031H         SEGMENT       ?STACK
  C:0000H         PUBLIC        ?C_STARTUP
  D:00E0H         SYMBOL        ACC
  D:00F0H         SYMBOL        B
  D:0083H         SYMBOL        DPH
  D:0082H         SYMBOL        DPL
  N:0000H         SYMBOL        IBPSTACK
  N:0100H         SYMBOL        IBPSTACKTOP
  N:0080H         SYMBOL        IDATALEN
  C:6DA4H         SYMBOL        IDATALOOP
  N:0000H         SYMBOL        PBPSTACK
  N:0100H         SYMBOL        PBPSTACKTOP
  N:0000H         SYMBOL        PDATALEN
  N:0000H         SYMBOL        PDATASTART
  N:0000H         SYMBOL        PPAGE
  N:0000H         SYMBOL        PPAGEENABLE
  D:00A0H         SYMBOL        PPAGE_SFR
  D:0081H         SYMBOL        SP
  C:6DA1H         SYMBOL        STARTUP1
  N:0000H         SYMBOL        XBPSTACK
  N:0000H         SYMBOL        XBPSTACKTOP
  N:0000H         SYMBOL        XDATALEN
  N:0000H         SYMBOL        XDATASTART
  C:0000H         LINE#         126
  C:6DA1H         LINE#         133
  C:6DA3H         LINE#         134
  C:6DA4H         LINE#         135
  C:6DA5H         LINE#         136
  C:6DA7H         LINE#         185
  C:6DAAH         LINE#         196
  -------         ENDMOD        ?C_STARTUP

  -------         MODULE        UART
  C:0000H         SYMBOL        _ICE_DUMMY_
  D:0080H         PUBLIC        P0
  D:0090H         PUBLIC        P1
  D:00A0H         PUBLIC        P2
  D:00C0H         PUBLIC        XICON
  D:00B0H         PUBLIC        P3
  D:00E8H         PUBLIC        P4
  C:81E0H         PUBLIC        InitialUART
BL51 BANKED LINKER/LOCATER V6.22                                                      12/04/2018  12:27:04  PAGE 17


  D:00A8H         PUBLIC        IE
  X:0293H         PUBLIC        RS_RECVBUF
  B:00A8H.4       PUBLIC        ES
  D:00B8H         PUBLIC        IP
  B:0098H.0       PUBLIC        RI
  B:0098H.1       PUBLIC        TI
  B:00B8H.4       PUBLIC        PS
  D:00D8H         PUBLIC        CCON
  D:0099H         PUBLIC        SBUF
  D:00C0H         PUBLIC        WDTC
  D:0098H         PUBLIC        SCON
  D:0088H         PUBLIC        TCON
  C:8294H         PUBLIC        RS_RxReady
  D:008DH         PUBLIC        TH1
  D:008BH         PUBLIC        TL1
  X:02F7H         PUBLIC        RsRxRp
  B:0088H.6       PUBLIC        TR1
  X:02F8H         PUBLIC        RsRxWp
  D:00F8H         PUBLIC        IPA
  D:00C8H         PUBLIC        T2CON
  C:81AEH         PUBLIC        RS_rx
  C:0003H         PUBLIC        _RS_tx
  C:7EEAH         PUBLIC        RS_interrupt
  D:00D0H         PUBLIC        PSW
  C:8325H         SYMBOL        Com000E
  C:8325H         SYMBOL        L?0015
  -------         PROC          COM000E
  -------         ENDPROC       COM000E
  -------         PROC          INITIALUART
  C:81E0H         LINE#         75
  C:81E0H         LINE#         76
  C:81E0H         LINE#         79
  C:81E2H         LINE#         80
  C:81E4H         LINE#         84
  C:81E7H         LINE#         99
  C:81EAH         LINE#         103
  C:81EDH         LINE#         104
  C:81EFH         LINE#         106
  C:81F3H         LINE#         107
  C:81F5H         LINE#         108
  -------         ENDPROC       INITIALUART
  -------         PROC          RS_RXREADY
  C:8294H         LINE#         114
  C:8294H         LINE#         115
  C:8294H         LINE#         116
  C:82A1H         LINE#         117
  C:82A3H         LINE#         118
  -------         ENDPROC       RS_RXREADY
  -------         PROC          RS_RX
  -------         DO            
  D:0007H         SYMBOL        ret
  -------         ENDDO         
  C:81AEH         LINE#         124
  C:81AEH         LINE#         125
  C:81AEH         LINE#         131
  C:81B6H         LINE#         132
  C:81BCH         LINE#         133
BL51 BANKED LINKER/LOCATER V6.22                                                      12/04/2018  12:27:04  PAGE 18


  C:81C2H         LINE#         134
  C:81C4H         LINE#         138
  C:81C6H         LINE#         140
  C:81C6H         LINE#         141
  -------         ENDPROC       RS_RX
  -------         PROC          _RS_TX
  D:0007H         SYMBOL        tx_buf
  C:0003H         LINE#         147
  C:0003H         LINE#         148
  C:0003H         LINE#         166
  C:0003H         LINE#         167
  C:0003H         LINE#         169
  C:0006H         LINE#         178
  C:0008H         LINE#         179
  C:000AH         LINE#         180
  C:000AH         LINE#         181
  C:000AH         LINE#         182
  C:000AH         LINE#         185
  -------         ENDPROC       _RS_TX
  -------         PROC          RS_INTERRUPT
  C:7EEAH         LINE#         193
  C:7EF2H         LINE#         196
  C:7EF5H         LINE#         197
  C:7EF7H         LINE#         206
  C:7F00H         LINE#         210
  C:7F06H         LINE#         211
  C:7F0EH         LINE#         218
  C:7F0EH         LINE#         221
  -------         ENDPROC       RS_INTERRUPT
  -------         ENDMOD        UART

  -------         MODULE        BUSCTRL
  C:0000H         SYMBOL        _ICE_DUMMY_
  D:0080H         PUBLIC        P0
  D:0090H         PUBLIC        P1
  D:00A0H         PUBLIC        P2
  D:00C0H         PUBLIC        XICON
  D:00B0H         PUBLIC        P3
  D:00E8H         PUBLIC        P4
  B:00A8H.7       PUBLIC        EA
  D:00A8H         PUBLIC        IE
  C:7763H         PUBLIC        _PCT_WriteSTable
  D:00B8H         PUBLIC        IP
  B:00A0H.3       PUBLIC        HALE
  B:00A0H.2       PUBLIC        HRDB
  D:00D8H         PUBLIC        CCON
  D:00C0H         PUBLIC        WDTC
  B:00A0H.1       PUBLIC        HWRB
  D:0098H         PUBLIC        SCON
  D:0088H         PUBLIC        TCON
  C:6F3BH         PUBLIC        _PCT_WriteAsicTable
  C:0029H         PUBLIC        PTC_SwitchToI2CMode
  B:00B0H.6       PUBLIC        HCSB0
  B:00B0H.7       PUBLIC        HCSB1
  D:00F8H         PUBLIC        IPA
  C:6E2DH         PUBLIC        _PCT_ReadAsicByte
  D:00C8H         PUBLIC        T2CON
BL51 BANKED LINKER/LOCATER V6.22                                                      12/04/2018  12:27:04  PAGE 19


  C:73ACH         PUBLIC        _PCT_WriteAsicByte
  D:00D0H         PUBLIC        PSW
  C:7CFDH         SYMBOL        Com0038
  C:7CFDH         SYMBOL        L?0057
  C:7D00H         SYMBOL        L?0058
  C:7D02H         SYMBOL        L?0059
  C:7D0AH         SYMBOL        L?0060
  C:7D0AH         SYMBOL        L?0061
  C:7D12H         SYMBOL        L?0062
  C:7D12H         SYMBOL        L?0063
  C:7D19H         SYMBOL        L?0064
  C:7D25H         SYMBOL        L?0065
  C:7D2FH         SYMBOL        L?0066
  -------         PROC          COM0038
  -------         ENDPROC       COM0038
  -------         PROC          _PCT_WRITEASICBYTE
  D:0007H         SYMBOL        _dvc
  X:020EH         SYMBOL        _pg
  X:020FH         SYMBOL        _addr
  X:0210H         SYMBOL        _wdat
  C:73ACH         LINE#         63
  C:73AFH         LINE#         64
  C:73AFH         LINE#         65
  C:73AFH         LINE#         67
  C:73B2H         LINE#         70
  C:73B5H         LINE#         75
  C:73C2H         LINE#         76
  C:73CCH         LINE#         77
  C:73D4H         LINE#         78
  C:73D7H         LINE#         79
  C:73D7H         LINE#         82
  C:73EAH         LINE#         84
  C:73ECH         LINE#         85
  C:73F2H         LINE#         86
  C:73F4H         LINE#         89
  C:7407H         LINE#         92
  C:7409H         LINE#         96
  C:740CH         LINE#         101
  C:740CH         LINE#         102
  C:740CH         LINE#         103
  C:740CH         LINE#         104
  C:740FH         LINE#         105
  -------         ENDPROC       _PCT_WRITEASICBYTE
  -------         PROC          _PCT_WRITEASICTABLE
  D:0007H         SYMBOL        _dvc
  X:01D8H         SYMBOL        _pg
  X:01D9H         SYMBOL        _addr
  X:01DAH         SYMBOL        _tbl_ptr
  X:01DDH         SYMBOL        _tbl_cnt
  C:6F3BH         LINE#         111
  C:6F3EH         LINE#         112
  C:6F3EH         LINE#         113
  C:6F3EH         LINE#         115
  C:6F41H         LINE#         119
  C:6F44H         LINE#         124
  C:6F51H         LINE#         125
  C:6F5BH         LINE#         126
BL51 BANKED LINKER/LOCATER V6.22                                                      12/04/2018  12:27:04  PAGE 20


  C:6F63H         LINE#         128
  C:6F63H         LINE#         129
  C:6F6CH         LINE#         130
  C:6F6CH         LINE#         133
  C:6F7FH         LINE#         136
  C:6F81H         LINE#         138
  C:6F96H         LINE#         139
  C:6F98H         LINE#         142
  C:6FABH         LINE#         145
  C:6FADH         LINE#         146
  C:6FB5H         LINE#         150
  C:6FB8H         LINE#         155
  C:6FB8H         LINE#         156
  C:6FB8H         LINE#         157
  C:6FB8H         LINE#         158
  C:6FBBH         LINE#         159
  -------         ENDPROC       _PCT_WRITEASICTABLE
  -------         PROC          _PCT_READASICBYTE
  X:0209H         SYMBOL        _dvc
  X:020AH         SYMBOL        _pg
  X:020BH         SYMBOL        _addr
  -------         DO            
  X:020CH         SYMBOL        _rdat_
  -------         ENDDO         
  C:6E2DH         LINE#         165
  C:6E38H         LINE#         166
  C:6E38H         LINE#         169
  C:6E3AH         LINE#         173
  C:6E3DH         LINE#         178
  C:6E42H         LINE#         179
  C:6E4DH         LINE#         180
  C:6E57H         LINE#         181
  C:6E5FH         LINE#         183
  C:6E62H         LINE#         184
  C:6E62H         LINE#         186
  C:6E75H         LINE#         189
  C:6E77H         LINE#         190
  C:6E7AH         LINE#         192
  C:6E8DH         LINE#         196
  C:6E8FH         LINE#         197
  C:6E95H         LINE#         201
  C:6EA8H         LINE#         204
  C:6EAAH         LINE#         208
  C:6EADH         LINE#         213
  C:6EAFH         LINE#         214
  C:6EB1H         LINE#         215
  C:6EB3H         LINE#         216
  C:6EB8H         LINE#         217
  -------         ENDPROC       _PCT_READASICBYTE
  -------         PROC          _PCT_WRITESTABLE
  D:0007H         SYMBOL        _dvc
  X:01E4H         SYMBOL        _tbl_ptr
  C:7763H         LINE#         224
  C:776EH         LINE#         225
  C:776EH         LINE#         229
  C:776EH         LINE#         230
  C:777CH         LINE#         231
BL51 BANKED LINKER/LOCATER V6.22                                                      12/04/2018  12:27:04  PAGE 21


  C:7796H         LINE#         232
  C:7796H         LINE#         233
  C:77A8H         LINE#         234
  C:77A8H         LINE#         235
  C:77B2H         LINE#         236
  C:77B4H         LINE#         237
  -------         ENDPROC       _PCT_WRITESTABLE
  -------         PROC          PTC_SWITCHTOI2CMODE
  C:0029H         LINE#         243
  C:0029H         LINE#         244
  C:0029H         LINE#         254
  -------         ENDPROC       PTC_SWITCHTOI2CMODE
  -------         ENDMOD        BUSCTRL

  -------         MODULE        COMMANDSHELL
  C:0000H         SYMBOL        _ICE_DUMMY_
  D:0080H         PUBLIC        P0
  D:0090H         PUBLIC        P1
  D:00A0H         PUBLIC        P2
  D:00C0H         PUBLIC        XICON
  D:00B0H         PUBLIC        P3
  D:00E8H         PUBLIC        P4
  C:81F6H         PUBLIC        _MoniHSCommSJmode
  C:5FCAH         PUBLIC        _PCT_RunCommShell
  D:00A8H         PUBLIC        IE
  D:00B8H         PUBLIC        IP
  C:817AH         PUBLIC        _MoniYVideoMix
  X:033EH         PUBLIC        sysdat
  D:00D8H         PUBLIC        CCON
  C:002AH         PUBLIC        PCT_SendACK
  C:719AH         PUBLIC        _PCT_GetFirstStr
  C:7277H         PUBLIC        PCT_CheckSystem
  D:00C0H         PUBLIC        WDTC
  D:0098H         PUBLIC        SCON
  D:0088H         PUBLIC        TCON
  C:7805H         PUBLIC        _MoniWriteAsicByte
  C:58A9H         PUBLIC        _MoniHSComm
  X:034FH         PUBLIC        msg
  C:7CC0H         PUBLIC        _PCT_StrToCommCode
  C:7A5DH         PUBLIC        _PCT_CheckVMixType
  D:00F8H         PUBLIC        IPA
  C:7347H         PUBLIC        _MoniShowSODStr
  D:00C8H         PUBLIC        T2CON
  X:035AH         PUBLIC        Original_selwintype
  D:00D0H         PUBLIC        PSW
  C:6EB9H         SYMBOL        Com0033
  C:6EB9H         SYMBOL        L?0052
  C:6EB9H         SYMBOL        L?0053
  C:6EBCH         SYMBOL        L?0054
  C:6EBFH         SYMBOL        L?0055
  C:6EC8H         SYMBOL        L?0057
  C:6EC9H         SYMBOL        L?0058
  C:6ED0H         SYMBOL        L?0059
  C:6ED1H         SYMBOL        L?0060
  C:6EDEH         SYMBOL        L?0061
  C:6EEEH         SYMBOL        L?0062
  C:6EF5H         SYMBOL        L?0065
BL51 BANKED LINKER/LOCATER V6.22                                                      12/04/2018  12:27:04  PAGE 22


  C:6EF5H         SYMBOL        L?0066
  C:6EF6H         SYMBOL        L?0067
  C:6EFEH         SYMBOL        L?0068
  C:6F05H         SYMBOL        L?0069
  C:6F05H         SYMBOL        L?0070
  C:6F0FH         SYMBOL        L?0072
  C:6F0FH         SYMBOL        L?0073
  C:6F17H         SYMBOL        L?0074
  C:6F1EH         SYMBOL        L?0075
  C:6F1EH         SYMBOL        L?0076
  C:6F25H         SYMBOL        L?0077
  C:6F25H         SYMBOL        L?0078
  C:6F2EH         SYMBOL        L?0079
  C:6F2EH         SYMBOL        L?0080
  C:6F34H         SYMBOL        L?0081
  -------         PROC          COM0033
  -------         ENDPROC       COM0033
  -------         PROC          _PCT_GETFIRSTSTR
  X:01E3H         SYMBOL        tagStr
  X:01E6H         SYMBOL        sourceStr
  C:719AH         LINE#         88
  C:71A0H         LINE#         89
  C:71A0H         LINE#         90
  C:71ABH         LINE#         91
  C:71C2H         LINE#         92
  C:71DAH         LINE#         93
  C:71DCH         LINE#         94
  C:71DCH         LINE#         95
  C:71E9H         LINE#         96
  C:71EDH         LINE#         97
  C:71F6H         LINE#         98
  C:71F9H         LINE#         99
  C:71FCH         LINE#         100
  C:71FFH         LINE#         101
  C:7208H         LINE#         102
  -------         ENDPROC       _PCT_GETFIRSTSTR
  -------         PROC          _PCT_STRTOCOMMCODE
  X:01DDH         SYMBOL        Str
  -------         DO            
  D:0008H         SYMBOL        ret
  -------         ENDDO         
  C:7CC0H         LINE#         112
  C:7CC6H         LINE#         113
  C:7CC6H         LINE#         114
  C:7CCBH         LINE#         116
  C:7CF8H         LINE#         117
  C:7CFCH         LINE#         118
  -------         ENDPROC       _PCT_STRTOCOMMCODE
  -------         PROC          PCT_SENDACK
  C:002AH         LINE#         124
  C:002AH         LINE#         125
  C:002AH         LINE#         131
  -------         ENDPROC       PCT_SENDACK
  -------         PROC          _PCT_CHECKVMIXTYPE
  D:0007H         SYMBOL        _typ
  -------         DO            
  D:000BH         SYMBOL        tmplktp
BL51 BANKED LINKER/LOCATER V6.22                                                      12/04/2018  12:27:04  PAGE 23


  -------         ENDDO         
  C:7A5DH         LINE#         143
  C:7A5DH         LINE#         144
  C:7A5DH         LINE#         145
  C:7A60H         LINE#         147
  C:7A66H         LINE#         148
  C:7A6DH         LINE#         149
  C:7A73H         LINE#         150
  C:7A7FH         LINE#         152
  C:7A8DH         LINE#         153
  C:7A93H         LINE#         155
  C:7A93H         LINE#         156
  C:7A99H         LINE#         157
  C:7A9FH         LINE#         158
  C:7AA4H         LINE#         159
  -------         ENDPROC       _PCT_CHECKVMIXTYPE
  -------         PROC          _MONIWRITEASICBYTE
  D:0001H         SYMBOL        szParam
  -------         DO            
  D:0008H         SYMBOL        _dev
  D:0009H         SYMBOL        _pg
  D:000AH         SYMBOL        _addr
  D:000BH         SYMBOL        _wdat
  -------         ENDDO         
  C:7805H         LINE#         212
  C:7805H         LINE#         213
  C:7805H         LINE#         214
  C:7808H         LINE#         215
  C:780AH         LINE#         216
  C:780CH         LINE#         217
  C:780EH         LINE#         219
  C:7843H         LINE#         220
  -------         ENDPROC       _MONIWRITEASICBYTE
  -------         PROC          _MONIYVIDEOMIX
  D:0001H         SYMBOL        szParam
  -------         DO            
  D:0008H         SYMBOL        chan
  -------         ENDDO         
  C:817AH         LINE#         531
  C:817AH         LINE#         532
  C:817AH         LINE#         535
  C:818FH         LINE#         536
  -------         ENDPROC       _MONIYVIDEOMIX
  C:7391H         SYMBOL        L?0064
  -------         PROC          _MONISHOWSODSTR
  X:01DDH         SYMBOL        szParam
  -------         DO            
  D:0008H         SYMBOL        addrx
  D:0009H         SYMBOL        addry
  X:01E0H         SYMBOL        getStr
  -------         ENDDO         
  C:7347H         LINE#         606
  C:734DH         LINE#         607
  C:734DH         LINE#         611
  C:734DH         LINE#         612
  C:7358H         LINE#         613
  C:7358H         LINE#         614
BL51 BANKED LINKER/LOCATER V6.22                                                      12/04/2018  12:27:04  PAGE 24


  C:7363H         LINE#         616
  C:7368H         LINE#         617
  C:736DH         LINE#         618
  C:7372H         LINE#         619
  C:738CH         LINE#         620
  C:7391H         LINE#         621
  -------         ENDPROC       _MONISHOWSODSTR
  -------         PROC          _MONIHSCOMM
  D:0001H         SYMBOL        szParam
  -------         DO            
  D:0008H         SYMBOL        winid
  D:0009H         SYMBOL        chose
  D:000AH         SYMBOL        wintp
  -------         ENDDO         
  C:58A9H         LINE#         658
  C:58A9H         LINE#         662
  C:591BH         LINE#         665
  C:5937H         LINE#         669
  C:5941H         LINE#         670
  C:594BH         LINE#         671
  C:5956H         LINE#         672
  C:5961H         LINE#         674
  C:596CH         LINE#         675
  C:5977H         LINE#         676
  C:5982H         LINE#         677
  C:598DH         LINE#         684
  C:5996H         LINE#         685
  C:599FH         LINE#         688
  C:59AAH         LINE#         691
  C:59ADH         LINE#         692
  C:59C9H         LINE#         697
  C:59CEH         LINE#         698
  C:59D3H         LINE#         699
  C:59D8H         LINE#         701
  C:59E0H         LINE#         702
  C:59E5H         LINE#         703
  C:59EAH         LINE#         704
  C:59EDH         LINE#         705
  C:59F6H         LINE#         706
  C:59FEH         LINE#         724
  -------         ENDPROC       _MONIHSCOMM
  -------         PROC          PCT_CHECKSYSTEM
  -------         DO            
  D:0007H         SYMBOL        TempSystem
  -------         ENDDO         
  C:7277H         LINE#         731
  C:7277H         LINE#         732
  C:7277H         LINE#         735
  C:727CH         LINE#         737
  C:7280H         LINE#         738
  C:7282H         LINE#         739
  C:7289H         LINE#         740
  C:728BH         LINE#         741
  C:7290H         LINE#         744
  C:72A0H         LINE#         746
  C:72A5H         LINE#         750
  C:72ADH         LINE#         751
BL51 BANKED LINKER/LOCATER V6.22                                                      12/04/2018  12:27:04  PAGE 25


  C:72B6H         LINE#         752
  C:72BFH         LINE#         754
  C:72CAH         LINE#         758
  C:72CFH         LINE#         759
  C:72D2H         LINE#         760
  C:72DBH         LINE#         761
  C:72DEH         LINE#         764
  C:72DFH         LINE#         765
  -------         ENDPROC       PCT_CHECKSYSTEM
  -------         PROC          _MONIHSCOMMSJMODE
  D:0001H         SYMBOL        szParam
  C:81F6H         LINE#         772
  C:81F6H         LINE#         773
  C:81F6H         LINE#         774
  -------         ENDPROC       _MONIHSCOMMSJMODE
  C:60B4H         SYMBOL        L?0056
  C:60BEH         SYMBOL        L?0063
  C:60C8H         SYMBOL        L?0071
  -------         PROC          _PCT_RUNCOMMSHELL
  X:01D5H         SYMBOL        strptr
  -------         DO            
  X:01D8H         SYMBOL        commcode
  X:01DAH         SYMBOL        getStr
  -------         ENDDO         
  C:5FCAH         LINE#         802
  C:5FD0H         LINE#         803
  C:5FD0H         LINE#         819
  C:5FE7H         LINE#         822
  C:5FF8H         LINE#         838
  C:6007H         LINE#         841
  C:600DH         LINE#         843
  C:6010H         LINE#         896
  C:601FH         LINE#         898
  C:601FH         LINE#         900
  C:6025H         LINE#         902
  C:6028H         LINE#         924
  C:6037H         LINE#         925
  C:6037H         LINE#         927
  C:603DH         LINE#         930
  C:6040H         LINE#         931
  C:6045H         LINE#         944
  C:6057H         LINE#         945
  C:6057H         LINE#         947
  C:605DH         LINE#         948
  C:605FH         LINE#         962
  C:606FH         LINE#         963
  C:606FH         LINE#         965
  C:6077H         LINE#         970
  C:6079H         LINE#         971
  C:6089H         LINE#         972
  C:6089H         LINE#         974
  C:608CH         LINE#         975
  C:6094H         LINE#         981
  C:6096H         LINE#         982
  C:60ABH         LINE#         983
  C:60ABH         LINE#         984
  C:60B1H         LINE#         985
BL51 BANKED LINKER/LOCATER V6.22                                                      12/04/2018  12:27:04  PAGE 26


  C:60B1H         LINE#         1015
  C:60B1H         LINE#         1016
  C:60B1H         LINE#         1021
  C:60B3H         LINE#         1022
  -------         ENDPROC       _PCT_RUNCOMMSHELL
  -------         ENDMOD        COMMANDSHELL

  -------         MODULE        MAIN
  C:0000H         SYMBOL        _ICE_DUMMY_
  D:0094H         PUBLIC        P0M1
  D:0091H         PUBLIC        P1M0
  D:00F6H         PUBLIC        PCAPWM4
  D:0095H         PUBLIC        P2M0
  D:0092H         PUBLIC        P1M1
  D:00F7H         PUBLIC        PCAPWM5
  D:0080H         PUBLIC        P0
  D:00B1H         PUBLIC        P3M0
  D:0096H         PUBLIC        P2M1
  D:0090H         PUBLIC        P1
  X:02FAH         PUBLIC        CB_flag
  D:00B2H         PUBLIC        P3M1
  D:00B3H         PUBLIC        P4M0
  D:00A0H         PUBLIC        P2
  D:00B4H         PUBLIC        P4M1
  D:00C0H         PUBLIC        XICON
  D:00B0H         PUBLIC        P3
  D:00E8H         PUBLIC        P4
  X:02FBH         PUBLIC        Temp_timeout
  D:00E1H         PUBLIC        WDTCR
  B:00A8H.7       PUBLIC        EA
  X:02FCH         PUBLIC        RScommand
  D:00F9H         PUBLIC        CH
  C:82B4H         PUBLIC        PWM_init
  D:00A8H         PUBLIC        IE
  D:00E9H         PUBLIC        CL
  D:00FAH         PUBLIC        CCAP0H
  B:0090H.1       PUBLIC        P1_1
  D:00FBH         PUBLIC        CCAP1H
  B:0090H.2       PUBLIC        P1_2
  D:00FCH         PUBLIC        CCAP2H
  B:0090H.3       PUBLIC        P1_3
  D:00FDH         PUBLIC        CCAP3H
  B:00E8H.1       PUBLIC        P4_1
  B:0090H.4       PUBLIC        P1_4
  D:00FEH         PUBLIC        CCAP4H
  D:00EAH         PUBLIC        CCAP0L
  B:0090H.5       PUBLIC        P1_5
  D:00FFH         PUBLIC        CCAP5H
  D:00EBH         PUBLIC        CCAP1L
  D:00DAH         PUBLIC        CCAPM0
  B:0024H.3       PUBLIC        VlossFlag
  B:0090H.6       PUBLIC        P1_6
  D:00ECH         PUBLIC        CCAP2L
  D:00DBH         PUBLIC        CCAPM1
  B:0090H.7       PUBLIC        P1_7
  D:00EDH         PUBLIC        CCAP3L
  D:00DCH         PUBLIC        CCAPM2
BL51 BANKED LINKER/LOCATER V6.22                                                      12/04/2018  12:27:04  PAGE 27


  D:00EEH         PUBLIC        CCAP4L
  D:00DDH         PUBLIC        CCAPM3
  D:00B8H         PUBLIC        IP
  D:00EFH         PUBLIC        CCAP5L
  D:00DEH         PUBLIC        CCAPM4
  C:4257H         PUBLIC        _Monitor_set
  D:00DFH         PUBLIC        CCAPM5
  B:0098H.1       PUBLIC        TI
  C:7F17H         PUBLIC        _PWM_set
  X:0327H         PUBLIC        SC16_com_state
  D:00D9H         PUBLIC        CMOD
  D:00D8H         PUBLIC        CCON
  C:5175H         PUBLIC        main
  C:806EH         PUBLIC        ResetCommSell
  D:0020H         PUBLIC        commFlag
  X:0328H         PUBLIC        timerout1
  B:0024H.4       PUBLIC        data_chk_flag
  X:032AH         PUBLIC        timerout2
  D:0087H         PUBLIC        PCON
  X:032CH         PUBLIC        timerout3
  X:032EH         PUBLIC        timerout4
  X:0330H         PUBLIC        boot_flag
  D:00C0H         PUBLIC        WDTC
  D:0098H         PUBLIC        SCON
  D:0089H         PUBLIC        TMOD
  D:0088H         PUBLIC        TCON
  C:833AH         PUBLIC        _PCT_FlashOSDCtrl
  C:6648H         PUBLIC        CommandShell
  D:008EH         PUBLIC        AUXR
  X:0331H         PUBLIC        work_flag
  X:0332H         PUBLIC        Small_f
  C:797FH         PUBLIC        InitialMPU
  C:4C5DH         SYMBOL        _?ix1000
  B:0020H.0       PUBLIC        comm_chk_flag
  C:4D4CH         SYMBOL        _?ix1010
  C:4C63H         SYMBOL        _?ix1001
  C:4D72H         SYMBOL        _?ix1011
  C:4C71H         SYMBOL        _?ix1002
  C:4D98H         SYMBOL        _?ix1012
  C:4C7FH         SYMBOL        _?ix1003
  C:4DBEH         SYMBOL        _?ix1013
  C:4C87H         SYMBOL        _?ix1004
  C:4DE4H         SYMBOL        _?ix1014
  C:4C8EH         SYMBOL        _?ix1005
  C:4E0AH         SYMBOL        _?ix1015
  C:4CB4H         SYMBOL        _?ix1006
  C:4CDAH         SYMBOL        _?ix1007
  C:4D00H         SYMBOL        _?ix1008
  C:4D26H         SYMBOL        _?ix1009
  C:770EH         PUBLIC        Version_check
  X:0333H         PUBLIC        Main_f
  X:0334H         PUBLIC        ADC_Val
  X:0338H         PUBLIC        m_current
  C:77B5H         PUBLIC        _Wait_ms
  C:8319H         PUBLIC        InitialCommShell
  D:00F8H         PUBLIC        IPA
  B:0020H.1       PUBLIC        osd_chk_flag
BL51 BANKED LINKER/LOCATER V6.22                                                      12/04/2018  12:27:04  PAGE 28


  X:0339H         PUBLIC        PIP_flag
  D:00C8H         PUBLIC        T2CON
  X:033AH         PUBLIC        CB_timeout
  C:62BEH         PUBLIC        Press_check
  X:033BH         PUBLIC        _delay
  D:00A2H         PUBLIC        AUXR1
  X:033DH         PUBLIC        timer2_loop
  D:00A6H         PUBLIC        AUXR2
  C:67EEH         PUBLIC        _Set_PWM_Output
  C:753BH         PUBLIC        Camera_Version_check
  C:765BH         PUBLIC        Temp_check
  D:00F2H         PUBLIC        PCAPWM0
  D:00D0H         PUBLIC        PSW
  D:00F3H         PUBLIC        PCAPWM1
  D:00F4H         PUBLIC        PCAPWM2
  D:0093H         PUBLIC        P0M0
  D:00F5H         PUBLIC        PCAPWM3
  C:68BCH         SYMBOL        Com00AD
  C:68BCH         SYMBOL        L?0174
  C:68C0H         SYMBOL        L?0175
  C:68C7H         SYMBOL        L?0177
  C:68CCH         SYMBOL        L?0178
  C:68CFH         SYMBOL        L?0179
  C:68D7H         SYMBOL        L?0180
  C:68D7H         SYMBOL        L?0181
  C:68E3H         SYMBOL        L?0182
  C:68E3H         SYMBOL        L?0183
  C:68ECH         SYMBOL        L?0184
  C:68F6H         SYMBOL        L?0185
  C:68FCH         SYMBOL        L?0186
  C:68FEH         SYMBOL        L?0187
  C:6905H         SYMBOL        L?0188
  C:690EH         SYMBOL        L?0189
  C:6912H         SYMBOL        L?0190
  C:6919H         SYMBOL        L?0191
  C:691AH         SYMBOL        L?0192
  C:6921H         SYMBOL        L?0193
  C:692AH         SYMBOL        L?0194
  C:692AH         SYMBOL        L?0195
  C:6934H         SYMBOL        L?0197
  C:6943H         SYMBOL        L?0198
  C:6947H         SYMBOL        L?0199
  C:694DH         SYMBOL        L?0200
  C:695AH         SYMBOL        L?0201
  C:695AH         SYMBOL        L?0202
  C:6962H         SYMBOL        L?0203
  C:696EH         SYMBOL        L?0204
  C:6978H         SYMBOL        L?0205
  C:6978H         SYMBOL        L?0206
  -------         PROC          COM00AD
  -------         ENDPROC       COM00AD
  -------         PROC          COMMANDSHELL
  -------         DO            
  D:0008H         SYMBOL        ch
  X:02F9H         SYMBOL        etx_flag
  -------         ENDDO         
  C:6648H         LINE#         138
BL51 BANKED LINKER/LOCATER V6.22                                                      12/04/2018  12:27:04  PAGE 29


  C:6648H         LINE#         139
  C:6648H         LINE#         144
  C:6653H         LINE#         145
  C:6653H         LINE#         147
  C:6656H         LINE#         148
  C:665BH         LINE#         156
  C:6666H         LINE#         157
  C:6666H         LINE#         158
  C:666BH         LINE#         160
  C:6671H         LINE#         165
  C:6677H         LINE#         166
  C:6678H         LINE#         168
  C:669BH         LINE#         169
  C:669BH         LINE#         170
  C:66A1H         LINE#         171
  C:66A4H         LINE#         172
  C:66A7H         LINE#         173
  C:66A8H         LINE#         174
  C:66B3H         LINE#         175
  C:66B3H         LINE#         177
  C:66B9H         LINE#         178
  C:66BCH         LINE#         179
  C:66C2H         LINE#         180
  C:66C7H         LINE#         185
  C:66C8H         LINE#         186
  C:66D0H         LINE#         187
  C:66D0H         LINE#         189
  C:66D9H         LINE#         199
  C:66E5H         LINE#         200
  C:66E5H         LINE#         201
  C:66EBH         LINE#         203
  C:66F3H         LINE#         204
  C:66F6H         LINE#         206
  C:66FEH         LINE#         208
  C:6704H         LINE#         209
  C:6705H         LINE#         217
  C:6705H         LINE#         218
  C:670BH         LINE#         219
  C:670EH         LINE#         220
  C:6717H         LINE#         225
  C:6717H         LINE#         266
  C:6717H         LINE#         268
  C:6717H         LINE#         269
  C:671EH         LINE#         270
  C:671EH         LINE#         274
  -------         ENDPROC       COMMANDSHELL
  -------         PROC          RESETCOMMSELL
  C:806EH         LINE#         306
  C:806EH         LINE#         307
  C:806EH         LINE#         310
  C:8073H         LINE#         311
  C:8077H         LINE#         312
  C:807BH         LINE#         313
  C:807EH         LINE#         314
  C:807EH         LINE#         315
  C:807EH         LINE#         316
  C:8081H         LINE#         317
BL51 BANKED LINKER/LOCATER V6.22                                                      12/04/2018  12:27:04  PAGE 30


  C:8081H         LINE#         318
  C:8081H         LINE#         319
  C:8085H         LINE#         320
  C:8087H         LINE#         321
  C:8089H         LINE#         323
  C:808DH         LINE#         324
  C:808FH         LINE#         325
  C:8093H         LINE#         326
  -------         ENDPROC       RESETCOMMSELL
  -------         PROC          _PCT_FLASHOSDCTRL
  D:0007H         SYMBOL        _on
  C:833AH         LINE#         332
  C:833AH         LINE#         333
  C:833AH         LINE#         334
  C:8340H         LINE#         335
  C:8342H         LINE#         336
  -------         ENDPROC       _PCT_FLASHOSDCTRL
  -------         PROC          INITIALCOMMSHELL
  C:8319H         LINE#         343
  C:8319H         LINE#         344
  C:8319H         LINE#         345
  C:831BH         LINE#         346
  C:831DH         LINE#         349
  C:831FH         LINE#         350
  C:8324H         LINE#         351
  -------         ENDPROC       INITIALCOMMSHELL
  -------         PROC          _WAIT_MS
  X:01D5H         SYMBOL        Tms
  -------         DO            
  X:01D7H         SYMBOL        count
  -------         ENDDO         
  C:77B5H         LINE#         364
  C:77BDH         LINE#         366
  C:77BDH         LINE#         375
  C:77C7H         LINE#         377
  C:77C7H         LINE#         379
  C:77F4H         LINE#         381
  C:7802H         LINE#         383
  C:7804H         LINE#         384
  -------         ENDPROC       _WAIT_MS
  -------         PROC          MAIN
  -------         DO            
  X:0000H         SYMBOL        Counter
  X:0001H         SYMBOL        readtemp
  X:0003H         SYMBOL        OsdCount1
  X:0004H         SYMBOL        OsdCount2
  X:0005H         SYMBOL        Camera_speed
  -------         ENDDO         
  C:5175H         LINE#         392
  C:5175H         LINE#         393
  C:5175H         LINE#         394
  C:5178H         LINE#         395
  C:5178H         LINE#         396
  C:517EH         LINE#         397
  C:5182H         LINE#         398
  C:5185H         LINE#         412
  C:5188H         LINE#         413
BL51 BANKED LINKER/LOCATER V6.22                                                      12/04/2018  12:27:04  PAGE 31


  C:518BH         LINE#         466
  C:518EH         LINE#         467
  C:5191H         LINE#         479
  C:5196H         LINE#         480
  C:5199H         LINE#         482
  C:519EH         LINE#         484
  C:51A4H         LINE#         485
  C:51A9H         LINE#         486
  C:51AEH         LINE#         500
  C:51B1H         LINE#         503
  C:51B7H         LINE#         504
  C:51BDH         LINE#         505
  C:51C7H         LINE#         507
  C:51CDH         LINE#         508
  C:51D4H         LINE#         510
  C:51E4H         LINE#         512
  C:51E4H         LINE#         514
  C:51E7H         LINE#         515
  C:51F7H         LINE#         516
  C:5201H         LINE#         518
  C:5204H         LINE#         519
  C:5204H         LINE#         520
  C:5209H         LINE#         521
  C:520BH         LINE#         522
  C:520BH         LINE#         526
  C:521AH         LINE#         530
  C:5222H         LINE#         531
  C:5222H         LINE#         535
  C:5226H         LINE#         536
  C:522FH         LINE#         537
  C:522FH         LINE#         539
  C:523DH         LINE#         540
  C:523DH         LINE#         543
  C:5240H         LINE#         546
  C:524CH         LINE#         547
  C:524CH         LINE#         548
  C:524FH         LINE#         549
  C:524FH         LINE#         556
  C:5255H         LINE#         558
  C:5255H         LINE#         560
  C:526DH         LINE#         561
  C:526DH         LINE#         562
  C:5273H         LINE#         563
  C:5276H         LINE#         565
  C:5276H         LINE#         576
  C:528BH         LINE#         577
  C:528BH         LINE#         582
  C:52A4H         LINE#         583
  C:52AAH         LINE#         584
  C:52B0H         LINE#         585
  C:52B8H         LINE#         587
  C:52BAH         LINE#         589
  C:52BDH         LINE#         592
  C:52C9H         LINE#         593
  C:52C9H         LINE#         594
  C:52CFH         LINE#         595
  C:52D8H         LINE#         599
BL51 BANKED LINKER/LOCATER V6.22                                                      12/04/2018  12:27:04  PAGE 32


  C:52D8H         LINE#         606
  C:52EBH         LINE#         607
  C:52EBH         LINE#         608
  C:52F3H         LINE#         609
  C:52FAH         LINE#         610
  C:52FAH         LINE#         612
  C:52FDH         LINE#         633
  -------         ENDPROC       MAIN
  -------         PROC          INITIALMPU
  C:797FH         LINE#         649
  C:797FH         LINE#         651
  C:7982H         LINE#         652
  C:7984H         LINE#         656
  C:7986H         LINE#         659
  C:7989H         LINE#         661
  C:798BH         LINE#         662
  C:798EH         LINE#         667
  C:7990H         LINE#         675
  C:7993H         LINE#         676
  C:7996H         LINE#         677
  C:7999H         LINE#         682
  C:799CH         LINE#         683
  C:799EH         LINE#         684
  C:79A0H         LINE#         685
  C:79A2H         LINE#         686
  C:79A3H         LINE#         742
  C:79A5H         LINE#         743
  C:79A7H         LINE#         745
  C:79AAH         LINE#         746
  C:79ADH         LINE#         748
  C:79AFH         LINE#         749
  C:79B1H         LINE#         751
  C:79B3H         LINE#         752
  C:79B5H         LINE#         754
  C:79B7H         LINE#         755
  C:79BAH         LINE#         756
  C:79BCH         LINE#         759
  C:79BEH         LINE#         760
  C:79C0H         LINE#         761
  C:79C2H         LINE#         762
  C:79C4H         LINE#         763
  C:79C6H         LINE#         764
  C:79C8H         LINE#         768
  -------         ENDPROC       INITIALMPU
  -------         PROC          _SET_PWM_OUTPUT
  X:01DDH         SYMBOL        addr
  X:01DEH         SYMBOL        val
  -------         DO            
  X:01DFH         SYMBOL        num
  -------         ENDDO         
  C:67EEH         LINE#         771
  C:67F6H         LINE#         772
  C:67F6H         LINE#         775
  C:6803H         LINE#         791
  C:6820H         LINE#         792
  C:6820H         LINE#         793
[...]
  C:7FFBH         LINE#         2056
  C:7FFDH         LINE#         2057
  C:7FFEH         LINE#         2058
  C:8004H         LINE#         2060
  C:800EH         LINE#         2061
  C:800EH         LINE#         2064
  C:8013H         LINE#         2065
  C:801AH         LINE#         2066
  C:801DH         LINE#         2067
  C:801DH         LINE#         2099
  -------         ENDPROC       _BCC_CAL
  C:4C55H         SYMBOL        L?0338
  -------         PROC          _SC16_BCC_CHECK
  D:0001H         SYMBOL        addr
  -------         DO            
  X:0006H         SYMBOL        loop
  X:0007H         SYMBOL        f_val
  X:0008H         SYMBOL        s_val
  X:0009H         SYMBOL        com
  -------         ENDDO         
  C:4A79H         LINE#         2126
  C:4A79H         LINE#         2127
  C:4A79H         LINE#         2129
  C:4A7EH         LINE#         2130
  C:4A80H         LINE#         2143
  C:4A83H         LINE#         2144
  C:4A83H         LINE#         2145
  C:4A89H         LINE#         2146
  C:4A89H         LINE#         2147
  C:4A89H         LINE#         2148
  C:4A8FH         LINE#         2149
  C:4A8FH         LINE#         2150
  C:4A8FH         LINE#         2151
  C:4A96H         LINE#         2152
  C:4A9BH         LINE#         2155
  C:4AA3H         LINE#         2156
  C:4AA3H         LINE#         2157
  C:4AA5H         LINE#         2158
  C:4AB0H         LINE#         2159
  C:4AB0H         LINE#         2160
  C:4AB4H         LINE#         2161
  C:4ABBH         LINE#         2162
  C:4ABBH         LINE#         2163
  C:4ABCH         LINE#         2164
  C:4AC6H         LINE#         2165
  C:4AC6H         LINE#         2166
  C:4AC9H         LINE#         2167
  C:4AC9H         LINE#         2168
  C:4ACCH         LINE#         2169
  C:4ACCH         LINE#         2170
  C:4AD4H         LINE#         2172
  C:4AD4H         LINE#         2174
  C:4AD4H         LINE#         2179
  C:4AE2H         LINE#         2180
BL51 BANKED LINKER/LOCATER V6.22                                                      12/04/2018  12:27:04  PAGE 86


  C:4AE2H         LINE#         2181
  C:4B02H         LINE#         2182
  C:4B02H         LINE#         2183
  C:4B07H         LINE#         2184
  C:4B0FH         LINE#         2185
  C:4B17H         LINE#         2186
  C:4B1CH         LINE#         2187
  C:4B24H         LINE#         2191
  C:4B2FH         LINE#         2192
  C:4B2FH         LINE#         2193
  C:4B36H         LINE#         2194
  C:4B3CH         LINE#         2195
  C:4B42H         LINE#         2196
  C:4B49H         LINE#         2197
  C:4B53H         LINE#         2198
  C:4B53H         LINE#         2201
  C:4B56H         LINE#         2202
  C:4B6BH         LINE#         2203
  C:4B6BH         LINE#         2204
  C:4B70H         LINE#         2205
  C:4B73H         LINE#         2207
  C:4B7FH         LINE#         2208
  C:4B7FH         LINE#         2209
  C:4B82H         LINE#         2213
  C:4B85H         LINE#         2214
  C:4B91H         LINE#         2215
  C:4B91H         LINE#         2216
  C:4B94H         LINE#         2220
  C:4B97H         LINE#         2221
  C:4BA3H         LINE#         2222
  C:4BA3H         LINE#         2223
  C:4BA6H         LINE#         2227
  C:4BA9H         LINE#         2228
  C:4BB5H         LINE#         2229
  C:4BB5H         LINE#         2230
  C:4BB8H         LINE#         2234
  C:4BBBH         LINE#         2236
  C:4BD0H         LINE#         2237
  C:4BD0H         LINE#         2238
  C:4BD5H         LINE#         2243
  C:4BD7H         LINE#         2245
  C:4BE3H         LINE#         2246
  C:4BE3H         LINE#         2247
  C:4BE6H         LINE#         2251
  C:4BE8H         LINE#         2252
  C:4BF4H         LINE#         2253
  C:4BF4H         LINE#         2254
  C:4BF7H         LINE#         2258
  C:4BF9H         LINE#         2259
  C:4C05H         LINE#         2260
  C:4C05H         LINE#         2261
  C:4C08H         LINE#         2265
  C:4C0AH         LINE#         2279
  C:4C0AH         LINE#         2285
  C:4C10H         LINE#         2286
  C:4C10H         LINE#         2288
  C:4C23H         LINE#         2289
BL51 BANKED LINKER/LOCATER V6.22                                                      12/04/2018  12:27:04  PAGE 87


  C:4C34H         LINE#         2291
  C:4C3AH         LINE#         2292
  C:4C40H         LINE#         2303
  C:4C42H         LINE#         2305
  C:4C42H         LINE#         2306
  C:4C47H         LINE#         2311
  C:4C47H         LINE#         2314
  C:4C4AH         LINE#         2315
  C:4C4AH         LINE#         2320
  C:4C4DH         LINE#         2322
  C:4C4DH         LINE#         2324
  C:4C4DH         LINE#         2325
  C:4C52H         LINE#         2329
  C:4C54H         LINE#         2330
  C:4C54H         LINE#         2334
  -------         ENDPROC       _SC16_BCC_CHECK
  -------         PROC          CHECK_OTHER_COM
  C:697FH         LINE#         2338
  C:697FH         LINE#         2339
  C:697FH         LINE#         2341
  C:6987H         LINE#         2342
  C:6987H         LINE#         2343
  C:698AH         LINE#         2344
  C:698AH         LINE#         2348
  C:69A2H         LINE#         2350
  C:69A6H         LINE#         2351
  C:69A6H         LINE#         2352
  C:69AEH         LINE#         2353
  C:69AEH         LINE#         2354
  C:69B0H         LINE#         2355
  C:69B7H         LINE#         2356
  C:69B7H         LINE#         2357
  C:69C0H         LINE#         2358
  C:69C5H         LINE#         2359
  C:69C7H         LINE#         2361
  C:69CCH         LINE#         2364
  C:69CCH         LINE#         2365
  C:69CEH         LINE#         2366
  C:69CEH         LINE#         2368
  C:69E4H         LINE#         2370
  C:69E8H         LINE#         2371
  C:69E8H         LINE#         2372
  C:69F0H         LINE#         2373
  C:69F0H         LINE#         2374
  C:69F2H         LINE#         2375
  C:69F9H         LINE#         2376
  C:69F9H         LINE#         2377
  C:6A02H         LINE#         2378
  C:6A07H         LINE#         2379
  C:6A07H         LINE#         2382
  C:6A07H         LINE#         2383
  C:6A09H         LINE#         2384
  C:6A09H         LINE#         2386
  C:6A1FH         LINE#         2387
  C:6A1FH         LINE#         2388
  C:6A24H         LINE#         2389
  C:6A31H         LINE#         2390
BL51 BANKED LINKER/LOCATER V6.22                                                      12/04/2018  12:27:04  PAGE 88


  C:6A34H         LINE#         2391
  C:6A34H         LINE#         2395
  C:6A37H         LINE#         2397
  C:6A37H         LINE#         2398
  C:6A37H         LINE#         2399
  C:6A37H         LINE#         2400
  C:6A37H         LINE#         2403
  C:6A37H         LINE#         2405
  C:6A37H         LINE#         2410
  C:6A37H         LINE#         2413
  C:6A37H         LINE#         2415
  C:6A37H         LINE#         2417
  C:6A37H         LINE#         2419
  C:6A37H         LINE#         2425
  C:6A37H         LINE#         2428
  C:6A37H         LINE#         2430
  C:6A37H         LINE#         2434
  C:6A37H         LINE#         2436
  C:6A3DH         LINE#         2440
  -------         ENDPROC       CHECK_OTHER_COM
  -------         PROC          _RESETDEVICE
  D:0003H         SYMBOL        addr
  -------         DO            
  D:0006H         SYMBOL        temp
  -------         ENDDO         
  C:000EH         LINE#         2534
  C:0010H         LINE#         2535
  C:0010H         LINE#         2537
  C:0017H         LINE#         2538
  C:001BH         LINE#         2539
  -------         ENDPROC       _RESETDEVICE
  -------         PROC          _SETBAUDRATE
  X:0007H         SYMBOL        addr
  X:0008H         SYMBOL        baudrate
  -------         DO            
  X:000CH         SYMBOL        divisor
  X:0010H         SYMBOL        prescaler
  D:0002H         SYMBOL        temp_lcr
  -------         ENDDO         
  C:6A40H         LINE#         2549
  C:6A45H         LINE#         2550
  C:6A45H         LINE#         2566
  C:6A51H         LINE#         2567
  C:6A54H         LINE#         2568
  C:6A56H         LINE#         2569
  C:6A59H         LINE#         2570
  C:6A59H         LINE#         2574
  C:6AA3H         LINE#         2586
  C:6AAFH         LINE#         2588
  C:6AB6H         LINE#         2590
  C:6AB9H         LINE#         2592
  C:6ABCH         LINE#         2594
  C:6ACEH         LINE#         2596
  C:6AEDH         LINE#         2603
  C:6AF0H         LINE#         2604
  C:6AF3H         LINE#         2606
  C:6AF7H         LINE#         2623
BL51 BANKED LINKER/LOCATER V6.22                                                      12/04/2018  12:27:04  PAGE 89


  -------         ENDPROC       _SETBAUDRATE
  -------         PROC          _SETLINE
  D:0002H         SYMBOL        addr
  X:0008H         SYMBOL        data_length
  D:0001H         SYMBOL        parity_select
  X:000AH         SYMBOL        stop_length
  -------         DO            
  D:0006H         SYMBOL        temp_lcr
  -------         ENDDO         
  C:7474H         LINE#         2625
  C:747DH         LINE#         2626
  C:747DH         LINE#         2628
  C:7484H         LINE#         2629
  C:7488H         LINE#         2634
  C:7498H         LINE#         2635
  C:7498H         LINE#         2636
  C:7498H         LINE#         2637
  C:7498H         LINE#         2638
  C:749CH         LINE#         2639
  C:749EH         LINE#         2640
  C:749EH         LINE#         2641
  C:74A2H         LINE#         2642
  C:74A4H         LINE#         2643
  C:74A4H         LINE#         2646
  C:74A4H         LINE#         2647
  C:74A8H         LINE#         2648
  C:74A8H         LINE#         2649
  C:74A8H         LINE#         2651
  C:74AFH         LINE#         2652
  C:74B3H         LINE#         2653
  C:74B3H         LINE#         2655
  C:74BFH         LINE#         2656
  C:74BFH         LINE#         2657
  C:74BFH         LINE#         2658
  C:74BFH         LINE#         2659
  C:74C3H         LINE#         2660
  C:74C5H         LINE#         2661
  C:74C5H         LINE#         2662
  C:74C9H         LINE#         2663
  C:74CBH         LINE#         2664
  C:74CBH         LINE#         2665
  C:74CFH         LINE#         2666
  C:74CFH         LINE#         2667
  C:74CFH         LINE#         2668
  C:74CFH         LINE#         2669
  C:74CFH         LINE#         2670
  C:74CFH         LINE#         2671
  C:74CFH         LINE#         2673
  -------         ENDPROC       _SETLINE
  -------         PROC          _GPIOSETPORTMODE
  D:0007H         SYMBOL        addr
  D:0005H         SYMBOL        port_io
  C:834CH         LINE#         2721
  C:834CH         LINE#         2722
  C:834CH         LINE#         2724
  -------         ENDPROC       _GPIOSETPORTMODE
  -------         PROC          _GPIOSETPORTSTATE
BL51 BANKED LINKER/LOCATER V6.22                                                      12/04/2018  12:27:04  PAGE 90


  D:0007H         SYMBOL        addr
  D:0005H         SYMBOL        port_state
  C:8355H         LINE#         2729
  C:8355H         LINE#         2730
  C:8355H         LINE#         2731
  -------         ENDPROC       _GPIOSETPORTSTATE
  -------         PROC          _GPIOGETPORTSTATE
  D:0007H         SYMBOL        addr
  C:838CH         LINE#         2734
  C:838CH         LINE#         2735
  C:838CH         LINE#         2740
  C:8391H         LINE#         2742
  -------         ENDPROC       _GPIOGETPORTSTATE
  -------         PROC          _WRITEBYTE
  D:0007H         SYMBOL        addr
  D:0005H         SYMBOL        val
  C:835EH         LINE#         2834
  C:835EH         LINE#         2835
  C:835EH         LINE#         2857
  -------         ENDPROC       _WRITEBYTE
  -------         PROC          _READBYTE
  D:0007H         SYMBOL        addr
  -------         DO            
  D:0007H         SYMBOL        val
  -------         ENDDO         
  C:8392H         LINE#         2863
  C:8392H         LINE#         2864
  C:8392H         LINE#         2868
  C:8397H         LINE#         2869
  C:8397H         LINE#         2895
  -------         ENDPROC       _READBYTE
  -------         PROC          MCTRL_SET
  C:8367H         LINE#         3005
  C:8367H         LINE#         3006
  C:8367H         LINE#         3009
  C:8369H         LINE#         3010
  C:836BH         LINE#         3011
  C:836DH         LINE#         3012
  C:836FH         LINE#         3013
  -------         ENDPROC       MCTRL_SET
  -------         ENDMOD        NED

  -------         MODULE        ?C?FPADD
  C:259FH         PUBLIC        ?C?FPADD
  C:259BH         PUBLIC        ?C?FPSUB
  -------         ENDMOD        ?C?FPADD

  -------         MODULE        ?C?FPMUL
  C:2690H         PUBLIC        ?C?FPMUL
  -------         ENDMOD        ?C?FPMUL

  -------         MODULE        ?C?FPDIV
  C:2799H         PUBLIC        ?C?FPDIV
  -------         ENDMOD        ?C?FPDIV

  -------         MODULE        ?C?FCAST
  C:2840H         PUBLIC        ?C?FCASTC
BL51 BANKED LINKER/LOCATER V6.22                                                      12/04/2018  12:27:04  PAGE 91


  C:283BH         PUBLIC        ?C?FCASTI
  C:2836H         PUBLIC        ?C?FCASTL
  -------         ENDMOD        ?C?FCAST

  -------         MODULE        ?C?CASTF
  C:2874H         PUBLIC        ?C?CASTF
  -------         ENDMOD        ?C?CASTF

  -------         MODULE        SCANF
  X:01DDH         PUBLIC        ?_SCANF?BYTE
  X:01DDH         PUBLIC        ?_SSCANF?BYTE
  C:3F8AH         PUBLIC        _SCANF
  C:3F86H         PUBLIC        _SSCANF
  -------         ENDMOD        SCANF

  -------         MODULE        ?C?FPNEG
  C:28F5H         PUBLIC        ?C?FPNEG
  -------         ENDMOD        ?C?FPNEG

  -------         MODULE        ?C?FTNPWR
  C:2936H         PUBLIC        ?C?FTNPWR
  -------         ENDMOD        ?C?FTNPWR

  -------         MODULE        ?C?COPY
  C:2A46H         PUBLIC        ?C?COPY
  -------         ENDMOD        ?C?COPY

  -------         MODULE        ?C?CLDPTR
  C:2A6CH         PUBLIC        ?C?CLDPTR
  -------         ENDMOD        ?C?CLDPTR

  -------         MODULE        ?C?CLDOPTR
  C:2A85H         PUBLIC        ?C?CLDOPTR
  -------         ENDMOD        ?C?CLDOPTR

  -------         MODULE        ?C?CSTPTR
  C:2AB2H         PUBLIC        ?C?CSTPTR
  -------         ENDMOD        ?C?CSTPTR

  -------         MODULE        ?C?IMUL
  C:2AC4H         PUBLIC        ?C?IMUL
  -------         ENDMOD        ?C?IMUL

  -------         MODULE        ?C?UIDIV
  C:2AD6H         PUBLIC        ?C?UIDIV
  -------         ENDMOD        ?C?UIDIV

  -------         MODULE        ?C?IILDX
  C:2B2BH         PUBLIC        ?C?IILDX
  -------         ENDMOD        ?C?IILDX

  -------         MODULE        ?C?ILDIX
  C:2B41H         PUBLIC        ?C?ILDIX
  -------         ENDMOD        ?C?ILDIX

  -------         MODULE        ?C?ILDPTR
  C:2B57H         PUBLIC        ?C?ILDPTR
BL51 BANKED LINKER/LOCATER V6.22                                                      12/04/2018  12:27:04  PAGE 92


  -------         ENDMOD        ?C?ILDPTR

  -------         MODULE        ?C?IILDOPTR
  C:2B82H         PUBLIC        ?C?IILDOPTR
  -------         ENDMOD        ?C?IILDOPTR

  -------         MODULE        ?C?ISTPTR
  C:2BCFH         PUBLIC        ?C?ISTPTR
  -------         ENDMOD        ?C?ISTPTR

  -------         MODULE        ?C?LMUL
  C:2BEEH         PUBLIC        ?C?LMUL
  -------         ENDMOD        ?C?LMUL

  -------         MODULE        ?C?ULDIV
  C:2C79H         PUBLIC        ?C?ULDIV
  -------         ENDMOD        ?C?ULDIV

  -------         MODULE        ?C?SLDIV
  C:7B7AH         PUBLIC        ?C?SLDIV
  -------         ENDMOD        ?C?SLDIV

  -------         MODULE        ?C?LNEG
  C:2D0BH         PUBLIC        ?C?LNEG
  -------         ENDMOD        ?C?LNEG

  -------         MODULE        ?C?ULCMP
  C:2D19H         PUBLIC        ?C?ULCMP
  -------         ENDMOD        ?C?ULCMP

  -------         MODULE        ?C?ULSHR
  C:2D2AH         PUBLIC        ?C?ULSHR
  -------         ENDMOD        ?C?ULSHR

  -------         MODULE        ?C?LSTPTR
  C:2D3DH         PUBLIC        ?C?LSTPTR
  -------         ENDMOD        ?C?LSTPTR

  -------         MODULE        ?C?LSTXDATA
  C:2D57H         PUBLIC        ?C?LSTXDATA
  -------         ENDMOD        ?C?LSTXDATA

  -------         MODULE        ?C?LSTKXDATA
  C:2D63H         PUBLIC        ?C?LSTKXDATA
  -------         ENDMOD        ?C?LSTKXDATA

  -------         MODULE        ?C?PLDXDATA
  C:2D94H         PUBLIC        ?C?PLDXDATA
  -------         ENDMOD        ?C?PLDXDATA

  -------         MODULE        ?C?PLDIXDATA
  C:2D9DH         PUBLIC        ?C?PLDIXDATA
  -------         ENDMOD        ?C?PLDIXDATA

  -------         MODULE        ?C?PILDXDATA
  C:2DB4H         PUBLIC        ?C?PILDXDATA
  -------         ENDMOD        ?C?PILDXDATA
BL51 BANKED LINKER/LOCATER V6.22                                                      12/04/2018  12:27:04  PAGE 93



  -------         MODULE        ?C?PSTXDATA
  C:2DCBH         PUBLIC        ?C?PSTXDATA
  -------         ENDMOD        ?C?PSTXDATA

  -------         MODULE        ?C?PLDPTR
  C:2DD4H         PUBLIC        ?C?PLDPTR
  -------         ENDMOD        ?C?PLDPTR

  -------         MODULE        ?C?PSTPTR
  C:2DF4H         PUBLIC        ?C?PSTPTR
  -------         ENDMOD        ?C?PSTPTR

  -------         MODULE        ?C?CCASE
  C:2E43H         PUBLIC        ?C?CCASE
  -------         ENDMOD        ?C?CCASE

  -------         MODULE        GETCHAR
  B:0024H.5       PUBLIC        ?C?CHARLOADED
  X:035DH         PUBLIC        ?_UNGETCHAR?BYTE
  C:8235H         PUBLIC        GETCHAR
  -------         ENDMOD        GETCHAR

  -------         MODULE        UNGETC
  C:8378H         PUBLIC        _UNGETCHAR
  -------         ENDMOD        UNGETC

  -------         MODULE        ISSPACE
  C:8249H         PUBLIC        _isspace
  -------         ENDMOD        ISSPACE

  -------         MODULE        STRLEN
  C:820CH         PUBLIC        _STRLEN
  -------         ENDMOD        STRLEN

  -------         MODULE        ATOI
  C:656DH         PUBLIC        _atoi
  -------         ENDMOD        ATOI

  -------         MODULE        ?C?LSTIDATA
  C:2E69H         PUBLIC        ?C?LSTIDATA
  -------         ENDMOD        ?C?LSTIDATA

  -------         MODULE        ?C?LSTPDATA
  C:2E75H         PUBLIC        ?C?LSTPDATA
  -------         ENDMOD        ?C?LSTPDATA

  -------         MODULE        ?C?PLDIDATA
  C:2E81H         PUBLIC        ?C?PLDIDATA
  -------         ENDMOD        ?C?PLDIDATA

  -------         MODULE        ?C?PSTIDATA
  C:2E8AH         PUBLIC        ?C?PSTIDATA
  -------         ENDMOD        ?C?PSTIDATA

  -------         MODULE        ?C?PLDPDATA
  C:2E93H         PUBLIC        ?C?PLDPDATA
BL51 BANKED LINKER/LOCATER V6.22                                                      12/04/2018  12:27:04  PAGE 94


  -------         ENDMOD        ?C?PLDPDATA

  -------         MODULE        ?C?PSTPDATA
  C:2E9CH         PUBLIC        ?C?PSTPDATA
  -------         ENDMOD        ?C?PSTPDATA

  -------         MODULE        ?C?PLDCODE
  C:2EA5H         PUBLIC        ?C?PLDCODE
  -------         ENDMOD        ?C?PLDCODE

  -------         MODULE        PUTCHAR
  C:8047H         PUBLIC        _PUTCHAR
  -------         ENDMOD        PUTCHAR

  -------         MODULE        _GETKEY
  C:8330H         PUBLIC        _GETKEY
  -------         ENDMOD        _GETKEY

  -------         MODULE        ISDIGIT
  C:82F0H         PUBLIC        _isdigit
  -------         ENDMOD        ISDIGIT

Program Size: data=42.6 xdata=862 code=33692
LINK/LOCATE RUN COMPLETE.  0 WARNING(S),  0 ERROR(S)
